08-29 10:56:31.217  2849  2849 D MTK_KL  : 3,3665,13102388,-;GetCodecProfileCapInfo CodecSuportByHashKey fail!! (10 0)
08-29 10:56:31.217  2754  2754 W libc    : pthread_create sched_setscheduler(1, {99}) call failed: Operation not permitted
08-29 10:56:31.217  2849  2849 D MTK_KL  : 3,3666,13102393,-;[HVD][ERR]MDrv_HVD_EX_GetCodecProfileCapInfo:
08-29 10:56:31.217  2849  2849 D MTK_KL  : 3,3667,13102395,-;GetCodecProfileCapInfo CodecSuportByHashKey fail!! (15 0)
08-29 10:56:31.217  2849  2849 D MTK_KL  : 3,3668,13102398,-;[HVD][ERR]MDrv_HVD_EX_GetCodecProfileCapInfo:
08-29 10:56:31.217  2849  2849 D MTK_KL  : 3,3669,13102401,-;GetCodecProfileCapInfo CodecSuportByHashKey fail!! (17 0)
08-29 10:56:31.217  2849  2849 D MTK_KL  : 3,3670,13102403,-;[HVD][ERR]MDrv_HVD_EX_GetCodecProfileCapInfo:
08-29 10:56:31.217  2849  2849 D MTK_KL  : 3,3671,13102406,-;GetCodecProfileCapInfo CodecSuportByHashKey fail!! (18 0)
08-29 10:56:31.217  2849  2849 D MTK_KL  : 3,3672,13102408,-;[HVD][ERR]MDrv_HVD_EX_GetCodecProfileCapInfo:
08-29 10:56:31.217  2849  2849 D MTK_KL  : 3,3673,13102410,-;GetCodecProfileCapInfo CodecSuportByHashKey fail!! (19 0)
08-29 10:56:31.217  2849  2849 D MTK_KL  : 3,3674,13102414,-;[HVD][ERR]MDrv_HVD_EX_GetCodecProfileCapInfo:
08-29 10:56:31.217  2849  2849 D MTK_KL  : 3,3675,13102456,-;GetCodecProfileCapInfo CodecSuportByHashKey fail!! (21 0)
08-29 10:56:31.217  2849  2849 D MTK_KL  : 3,3676,13102461,-;[HVD][ERR]MDrv_HVD_EX_GetCodecProfileCapInfo:
08-29 10:56:31.217  2849  2849 D MTK_KL  : 3,3677,13102464,-;GetCodecProfileCapInfo CodecSuportByHashKey fail!! (11 1)
08-29 10:56:31.217  2849  2849 D MTK_KL  : 4,3678,13102471,c;[VDEC]MTGVDEC_ChkCodecCap 4501 0x5139ce i4Ret 0
08-29 10:56:31.217  2849  2849 D MTK_KL  : 4,3679,13102548,+;[VDEC]Set ucEsId 0 no data timeout 16000
08-29 10:56:31.218  2840  3262 D installd: Found quota mount /dev/block/platform/mstar_mci.0/by-name/userdata at /data
08-29 10:56:31.220  3158  3158 D SystemServerTiming: StartStorageStatsService took to complete: 6ms
08-29 10:56:31.220  3158  3158 I SystemServer: StartUiModeManager
08-29 10:56:31.220  3158  3158 I SystemServiceManager: Starting com.android.server.UiModeManagerService
08-29 10:56:31.223  3158  3208 D SystemServerInitThreadPool: Started executing UiModeManager.onStart
08-29 10:56:31.223  3158  3158 D SystemServerTiming: StartUiModeManager took to complete: 3ms
08-29 10:56:31.223  3158  3158 I SystemServer: StartTvInputManager
08-29 10:56:31.223  3158  3208 I ActivityManager: Config changes=200 {1.0 ?mcc?mnc [en_US] ldltr sw720dp w1280dp h720dp 240dpi xlrg long hdr land television -touch -keyb/v/h dpad/v winConfig={ mBounds=Rect(0, 0 - 0, 0) mAppBounds=Rect(0, 0 - 1920, 1080) mWindowingMode=fullscreen mActivityType=undefined} s.3}
08-29 10:56:31.224  3158  3158 I SystemServiceManager: Starting com.android.server.tv.TvInputManagerService
08-29 10:56:31.230  2718  2718 D TV_HAL  : tv_input_initialize #3872
08-29 10:56:31.230  2718  3300 D TV_HAL  : dtv_svc rpc server confirmed ready.
08-29 10:56:31.231  2718  3300 D TV_HAL  : RpcEnvInit enter
08-29 10:56:31.231  2718  3300 W libc    : pthread_create sched_setscheduler(1, {99}) call failed: Operation not permitted
08-29 10:56:31.233  2718  3300 E TV_HAL  : c_rpc_start_client !!!, i4_ret = 1
08-29 10:56:31.233  2718  3300 D TV_HAL  : RpcEnvInit exit
08-29 10:56:31.234  2849  2849 D MTK_KL  : 4,3680,13122267,-;Mtal opened!
08-29 10:56:31.234  2718  3306 D MTAL    : _cbThd: sched_setscheduler error -1
08-29 10:56:31.235  3158  3158 D SystemServerTiming: StartTvInputManager took to complete: 12ms
08-29 10:56:31.235  3158  3158 I SystemServer: UpdatePackagesIfNeeded
08-29 10:56:31.235  3158  3158 D SystemServerTiming: UpdatePackagesIfNeeded took to complete: 0ms
08-29 10:56:31.235  3158  3158 I SystemServer: PerformFstrimIfNeeded
08-29 10:56:31.236  3158  3158 D SystemServerTiming: PerformFstrimIfNeeded took to complete: 1ms
08-29 10:56:31.236  3158  3158 I SystemServer: StartLockSettingsService
08-29 10:56:31.236  3158  3158 I SystemServiceManager: Starting com.android.server.locksettings.LockSettingsService$Lifecycle
08-29 10:56:31.237  2754  2754 I ServiceManagement: Removing namespace from process name vendor.mediatek.tv.mtktvapi@1.0-service to mtktvapi@1.0-service.
08-29 10:56:31.238  2754  2754 E cutils-trace: Error opening trace file: No such file or directory (2)
08-29 10:56:31.240  2754  2754 I mtktvapi-service: register MtkTvApi as service
08-29 10:56:31.240  2754  2754 I ServiceManagement: Removing namespace from process name vendor.mediatek.tv.mtktvapi@1.0-service to mtktvapi@1.0-service.
08-29 10:56:31.242  2754  2754 I mtktvapi-service: register MtkTvApiConfig as service
08-29 10:56:31.242  2754  2754 I ServiceManagement: Removing namespace from process name vendor.mediatek.tv.mtktvapi@1.0-service to mtktvapi@1.0-service.
08-29 10:56:31.244  2754  2754 I mtktvapi-service: register IMtkTvApiCec as service
08-29 10:56:31.244  2754  2754 I ServiceManagement: Removing namespace from process name vendor.mediatek.tv.mtktvapi@1.0-service to mtktvapi@1.0-service.
08-29 10:56:31.245  2718  3300 E TV_HAL  : a_mtktvapi_config_add_value_changed_callback  !!!, i4_ret = 0
08-29 10:56:31.245  2754  2754 I mtktvapi-service: register MtkTvApiScan as service
08-29 10:56:31.245  2754  2754 I ServiceManagement: Removing namespace from process name vendor.mediatek.tv.mtktvapi@1.0-service to mtktvapi@1.0-service.
08-29 10:56:31.246  2718  3300 D TV_HAL  : thread_initialize #2868 source status-> AV1:1, AV2:1, Hdmi1:1, Hdmi2:1, Hdmi3:0, Hdmi4:0, Vga:1, Ypbpr:1 Scart:0
08-29 10:56:31.246  2718  3300 D TV_HAL  : thread_initialize #2872 a_mtktvapi_inputsource_get_sourcetotalnum(source_count = 8)
08-29 10:56:31.246  2849  2849 D MTK_KL  : 4,3681,13133069,c;$$$ Thread PID not root(1000) ignore
08-29 10:56:31.246  2718  3300 D TV_HAL  : thread_initialize #2888 a_mtktvapi_inputsource_get_sourcerec_byidx(0) is INPS_DEVICE_TYPE_TV
08-29 10:56:31.246  2849  2849 D MTK_KL  : 6,3682,13133153,-;[MMAP][_MsOS_MMAP_Mapping][408] Method=2 IsDyn=0 | Miu=0 Ofs=0x1FD00000 Sz=0x00400000 Type=1
08-29 10:56:31.246  2718  3300 D TV_HAL  : thread_initialize #2899 a_mtktvapi_inputsource_get_sourcerec_byidx(0) is INPS_DEVICE_TYPE_TV, has two tv source
08-29 10:56:31.246  2849  2849 D MTK_KL  : 6,3683,13133194,-;[MMAP][_MsOS_MMAP_Mapping][408] Method=2 IsDyn=0 | Miu=0 Ofs=0x1FD00000 Sz=0x00400000 Type=0
08-29 10:56:31.246  2718  3300 D TV_HAL  : openInputsourceINI #455 config_file(/vendor/tvconfig/apollo/inputsource.ini)
08-29 10:56:31.247  2718  3300 E Utopia  : [MSOS][ERROR][MsOS_CreateMutex][2230]    [MsOS_CreateMutex][2230] Update max number of msos mutex: 256
08-29 10:56:31.247  2754  2754 I mtktvapi-service: register MtkTvApiBroadcastImpl as service
08-29 10:56:31.247  2754  2754 I ServiceManagement: Removing namespace from process name vendor.mediatek.tv.mtktvapi@1.0-service to mtktvapi@1.0-service.
08-29 10:56:31.249  2754  2754 I mtktvapi-service: register MtkTvApiRatingImpl as service
08-29 10:56:31.249  2718  3300 I Utopia  : [MSOS][INFO][MsOS_SHM_Init][1097]     Mappd share memory: 0xtAB127000
08-29 10:56:31.249  2849  2849 D MTK_KL  : 4,3684,13135728,-;<MI3_WARN>Warning: MI_SYS_Init() already be inited!
08-29 10:56:31.249  2754  2754 I ServiceManagement: Removing namespace from process name vendor.mediatek.tv.mtktvapi@1.0-service to mtktvapi@1.0-service.
08-29 10:56:31.249  2718  3300 I Utopia  : [MSOS][INFO][_MsOS_InitEventGroup][4039]     Flag=MSOS_SHM_QUERY Addr=0xAB13AAA8
08-29 10:56:31.249  2718  3300 I         : [utopia info] open: /vendor/etc/utopia.conf
08-29 10:56:31.250  2849  2849 D MTK_KL  : 3,3685,13137677,-;[MDrv_Queue_Init][773] Already inited.
08-29 10:56:31.250  2718  3307 I MI3     : MI_SYS_Init() without Parameter
08-29 10:56:31.251  2754  2754 I mtktvapi-service: register MtkTvApiTimeshiftImpl as service
08-29 10:56:31.251  2754  2754 I ServiceManagement: Removing namespace from process name vendor.mediatek.tv.mtktvapi@1.0-service to mtktvapi@1.0-service.
08-29 10:56:31.251  3158  3208 I ActivityManager: Override config changes=200 {1.0 ?mcc?mnc [en_US] ldltr sw720dp w1280dp h720dp 240dpi xlrg long hdr land television -touch -keyb/v/h dpad/v winConfig={ mBounds=Rect(0, 0 - 1920, 1080) mAppBounds=Rect(0, 0 - 1920, 1080) mWindowingMode=fullscreen mActivityType=undefined} s.3} for displayId=0
08-29 10:56:31.253  2754  2754 I mtktvapi-service: register MtkTvApiTimeImpl as service
08-29 10:56:31.253  2754  2754 I ServiceManagement: Removing namespace from process name vendor.mediatek.tv.mtktvapi@1.0-service to mtktvapi@1.0-service.
08-29 10:56:31.253  2718  3300 D Utopia  : [PWS][35mFunction = void PWSRegisterToUtopia(FUtopiaOpen), Line = 1134, PWS Register finished[m
08-29 10:56:31.255  2754  2754 I mtktvapi-service: register MtkTvApiEventImpl as service
08-29 10:56:31.255  2754  2754 I ServiceManagement: Removing namespace from process name vendor.mediatek.tv.mtktvapi@1.0-service to mtktvapi@1.0-service.
08-29 10:56:31.256  2754  2754 I mtktvapi-service: register MtkTvApiPvrbrowserImpl as service
08-29 10:56:31.256  2754  2754 I ServiceManagement: Removing namespace from process name vendor.mediatek.tv.mtktvapi@1.0-service to mtktvapi@1.0-service.
08-29 10:56:31.258  2754  2754 I mtktvapi-service: register MtkTvApiInputSrcImpl as service
08-29 10:56:31.258  2754  2754 I ServiceManagement: Removing namespace from process name vendor.mediatek.tv.mtktvapi@1.0-service to mtktvapi@1.0-service.
08-29 10:56:31.260  2718  3300 W Utopia  : [MSOS][WARN][MsOS_Init][5832]     Already inited.
08-29 10:56:31.260  2754  2754 I mtktvapi-service: register MtkTvApiRecordImpl as service
08-29 10:56:31.260  2718  3300 I Utopia  : [[MsOS_MMA_Init]][000355] MsOS_MMA_Init size=49152
08-29 10:56:31.260  2754  2754 I ServiceManagement: Removing namespace from process name vendor.mediatek.tv.mtktvapi@1.0-service to mtktvapi@1.0-service.
08-29 10:56:31.260  2718  3300 D Utopia  : [SYS][35mFunction = MS_U32 SYSOpen(void **, void *), Line = 1698, current resource pri_shm content is: 0[m
08-29 10:56:31.261  2718  3300 D Utopia  : [SYS][35mFunction = MS_U32 SYSOpen(void **, void *), Line = 1717, [SYS INFO] OPEN INSTANCE...[m
08-29 10:56:31.262  2754  2754 I mtktvapi-service: register MtkTvApiMultiviewImpl as service
08-29 10:56:31.262  2754  2754 I ServiceManagement: Removing namespace from process name vendor.mediatek.tv.mtktvapi@1.0-service to mtktvapi@1.0-service.
08-29 10:56:31.262  2849  2849 D MTK_KL  : 7,3686,13148986,-;<UTPA_DEBUG>[Utopia][MIU]: [MIU INFO] miu open
08-29 10:56:31.263  2849  2849 D MTK_KL  : 4,3687,13149195,-;--------->MBX DRIVER OPEN: cnt=7
08-29 10:56:31.263  2849  2849 D MTK_KL  : 4,3688,13149232,-;_MDrv_MBXIO_FASYNC is invoked
08-29 10:56:31.263  2849  2849 D MTK_KL  : 4,3689,13149236,-;_MDrv_MBXIO_FASYNC is ok
08-29 10:56:31.266  3158  3208 D SystemServerInitThreadPool: Finished executing UiModeManager.onStart
08-29 10:56:31.269  3158  3158 D SystemServerTiming: StartLockSettingsService took to complete: 33ms
08-29 10:56:31.271  2754  2754 I mtktvapi-service: register MtkTvApiChannelListImpl as service
08-29 10:56:31.271  2754  2754 I ServiceManagement: Removing namespace from process name vendor.mediatek.tv.mtktvapi@1.0-service to mtktvapi@1.0-service.
08-29 10:56:31.272  2718  3307 I MI3     : _MI_WRAPPER_SYS_SecurityAuthentication[754]: Invalid parameter!
08-29 10:56:31.272  2718  3307 I MI3     : _MI_WRAPPER_SYS_SecurityAuthentication[754]: pstInitParams is NULL.
08-29 10:56:31.272  2718  3307 I MI3     : MI_IIC_Init[164]: Error 0x2: failed to ioctl(MI_DEV_IOC_IIC_INIT)
08-29 10:56:31.273  2355  2355 W hwservicemanager: getTransport: Cannot find entry android.hardware.oemlock@1.0::IOemLock/default in either framework or device manifest.
08-29 10:56:31.273  2718  3307 I MI3     : _s32MikAextinFd: 44, aextin init result : 2  
08-29 10:56:31.273  2718  3307 I MI3     : _MI_WRAPPER_SYS_ModuleInit[1168]: Error 0x9: failed to MI_VENC_Init()!
08-29 10:56:31.273  2718  3307 I MI3     : Open MI_OSD kernel module successful
08-29 10:56:31.273  2718  3307 I MI3     : _s32MikCipherFd: 55, cipher init result : 0  
08-29 10:56:31.273  3158  3158 I OemLock : OemLock HAL not present on device
08-29 10:56:31.273  3158  3158 I SystemServer: StartDeviceIdleController
08-29 10:56:31.274  3158  3158 I SystemServiceManager: Starting com.android.server.DeviceIdleController
08-29 10:56:31.274  2849  2849 D MTK_KL  : 6,3690,13160272,-;<MI3_INFO><<<MI_IIC_Init[1052]MI_IIC_Init:0x2
08-29 10:56:31.274  2849  2849 D MTK_KL  : 4,3691,13160818,-;[MI_AEXTIN_Init:2228][3300] AextinInitCnt:12
08-29 10:56:31.274  2849  2849 D MTK_KL  : 4,3692,13160824,-;[MI_AEXTIN_Init:2294][3300] eErrCode:0x2
08-29 10:56:31.274  2849  2849 D MTK_KL  : 3,3693,13161021,-;<MI3_ERR>_MI_VENC_Init[2640]: [MI VENC] No available encoder buffer, MMAP size is 0!
08-29 10:56:31.274  2849  2849 D MTK_KL  : 6,3694,13161333,-;<MI3_INFO><<<MI_SAR_Init[1945]MI_SAR_Init:0x2
08-29 10:56:31.274  2754  2754 I mtktvapi-service: register IMtkTvApiCI as service
08-29 10:56:31.276  2754  2754 I mtktvapicustom-service: register MtkTvApiCustom as service
08-29 10:56:31.276  2718  3300 D TV_HAL  : XXXX MI_SYS_INIT  is Success.
08-29 10:56:31.276  2718  3300 D TV_HAL  : XXXX MI_SYS_OpenConfigFile  enter 
08-29 10:56:31.278  2849  2849 D MTK_KL  : 4,3695,13164763,-;<MI3_WARN>_MI_SVP_Init: Module has been inited!
08-29 10:56:31.278  2718  3300 D TV_HAL  : XXXX MI_SYS_OpenConfigFile  leave 
08-29 10:56:31.278  2718  3300 D TV_HAL  : XXXX MI_SYS_OpenConfigFile  is Success.
08-29 10:56:31.278  2718  3300 D TV_HAL  : thread_initialize #2916 openInputsourceINI()	return succeed,continue..... 
08-29 10:56:31.278  2718  3300 D TV_HAL  : thread_initialize #2942 a_mtktvapi_inputsource_get_sourcerec_byidx(i_idx = 0)
08-29 10:56:31.278  3158  3158 D SystemServerTiming: StartDeviceIdleController took to complete: 5ms
08-29 10:56:31.279  3158  3158 I SystemServer: StartDevicePolicyManager
08-29 10:56:31.279  3158  3158 I SystemServiceManager: Starting com.android.server.devicepolicy.DevicePolicyManagerService$Lifecycle
08-29 10:56:31.279  2718  3300 D TV_HAL  : isNotExistAtInputsourceINI #518 source_rec.ui1_iidcount=2 ,source_rec.ui1_internalidx = 0
08-29 10:56:31.279  2718  3300 D TV_HAL  : isNotExistAtInputsourceINI #527 MI_SYS_GetConfigData succeed (KEY_DTV_CONFIG_FILE,config_value = 0)
08-29 10:56:31.279  2718  3300 D TV_HAL  : isNotExistAtInputsourceINI #623 MI_SYS_GetConfigData(config_value = 0), return 1
08-29 10:56:31.279  2718  3300 D TV_HAL  : thread_initialize #2962 isNotExistAtInputsourceINI(i_idx = 0) == 1, skip this source(device_idx = 0)
08-29 10:56:31.279  2718  3300 D TV_HAL  : getTvSrcInfoFromInputSourceIni #2629 config_ini_file(/vendor/tvconfig/apollo/inputsource.ini)
08-29 10:56:31.279  2718  3307 I MI3     : rw a_mtktvapi_parser_get_signed_config_data,ps_file_path:/vendor/tvconfig/apollo/inputsource.ini,ps_key_name:TV:bATVEnabled
08-29 10:56:31.279  2718  3307 I MI3     : rw a_mtktvapi_parser_get_string_config_data,pi4_signed_data:-1
08-29 10:56:31.293  3158  3158 D SystemServerTiming: StartDevicePolicyManager took to complete: 15ms
08-29 10:56:31.293  3158  3158 I SystemServer: StartStatusBarManagerService
08-29 10:56:31.295  3158  3158 D SystemServerTiming: StartStatusBarManagerService took to complete: 1ms
08-29 10:56:31.295  3158  3158 I SystemServer: StartClipboardService
08-29 10:56:31.295  3158  3158 I SystemServiceManager: Starting com.android.server.clipboard.ClipboardService
08-29 10:56:31.296  3158  3158 D SystemServerTiming: StartClipboardService took to complete: 1ms
08-29 10:56:31.296  3158  3158 I SystemServer: StartNetworkManagementService
08-29 10:56:31.298  3158  3311 I NetworkManagement: onDaemonConnected()
08-29 10:56:31.300  3158  3158 D SystemServerTiming: StartNetworkManagementService took to complete: 3ms
08-29 10:56:31.300  3158  3158 I SystemServer: StartIpSecService
08-29 10:56:31.301  3158  3158 D SystemServerTiming: StartIpSecService took to complete: 2ms
08-29 10:56:31.301  3158  3158 I SystemServer: StartTextServicesManager
08-29 10:56:31.301  3158  3158 I SystemServiceManager: Starting com.android.server.TextServicesManagerService$Lifecycle
08-29 10:56:31.303  3158  3158 D SystemServerTiming: StartTextServicesManager took to complete: 2ms
08-29 10:56:31.304  3158  3158 I SystemServer: StartTextClassificationManagerService
08-29 10:56:31.304  3158  3158 I SystemServiceManager: Starting com.android.server.textclassifier.TextClassificationManagerService$Lifecycle
08-29 10:56:31.304  3158  3158 D SystemServerTiming: StartTextClassificationManagerService took to complete: 1ms
08-29 10:56:31.305  3158  3158 I SystemServer: StartNetworkScoreService
08-29 10:56:31.305  3158  3158 I SystemServiceManager: Starting com.android.server.NetworkScoreService$Lifecycle
08-29 10:56:31.307  3158  3158 I NetworkScoreService: Registering network_score
08-29 10:56:31.307  3158  3158 D SystemServerTiming: StartNetworkScoreService took to complete: 3ms
08-29 10:56:31.308  3158  3158 I SystemServer: StartNetworkStatsService
08-29 10:56:31.310  3158  3158 D SystemServerTiming: StartNetworkStatsService took to complete: 2ms
08-29 10:56:31.310  3158  3158 I SystemServer: StartNetworkPolicyManagerService
08-29 10:56:31.314  3158  3158 D SystemServerTiming: StartNetworkPolicyManagerService took to complete: 3ms
08-29 10:56:31.314  3158  3158 I SystemServer: StartWifi
08-29 10:56:31.333  3158  3181 W System  : A resource was acquired at attached stack trace but never released. See java.io.Closeable for information on avoiding resource leaks.
08-29 10:56:31.333  3158  3158 I SystemServiceManager: Starting com.android.server.wifi.WifiService
08-29 10:56:31.334  3158  3181 W System  : java.lang.Throwable: Explicit termination method 'close' not called
08-29 10:56:31.334  3158  3181 W System  : 	at dalvik.system.CloseGuard.open(CloseGuard.java:221)
08-29 10:56:31.334  3158  3181 W System  : 	at java.io.FileInputStream.<init>(FileInputStream.java:168)
08-29 10:56:31.334  3158  3181 W System  : 	at com.android.internal.os.AtomicFile.openRead(AtomicFile.java:147)
08-29 10:56:31.334  3158  3181 W System  : 	at com.android.server.storage.CacheQuotaStrategy.setupQuotasFromFile(CacheQuotaStrategy.java:301)
08-29 10:56:31.334  3158  3181 W System  : 	at com.android.server.usage.StorageStatsService$H.handleMessage(StorageStatsService.java:508)
08-29 10:56:31.334  3158  3181 W System  : 	at android.os.Handler.dispatchMessage(Handler.java:106)
08-29 10:56:31.334  3158  3181 W System  : 	at android.os.Looper.loop(Looper.java:193)
08-29 10:56:31.334  3158  3181 W System  : 	at android.os.HandlerThread.run(HandlerThread.java:65)
08-29 10:56:31.334  3158  3181 W System  : 	at com.android.server.ServiceThread.run(ServiceThread.java:44)
08-29 10:56:31.397  3158  3158 D WifiApConfigStore: 2G band allowed channels are:1,6,11
08-29 10:56:31.412  3158  3158 I WifiScoringParams: rssi2=-85:-85:-73:-60,rssi5=-82:-82:-70:-57,pps=0:1:100,horizon=15,nud=8,expid=0
08-29 10:56:31.468  3158  3158 D WifiStateMachine: EnableConnectedMacRandomization Setting changed to false
08-29 10:56:31.468  3158  3158 E WifiStateMachine: getWifiLinkLayerStats called without an interface
08-29 10:56:31.469  3158  3158 D WifiStateMachinePrime: Starting Wifi in WifiDisabledState
08-29 10:56:31.469  3158  3317 D WifiStateMachinePrime: Entering WifiDisabledState
08-29 10:56:31.469  3158  3317 D ActiveModeManager: sending scan available broadcast: false
08-29 10:56:31.471  3158  3158 D WifiOpenNetworkNotifier: Settings toggle enabled=true
08-29 10:56:31.472  3158  3158 D WifiCarrierNetworkNotifier: Settings toggle enabled=true
08-29 10:56:31.474  3158  3158 D WakeupController: WifiWake enabled
08-29 10:56:31.477  3158  3158 D WifiController: isAirplaneModeOn = false, isWifiEnabled = true, isScanningAvailable = false, isLocationModeActive = true
08-29 10:56:31.479  3158  3158 E SupplicantStaIfaceHal: Can't call setDebugParams, ISupplicant is null
08-29 10:56:31.480  3158  3158 W WifiDiags: no ring buffers found
08-29 10:56:31.480  3158  3158 W WifiDiags: Failed to start packet fate monitoring
08-29 10:56:31.480  3158  3158 I WifiService: Registering wifi
08-29 10:56:31.481  3158  3158 D SystemServerTiming: StartWifi took to complete: 166ms
08-29 10:56:31.481  3158  3158 I SystemServer: StartWifiScanning
08-29 10:56:31.482  3158  3158 I SystemServiceManager: Starting com.android.server.wifi.scanner.WifiScanningService
08-29 10:56:31.482  3158  3158 I WifiScanningService: Creating wifiscanner
08-29 10:56:31.483  3158  3158 I WifiScanningService: Publishing wifiscanner
08-29 10:56:31.484  3158  3158 D SystemServerTiming: StartWifiScanning took to complete: 3ms
08-29 10:56:31.484  3158  3158 I SystemServer: StartWifiP2P
08-29 10:56:31.484  3158  3158 I SystemServiceManager: Starting com.android.server.wifi.p2p.WifiP2pService
08-29 10:56:31.486  3158  3274 D SystemServerTimingAsync: AppDataPrepare took to complete: 1034ms
08-29 10:56:31.486  3158  3274 I PackageManager: Deferred reconcileAppsData finished 67 packages
08-29 10:56:31.486  3158  3274 D SystemServerInitThreadPool: Finished executing prepareAppData
08-29 10:56:31.497  3158  3158 W HalDevMgr: isWifiStarted called but mWifi is null!?
08-29 10:56:31.497  3158  3158 I WifiP2pService: Registering wifip2p
08-29 10:56:31.498  3158  3158 D SystemServerTiming: StartWifiP2P took to complete: 13ms
08-29 10:56:31.498  3158  3158 I SystemServer: StartEthernet
08-29 10:56:31.499  3158  3158 I SystemServiceManager: Starting com.android.server.ethernet.EthernetService
08-29 10:56:31.499  3158  3158 I EthernetService: Registering service ethernet
08-29 10:56:31.499  3158  3158 D SystemServerTiming: StartEthernet took to complete: 2ms
08-29 10:56:31.500  3158  3158 I SystemServer: StartConnectivityService
08-29 10:56:31.502  3158  3158 D ConnectivityService: ConnectivityService starting up
08-29 10:56:31.503  3158  3158 D ConnectivityService: wifiOnly=false
08-29 10:56:31.503  3158  3158 E ConnectivityService: Ignoring protectedNetwork 10
08-29 10:56:31.503  3158  3158 E ConnectivityService: Ignoring protectedNetwork 11
08-29 10:56:31.504  3158  3158 E ConnectivityService: Ignoring protectedNetwork 12
08-29 10:56:31.504  3158  3158 E ConnectivityService: Ignoring protectedNetwork 14
08-29 10:56:31.504  3158  3158 E ConnectivityService: Ignoring protectedNetwork 15
08-29 10:56:31.516  3158  3158 D SystemServerTiming: StartConnectivityService took to complete: 17ms
08-29 10:56:31.516  3158  3158 I SystemServer: StartNsdService
08-29 10:56:31.517  3158  3158 D NsdService: Network service discovery is enabled
08-29 10:56:31.519  3158  3158 D SystemServerTiming: StartNsdService took to complete: 3ms
08-29 10:56:31.519  3158  3158 I SystemServer: StartSystemUpdateManagerService
08-29 10:56:31.520  3158  3158 I SystemUpdateManagerService: No existing info file /data/system/system-update-info.xml
08-29 10:56:31.520  3158  3158 D SystemServerTiming: StartSystemUpdateManagerService took to complete: 1ms
08-29 10:56:31.520  3158  3158 I SystemServer: StartUpdateLockService
08-29 10:56:31.521  3158  3158 D SystemServerTiming: StartUpdateLockService took to complete: 1ms
08-29 10:56:31.521  3158  3158 I SystemServer: StartNotificationManager
08-29 10:56:31.521  3158  3158 I SystemServiceManager: Starting com.android.server.notification.NotificationManagerService
08-29 10:56:31.532  3158  3158 D ConditionProviders.SCP: new ScheduleConditionProvider()
08-29 10:56:31.539  3158  3158 D ZenLog  : config: readXml,ZenModeConfig[user=0,allowAlarms=true,allowMedia=true,allowSystem=false,allowReminders=false,allowEvents=false,allowCalls=true,allowRepeatCallers=true,allowMessages=false,allowCallsFrom=stars,allowMessagesFrom=contacts,suppressedVisualEffects=511,areChannelsBypassingDnd=false,automaticRules={EVENTS_DEFAULT_RULE=ZenRule[enabled=false,snoozing=false,name=Event,zenMode=ZEN_MODE_IMPORTANT_INTERRUPTIONS,conditionId=condition://android/event?userId=-10000&calendar=&reply=1,condition=Condition[id=condition://android/event?userId=-10000&calendar=&reply=1,summary=...,line1=...,line2=...,icon=0,state=STATE_FALSE,flags=2],component=ComponentInfo{android/com.android.server.notification.EventConditionProvider},id=EVENTS_DEFAULT_RULE,creationTime=1630259808786,enabler=null], EVERY_NIGHT_DEFAULT_RULE=ZenRule[enabled=false,snoozing=false,name=Sleeping,zenMode=ZEN_MODE_IMPORTANT_INTERRUPTIONS,conditionId=condition://android/schedule?days=1.2.3.4.5.6.7&start=22.0&end=7.0&exitAtAlarm=true,condition=Condition[id=condition://android/schedule?days=1.2.3.4.5.6.7&start=22.0&end=7.0&exitAtAlarm=true,summary=...,line1=...,line2=...,icon=0,state=STATE_TRUE,flags=2],component=ComponentInfo{android/com.android.server.notification.ScheduleConditionProvider},id=EVERY_NIGHT_DEFAULT_RULE,creationTime=1630259808786,enabler=null]},manualRule=null],Diff[automaticRule[EVENTS_DEFAULT_RULE].condition:null->Condition[id=condition://android/event?userId=-10000&calendar=&reply=1,summary=...,line1=...,line2=...,icon=0,state=STATE_FALSE,flags=2],automaticRule[EVENTS_DEFAULT_RULE].creationTime:1630259791529->1630259808786,automaticRule[EVERY_NIGHT_DEFAULT_RULE].condition:null->Condition[id=condition://android/schedule?days=1.2.3.4.5.6.7&start=22.0&end=7.0&exitAtAlarm=true,summary=...,line1=...,line2=...,icon=0,state=STATE_TRUE,flags=2],automaticRule[EVERY_NIGHT_DEFAULT_RULE].creationTime:1630259791528->1630259808786]
08-29 10:56:31.547  3158  3158 D NotificationAssistants: Approving default notification assistant for user 0
08-29 10:56:31.549  3158  3158 D ZenLog  : set_zen_mode: off,init
08-29 10:56:31.566  3158  3158 D SystemServerTiming: StartNotificationManager took to complete: 44ms
08-29 10:56:31.566  3158  3158 I SystemServer: StartDeviceMonitor
08-29 10:56:31.566  3158  3158 I SystemServiceManager: Starting com.android.server.storage.DeviceStorageMonitorService
08-29 10:56:31.568  3158  3158 D SystemServerTiming: StartDeviceMonitor took to complete: 3ms
08-29 10:56:31.568  3158  3158 I SystemServer: StartLocationManagerService
08-29 10:56:31.569  3158  3158 D SystemServerTiming: StartLocationManagerService took to complete: 1ms
08-29 10:56:31.569  3158  3158 I SystemServer: StartCountryDetectorService
08-29 10:56:31.570  3158  3158 D SystemServerTiming: StartCountryDetectorService took to complete: 1ms
08-29 10:56:31.570  3158  3158 I SystemServer: StartSearchManagerService
08-29 10:56:31.570  3158  3158 I SystemServiceManager: Starting com.android.server.search.SearchManagerService$Lifecycle
08-29 10:56:31.573  3158  3158 D SystemServerTiming: StartSearchManagerService took to complete: 2ms
08-29 10:56:31.573  3158  3158 I SystemServer: StartAudioService
08-29 10:56:31.573  3158  3158 I SystemServiceManager: Starting com.android.server.audio.AudioService$Lifecycle
08-29 10:56:31.580  2748  2748 D PermissionCache: checking android.permission.MODIFY_AUDIO_ROUTING for uid=1000 => granted (562 us)
08-29 10:56:31.580  2748  3029 D PermissionCache: checking android.permission.MODIFY_AUDIO_SETTINGS for uid=1000 => granted (743 us)
08-29 10:56:31.582  2748  3044 W AudioFlinger: no wake lock to update, system not ready yet
08-29 10:56:31.583  2722  2722 W DeviceHAL: Error from HAL Device in function set_mic_mute: Function not implemented
08-29 10:56:31.583  2722  2722 I chatty  : uid=1041(audioserver) mstar.hardware. identical 1 line
08-29 10:56:31.583  2722  2722 W DeviceHAL: Error from HAL Device in function set_mic_mute: Function not implemented
08-29 10:56:31.584  2722  2722 I voc_hw_primary: adev_set_mic_mute[484]: Mute = 0
08-29 10:56:31.608  2722  2722 D audio_hw_primary: adev_set_parameters: spk_volume=23
08-29 10:56:31.609  2722  2722 I audio_hw_primary: mi_device_set: set volume: device speaker, volume index 23.
08-29 10:56:31.609  2722  2722 I voc_hw_primary: adev_set_parameters[294]: spk_volume=23
08-29 10:56:31.610  2849  2849 D MTK_KL  : 4,3696,13497085,-;[_MI_AOUT_SetVolume:2410][2722] ePath:4, u8Vol:23, u16VolumeReg:8960
08-29 10:56:31.613  2718  3307 I MI3     : rw a_mtktvapi_parser_get_signed_config_data,ps_file_path:/vendor/tvconfig/apollo/inputsource.ini,ps_key_name:TV:bDTVEnabled
08-29 10:56:31.613  2718  3307 I MI3     : rw a_mtktvapi_parser_get_string_config_data,pi4_signed_data:-1
08-29 10:56:31.613  2718  3300 D TV_HAL  : getTvSrcInfoFromInputSourceIni #2653 TV: NO_TV 
08-29 10:56:31.614  2718  3300 D TV_HAL  : thread_initialize xxxxxxx000(hd=12)
08-29 10:56:31.614  2718  3300 D TV_HAL  : thread_initialize xxxxxxx000(hd_pri=56)
08-29 10:56:31.614  2718  3300 D TV_HAL  : thread_initialize xxxxxxx111(0 = 11 = 12)
08-29 10:56:31.614  2718  3300 D TV_HAL  : thread_initialize xxxxxxx111(0 = 0 = 0 = 1)
08-29 10:56:31.614  2718  3300 D TV_HAL  : thread_initialize xxxxxxx222(0 = 11 = 12)
08-29 10:56:31.614  2718  3300 D TV_HAL  : thread_initialize xxxxxxx222(0 = 0 = 0 = 1)
08-29 10:56:31.614  2718  3300 D TV_HAL  : thread_initialize #2942 a_mtktvapi_inputsource_get_sourcerec_byidx(i_idx = 1)
08-29 10:56:31.614  2718  3300 D TV_HAL  : isNotExistAtInputsourceINI #518 source_rec.ui1_iidcount=2 ,source_rec.ui1_internalidx = 1
08-29 10:56:31.614  2718  3300 D TV_HAL  : isNotExistAtInputsourceINI #538 MI_SYS_GetConfigData succeed (KEY_TV_CONFIG_FILE,config_value = 0)
08-29 10:56:31.614  2718  3300 D TV_HAL  : isNotExistAtInputsourceINI #623 MI_SYS_GetConfigData(config_value = 0), return 1
08-29 10:56:31.614  2718  3300 D TV_HAL  : thread_initialize #2962 isNotExistAtInputsourceINI(i_idx = 1) == 1, skip this source(device_idx = 1)
08-29 10:56:31.614  2718  3300 D TV_HAL  : getTvSrcInfoFromInputSourceIni #2629 config_ini_file(/vendor/tvconfig/apollo/inputsource.ini)
08-29 10:56:31.614  2718  3307 I MI3     : rw a_mtktvapi_parser_get_signed_config_data,ps_file_path:/vendor/tvconfig/apollo/inputsource.ini,ps_key_name:TV:bATVEnabled
08-29 10:56:31.614  2718  3307 I MI3     : rw a_mtktvapi_parser_get_string_config_data,pi4_signed_data:-1
08-29 10:56:31.615  2718  3307 I MI3     : rw a_mtktvapi_parser_get_signed_config_data,ps_file_path:/vendor/tvconfig/apollo/inputsource.ini,ps_key_name:TV:bDTVEnabled
08-29 10:56:31.615  2718  3307 I MI3     : rw a_mtktvapi_parser_get_string_config_data,pi4_signed_data:-1
08-29 10:56:31.616  2718  3300 D TV_HAL  : getTvSrcInfoFromInputSourceIni #2653 TV: NO_TV 
08-29 10:56:31.616  2718  3300 D TV_HAL  : thread_initialize xxxxxxx000(hd=12)
08-29 10:56:31.616  2718  3300 D TV_HAL  : thread_initialize xxxxxxx000(hd_pri=56)
08-29 10:56:31.616  2718  3300 D TV_HAL  : thread_initialize xxxxxxx111(0 = 11 = 12)
08-29 10:56:31.616  2718  3300 D TV_HAL  : thread_initialize xxxxxxx111(1 = 1 = 0 = 1)
08-29 10:56:31.616  2718  3300 D TV_HAL  : thread_initialize xxxxxxx222(0 = 11 = 12)
08-29 10:56:31.616  2718  3300 D TV_HAL  : thread_initialize xxxxxxx222(1 = 1 = 0 = 1)
08-29 10:56:31.616  2718  3300 D TV_HAL  : thread_initialize #2942 a_mtktvapi_inputsource_get_sourcerec_byidx(i_idx = 2)
08-29 10:56:31.616  2718  3300 D TV_HAL  : isNotExistAtInputsourceINI #578 MI_SYS_GetConfigData succeed (AV:bAV1Enabled,config_value = 0)
08-29 10:56:31.616  2718  3300 D TV_HAL  : isNotExistAtInputsourceINI #623 MI_SYS_GetConfigData(config_value = 0), return 1
08-29 10:56:31.616  2718  3300 D TV_HAL  : thread_initialize #2962 isNotExistAtInputsourceINI(i_idx = 2) == 1, skip this source(device_idx = 2)
08-29 10:56:31.616  2718  3300 D TV_HAL  : thread_initialize xxxxxxx000(hd=12)
08-29 10:56:31.616  2718  3300 D TV_HAL  : thread_initialize xxxxxxx000(hd_pri=56)
08-29 10:56:31.616  2718  3300 D TV_HAL  : thread_initialize xxxxxxx111(0 = 11 = 12)
08-29 10:56:31.616  2718  3300 D TV_HAL  : thread_initialize xxxxxxx111(2 = 0 = 0 = 1)
08-29 10:56:31.616  2718  3300 D TV_HAL  : thread_initialize xxxxxxx222(0 = 11 = 12)
08-29 10:56:31.616  2718  3300 D TV_HAL  : thread_initialize xxxxxxx222(2 = 0 = 0 = 1)
08-29 10:56:31.616  2718  3300 D TV_HAL  : thread_initialize #2942 a_mtktvapi_inputsource_get_sourcerec_byidx(i_idx = 3)
08-29 10:56:31.617  2718  3300 D TV_HAL  : isNotExistAtInputsourceINI #578 MI_SYS_GetConfigData succeed (AV:bAV2Enabled,config_value = 0)
08-29 10:56:31.617  2718  3300 D TV_HAL  : isNotExistAtInputsourceINI #623 MI_SYS_GetConfigData(config_value = 0), return 1
08-29 10:56:31.617  2718  3300 D TV_HAL  : thread_initialize #2962 isNotExistAtInputsourceINI(i_idx = 3) == 1, skip this source(device_idx = 3)
08-29 10:56:31.617  2718  3300 D TV_HAL  : thread_initialize xxxxxxx000(hd=12)
08-29 10:56:31.617  2718  3300 D TV_HAL  : thread_initialize xxxxxxx000(hd_pri=56)
08-29 10:56:31.617  2718  3300 D TV_HAL  : thread_initialize xxxxxxx111(0 = 11 = 12)
08-29 10:56:31.617  2718  3300 D TV_HAL  : thread_initialize xxxxxxx111(3 = 1 = 0 = 1)
08-29 10:56:31.617  2718  3300 D TV_HAL  : thread_initialize xxxxxxx222(0 = 11 = 12)
08-29 10:56:31.617  2718  3300 D TV_HAL  : thread_initialize xxxxxxx222(3 = 1 = 0 = 1)
08-29 10:56:31.617  2718  3300 D TV_HAL  : thread_initialize #2942 a_mtktvapi_inputsource_get_sourcerec_byidx(i_idx = 4)
08-29 10:56:31.617  2718  3300 D TV_HAL  : isNotExistAtInputsourceINI #561 MI_SYS_GetConfigData succeed (HDMI:bHDMIEnabled,config_value = 1)
08-29 10:56:31.617  2718  3300 D TV_HAL  : isNotExistAtInputsourceINI #620 MI_SYS_GetConfigData(config_value = 1), return 0
08-29 10:56:31.617  2718  3300 D TV_HAL  : thread_initialize xxxxxxx000(hd=12)
08-29 10:56:31.617  2718  3300 D TV_HAL  : thread_initialize xxxxxxx000(hd_pri=56)
08-29 10:56:31.617  2718  3300 D TV_HAL  : thread_initialize xxxxxxx111(0 = 11 = 12)
08-29 10:56:31.617  2718  3300 D TV_HAL  : thread_initialize xxxxxxx111(4 = 0 = 0 = 1)
08-29 10:56:31.617  2718  3300 D TV_HAL  : thread_initialize xxxxxxx222(0 = 11 = 12)
08-29 10:56:31.617  2718  3300 D TV_HAL  : thread_initialize xxxxxxx222(4 = 0 = 0 = 1)
08-29 10:56:31.617  2718  3300 D TV_HAL  : thread_initialize #2942 a_mtktvapi_inputsource_get_sourcerec_byidx(i_idx = 5)
08-29 10:56:31.618  2718  3300 D TV_HAL  : isNotExistAtInputsourceINI #561 MI_SYS_GetConfigData succeed (HDMI:bHDMI2Enabled,config_value = 1)
08-29 10:56:31.618  2718  3300 D TV_HAL  : isNotExistAtInputsourceINI #620 MI_SYS_GetConfigData(config_value = 1), return 0
08-29 10:56:31.618  2718  3300 D TV_HAL  : thread_initialize xxxxxxx000(hd=12)
08-29 10:56:31.618  2718  3300 D TV_HAL  : thread_initialize xxxxxxx000(hd_pri=56)
08-29 10:56:31.618  2718  3300 D TV_HAL  : thread_initialize xxxxxxx111(0 = 11 = 12)
08-29 10:56:31.618  2718  3300 D TV_HAL  : thread_initialize xxxxxxx111(5 = 1 = 0 = 1)
08-29 10:56:31.618  2718  3300 D TV_HAL  : thread_initialize xxxxxxx222(0 = 11 = 12)
08-29 10:56:31.618  2718  3300 D TV_HAL  : thread_initialize xxxxxxx222(5 = 1 = 0 = 1)
08-29 10:56:31.618  2718  3300 D TV_HAL  : thread_initialize #2942 a_mtktvapi_inputsource_get_sourcerec_byidx(i_idx = 6)
08-29 10:56:31.618  2718  3300 D TV_HAL  : isNotExistAtInputsourceINI #561 MI_SYS_GetConfigData succeed (HDMI:bHDMI3Enabled,config_value = 0)
08-29 10:56:31.618  2718  3300 D TV_HAL  : isNotExistAtInputsourceINI #623 MI_SYS_GetConfigData(config_value = 0), return 1
08-29 10:56:31.618  2718  3300 D TV_HAL  : thread_initialize #2962 isNotExistAtInputsourceINI(i_idx = 6) == 1, skip this source(device_idx = 6)
08-29 10:56:31.618  2718  3300 D TV_HAL  : thread_initialize xxxxxxx000(hd=12)
08-29 10:56:31.618  2718  3300 D TV_HAL  : thread_initialize xxxxxxx000(hd_pri=56)
08-29 10:56:31.618  2718  3300 D TV_HAL  : thread_initialize xxxxxxx111(0 = 11 = 12)
08-29 10:56:31.618  2718  3300 D TV_HAL  : thread_initialize xxxxxxx111(6 = 2 = 0 = 1)
08-29 10:56:31.618  2718  3300 D TV_HAL  : thread_initialize xxxxxxx222(0 = 11 = 12)
08-29 10:56:31.618  2718  3300 D TV_HAL  : thread_initialize xxxxxxx222(6 = 2 = 0 = 1)
08-29 10:56:31.618  2718  3300 D TV_HAL  : thread_initialize #2942 a_mtktvapi_inputsource_get_sourcerec_byidx(i_idx = 7)
08-29 10:56:31.618  2718  3300 D TV_HAL  : isNotExistAtInputsourceINI #561 MI_SYS_GetConfigData succeed (HDMI:bHDMI4Enabled,config_value = 0)
08-29 10:56:31.618  2718  3300 D TV_HAL  : isNotExistAtInputsourceINI #623 MI_SYS_GetConfigData(config_value = 0), return 1
08-29 10:56:31.618  2718  3300 D TV_HAL  : thread_initialize #2962 isNotExistAtInputsourceINI(i_idx = 7) == 1, skip this source(device_idx = 7)
08-29 10:56:31.618  2718  3300 D TV_HAL  : thread_initialize xxxxxxx000(hd=12)
08-29 10:56:31.618  2718  3300 D TV_HAL  : thread_initialize xxxxxxx000(hd_pri=56)
08-29 10:56:31.618  2718  3300 D TV_HAL  : thread_initialize xxxxxxx111(0 = 11 = 12)
08-29 10:56:31.618  2718  3300 D TV_HAL  : thread_initialize xxxxxxx111(7 = 3 = 0 = 1)
08-29 10:56:31.618  2718  3300 D TV_HAL  : thread_initialize xxxxxxx222(0 = 11 = 12)
08-29 10:56:31.618  2718  3300 D TV_HAL  : thread_initialize xxxxxxx222(7 = 3 = 0 = 1)
08-29 10:56:31.618  2718  3300 D TV_HAL  : thread_initialize #2942 a_mtktvapi_inputsource_get_sourcerec_byidx(i_idx = 0)
08-29 10:56:31.618  2718  3300 D TV_HAL  : isNotExistAtInputsourceINI #518 source_rec.ui1_iidcount=2 ,source_rec.ui1_internalidx = 0
08-29 10:56:31.618  2718  3300 D TV_HAL  : isNotExistAtInputsourceINI #527 MI_SYS_GetConfigData succeed (KEY_DTV_CONFIG_FILE,config_value = 0)
08-29 10:56:31.618  2718  3300 D TV_HAL  : isNotExistAtInputsourceINI #623 MI_SYS_GetConfigData(config_value = 0), return 1
08-29 10:56:31.618  2718  3300 D TV_HAL  : thread_initialize #2962 isNotExistAtInputsourceINI(i_idx = 0) == 1, skip this source(device_idx = 8)
08-29 10:56:31.619  2718  3300 D TV_HAL  : getTvSrcInfoFromInputSourceIni #2629 config_ini_file(/vendor/tvconfig/apollo/inputsource.ini)
08-29 10:56:31.619  2718  3307 I MI3     : rw a_mtktvapi_parser_get_signed_config_data,ps_file_path:/vendor/tvconfig/apollo/inputsource.ini,ps_key_name:TV:bATVEnabled
08-29 10:56:31.619  2718  3307 I MI3     : rw a_mtktvapi_parser_get_string_config_data,pi4_signed_data:-1
08-29 10:56:31.620  2718  3307 I MI3     : rw a_mtktvapi_parser_get_signed_config_data,ps_file_path:/vendor/tvconfig/apollo/inputsource.ini,ps_key_name:TV:bDTVEnabled
08-29 10:56:31.620  2718  3307 I MI3     : rw a_mtktvapi_parser_get_string_config_data,pi4_signed_data:-1
08-29 10:56:31.620  2718  3300 D TV_HAL  : getTvSrcInfoFromInputSourceIni #2653 TV: NO_TV 
08-29 10:56:31.620  2718  3300 D TV_HAL  : thread_initialize xxxxxxx000(hd=12)
08-29 10:56:31.620  2718  3300 D TV_HAL  : thread_initialize xxxxxxx000(hd_pri=56)
08-29 10:56:31.620  2718  3300 D TV_HAL  : thread_initialize xxxxxxx111(0 = 11 = 12)
08-29 10:56:31.620  2718  3300 D TV_HAL  : thread_initialize xxxxxxx111(0 = 0 = 1 = 1)
08-29 10:56:31.620  2718  3300 D TV_HAL  : thread_initialize xxxxxxx222(0 = 11 = 12)
08-29 10:56:31.620  2718  3300 D TV_HAL  : thread_initialize xxxxxxx222(0 = 0 = 1 = 1)
08-29 10:56:31.620  2718  3300 D TV_HAL  : thread_initialize #2942 a_mtktvapi_inputsource_get_sourcerec_byidx(i_idx = 1)
08-29 10:56:31.621  2718  3300 D TV_HAL  : isNotExistAtInputsourceINI #518 source_rec.ui1_iidcount=2 ,source_rec.ui1_internalidx = 1
08-29 10:56:31.621  2718  3300 D TV_HAL  : isNotExistAtInputsourceINI #538 MI_SYS_GetConfigData succeed (KEY_TV_CONFIG_FILE,config_value = 0)
08-29 10:56:31.621  2718  3300 D TV_HAL  : isNotExistAtInputsourceINI #623 MI_SYS_GetConfigData(config_value = 0), return 1
08-29 10:56:31.621  2718  3300 D TV_HAL  : thread_initialize #2962 isNotExistAtInputsourceINI(i_idx = 1) == 1, skip this source(device_idx = 9)
08-29 10:56:31.621  2722  2722 D audio_hw_primary: adev_set_parameters: spk_volume=23
08-29 10:56:31.621  2718  3300 D TV_HAL  : getTvSrcInfoFromInputSourceIni #2629 config_ini_file(/vendor/tvconfig/apollo/inputsource.ini)
08-29 10:56:31.621  2718  3307 I MI3     : rw a_mtktvapi_parser_get_signed_config_data,ps_file_path:/vendor/tvconfig/apollo/inputsource.ini,ps_key_name:TV:bATVEnabled
08-29 10:56:31.621  2722  2722 I audio_hw_primary: mi_device_set: set volume: device speaker, volume index 23.
08-29 10:56:31.621  2718  3307 I MI3     : rw a_mtktvapi_parser_get_string_config_data,pi4_signed_data:-1
08-29 10:56:31.622  2718  3307 I MI3     : rw a_mtktvapi_parser_get_signed_config_data,ps_file_path:/vendor/tvconfig/apollo/inputsource.ini,ps_key_name:TV:bDTVEnabled
08-29 10:56:31.622  2718  3307 I MI3     : rw a_mtktvapi_parser_get_string_config_data,pi4_signed_data:-1
08-29 10:56:31.622  2722  2722 I voc_hw_primary: adev_set_parameters[294]: spk_volume=23
08-29 10:56:31.623  2718  3300 D TV_HAL  : getTvSrcInfoFromInputSourceIni #2653 TV: NO_TV 
08-29 10:56:31.623  2718  3300 D TV_HAL  : thread_initialize xxxxxxx000(hd=12)
08-29 10:56:31.623  2718  3300 D TV_HAL  : thread_initialize xxxxxxx000(hd_pri=56)
08-29 10:56:31.623  2718  3300 D TV_HAL  : thread_initialize xxxxxxx111(0 = 11 = 12)
08-29 10:56:31.623  2718  3300 D TV_HAL  : thread_initialize xxxxxxx111(1 = 1 = 1 = 1)
08-29 10:56:31.623  2718  3300 D TV_HAL  : thread_initialize xxxxxxx222(0 = 11 = 12)
08-29 10:56:31.623  2718  3300 D TV_HAL  : thread_initialize xxxxxxx222(1 = 1 = 1 = 1)
08-29 10:56:31.623  2718  3300 D TV_HAL  : thread_initialize #2942 a_mtktvapi_inputsource_get_sourcerec_byidx(i_idx = 2)
08-29 10:56:31.623  2718  3300 D TV_HAL  : isNotExistAtInputsourceINI #578 MI_SYS_GetConfigData succeed (AV:bAV1Enabled,config_value = 0)
08-29 10:56:31.623  2718  3300 D TV_HAL  : isNotExistAtInputsourceINI #623 MI_SYS_GetConfigData(config_value = 0), return 1
08-29 10:56:31.623  2718  3300 D TV_HAL  : thread_initialize #2962 isNotExistAtInputsourceINI(i_idx = 2) == 1, skip this source(device_idx = 10)
08-29 10:56:31.623  2718  3300 D TV_HAL  : thread_initialize xxxxxxx000(hd=12)
08-29 10:56:31.623  2718  3300 D TV_HAL  : thread_initialize xxxxxxx000(hd_pri=56)
08-29 10:56:31.623  2718  3300 D TV_HAL  : thread_initialize xxxxxxx111(0 = 11 = 12)
08-29 10:56:31.623  2718  3300 D TV_HAL  : thread_initialize xxxxxxx111(2 = 0 = 1 = 1)
08-29 10:56:31.623  2718  3300 D TV_HAL  : thread_initialize xxxxxxx222(0 = 11 = 12)
08-29 10:56:31.623  2718  3300 D TV_HAL  : thread_initialize xxxxxxx222(2 = 0 = 1 = 1)
08-29 10:56:31.623  2718  3300 D TV_HAL  : thread_initialize #2942 a_mtktvapi_inputsource_get_sourcerec_byidx(i_idx = 3)
08-29 10:56:31.623  2718  3300 D TV_HAL  : isNotExistAtInputsourceINI #578 MI_SYS_GetConfigData succeed (AV:bAV2Enabled,config_value = 0)
08-29 10:56:31.623  2718  3300 D TV_HAL  : isNotExistAtInputsourceINI #623 MI_SYS_GetConfigData(config_value = 0), return 1
08-29 10:56:31.624  2718  3300 D TV_HAL  : thread_initialize #2962 isNotExistAtInputsourceINI(i_idx = 3) == 1, skip this source(device_idx = 11)
08-29 10:56:31.624  2718  3300 D TV_HAL  : thread_initialize xxxxxxx000(hd=12)
08-29 10:56:31.624  2718  3300 D TV_HAL  : thread_initialize xxxxxxx000(hd_pri=56)
08-29 10:56:31.624  2718  3300 D TV_HAL  : thread_initialize xxxxxxx111(0 = 11 = 12)
08-29 10:56:31.624  2718  3300 D TV_HAL  : thread_initialize xxxxxxx111(3 = 1 = 1 = 1)
08-29 10:56:31.624  2718  3300 D TV_HAL  : thread_initialize xxxxxxx222(0 = 11 = 12)
08-29 10:56:31.624  2718  3300 D TV_HAL  : thread_initialize xxxxxxx222(3 = 1 = 1 = 1)
08-29 10:56:31.624  2718  3300 D TV_HAL  : thread_initialize #2942 a_mtktvapi_inputsource_get_sourcerec_byidx(i_idx = 4)
08-29 10:56:31.624  2718  3300 D TV_HAL  : isNotExistAtInputsourceINI #561 MI_SYS_GetConfigData succeed (HDMI:bHDMIEnabled,config_value = 1)
08-29 10:56:31.624  2718  3300 D TV_HAL  : isNotExistAtInputsourceINI #620 MI_SYS_GetConfigData(config_value = 1), return 0
08-29 10:56:31.624  2718  3300 D TV_HAL  : thread_initialize xxxxxxx000(hd=12)
08-29 10:56:31.624  2718  3300 D TV_HAL  : thread_initialize xxxxxxx000(hd_pri=56)
08-29 10:56:31.624  2718  3300 D TV_HAL  : thread_initialize xxxxxxx111(0 = 11 = 12)
08-29 10:56:31.624  2718  3300 D TV_HAL  : thread_initialize xxxxxxx111(4 = 0 = 1 = 1)
08-29 10:56:31.624  2718  3300 D TV_HAL  : thread_initialize xxxxxxx222(0 = 11 = 12)
08-29 10:56:31.624  2718  3300 D TV_HAL  : thread_initialize xxxxxxx222(4 = 0 = 1 = 1)
08-29 10:56:31.624  2718  3300 D TV_HAL  : thread_initialize #2942 a_mtktvapi_inputsource_get_sourcerec_byidx(i_idx = 5)
08-29 10:56:31.624  2718  3300 D TV_HAL  : isNotExistAtInputsourceINI #561 MI_SYS_GetConfigData succeed (HDMI:bHDMI2Enabled,config_value = 1)
08-29 10:56:31.624  2718  3300 D TV_HAL  : isNotExistAtInputsourceINI #620 MI_SYS_GetConfigData(config_value = 1), return 0
08-29 10:56:31.624  2718  3300 D TV_HAL  : thread_initialize xxxxxxx000(hd=12)
08-29 10:56:31.624  2718  3300 D TV_HAL  : thread_initialize xxxxxxx000(hd_pri=56)
08-29 10:56:31.624  2718  3300 D TV_HAL  : thread_initialize xxxxxxx111(0 = 11 = 12)
08-29 10:56:31.624  2718  3300 D TV_HAL  : thread_initialize xxxxxxx111(5 = 1 = 1 = 1)
08-29 10:56:31.624  2718  3300 D TV_HAL  : thread_initialize xxxxxxx222(0 = 11 = 12)
08-29 10:56:31.624  2718  3300 D TV_HAL  : thread_initialize xxxxxxx222(5 = 1 = 1 = 1)
08-29 10:56:31.624  2718  3300 D TV_HAL  : thread_initialize #2942 a_mtktvapi_inputsource_get_sourcerec_byidx(i_idx = 6)
08-29 10:56:31.624  2718  3300 D TV_HAL  : isNotExistAtInputsourceINI #561 MI_SYS_GetConfigData succeed (HDMI:bHDMI3Enabled,config_value = 0)
08-29 10:56:31.625  2718  3300 D TV_HAL  : isNotExistAtInputsourceINI #623 MI_SYS_GetConfigData(config_value = 0), return 1
08-29 10:56:31.625  2718  3300 D TV_HAL  : thread_initialize #2962 isNotExistAtInputsourceINI(i_idx = 6) == 1, skip this source(device_idx = 14)
08-29 10:56:31.625  2718  3300 D TV_HAL  : thread_initialize xxxxxxx000(hd=12)
08-29 10:56:31.625  2718  3300 D TV_HAL  : thread_initialize xxxxxxx000(hd_pri=56)
08-29 10:56:31.625  2718  3300 D TV_HAL  : thread_initialize xxxxxxx111(0 = 11 = 12)
08-29 10:56:31.625  2718  3300 D TV_HAL  : thread_initialize xxxxxxx111(6 = 2 = 1 = 1)
08-29 10:56:31.625  2718  3300 D TV_HAL  : thread_initialize xxxxxxx222(0 = 11 = 12)
08-29 10:56:31.625  2718  3300 D TV_HAL  : thread_initialize xxxxxxx222(6 = 2 = 1 = 1)
08-29 10:56:31.625  2718  3300 D TV_HAL  : thread_initialize #2942 a_mtktvapi_inputsource_get_sourcerec_byidx(i_idx = 7)
08-29 10:56:31.625  2718  3300 D TV_HAL  : isNotExistAtInputsourceINI #561 MI_SYS_GetConfigData succeed (HDMI:bHDMI4Enabled,config_value = 0)
08-29 10:56:31.625  2718  3300 D TV_HAL  : isNotExistAtInputsourceINI #623 MI_SYS_GetConfigData(config_value = 0), return 1
08-29 10:56:31.625  2718  3300 D TV_HAL  : thread_initialize #2962 isNotExistAtInputsourceINI(i_idx = 7) == 1, skip this source(device_idx = 15)
08-29 10:56:31.625  2718  3300 D TV_HAL  : thread_initialize xxxxxxx000(hd=12)
08-29 10:56:31.625  2718  3300 D TV_HAL  : thread_initialize xxxxxxx000(hd_pri=56)
08-29 10:56:31.625  2718  3300 D TV_HAL  : thread_initialize xxxxxxx111(0 = 11 = 12)
08-29 10:56:31.625  2718  3300 D TV_HAL  : thread_initialize xxxxxxx111(7 = 3 = 1 = 1)
08-29 10:56:31.625  2718  3300 D TV_HAL  : thread_initialize xxxxxxx222(0 = 11 = 12)
08-29 10:56:31.625  2718  3300 D TV_HAL  : thread_initialize xxxxxxx222(7 = 3 = 1 = 1)
08-29 10:56:31.625  2718  3300 D TV_HAL  : MI_SYS_CloseConfigFile(0) is Successed.
08-29 10:56:31.625  2718  3300 D TV_HAL  : thread_initialize #3700 closeInputsourceINI()	return succeed,continue..... 
08-29 10:56:31.625  2718  3300 D TV_HAL  : thread_initialize #3705 actual_devices_count(actual_devices_count = 16)
08-29 10:56:31.625  2718  3300 D TV_HAL  : thread_initialize #3715 idx = 0, source_skip_deviceid[0] == 1, skip notify this source 
08-29 10:56:31.625  2718  3300 D TV_HAL  : thread_initialize #3715 idx = 1, source_skip_deviceid[1] == 1, skip notify this source 
08-29 10:56:31.625  2718  3300 D TV_HAL  : thread_initialize #3715 idx = 2, source_skip_deviceid[2] == 1, skip notify this source 
08-29 10:56:31.625  2718  3300 D TV_HAL  : thread_initialize #3715 idx = 3, source_skip_deviceid[3] == 1, skip notify this source 
08-29 10:56:31.625  2718  3300 D TV_HAL  : thread_initialize #3724 idx =4,(deviceid = 4)(ui1_id = 4)(mainorsub = 0)(flag_hwc = 1)
08-29 10:56:31.625  2718  3300 D TV_HAL  : thread_initialize #3725 callback->notify TV_INPUT_EVENT_DEVICE_AVAILABLE(idx = 4)
08-29 10:56:31.625  2718  3300 D TV_HAL  : thread_initialize #3724 idx =5,(deviceid = 5)(ui1_id = 5)(mainorsub = 0)(flag_hwc = 1)
08-29 10:56:31.625  2718  3300 D TV_HAL  : thread_initialize #3725 callback->notify TV_INPUT_EVENT_DEVICE_AVAILABLE(idx = 5)
08-29 10:56:31.625  2718  3300 D TV_HAL  : thread_initialize #3715 idx = 6, source_skip_deviceid[6] == 1, skip notify this source 
08-29 10:56:31.625  2718  3300 D TV_HAL  : thread_initialize #3715 idx = 7, source_skip_deviceid[7] == 1, skip notify this source 
08-29 10:56:31.625  2718  3300 D TV_HAL  : thread_initialize #3715 idx = 8, source_skip_deviceid[8] == 1, skip notify this source 
08-29 10:56:31.625  2718  3300 D TV_HAL  : thread_initialize #3715 idx = 9, source_skip_deviceid[9] == 1, skip notify this source 
08-29 10:56:31.625  2718  3300 D TV_HAL  : thread_initialize #3715 idx = 10, source_skip_deviceid[10] == 1, skip notify this source 
08-29 10:56:31.626  2718  3300 D TV_HAL  : thread_initialize #3715 idx = 11, source_skip_deviceid[11] == 1, skip notify this source 
08-29 10:56:31.626  2718  3300 D TV_HAL  : thread_initialize #3724 idx =12,(deviceid = 12)(ui1_id = 4)(mainorsub = 1)(flag_hwc = 1)
08-29 10:56:31.626  2718  3300 D TV_HAL  : thread_initialize #3725 callback->notify TV_INPUT_EVENT_DEVICE_AVAILABLE(idx = 12)
08-29 10:56:31.626  2718  3300 D TV_HAL  : thread_initialize #3724 idx =13,(deviceid = 13)(ui1_id = 5)(mainorsub = 1)(flag_hwc = 1)
08-29 10:56:31.626  2718  3300 D TV_HAL  : thread_initialize #3725 callback->notify TV_INPUT_EVENT_DEVICE_AVAILABLE(idx = 13)
08-29 10:56:31.626  2718  3300 D TV_HAL  : thread_initialize #3715 idx = 14, source_skip_deviceid[14] == 1, skip notify this source 
08-29 10:56:31.626  2718  3300 D TV_HAL  : thread_initialize #3715 idx = 15, source_skip_deviceid[15] == 1, skip notify this source 
08-29 10:56:31.626  2718  3300 D TV_HAL  : thread_initialize #3783 MTVDECEX_SCART_RegPin8ChgNfyCb priv = -1373466624
