12-31 16:00:07.685  2849  2849 D MTK_KL  : 4,2411,7692206,-;[SGLUE_AUD][INFO][MTADEC_AoutConnectOpenHandle][17475]: path = 2, try to get handle
12-31 16:00:07.685  2849  2849 D MTK_KL  : 4,2412,7692218,-;[SGLUE_AUD][INFO][MTADEC_AoutConnectOpenHandle][17495]: path = 2, get handle = 17000003
12-31 16:00:07.685  2849  2849 D MTK_KL  : 4,2413,7692221,-;[SGLUE_AUD][INFO][MTADEC_AoutConnectOpenHandle][17475]: path = 3, try to get handle
12-31 16:00:07.685  2849  2849 D MTK_KL  : 4,2414,7692233,-;[SGLUE_AUD][INFO][MTADEC_AoutConnectOpenHandle][17495]: path = 3, get handle = 17000005
12-31 16:00:07.685  2849  2849 D MTK_KL  : 4,2415,7692236,-;[SGLUE_AUD][INFO][MTADEC_AoutConnectOpenHandle][17475]: path = 4, try to get handle
12-31 16:00:07.685  2849  2849 D MTK_KL  : 4,2416,7692247,-;[SGLUE_AUD][INFO][MTADEC_AoutConnectOpenHandle][17495]: path = 4, get handle = 17000000
12-31 16:00:07.685  2849  2849 D MTK_KL  : 4,2417,7692250,-;[SGLUE_AUD][INFO][MTADEC_AoutConnectOpenHandle][17475]: path = 5, try to get handle
12-31 16:00:07.685  2849  2849 D MTK_KL  : 4,2418,7692261,-;[SGLUE_AUD][INFO][MTADEC_AoutConnectOpenHandle][17495]: path = 5, get handle = 17000001
12-31 16:00:07.685  2849  2849 D MTK_KL  : 4,2419,7692264,-;[SGLUE_AUD][INFO][MTADEC_AoutConnectOpenHandle][17475]: path = 6, try to get handle
12-31 16:00:07.685  2849  2849 D MTK_KL  : 4,2420,7692276,-;[SGLUE_AUD][INFO][MTADEC_AoutConnectOpenHandle][17495]: path = 6, get handle = 17000002
12-31 16:00:07.685  2849  2849 D MTK_KL  : 4,2421,7692279,-;[SGLUE_AUD][INFO][MTADEC_AoutConnectOpenHandle][17475]: path = 7, try to get handle
12-31 16:00:07.685  2849  2849 D MTK_KL  : 4,2422,7692291,-;[SGLUE_AUD][INFO][MTADEC_AoutConnectOpenHandle][17495]: path = 7, get handle = 17000004
12-31 16:00:07.685  2849  2849 D MTK_KL  : 4,2423,7692294,-;[SGLUE_AUD][INFO][MTADEC_AoutConnectOpenHandle][17475]: path = 8, try to get handle
12-31 16:00:07.685  2849  2849 D MTK_KL  : 4,2424,7692305,-;[MI_AOUT_GetHandle:13544][3017] Error 0x7: fail to _MI_AOUT_GetInstance!
12-31 16:00:07.685  2849  2849 D MTK_KL  : 4,2425,7692320,-;[_MI_AOUT_SetVolume:2410][3017] ePath:8, u8Vol:100, u16VolumeReg:3072
12-31 16:00:07.685  2849  2849 D MTK_KL  : 4,2426,7692343,-;[_MI_AOUT_ApplyMute:2597][3017] ePath:8, apply bMuteStatus:FALSE
12-31 16:00:07.685  2849  2849 D MTK_KL  : 4,2427,7692347,-;[MI_AOUT_Open:12088][3017] ePath:8, eErrCode:0x0, *phAout:0x17000008
12-31 16:00:07.685  2849  2849 D MTK_KL  : 4,2428,7692360,-;[SGLUE_AUD][INFO][MTADEC_AoutConnectOpenHandle][17490]: path = 8, open handle = 17000008
12-31 16:00:07.685  2849  2849 D MTK_KL  : 6,2429,7692472,-;<MI3_INFO><<<_MI_GPIO_Open[910]Invalid parameter: open gpio = 9999 invalid!
12-31 16:00:07.685  2849  2849 D MTK_KL  : 6,2430,7692476,-;<MI3_INFO><<<MI_GPIO_Open[1194]MI_GPIO_Open:0x8
12-31 16:00:07.685  2849  2849 D MTK_KL  : 4,2431,7692480,-;[MI_AOUT_RegisterCallback:13855][3017] Error 0x8: failed to MI_GPIO_Open
12-31 16:00:07.685  2849  2849 D MTK_KL  : 4,2432,7692486,-;[SGLUE_AUD][ERROR][_AudHpDetection][17222]: set RegisterCallback Headphone detection fail.
12-31 16:00:07.685  2849  2849 D MTK_KL  : 4,2433,7692682,-;<MI3_WARN>Warning: MI_SYS_Init() already be inited!
12-31 16:00:07.685  2849  2849 D MTK_KL  : 3,2434,7692738,-;<MI3_ERR>mi_gpio_GetGpioNumByName[1100]: GPIO Device_NameID = 9 not match GPIO_number!!!
12-31 16:00:07.685  2849  2849 D MTK_KL  : 3,2435,7692749,-;<MI3_ERR>mi_gpio_GetGpioNumByName[1100]: GPIO Device_NameID = 10 not match GPIO_number!!!
12-31 16:00:07.692  2849  2849 D MTK_KL  : 4,2436,7698679,-;\x1b[1;31miniparser_load[1201]: 
12-31 16:00:07.694  2849  2849 D MTK_KL  : 4,2437,7698684,-;iniparser: cannot open /config/hdmi_map.ini
12-31 16:00:07.698  2849  2849 D MTK_KL  : 4,2438,7698686,-;\x1b[0m
12-31 16:00:07.698  2849  2849 D MTK_KL  : 4,2439,7707428,-;** EARC Chip Capability is SUPPORT_ARC\x0d
12-31 16:00:07.705  3003  3073 D BootAnimation: pBootVideoEnableValue = 0
12-31 16:00:07.705  3003  3073 D BootAnimation: mBootVideo false!
12-31 16:00:07.705  3003  3073 E cutils-trace: Error opening trace file: No such file or directory (2)
12-31 16:00:07.751  2699  2699 I ServiceManager: Waiting for vendor service TrapezoidCorrect...
12-31 16:00:07.767  2699  2699 D ServiceManager: #00 pc 000306e9  /system/lib/vndk-28/libbinder.so (android::BpServiceManager::getService(android::String16 const&) const+380)
12-31 16:00:07.767  2699  2699 D ServiceManager: #01 pc 00001b37  /vendor/lib/libtrapezoidClient.so (_ZN7android10getServiceINS_24ITrapezoidCorrectServiceEEEiRKNS_8String16EPNS_2spIT_EE+38)
12-31 16:00:07.767  2699  2699 D ServiceManager: #02 pc 00001ac3  /vendor/lib/libtrapezoidClient.so (android::TrapezoidClient::getTrapezoidService()+46)
12-31 16:00:07.767  2699  2699 D ServiceManager: #03 pc 000014e1  /vendor/bin/trapezoidTest (main+56)
12-31 16:00:07.767  2699  2699 D ServiceManager: #04 pc 00087e31  /system/lib/libc.so (__libc_init+48)
12-31 16:00:07.767  2699  2699 D ServiceManager: #05 pc 00001487  /vendor/bin/trapezoidTest (_start_main+38)
12-31 16:00:07.767  2699  2699 D ServiceManager: #06 pc 00000306  <anonymous:b0e15000>
12-31 16:00:07.789  3003  3073 D libEGL  : loaded /vendor/lib/egl/libGLES_mali.so
12-31 16:00:07.805  2849  2849 D MTK_KL  : 4,2440,7814472,-;** EARC Chip Capability is SUPPORT_ARC\x0d
12-31 16:00:07.805  2849  2849 D MTK_KL  : 4,2441,7814541,-;[MSOS][MsOS_DisableInterrupt][3826] Un-used interrupt enum = 0x8B.
12-31 16:00:07.805  2849  2849 D MTK_KL  : 3,2442,7814545,-;<MI3_ERR>MI_OS_DisableInterrupt[2424]: MI_OS_DisableInterrupt: eIntNum = 139 fail!
12-31 16:00:07.805  2849  2849 D MTK_KL  : 4,2443,7814549,-;[MSOS][MsOS_DetachInterrupt][3702] Already detach interrupt enum = 0x8B.
12-31 16:00:07.805  2849  2849 D MTK_KL  : 4,2444,7814658,-;\x1b[35m[MsOS_ReleaseMutex][1745] Try to unlock a mutex which locked by others \x1b[m
12-31 16:00:07.806  2849  2849 D MTK_KL  : 3,2445,7814663,-;<MI3_ERR>MI_OS_ReleaseMutex[1418]: MI_OS_ReleaseMutex: MutexId = 1985216698 fail!
12-31 16:00:07.806  2849  2849 D MTK_KL  : 4,2446,7814929,c; -IO: fptIniThreadNfy trigger
12-31 16:00:07.806  2849  2849 D MTK_KL  : 4,2447,7814995,+; -IO: fptIniThreadNfy trigger
12-31 16:00:07.806  2849  2849 D MTK_KL  : 4,2448,7815043,+; -IO: fptIniThreadNfy trigger
12-31 16:00:07.806  2849  2849 D MTK_KL  : 4,2449,7815090,+;[DemodClkClose]not 5863!
12-31 16:00:07.806  2849  2849 D MTK_KL  : 4,2450,7815097,-;/home/code/android/vendor/mediatek/proprietary_tv/apollo/linux_core/driver/ko/target/linux/app_if/mtal/sglue/brdcst_if/tuner_src/TunerMIF/mif_pd_glue.c DTMB_TunerOpen 
12-31 16:00:07.806  2849  2849 D MTK_KL  : 4,2451,7815124,c; -IO: fptIniThreadNfy trigger
12-31 16:00:07.806  2849  2849 D MTK_KL  : 6,2452,7815130,-;<MI3_INFO><<<MI_TUNER_GetHandle[7902]The TUNER = 0 has not been opened !
12-31 16:00:07.806  2849  2849 D MTK_KL  : 4,2453,7815133,-;MK_CloseVoid no valid handle
12-31 16:00:07.806  2849  2849 D MTK_KL  : 4,2454,7815144,-;\x1b[45;37m  Mif_GetBrdCstIfType[4512][dtmb bring]  ::   \x1b[0m
12-31 16:00:07.806  2849  2849 D MTK_KL  : 4,2455,7815147,c;[Mif_GetBrdCstIfType]CN config=5
12-31 16:00:07.806  2849  2849 D MTK_KL  : 4,2456,7815192,-;[MApi_CMA_Pool_Init:303]heap_info heap_id:17, flags:1 
12-31 16:00:07.806  2849  2849 D MTK_KL  : 7,2457,7815199,-;\x1b[35mFunction = CMA_Pool_ioctl, Line = 3193, copy_from_user: 40 bytes, cmd is 0xC0285000\x1b[m
12-31 16:00:07.806  2849  2849 D MTK_KL  : 7,2458,7815203,-;\x1b[35mFunction = CMA_Pool_Init, Line = 907, create proc_info\x1b[m
12-31 16:00:07.806  2849  2849 D MTK_KL  : 7,2459,7815208,-;\x1b[35mFunction = CMA_Pool_Init, Line = 972, create heap_info\x1b[m
12-31 16:00:07.806  2849  2849 D MTK_KL  : 7,2460,7815399,-;\x1b[35mCMA_POOL_IOC_INIT costs 0 ms\x1b[m\x0a
12-31 16:00:07.806  2849  2849 D MTK_KL  : 4,2461,7815406,-;[MApi_CMA_Pool_Init:321]heap_info pool_handle_id:23, miu:0 heap_miu_start_offset:520093696 heap_length:0x1c00000
12-31 16:00:07.806  2849  2849 D MTK_KL  : 4,2462,7815412,-;[MApi_CMA_Pool_Init:378]ret == true=1
12-31 16:00:07.806  2849  2849 D MTK_KL  : 4,2463,7815418,-;[MApi_CMA_Pool_GetMem:414]alloc_param  pool_handle_id:17  offset_in_pool:0 length:400500000 flags:0
12-31 16:00:07.806  2849  2849 D MTK_KL  : 7,2464,7815422,-;\x1b[35mFunction = CMA_Pool_ioctl, Line = 3193, copy_from_user: 32 bytes, cmd is 0xC0205002\x1b[m
12-31 16:00:07.806  2849  2849 D MTK_KL  : 7,2465,7815428,-;\x1b[31mdma_alloc_at_from_contiguous(alloc 1280 pages, at_addr 0x3F000000, start pfn 0x3F000)\x1b[m
12-31 16:00:07.806  2849  2849 D MTK_KL  : 7,2466,7815431,-;\x1b[35mFunction = dma_alloc_at_from_contiguous, Line = 636, find bit_map from 0x0\x1b[m
12-31 16:00:07.806  2849  2849 D MTK_KL  : 7,2467,7815434,-;\x1b[32m[InitThread] Before dma_alloc_at_from_contiguous \x1b[m
12-31 16:00:07.806  2849  2849 D MTK_KL  : 7,2468,7815437,-;\x1b[32mcma_area having \x1b[m
12-31 16:00:07.806  2849  2849 D MTK_KL  : 7,2469,7815443,-;\x1b[32m7168 free pages\x1b[m
12-31 16:00:07.806  2849  2849 D MTK_KL  : 4,2470,7815838,c; -IO: fptIniThreadNfy trigger
12-31 16:00:07.808  2849  2849 D MTK_KL  : 7,2471,7816054,-;\x1b[35mmigration data is 0 kb\x1b[m
12-31 16:00:07.808  2849  2849 D MTK_KL  : 7,2472,7816358,-;\x1b[35malloc_contig_range costs 0 ms\x1b[m\x0a
12-31 16:00:07.808  2849  2849 D MTK_KL  : 7,2473,7816362,-;\x1b[32m[InitThread] After dma_alloc_at_from_contiguous \x1b[m
12-31 16:00:07.808  2849  2849 D MTK_KL  : 7,2474,7816365,-;\x1b[32mcma_area having \x1b[m
12-31 16:00:07.808  2849  2849 D MTK_KL  : 7,2475,7816372,-;\x1b[32m5888 free pages\x1b[m
12-31 16:00:07.808  2849  2849 D MTK_KL  : 4,2476,7816402,c; -IO: fptIniThreadNfy trigger
12-31 16:00:07.808  2849  2849 D MTK_KL  : 7,2477,7816464,-;\x1b[35mFunction = CMA_Pool_Alloc, Line = 2096, mapping from 0x3F000000 to 0x3F500000\x1b[m
12-31 16:00:07.808  2849  2849 D MTK_KL  : 7,2478,7816468,-;dump heap_id 23 information: min_start 0x3F000000, max_end 0x3F500000
12-31 16:00:07.809  2849  2849 D MTK_KL  : 7,2479,7816472,-;allocated info: cpu address 0xE3CA3000, phy_addr 0x3F000000, length 0x500000, pid 3081, freed 0, mapped 1 "InitThread"
12-31 16:00:07.809  2849  2849 D MTK_KL  : 7,2480,7816475,-;\x1b[35mCMA_POOL_IOC_ALLOC costs 1 ms\x1b[m\x0a
12-31 16:00:07.809  2849  2849 D MTK_KL  : 4,2481,7816480,-;\x1b[35mFunction = MApi_CMA_Pool_GetMem, Line = 431, alloc_param->virt_addr is 0xE3CA3000\x1b[m
12-31 16:00:07.809  2849  2849 D MTK_KL  : 3,2482,7816517,-;<MI3_ERR>_MI_TUNER_ApplyOpenParams[3802]: 1st time to set dmd buffer and tuner isn't inited!
12-31 16:00:07.809  2849  2849 D MTK_KL  : 4,2483,7816560,-;MDrv_IIC_Init  PORT  48 
12-31 16:00:07.809  2849  2849 D MTK_KL  : 4,2484,7816563,-;MDrv_IIC_Init  PORT  48 
12-31 16:00:07.809  2849  2849 D MTK_KL  : 6,2485,7816569,-;<MI3_INFO><<<MI_DISP_OpenController[16865]
12-31 16:00:07.809  2849  2849 D MTK_KL  : 4,2486,7816570,-; MDrv_Tuner_ATBM253_Extension_Function TUNER_EXT_FUNC_SET_CON_INFO!!
12-31 16:00:07.809  2849  2849 D MTK_KL  : 4,2487,7816572,-; TUNER_CON_CONFIG->eI2C_PORT = 48 
12-31 16:00:07.809  2849  2849 D MTK_KL  : 4,2488,7816574,-; TUNER_CON_CONFIG->u32HW_ResetPin = 9999 
12-31 16:00:07.809  2849  2849 D MTK_KL  : 3,2489,7816578,-;[DEMOD ERR]
12-31 16:00:07.809  2849  2849 D MTK_KL  : 3,2490,7816581,-;MDrv_MSDTMB_Extension_Function: in ATV mode or DTV has not been initiated.
12-31 16:00:07.809  2849  2849 D MTK_KL  : 4,2491,7816585,-; MDrv_Tuner_ATBM253_CheckExist pI2CInfo->u8SlaveID = 192 !!
12-31 16:00:07.809  2849  2849 D MTK_KL  : 6,2492,7816607,-;<MI3_INFO><<<MI_DISP_GetHandle[17579]
12-31 16:00:07.809  2849  2849 D MTK_KL  : 6,2493,7816711,-;<MI3_INFO><<<MI_DISP_GetHandle[17579]
12-31 16:00:07.809  2849  2849 D MTK_KL  : 6,2494,7816781,-;<MI3_INFO><<<MI_DISP_GetHandle[17579]
12-31 16:00:07.809  2849  2849 D MTK_KL  : 4,2495,7817305,-;Request extension function (a) does not exist
12-31 16:00:07.809  2849  2849 D MTK_KL  : 4,2496,7817308,-;MDrv_IIC_Init  PORT  9 
12-31 16:00:07.809  2849  2849 D MTK_KL  : 4,2497,7817311,-;MDrv_IIC_InitPort9: OK
12-31 16:00:07.809  2849  2849 D MTK_KL  : 4,2498,7817327,-;MDrv_IIC_Init  PORT  9 
12-31 16:00:07.809  2849  2849 D MTK_KL  : 4,2499,7817329,-;MDrv_IIC_InitPort9: OK
12-31 16:00:07.809  2849  2849 D MTK_KL  : 3,2500,7817345,-;[DEMOD ERR]
12-31 16:00:07.809  2849  2849 D MTK_KL  : 3,2501,7817348,-;Request extension function (24) does not exist
12-31 16:00:07.809  2849  2849 D MTK_KL  : 3,2502,7817350,-;[DEMOD ERR]
12-31 16:00:07.809  2849  2849 D MTK_KL  : 3,2503,7817352,-;Request extension function (23) does not exist
12-31 16:00:07.809  2849  2849 D MTK_KL  : 4,2504,7817354,-;Request extension function (24) does not exist
12-31 16:00:07.809  2849  2849 D MTK_KL  : 4,2505,7817356,-;Request extension function (23) does not exist
12-31 16:00:07.809  2849  2849 D MTK_KL  : 4,2506,7817359,-; MDrv_Tuner_ATBM253_Extension_Function TUNER_EXT_FUNC_SET_CON_INFO!!
12-31 16:00:07.809  2849  2849 D MTK_KL  : 4,2507,7817361,-; TUNER_CON_CONFIG->eI2C_PORT = 9 
12-31 16:00:07.809  2849  2849 D MTK_KL  : 4,2508,7817363,-; TUNER_CON_CONFIG->u32HW_ResetPin = 9999 
12-31 16:00:07.809  2849  2849 D MTK_KL  : 3,2509,7817365,-;[DEMOD ERR]
12-31 16:00:07.809  2849  2849 D MTK_KL  : 3,2510,7817368,-;MDrv_MSDTMB_Extension_Function: in ATV mode or DTV has not been initiated.
12-31 16:00:07.809  2849  2849 D MTK_KL  : 4,2511,7817371,-; MDrv_Tuner_ATBM253_CheckExist pI2CInfo->u8SlaveID = 192 !!
12-31 16:00:07.818  2847  2987 I ServiceManager: Waiting for service package_native...
12-31 16:00:07.867  2699  2699 I ServiceManager: Waiting for vendor service TrapezoidCorrect...
12-31 16:00:07.885  2699  2699 D ServiceManager: #00 pc 000306e9  /system/lib/vndk-28/libbinder.so (android::BpServiceManager::getService(android::String16 const&) const+380)
12-31 16:00:07.885  2699  2699 D ServiceManager: #01 pc 00001b37  /vendor/lib/libtrapezoidClient.so (_ZN7android10getServiceINS_24ITrapezoidCorrectServiceEEEiRKNS_8String16EPNS_2spIT_EE+38)
12-31 16:00:07.885  2699  2699 D ServiceManager: #02 pc 00001ac3  /vendor/lib/libtrapezoidClient.so (android::TrapezoidClient::getTrapezoidService()+46)
12-31 16:00:07.885  2699  2699 D ServiceManager: #03 pc 000014e1  /vendor/bin/trapezoidTest (main+56)
12-31 16:00:07.885  2699  2699 D ServiceManager: #04 pc 00087e31  /system/lib/libc.so (__libc_init+48)
12-31 16:00:07.885  2699  2699 D ServiceManager: #05 pc 00001487  /vendor/bin/trapezoidTest (_start_main+38)
12-31 16:00:07.885  2699  2699 D ServiceManager: #06 pc 00000306  <anonymous:b0e15000>
12-31 16:00:07.898  2678  2678 D Zygote  : begin preload
12-31 16:00:07.898  2678  2678 I Zygote  : Installing ICU cache reference pinning...
12-31 16:00:07.898  2678  2678 I Zygote  : Preloading ICU data...
12-31 16:00:07.899  2849  2849 D MTK_KL  : 4,2512,7906495,-;<MI3_WARN>Error: Invalid board index = -1, with eBoardId = 35
12-31 16:00:07.899  2849  2849 D MTK_KL  : 4,2513,7906503,-;[_MI_AUDIO_PopNoiseEliminatorTask:3685][2576] Audio HW mute is unmute
12-31 16:00:07.909  3003  3073 E gralloc : Arm Module v1.0
12-31 16:00:07.913  3003  3073 I ConfigStore: android::hardware::configstore::V1_0::ISurfaceFlingerConfigs::hasWideColorDisplay retrieved: 0
12-31 16:00:07.913  3003  3073 I ConfigStore: android::hardware::configstore::V1_0::ISurfaceFlingerConfigs::hasHDRDisplay retrieved: 0
12-31 16:00:07.915  3003  3073 D mali_winsys: EGLint new_window_surface(egl_winsys_display *, void *, EGLSurface, EGLConfig, egl_winsys_surface **, EGLBoolean) returns 0x3000
12-31 16:00:07.920  3003  3073 D BootAnimation: pBootVideoEnableValue = 0
12-31 16:00:07.920  3003  3073 D BootAnimation: mBootVideo false!
12-31 16:00:07.929  3003  3073 D BootAnimation: BootAnimationShownTiming start time: 7936ms
--------- beginning of crash
12-31 16:00:07.929  3003  3073 F libc    : Fatal signal 8 (SIGFPE), code -6 (SI_TKILL) in tid 3073 (BootAnimation), pid 3003 (bootanimation)
12-31 16:00:07.955  2678  2678 D Zygote32Timing: BeginIcuCachePinning took to complete: 58ms
12-31 16:00:07.956  2678  2678 I Zygote  : Preloading classes...
12-31 16:00:07.956  2849  2849 D MTK_KL  : 4,2514,7958948,-;_MTGVDO_LoadNlaIni[8671] NLA Parsing:, i: 0, j: 0, NLA point: 0, 25, 50, 75, 100
12-31 16:00:07.956  2849  2849 D MTK_KL  : 4,2515,7958955,-;_MTGVDO_LoadNlaIni[8671] NLA Parsing:, i: 0, j: 1, NLA point: 80, 110, 128, 145, 178
12-31 16:00:07.956  2849  2849 D MTK_KL  : 4,2516,7958959,-;_MTGVDO_LoadNlaIni[8671] NLA Parsing:, i: 0, j: 2, NLA point: 80, 110, 128, 142, 178
12-31 16:00:07.956  2849  2849 D MTK_KL  : 4,2517,7958963,-;_MTGVDO_LoadNlaIni[8671] NLA Parsing:, i: 0, j: 3, NLA point: 0, 80, 158, 175, 255
12-31 16:00:07.956  2849  2849 D MTK_KL  : 4,2518,7958966,-;_MTGVDO_LoadNlaIni[8671] NLA Parsing:, i: 0, j: 4, NLA point: 0, 12, 28, 45, 63
12-31 16:00:07.956  2849  2849 D MTK_KL  : 4,2519,7958970,-;_MTGVDO_LoadNlaIni[8671] NLA Parsing:, i: 0, j: 5, NLA point: 30, 40, 50, 60, 70
12-31 16:00:07.956  2849  2849 D MTK_KL  : 4,2520,7958974,-;_MTGVDO_LoadNlaIni[8671] NLA Parsing:, i: 0, j: 6, NLA point: 8192, 22528, 36864, 50944, 65280
12-31 16:00:07.956  2849  2849 D MTK_KL  : 4,2521,7961437,-;_MTGVDO_LoadNlaIni[8671] NLA Parsing:, i: 1, j: 0, NLA point: 0, 25, 50, 75, 100
12-31 16:00:07.956  2849  2849 D MTK_KL  : 4,2522,7961443,-;_MTGVDO_LoadNlaIni[8671] NLA Parsing:, i: 1, j: 1, NLA point: 88, 108, 128, 138, 148
12-31 16:00:07.956  2849  2849 D MTK_KL  : 4,2523,7961446,-;_MTGVDO_LoadNlaIni[8671] NLA Parsing:, i: 1, j: 2, NLA point: 0, 64, 128, 192, 255
12-31 16:00:07.956  2849  2849 D MTK_KL  : 4,2524,7961450,-;_MTGVDO_LoadNlaIni[8671] NLA Parsing:, i: 1, j: 3, NLA point: 0, 64, 128, 192, 255
12-31 16:00:07.956  2849  2849 D MTK_KL  : 4,2525,7961454,-;_MTGVDO_LoadNlaIni[8671] NLA Parsing:, i: 1, j: 4, NLA point: 0, 11, 23, 41, 63
12-31 16:00:07.956  2849  2849 D MTK_KL  : 4,2526,7961458,-;_MTGVDO_LoadNlaIni[8671] NLA Parsing:, i: 1, j: 5, NLA point: 0, 25, 50, 75, 100
12-31 16:00:07.956  2849  2849 D MTK_KL  : 4,2527,7961462,-;_MTGVDO_LoadNlaIni[8671] NLA Parsing:, i: 1, j: 6, NLA point: 8192, 22528, 36864, 50944, 65280
12-31 16:00:07.956  2849  2849 D MTK_KL  : 4,2528,7963893,-;_MTGVDO_LoadNlaIni[8671] NLA Parsing:, i: 2, j: 0, NLA point: 0, 25, 50, 75, 100
12-31 16:00:07.956  2849  2849 D MTK_KL  : 4,2529,7963899,-;_MTGVDO_LoadNlaIni[8671] NLA Parsing:, i: 2, j: 1, NLA point: 80, 110, 128, 145, 178
12-31 16:00:07.956  2849  2849 D MTK_KL  : 4,2530,7963903,-;_MTGVDO_LoadNlaIni[8671] NLA Parsing:, i: 2, j: 2, NLA point: 80, 110, 128, 142, 178
12-31 16:00:07.956  2849  2849 D MTK_KL  : 4,2531,7963907,-;_MTGVDO_LoadNlaIni[8671] NLA Parsing:, i: 2, j: 3, NLA point: 0, 80, 158, 175, 255
12-31 16:00:07.956  2849  2849 D MTK_KL  : 4,2532,7963910,-;_MTGVDO_LoadNlaIni[8671] NLA Parsing:, i: 2, j: 4, NLA point: 0, 12, 28, 45, 63
12-31 16:00:07.956  2849  2849 D MTK_KL  : 4,2533,7963914,-;_MTGVDO_LoadNlaIni[8671] NLA Parsing:, i: 2, j: 5, NLA point: 30, 40, 50, 60, 70
12-31 16:00:07.956  2849  2849 D MTK_KL  : 4,2534,7963918,-;_MTGVDO_LoadNlaIni[8671] NLA Parsing:, i: 2, j: 6, NLA point: 8192, 22528, 36864, 50944, 65280
12-31 16:00:07.958  3100  3100 E cutils-trace: Error opening trace file: No such file or directory (2)
12-31 16:00:07.959  2849  2849 D MTK_KL  : 4,2535,7966884,-;_MTGVDO_LoadNlaIni[8671] NLA Parsing:, i: 3, j: 0, NLA point: 0, 25, 50, 75, 100
12-31 16:00:07.960  2849  2849 D MTK_KL  : 4,2536,7966891,-;_MTGVDO_LoadNlaIni[8671] NLA Parsing:, i: 3, j: 1, NLA point: 80, 110, 128, 145, 178
12-31 16:00:07.960  2849  2849 D MTK_KL  : 4,2537,7966895,-;_MTGVDO_LoadNlaIni[8671] NLA Parsing:, i: 3, j: 2, NLA point: 80, 110, 128, 142, 178
12-31 16:00:07.960  2849  2849 D MTK_KL  : 4,2538,7966899,-;_MTGVDO_LoadNlaIni[8671] NLA Parsing:, i: 3, j: 3, NLA point: 0, 80, 158, 175, 255
12-31 16:00:07.960  2849  2849 D MTK_KL  : 4,2539,7966903,-;_MTGVDO_LoadNlaIni[8671] NLA Parsing:, i: 3, j: 4, NLA point: 0, 12, 28, 45, 63
12-31 16:00:07.960  2849  2849 D MTK_KL  : 4,2540,7966907,-;_MTGVDO_LoadNlaIni[8671] NLA Parsing:, i: 3, j: 5, NLA point: 30, 40, 50, 60, 70
12-31 16:00:07.960  2849  2849 D MTK_KL  : 4,2541,7966911,-;_MTGVDO_LoadNlaIni[8671] NLA Parsing:, i: 3, j: 6, NLA point: 8192, 22528, 36864, 50944, 65280
12-31 16:00:07.960  2849  2849 D MTK_KL  : 4,2542,7969458,-;_MTGVDO_LoadNlaIni[8671] NLA Parsing:, i: 4, j: 0, NLA point: 0, 25, 50, 75, 100
12-31 16:00:07.960  2849  2849 D MTK_KL  : 4,2543,7969464,-;_MTGVDO_LoadNlaIni[8671] NLA Parsing:, i: 4, j: 1, NLA point: 80, 110, 128, 145, 178
12-31 16:00:07.960  2849  2849 D MTK_KL  : 4,2544,7969468,-;_MTGVDO_LoadNlaIni[8671] NLA Parsing:, i: 4, j: 2, NLA point: 80, 110, 128, 142, 178
12-31 16:00:07.960  2849  2849 D MTK_KL  : 4,2545,7969472,-;_MTGVDO_LoadNlaIni[8671] NLA Parsing:, i: 4, j: 3, NLA point: 0, 80, 158, 175, 255
12-31 16:00:07.960  2849  2849 D MTK_KL  : 4,2546,7969476,-;_MTGVDO_LoadNlaIni[8671] NLA Parsing:, i: 4, j: 4, NLA point: 0, 12, 28, 45, 63
12-31 16:00:07.960  2849  2849 D MTK_KL  : 4,2547,7969480,-;_MTGVDO_LoadNlaIni[8671] NLA Parsing:, i: 4, j: 5, NLA point: 30, 40, 50, 60, 70
12-31 16:00:07.960  2849  2849 D MTK_KL  : 4,2548,7969484,-;_MTGVDO_LoadNlaIni[8671] NLA Parsing:, i: 4, j: 6, NLA point: 8192, 22528, 36864, 50944, 65280
12-31 16:00:07.964  2849  2849 D MTK_KL  : 4,2549,7972169,-;_MTGVDO_LoadNlaIni[8671] NLA Parsing:, i: 5, j: 0, NLA point: 0, 25, 50, 75, 100
12-31 16:00:07.964  2849  2849 D MTK_KL  : 4,2550,7972175,-;_MTGVDO_LoadNlaIni[8671] NLA Parsing:, i: 5, j: 1, NLA point: 80, 110, 128, 145, 178
12-31 16:00:07.964  2849  2849 D MTK_KL  : 4,2551,7972197,-;_MTGVDO_LoadNlaIni[8671] NLA Parsing:, i: 5, j: 2, NLA point: 80, 110, 128, 142, 178
12-31 16:00:07.965  2849  2849 D MTK_KL  : 4,2552,7972201,-;_MTGVDO_LoadNlaIni[8671] NLA Parsing:, i: 5, j: 3, NLA point: 0, 80, 158, 175, 255
12-31 16:00:07.965  2849  2849 D MTK_KL  : 4,2553,7972205,-;_MTGVDO_LoadNlaIni[8671] NLA Parsing:, i: 5, j: 4, NLA point: 0, 12, 28, 45, 63
12-31 16:00:07.965  2849  2849 D MTK_KL  : 4,2554,7972209,-;_MTGVDO_LoadNlaIni[8671] NLA Parsing:, i: 5, j: 5, NLA point: 30, 40, 50, 60, 70
12-31 16:00:07.965  2849  2849 D MTK_KL  : 4,2555,7972219,-;_MTGVDO_LoadNlaIni[8671] NLA Parsing:, i: 5, j: 6, NLA point: 8192, 22528, 36864, 50944, 65280
12-31 16:00:07.968  2849  2849 D MTK_KL  : 4,2556,7974750,-;_MTGVDO_LoadNlaIni[8671] NLA Parsing:, i: 6, j: 0, NLA point: 0, 25, 50, 75, 100
12-31 16:00:07.968  2849  2849 D MTK_KL  : 4,2557,7974757,-;_MTGVDO_LoadNlaIni[8671] NLA Parsing:, i: 6, j: 1, NLA point: 80, 110, 128, 145, 178
12-31 16:00:07.968  2849  2849 D MTK_KL  : 4,2558,7974762,-;_MTGVDO_LoadNlaIni[8671] NLA Parsing:, i: 6, j: 2, NLA point: 80, 110, 128, 142, 178
12-31 16:00:07.968  2849  2849 D MTK_KL  : 4,2559,7974766,-;_MTGVDO_LoadNlaIni[8671] NLA Parsing:, i: 6, j: 3, NLA point: 0, 80, 158, 175, 255
12-31 16:00:07.968  2849  2849 D MTK_KL  : 4,2560,7974770,-;_MTGVDO_LoadNlaIni[8671] NLA Parsing:, i: 6, j: 4, NLA point: 0, 12, 28, 45, 63
12-31 16:00:07.968  2849  2849 D MTK_KL  : 4,2561,7974774,-;_MTGVDO_LoadNlaIni[8671] NLA Parsing:, i: 6, j: 5, NLA point: 30, 40, 50, 60, 70
12-31 16:00:07.969  2849  2849 D MTK_KL  : 4,2562,7974778,-;_MTGVDO_LoadNlaIni[8671] NLA Parsing:, i: 6, j: 6, NLA point: 8192, 22528, 36864, 50944, 65280
12-31 16:00:07.969  2849  2849 D MTK_KL  : 4,2563,7977272,-;_MTGVDO_LoadNlaIni[8671] NLA Parsing:, i: 7, j: 0, NLA point: 0, 25, 50, 75, 100
12-31 16:00:07.969  2849  2849 D MTK_KL  : 4,2564,7977279,-;_MTGVDO_LoadNlaIni[8671] NLA Parsing:, i: 7, j: 1, NLA point: 80, 110, 128, 145, 178
12-31 16:00:07.969  2849  2849 D MTK_KL  : 4,2565,7977283,-;_MTGVDO_LoadNlaIni[8671] NLA Parsing:, i: 7, j: 2, NLA point: 80, 110, 128, 142, 178
12-31 16:00:07.969  2849  2849 D MTK_KL  : 4,2566,7977287,-;_MTGVDO_LoadNlaIni[8671] NLA Parsing:, i: 7, j: 3, NLA point: 0, 80, 158, 175, 255
12-31 16:00:07.969  2849  2849 D MTK_KL  : 4,2567,7977291,-;_MTGVDO_LoadNlaIni[8671] NLA Parsing:, i: 7, j: 4, NLA point: 0, 12, 28, 45, 63
12-31 16:00:07.969  2849  2849 D MTK_KL  : 4,2568,7977295,-;_MTGVDO_LoadNlaIni[8671] NLA Parsing:, i: 7, j: 5, NLA point: 30, 40, 50, 60, 70
12-31 16:00:07.969  2849  2849 D MTK_KL  : 4,2569,7977299,-;_MTGVDO_LoadNlaIni[8671] NLA Parsing:, i: 7, j: 6, NLA point: 8192, 22528, 36864, 50944, 65280
12-31 16:00:07.969  2849  2849 D MTK_KL  : 4,2570,7978173,-;ATBM253 I2c read Fail, SlaveAddr=0xc0 ,ePort =9,pData =0
12-31 16:00:07.969  2849  2849 D MTK_KL  : 4,2571,7978177,-;[ATBM253)] Read chip ID fail with slave ID 0xc0
12-31 16:00:07.969  2849  2849 D MTK_KL  : 4,2572,7978179,-; MDrv_Tuner_ATBM253_CheckExist pI2CInfo->u8SlaveID = 224 !!
12-31 16:00:07.969  3101  3101 I crash_dump32: obtaining output fd from tombstoned, type: kDebuggerdTombstone
12-31 16:00:07.972  2857  2857 I /system/bin/tombstoned: received crash request for pid 3073
12-31 16:00:07.973  2849  2849 D MTK_KL  : 4,2573,7979966,-;_MTGVDO_LoadNlaIni[8671] NLA Parsing:, i: 8, j: 0, NLA point: 0, 25, 50, 75, 100
12-31 16:00:07.973  2849  2849 D MTK_KL  : 4,2574,7979973,-;_MTGVDO_LoadNlaIni[8671] NLA Parsing:, i: 8, j: 1, NLA point: 80, 110, 128, 145, 178
12-31 16:00:07.973  2849  2849 D MTK_KL  : 4,2575,7979977,-;_MTGVDO_LoadNlaIni[8671] NLA Parsing:, i: 8, j: 2, NLA point: 80, 110, 128, 142, 178
12-31 16:00:07.973  2849  2849 D MTK_KL  : 4,2576,7979981,-;_MTGVDO_LoadNlaIni[8671] NLA Parsing:, i: 8, j: 3, NLA point: 0, 80, 158, 175, 255
12-31 16:00:07.973  2849  2849 D MTK_KL  : 4,2577,7979985,-;_MTGVDO_LoadNlaIni[8671] NLA Parsing:, i: 8, j: 4, NLA point: 0, 12, 28, 45, 63
12-31 16:00:07.973  2849  2849 D MTK_KL  : 4,2578,7979989,-;_MTGVDO_LoadNlaIni[8671] NLA Parsing:, i: 8, j: 5, NLA point: 30, 40, 50, 60, 70
12-31 16:00:07.973  3101  3101 I crash_dump32: performing dump of process 3003 (target tid = 3073)
12-31 16:00:07.973  2849  2849 D MTK_KL  : 4,2579,7979993,-;_MTGVDO_LoadNlaIni[8671] NLA Parsing:, i: 8, j: 6, NLA point: 8192, 22528, 36864, 50944, 65280
12-31 16:00:07.977  2849  2849 D MTK_KL  : 4,2580,7985815,-;MTGVDECEX_MtVdecexInit 823 Open ATV Device:0 
12-31 16:00:07.977  2849  2849 D MTK_KL  : 4,2581,7985977,-;[MTGVDECEX_MtVdecexInit 831] 43000600
12-31 16:00:07.977  2849  2849 D MTK_KL  : 4,2582,7986001,-; Open CVBS Device:1 
12-31 16:00:07.984  3101  3101 F DEBUG   : *** *** *** *** *** *** *** *** *** *** *** *** *** *** *** ***
12-31 16:00:07.984  3101  3101 F DEBUG   : Build fingerprint: 'MediaTek/m7332_eu/m7332_eu:9/PPR2.180905.006.A1/builder06101951:userdebug/dev-keys'
12-31 16:00:07.984  3101  3101 F DEBUG   : Revision: '1234'
12-31 16:00:07.984  3101  3101 F DEBUG   : ABI: 'arm'
12-31 16:00:07.984  3101  3101 F DEBUG   : pid: 3003, tid: 3073, name: BootAnimation  >>> /system/bin/bootanimation <<<
12-31 16:00:07.984  3101  3101 F DEBUG   : signal 8 (SIGFPE), code -6 (SI_TKILL), fault addr --------
12-31 16:00:07.984  3101  3101 F DEBUG   :     r0  00000000  r1  00000c01  r2  00000008  r3  00000000
12-31 16:00:07.984  3101  3101 F DEBUG   :     r4  00000000  r5  ad2e4600  r6  00000000  r7  0000010c
12-31 16:00:07.984  3101  3101 F DEBUG   :     r8  00000000  r9  00000040  r10 00000438  r11 00000000
12-31 16:00:07.984  3101  3101 F DEBUG   :     ip  00000000  sp  acf85718  lr  ad7ea0cc  pc  adadad98
12-31 16:00:07.984  2849  2849 D MTK_KL  : 6,2583,7990548,-;\x1b[0m[HDCP2X] Enter HDCP2_SetMsOSObtainMutexCB() function ((HDCP2_SetMsOSObtainMutexCB:1676))\x1b[0m
12-31 16:00:07.984  2849  2849 D MTK_KL  : 6,2584,7990554,-;\x1b[0m[HDCP2X] Leave HDCP2_SetMsOSObtainMutexCB() function ((HDCP2_SetMsOSObtainMutexCB:1678))\x1b[0m
12-31 16:00:07.984  2849  2849 D MTK_KL  : 6,2585,7990560,-;\x1b[0m[HDCP2X] Enter HDCP2_SetMsOSReleaseMutexCB() function ((HDCP2_SetMsOSReleaseMutexCB:1683))\x1b[0m
12-31 16:00:07.984  2849  2849 D MTK_KL  : 6,2586,7990565,-;\x1b[0m[HDCP2X] Leave HDCP2_SetMsOSReleaseMutexCB() function ((HDCP2_SetMsOSReleaseMutexCB:1685))\x1b[0m
12-31 16:00:07.984  2849  2849 D MTK_KL  : 6,2587,7990570,-;\x1b[0m[HDCP2X] Enter HDCP2_SetMsOSCreateTaskCB() function ((HDCP2_SetMsOSCreateTaskCB:1648))\x1b[0m
12-31 16:00:07.984  2849  2849 D MTK_KL  : 6,2588,7990575,-;\x1b[0m[HDCP2X] Leave HDCP2_SetMsOSCreateTaskCB() function ((HDCP2_SetMsOSCreateTaskCB:1650))\x1b[0m
12-31 16:00:07.984  2849  2849 D MTK_KL  : 6,2589,7990578,-;\x1b[0m[HDCP2X] Enter HDCP2_SetMsOSDeleteTaskCB() function ((HDCP2_SetMsOSDeleteTaskCB:1655))\x1b[0m
12-31 16:00:07.985  2849  2849 D MTK_KL  : 6,2590,7990582,-;\x1b[0m[HDCP2X] Leave HDCP2_SetMsOSDeleteTaskCB() function ((HDCP2_SetMsOSDeleteTaskCB:1657))\x1b[0m
12-31 16:00:07.985  2849  2849 D MTK_KL  : 6,2591,7990586,-;\x1b[0m[HDCP2X] Enter HDCP2_SetMsOSCreateMutexCB() function ((HDCP2_SetMsOSCreateMutexCB:1662))\x1b[0m
12-31 16:00:07.985  2849  2849 D MTK_KL  : 6,2592,7990590,-;\x1b[0m[HDCP2X] Leave HDCP2_SetMsOSCreateMutexCB() function ((HDCP2_SetMsOSCreateMutexCB:1664))\x1b[0m
12-31 16:00:07.985  2849  2849 D MTK_KL  : 6,2593,7990594,-;\x1b[0m[HDCP2X] Enter HDCP2_SetMsOSDeleteMutexCB() function ((HDCP2_SetMsOSDeleteMutexCB:1669))\x1b[0m
12-31 16:00:07.985  2849  2849 D MTK_KL  : 6,2594,7990598,-;\x1b[0m[HDCP2X] Leave HDCP2_SetMsOSDeleteMutexCB() function ((HDCP2_SetMsOSDeleteMutexCB:1671))\x1b[0m
12-31 16:00:07.985  2849  2849 D MTK_KL  : 6,2595,7990602,-;\x1b[0m[HDCP2X] Enter HDCP2_SetMsOSCreateEventGroupCB() function ((HDCP2_SetMsOSCreateEventGroupCB:1690))\x1b[0m
12-31 16:00:07.985  2849  2849 D MTK_KL  : 6,2596,7990606,-;\x1b[0m[HDCP2X] Leave HDCP2_SetMsOSCreateEventGroupCB() function ((HDCP2_SetMsOSCreateEventGroupCB:1692))\x1b[0m
12-31 16:00:07.985  2849  2849 D MTK_KL  : 6,2597,7990610,-;\x1b[0m[HDCP2X] Enter HDCP2_SetMsOSDeleteEventGroupCB() function ((HDCP2_SetMsOSDeleteEventGroupCB:1697))\x1b[0m
12-31 16:00:07.985  2849  2849 D MTK_KL  : 6,2598,7990613,-;\x1b[0m[HDCP2X] Leave HDCP2_SetMsOSDeleteEventGroupCB() function ((HDCP2_SetMsOSDeleteEventGroupCB:1699))\x1b[0m
12-31 16:00:07.985  2849  2849 D MTK_KL  : 6,2599,7990617,-;\x1b[0m[HDCP2X] Enter HDCP2_SetMsOSSetEventCB() function ((HDCP2_SetMsOSSetEventCB:1704))\x1b[0m
12-31 16:00:07.985  2849  2849 D MTK_KL  : 6,2600,7990621,-;\x1b[0m[HDCP2X] Leave HDCP2_SetMsOSSetEventCB() function ((HDCP2_SetMsOSSetEventCB:1706))\x1b[0m
12-31 16:00:07.985  2849  2849 D MTK_KL  : 6,2601,7990625,-;\x1b[0m[HDCP2X] Enter HDCP2_SetMsOSWaitEventCB() function ((HDCP2_SetMsOSWaitEventCB:1711))\x1b[0m
12-31 16:00:07.985  2849  2849 D MTK_KL  : 6,2602,7990629,-;\x1b[0m[HDCP2X] Leave HDCP2_SetMsOSWaitEventCB() function ((HDCP2_SetMsOSWaitEventCB:1713))\x1b[0m
12-31 16:00:07.985  2849  2849 D MTK_KL  : 4,2603,7990633,-;\x1b[0m[HDCP2X] Enter HDCP2_LoadKey() function ((HDCP2_LoadKey:1305))\x1b[0m
12-31 16:00:07.985  2849  2849 D MTK_KL  : 6,2604,7990641,-;\x1b[0m[HDCP2X] Enter initHdcpTeeService() function ((initHdcpTeeService:338))\x1b[0m
12-31 16:00:07.985  2849  2849 D MTK_KL  : 6,2605,7990645,-;\x1b[0m[HDCP2X] hdcp tee service was already initialized ((initHdcpTeeService:345))\x1b[0m
12-31 16:00:07.985  2849  2849 D MTK_KL  : 6,2606,7990649,-;\x1b[0m[HDCP2X] Leave initHdcpTeeService() function ((initHdcpTeeService:364))\x1b[0m
12-31 16:00:07.985  2849  2849 D MTK_KL  : 6,2607,7990653,-;\x1b[0m[HDCP2X] Enter loadHdcpKey() function ((loadHdcpKey:486))\x1b[0m
12-31 16:00:07.985  2849  2849 D MTK_KL  : 4,2608,7990657,-;\x1b[0m[HDCP2X] HDCP Rx Key is read before, trigger re-load key ~ ((loadHdcpKey:497))\x1b[0m
12-31 16:00:07.985  2849  2849 D MTK_KL  : 6,2609,7990661,-;\x1b[0m[HDCP2X] HCS_SecureReadDeviceKey start ((trace_str_log:270))\x1b[0m
12-31 16:00:07.985  2849  2849 D MTK_KL  : 6,2610,7990666,-;\x1b[0m[HDCP2X] Enter HCS_SecureReadDeviceKey() function ((HCS_SecureReadDeviceKey:491))\x1b[0m
12-31 16:00:07.985  2849  2849 D MTK_KL  : 6,2611,7990672,-;\x1b[1;33m[HDCP2X] pszFilePath: /certificate/hdcp2_key.bin ((HCS_SecureReadDeviceKey:523))\x1b[0m
12-31 16:00:07.985  2849  2849 D MTK_KL  : 6,2612,7990675,-;\x1b[1;33m[HDCP2X] nKeyPathLength: 26 ((HCS_SecureReadDeviceKey:524))\x1b[0m
12-31 16:00:07.987  2699  2699 I ServiceManager: Waiting for vendor service TrapezoidCorrect...
12-31 16:00:08.000  2849  2849 D MTK_KL  : 4,2613,8008881,-;\x1b[1;33m[HDCP2X] Finish secure read for HDCP Rx key. ((HCS_SecureReadDeviceKey:535))\x1b[0m
12-31 16:00:08.001  2849  2849 D MTK_KL  : 6,2614,8008889,-;\x1b[0m[HDCP2X] Leave HCS_SecureReadDeviceKey() function ((HCS_SecureReadDeviceKey:542))\x1b[0m
12-31 16:00:08.001  2849  2849 D MTK_KL  : 6,2615,8008894,-;\x1b[0m[HDCP2X] HCS_SecureReadDeviceKey end ((trace_str_log:270))\x1b[0m
12-31 16:00:08.001  2849  2849 D MTK_KL  : 6,2616,8008899,-;\x1b[0m[HDCP2X] Enter updateHdcpKeyData() function ((updateHdcpKeyData:1841))\x1b[0m
12-31 16:00:08.001  2849  2849 D MTK_KL  : 4,2617,8008903,-;\x1b[0;32;32m[HDCP2X] update hdcp key data due to re-load key process invoked ((updateHdcpKeyData:1843))\x1b[0m
12-31 16:00:08.001  2849  2849 D MTK_KL  : 6,2618,8008907,-;\x1b[0m[HDCP2X] Enter HCS_GetRxCert() function ((HCS_GetRxCert:555))\x1b[0m
12-31 16:00:08.001  2849  2849 D MTK_KL  : 6,2619,8009093,-;\x1b[0m[HDCP2X] Leave HCS_GetRxCert() function ((HCS_GetRxCert:586))\x1b[0m
12-31 16:00:08.001  2849  2849 D MTK_KL  : 6,2620,8009099,-;\x1b[0m[HDCP2X] Leave updateHdcpKeyData() function ((updateHdcpKeyData:1879))\x1b[0m
12-31 16:00:08.001  2849  2849 D MTK_KL  : 6,2621,8009104,-;\x1b[0m[HDCP2X] Leave loadHdcpKey() function ((loadHdcpKey:640))\x1b[0m
12-31 16:00:08.001  2849  2849 D MTK_KL  : 4,2622,8009108,-;\x1b[0m[HDCP2X] Leave HDCP2_LoadKey() function ((HDCP2_LoadKey:1367))\x1b[0m
12-31 16:00:08.001  2849  2849 D MTK_KL  : 4,2623,8009114,-;[MI][IMPL][MI_DISP_IMPL_XC_SetHDMIRxHDCPKey][32325]:[HDCP14Rx] Not support Hdcp14 Gen Key flow
12-31 16:00:08.001  2849  2849 D MTK_KL  : 4,2624,8009133,-; Set HDMI EDID:0 
12-31 16:00:08.001  2849  2849 D MTK_KL  : 0,2625,8009899,-;[IMPL] Set EDID Port:0, Type:1, Version:0
12-31 16:00:08.001  2849  2849 D MTK_KL  : 4,2626,8009925,-;\x0aHDMI Port:0 EDID:
12-31 16:00:08.001  2849  2849 D MTK_KL  : 4,2627,8009931,-;00: 00 FF FF FF FF FF FF 00 63 18 00 00 00 00 00 00
12-31 16:00:08.001  2849  2849 D MTK_KL  : 4,2628,8009936,-;01: 06 1A 01 03 80 00 00 78 0A D7 A5 A2 59 4A 96 24
12-31 16:00:08.001  2849  2849 D MTK_KL  : 4,2629,8009941,-;02: 14 50 54 A3 08 00 D1 C0 B3 00 81 00 81 80 81 40
12-31 16:00:08.001  2849  2849 D MTK_KL  : 4,2630,8009947,-;03: 81 C0 01 01 01 01 02 3A 80 18 71 38 2D 40 58 2C
12-31 16:00:08.001  2849  2849 D MTK_KL  : 4,2631,8009952,-;04: 45 00 3F 43 21 00 00 1A 02 3A 80 18 71 38 2D 40
12-31 16:00:08.001  2849  2849 D MTK_KL  : 4,2632,8009957,-;05: 58 2C 45 00 3F 43 21 00 00 1A 00 00 00 FD 00 1E
12-31 16:00:08.001  2849  2849 D MTK_KL  : 4,2633,8009963,-;06: 4C 1E 5A 1E 00 0A 20 20 20 20 20 20 00 00 00 FC
12-31 16:00:08.001  2849  2849 D MTK_KL  : 4,2634,8009968,-;07: 00 41 41 41 0A 20 20 20 20 20 20 20 20 20 01 2A
12-31 16:00:08.001  2849  2849 D MTK_KL  : 4,2635,8009973,-;08: 02 03 2A 71 50 90 05 04 03 07 02 06 01 1F 14 13
12-31 16:00:08.001  2849  2849 D MTK_KL  : 4,2636,8009979,-;09: 12 16 11 15 20 29 09 07 03 15 07 50 57 07 00 66
12-31 16:00:08.001  2849  2849 D MTK_KL  : 4,2637,8009984,-;0A: 03 0C 00 20 00 00 83 01 00 00 01 1D 00 72 51 D0
12-31 16:00:08.001  2849  2849 D MTK_KL  : 4,2638,8009989,-;0B: 1E 20 6E 28 55 00 C4 8E 21 00 00 1E 01 1D 80 18
12-31 16:00:08.001  2849  2849 D MTK_KL  : 4,2639,8010050,-;0C: 71 1C 16 20 58 2C 25 00 C4 8E 21 00 00 9E 8C 0A
12-31 16:00:08.001  2849  2849 D MTK_KL  : 4,2640,8010089,-;0D: D0 8A 20 E0 2D 10 10 3E 96 00 13 8E 21 00 00 18
12-31 16:00:08.001  2849  2849 D MTK_KL  : 4,2641,8010095,-;0E: 00 00 00 00 00 00 00 00 00 00 00 00 00 00 00 00
12-31 16:00:08.001  2849  2849 D MTK_KL  : 4,2642,8010100,-;0F: 00 00 00 00 00 00 00 00 00 00 00 00 00 00 00 08
12-31 16:00:08.001  2849  2849 D MTK_KL  : 4,2643,8010102,-;\x0aHDMI Port:0 EDID:
12-31 16:00:08.001  2849  2849 D MTK_KL  : 4,2644,8010107,-;00: 00 FF FF FF FF FF FF 00 63 18 00 00 00 00 00 00
12-31 16:00:08.001  2849  2849 D MTK_KL  : 4,2645,8010112,-;01: 06 1A 01 03 80 00 00 78 0A D7 A5 A2 59 4A 96 24
12-31 16:00:08.001  2849  2849 D MTK_KL  : 4,2646,8010118,-;02: 14 50 54 A3 08 00 D1 C0 B3 00 81 00 81 80 81 40
12-31 16:00:08.001  2849  2849 D MTK_KL  : 4,2647,8010123,-;03: 81 C0 01 01 01 01 02 3A 80 18 71 38 2D 40 58 2C
12-31 16:00:08.001  2849  2849 D MTK_KL  : 4,2648,8010128,-;04: 45 00 3F 43 21 00 00 1A 02 3A 80 18 71 38 2D 40
12-31 16:00:08.001  2849  2849 D MTK_KL  : 4,2649,8010134,-;05: 58 2C 45 00 3F 43 21 00 00 1A 00 00 00 FD 00 1E
12-31 16:00:08.001  2849  2849 D MTK_KL  : 4,2650,8010139,-;06: 4C 1E 5A 1E 00 0A 20 20 20 20 20 20 00 00 00 FC
12-31 16:00:08.001  2849  2849 D MTK_KL  : 4,2651,8010144,-;07: 00 41 41 41 0A 20 20 20 20 20 20 20 20 20 01 2A
12-31 16:00:08.001  2849  2849 D MTK_KL  : 4,2652,8010150,-;08: 02 03 2A 71 50 90 05 04 03 07 02 06 01 1F 14 13
12-31 16:00:08.001  2849  2849 D MTK_KL  : 4,2653,8010155,-;09: 12 16 11 15 20 29 09 07 03 15 07 50 57 07 00 66
12-31 16:00:08.001  2849  2849 D MTK_KL  : 4,2654,8010160,-;0A: 03 0C 00 20 00 00 83 01 00 00 01 1D 00 72 51 D0
12-31 16:00:08.001  2849  2849 D MTK_KL  : 4,2655,8010166,-;0B: 1E 20 6E 28 55 00 C4 8E 21 00 00 1E 01 1D 80 18
12-31 16:00:08.001  2849  2849 D MTK_KL  : 4,2656,8010171,-;0C: 71 1C 16 20 58 2C 25 00 C4 8E 21 00 00 9E 8C 0A
12-31 16:00:08.001  2849  2849 D MTK_KL  : 4,2657,8010207,-;0D: D0 8A 20 E0 2D 10 10 3E 96 00 13 8E 21 00 00 18
12-31 16:00:08.001  2849  2849 D MTK_KL  : 4,2658,8010212,-;0E: 00 00 00 00 00 00 00 00 00 00 00 00 00 00 00 00
12-31 16:00:08.001  2849  2849 D MTK_KL  : 4,2659,8010217,-;0F: 00 00 00 00 00 00 00 00 00 00 00 00 00 00 00 08
12-31 16:00:08.004  3101  3101 F DEBUG   : 
12-31 16:00:08.004  3101  3101 F DEBUG   : backtrace:
12-31 16:00:08.004  3101  3101 F DEBUG   :     #00 pc 00054d98  /system/lib/libc.so (tgkill+12)
12-31 16:00:08.004  3101  3101 F DEBUG   :     #01 pc 000340c8  /system/lib/libandroidfw.so (__aeabi_ldiv0+8)
12-31 16:00:08.004  3101  3101 F DEBUG   :     #02 pc 00007e37  /system/lib/libbootanimation.so (android::BootAnimation::playAnimation(android::BootAnimation::Animation const&)+110)
12-31 16:00:08.004  3101  3101 F DEBUG   :     #03 pc 00007013  /system/lib/libbootanimation.so (android::BootAnimation::movie()+434)
12-31 16:00:08.004  3101  3101 F DEBUG   :     #04 pc 000068a1  /system/lib/libbootanimation.so (android::BootAnimation::threadLoop()+260)
12-31 16:00:08.004  3101  3101 F DEBUG   :     #05 pc 0000c0df  /system/lib/libutils.so (android::Thread::_threadLoop(void*)+166)
12-31 16:00:08.004  3101  3101 F DEBUG   :     #06 pc 000632f5  /system/lib/libc.so (__pthread_start(void*)+22)
12-31 16:00:08.004  3101  3101 F DEBUG   :     #07 pc 0001de59  /system/lib/libc.so (__start_thread+24)
12-31 16:00:08.004  2849  2849 D MTK_KL  : 6,2660,8012529,-;\x1b[0m[HDCP2X] Enter HDCP2_SetMsOSObtainMutexCB() function ((HDCP2_SetMsOSObtainMutexCB:1676))\x1b[0m
12-31 16:00:08.004  2849  2849 D MTK_KL  : 6,2661,8012536,-;\x1b[0m[HDCP2X] Leave HDCP2_SetMsOSObtainMutexCB() function ((HDCP2_SetMsOSObtainMutexCB:1678))\x1b[0m
12-31 16:00:08.004  2849  2849 D MTK_KL  : 6,2662,8012541,-;\x1b[0m[HDCP2X] Enter HDCP2_SetMsOSReleaseMutexCB() function ((HDCP2_SetMsOSReleaseMutexCB:1683))\x1b[0m
12-31 16:00:08.004  2849  2849 D MTK_KL  : 6,2663,8012545,-;\x1b[0m[HDCP2X] Leave HDCP2_SetMsOSReleaseMutexCB() function ((HDCP2_SetMsOSReleaseMutexCB:1685))\x1b[0m
12-31 16:00:08.004  2849  2849 D MTK_KL  : 6,2664,8012549,-;\x1b[0m[HDCP2X] Enter HDCP2_SetMsOSCreateTaskCB() function ((HDCP2_SetMsOSCreateTaskCB:1648))\x1b[0m
12-31 16:00:08.004  2849  2849 D MTK_KL  : 6,2665,8012553,-;\x1b[0m[HDCP2X] Leave HDCP2_SetMsOSCreateTaskCB() function ((HDCP2_SetMsOSCreateTaskCB:1650))\x1b[0m
12-31 16:00:08.004  2849  2849 D MTK_KL  : 6,2666,8012556,-;\x1b[0m[HDCP2X] Enter HDCP2_SetMsOSDeleteTaskCB() function ((HDCP2_SetMsOSDeleteTaskCB:1655))\x1b[0m
12-31 16:00:08.005  2849  2849 D MTK_KL  : 6,2667,8012560,-;\x1b[0m[HDCP2X] Leave HDCP2_SetMsOSDeleteTaskCB() function ((HDCP2_SetMsOSDeleteTaskCB:1657))\x1b[0m
12-31 16:00:08.005  2849  2849 D MTK_KL  : 6,2668,8012564,-;\x1b[0m[HDCP2X] Enter HDCP2_SetMsOSCreateMutexCB() function ((HDCP2_SetMsOSCreateMutexCB:1662))\x1b[0m
12-31 16:00:08.005  2849  2849 D MTK_KL  : 6,2669,8012568,-;\x1b[0m[HDCP2X] Leave HDCP2_SetMsOSCreateMutexCB() function ((HDCP2_SetMsOSCreateMutexCB:1664))\x1b[0m
12-31 16:00:08.005  2849  2849 D MTK_KL  : 6,2670,8012571,-;\x1b[0m[HDCP2X] Enter HDCP2_SetMsOSDeleteMutexCB() function ((HDCP2_SetMsOSDeleteMutexCB:1669))\x1b[0m
12-31 16:00:08.005  2849  2849 D MTK_KL  : 6,2671,8012575,-;\x1b[0m[HDCP2X] Leave HDCP2_SetMsOSDeleteMutexCB() function ((HDCP2_SetMsOSDeleteMutexCB:1671))\x1b[0m
12-31 16:00:08.005  2849  2849 D MTK_KL  : 6,2672,8012579,-;\x1b[0m[HDCP2X] Enter HDCP2_SetMsOSCreateEventGroupCB() function ((HDCP2_SetMsOSCreateEventGroupCB:1690))\x1b[0m
12-31 16:00:08.005  2849  2849 D MTK_KL  : 6,2673,8012583,-;\x1b[0m[HDCP2X] Leave HDCP2_SetMsOSCreateEventGroupCB() function ((HDCP2_SetMsOSCreateEventGroupCB:1692))\x1b[0m
12-31 16:00:08.005  2849  2849 D MTK_KL  : 6,2674,8012587,-;\x1b[0m[HDCP2X] Enter HDCP2_SetMsOSDeleteEventGroupCB() function ((HDCP2_SetMsOSDeleteEventGroupCB:1697))\x1b[0m
12-31 16:00:08.005  2849  2849 D MTK_KL  : 6,2675,8012591,-;\x1b[0m[HDCP2X] Leave HDCP2_SetMsOSDeleteEventGroupCB() function ((HDCP2_SetMsOSDeleteEventGroupCB:1699))\x1b[0m
12-31 16:00:08.005  2849  2849 D MTK_KL  : 6,2676,8012595,-;\x1b[0m[HDCP2X] Enter HDCP2_SetMsOSSetEventCB() function ((HDCP2_SetMsOSSetEventCB:1704))\x1b[0m
12-31 16:00:08.005  2849  2849 D MTK_KL  : 6,2677,8012599,-;\x1b[0m[HDCP2X] Leave HDCP2_SetMsOSSetEventCB() function ((HDCP2_SetMsOSSetEventCB:1706))\x1b[0m
12-31 16:00:08.005  2849  2849 D MTK_KL  : 6,2678,8012603,-;\x1b[0m[HDCP2X] Enter HDCP2_SetMsOSWaitEventCB() function ((HDCP2_SetMsOSWaitEventCB:1711))\x1b[0m
12-31 16:00:08.005  2849  2849 D MTK_KL  : 6,2679,8012607,-;\x1b[0m[HDCP2X] Leave HDCP2_SetMsOSWaitEventCB() function ((HDCP2_SetMsOSWaitEventCB:1713))\x1b[0m
12-31 16:00:08.005  2849  2849 D MTK_KL  : 4,2680,8012610,-;\x1b[0m[HDCP2X] Enter HDCP2_LoadKey() function ((HDCP2_LoadKey:1305))\x1b[0m
12-31 16:00:08.005  2849  2849 D MTK_KL  : 6,2681,8012619,-;\x1b[0m[HDCP2X] Enter initHdcpTeeService() function ((initHdcpTeeService:338))\x1b[0m
12-31 16:00:08.005  2849  2849 D MTK_KL  : 6,2682,8012622,-;\x1b[0m[HDCP2X] hdcp tee service was already initialized ((initHdcpTeeService:345))\x1b[0m
12-31 16:00:08.005  2849  2849 D MTK_KL  : 6,2683,8012627,-;\x1b[0m[HDCP2X] Leave initHdcpTeeService() function ((initHdcpTeeService:364))\x1b[0m
12-31 16:00:08.005  2849  2849 D MTK_KL  : 6,2684,8012631,-;\x1b[0m[HDCP2X] Enter loadHdcpKey() function ((loadHdcpKey:486))\x1b[0m
12-31 16:00:08.005  2849  2849 D MTK_KL  : 4,2685,8012636,-;\x1b[0m[HDCP2X] HDCP Rx Key is read before, trigger re-load key ~ ((loadHdcpKey:497))\x1b[0m
12-31 16:00:08.005  2849  2849 D MTK_KL  : 6,2686,8012642,-;\x1b[0m[HDCP2X] HCS_SecureReadDeviceKey start ((trace_str_log:270))\x1b[0m
12-31 16:00:08.005  2849  2849 D MTK_KL  : 6,2687,8012646,-;\x1b[0m[HDCP2X] Enter HCS_SecureReadDeviceKey() function ((HCS_SecureReadDeviceKey:491))\x1b[0m
12-31 16:00:08.005  2849  2849 D MTK_KL  : 6,2688,8012652,-;\x1b[1;33m[HDCP2X] pszFilePath: /certificate/hdcp2_key.bin ((HCS_SecureReadDeviceKey:523))\x1b[0m
12-31 16:00:08.005  2849  2849 D MTK_KL  : 6,2689,8012656,-;\x1b[1;33m[HDCP2X] nKeyPathLength: 26 ((HCS_SecureReadDeviceKey:524))\x1b[0m
12-31 16:00:08.007  2699  2699 D ServiceManager: #00 pc 000306e9  /system/lib/vndk-28/libbinder.so (android::BpServiceManager::getService(android::String16 const&) const+380)
12-31 16:00:08.007  2699  2699 D ServiceManager: #01 pc 00001b37  /vendor/lib/libtrapezoidClient.so (_ZN7android10getServiceINS_24ITrapezoidCorrectServiceEEEiRKNS_8String16EPNS_2spIT_EE+38)
12-31 16:00:08.008  2699  2699 D ServiceManager: #02 pc 00001ac3  /vendor/lib/libtrapezoidClient.so (android::TrapezoidClient::getTrapezoidService()+46)
12-31 16:00:08.008  2699  2699 D ServiceManager: #03 pc 000014e1  /vendor/bin/trapezoidTest (main+56)
12-31 16:00:08.008  2699  2699 D ServiceManager: #04 pc 00087e31  /system/lib/libc.so (__libc_init+48)
12-31 16:00:08.008  2699  2699 D ServiceManager: #05 pc 00001487  /vendor/bin/trapezoidTest (_start_main+38)
12-31 16:00:08.008  2699  2699 D ServiceManager: #06 pc 00000306  <anonymous:b0e15000>
12-31 16:00:08.012  2849  2849 D MTK_KL  : 4,2690,8022198,-;\x1b[1;33m[HDCP2X] Finish secure read for HDCP Rx key. ((HCS_SecureReadDeviceKey:535))\x1b[0m
12-31 16:00:08.012  2849  2849 D MTK_KL  : 6,2691,8022206,-;\x1b[0m[HDCP2X] Leave HCS_SecureReadDeviceKey() function ((HCS_SecureReadDeviceKey:542))\x1b[0m
12-31 16:00:08.012  2849  2849 D MTK_KL  : 6,2692,8022211,-;\x1b[0m[HDCP2X] HCS_SecureReadDeviceKey end ((trace_str_log:270))\x1b[0m
12-31 16:00:08.012  2849  2849 D MTK_KL  : 6,2693,8022216,-;\x1b[0m[HDCP2X] Enter updateHdcpKeyData() function ((updateHdcpKeyData:1841))\x1b[0m
12-31 16:00:08.012  2849  2849 D MTK_KL  : 4,2694,8022220,-;\x1b[0;32;32m[HDCP2X] update hdcp key data due to re-load key process invoked ((updateHdcpKeyData:1843))\x1b[0m
12-31 16:00:08.012  2849  2849 D MTK_KL  : 6,2695,8022224,-;\x1b[0m[HDCP2X] Enter HCS_GetRxCert() function ((HCS_GetRxCert:555))\x1b[0m
12-31 16:00:08.013  2849  2849 D MTK_KL  : 6,2696,8022407,-;\x1b[0m[HDCP2X] Leave HCS_GetRxCert() function ((HCS_GetRxCert:586))\x1b[0m
12-31 16:00:08.013  2849  2849 D MTK_KL  : 6,2697,8022414,-;\x1b[0m[HDCP2X] Leave updateHdcpKeyData() function ((updateHdcpKeyData:1879))\x1b[0m
12-31 16:00:08.016  2849  2849 D MTK_KL  : 6,2698,8022890,-;\x1b[0m[HDCP2X] Leave loadHdcpKey() function ((loadHdcpKey:640))\x1b[0m
12-31 16:00:08.016  2849  2849 D MTK_KL  : 4,2699,8022896,-;\x1b[0m[HDCP2X] Leave HDCP2_LoadKey() function ((HDCP2_LoadKey:1367))\x1b[0m
12-31 16:00:08.017  2849  2849 D MTK_KL  : 4,2700,8022901,-;[MI][IMPL][MI_DISP_IMPL_XC_SetHDMIRxHDCPKey][32325]:[HDCP14Rx] Not support Hdcp14 Gen Key flow
12-31 16:00:08.017  2849  2849 D MTK_KL  : 4,2701,8022914,-; Set HDMI EDID:1 
12-31 16:00:08.017  2849  2849 D MTK_KL  : 0,2702,8022940,-;[IMPL] Set EDID Port:1, Type:1, Version:0
12-31 16:00:08.017  2849  2849 D MTK_KL  : 4,2703,8022962,-;\x0aHDMI Port:0 EDID:
12-31 16:00:08.017  2849  2849 D MTK_KL  : 4,2704,8022967,-;00: 00 FF FF FF FF FF FF 00 63 18 00 00 00 00 00 00
12-31 16:00:08.017  2849  2849 D MTK_KL  : 4,2705,8022973,-;01: 06 1A 01 03 80 00 00 78 0A D7 A5 A2 59 4A 96 24
12-31 16:00:08.017  2849  2849 D MTK_KL  : 4,2706,8022978,-;02: 14 50 54 A3 08 00 D1 C0 B3 00 81 00 81 80 81 40
12-31 16:00:08.017  2849  2849 D MTK_KL  : 4,2707,8022983,-;03: 81 C0 01 01 01 01 02 3A 80 18 71 38 2D 40 58 2C
12-31 16:00:08.017  2849  2849 D MTK_KL  : 4,2708,8022989,-;04: 45 00 3F 43 21 00 00 1A 02 3A 80 18 71 38 2D 40
12-31 16:00:08.017  2849  2849 D MTK_KL  : 4,2709,8022995,-;05: 58 2C 45 00 3F 43 21 00 00 1A 00 00 00 FD 00 1E
12-31 16:00:08.017  2849  2849 D MTK_KL  : 4,2710,8023000,-;06: 4C 1E 5A 1E 00 0A 20 20 20 20 20 20 00 00 00 FC
12-31 16:00:08.017  2849  2849 D MTK_KL  : 4,2711,8023005,-;07: 00 41 41 41 0A 20 20 20 20 20 20 20 20 20 01 2A
12-31 16:00:08.017  2849  2849 D MTK_KL  : 4,2712,8023011,-;08: 02 03 2A 71 50 90 05 04 03 07 02 06 01 1F 14 13
12-31 16:00:08.017  2849  2849 D MTK_KL  : 4,2713,8023016,-;09: 12 16 11 15 20 29 09 07 03 15 07 50 57 07 00 66
12-31 16:00:08.017  2849  2849 D MTK_KL  : 4,2714,8023021,-;0A: 03 0C 00 20 00 00 83 01 00 00 01 1D 00 72 51 D0
12-31 16:00:08.017  2849  2849 D MTK_KL  : 4,2715,8023026,-;0B: 1E 20 6E 28 55 00 C4 8E 21 00 00 1E 01 1D 80 18
12-31 16:00:08.017  2849  2849 D MTK_KL  : 4,2716,8023032,-;0C: 71 1C 16 20 58 2C 25 00 C4 8E 21 00 00 9E 8C 0A
12-31 16:00:08.017  2849  2849 D MTK_KL  : 4,2717,8023037,-;0D: D0 8A 20 E0 2D 10 10 3E 96 00 13 8E 21 00 00 18
12-31 16:00:08.017  2849  2849 D MTK_KL  : 4,2718,8023042,-;0E: 00 00 00 00 00 00 00 00 00 00 00 00 00 00 00 00
12-31 16:00:08.017  2849  2849 D MTK_KL  : 4,2719,8023048,-;0F: 00 00 00 00 00 00 00 00 00 00 00 00 00 00 00 08
12-31 16:00:08.017  2849  2849 D MTK_KL  : 4,2720,8023050,-;\x0aHDMI Port:0 EDID:
12-31 16:00:08.017  2849  2849 D MTK_KL  : 4,2721,8023055,-;00: 00 FF FF FF FF FF FF 00 63 18 00 00 00 00 00 00
12-31 16:00:08.017  2849  2849 D MTK_KL  : 4,2722,8023060,-;01: 06 1A 01 03 80 00 00 78 0A D7 A5 A2 59 4A 96 24
12-31 16:00:08.017  2849  2849 D MTK_KL  : 4,2723,8023066,-;02: 14 50 54 A3 08 00 D1 C0 B3 00 81 00 81 80 81 40
12-31 16:00:08.017  2849  2849 D MTK_KL  : 4,2724,8023071,-;03: 81 C0 01 01 01 01 02 3A 80 18 71 38 2D 40 58 2C
12-31 16:00:08.017  2849  2849 D MTK_KL  : 4,2725,8023076,-;04: 45 00 3F 43 21 00 00 1A 02 3A 80 18 71 38 2D 40
12-31 16:00:08.017  2849  2849 D MTK_KL  : 4,2726,8023081,-;05: 58 2C 45 00 3F 43 21 00 00 1A 00 00 00 FD 00 1E
12-31 16:00:08.017  2849  2849 D MTK_KL  : 4,2727,8023087,-;06: 4C 1E 5A 1E 00 0A 20 20 20 20 20 20 00 00 00 FC
12-31 16:00:08.017  2849  2849 D MTK_KL  : 4,2728,8023092,-;07: 00 41 41 41 0A 20 20 20 20 20 20 20 20 20 01 2A
12-31 16:00:08.017  2849  2849 D MTK_KL  : 4,2729,8023098,-;08: 02 03 2A 71 50 90 05 04 03 07 02 06 01 1F 14 13
12-31 16:00:08.017  2849  2849 D MTK_KL  : 4,2730,8023191,-;09: 12 16 11 15 20 29 09 07 03 15 07 50 57 07 00 66
12-31 16:00:08.017  2849  2849 D MTK_KL  : 4,2731,8023218,-;0A: 03 0C 00 20 00 00 83 01 00 00 01 1D 00 72 51 D0
12-31 16:00:08.017  2849  2849 D MTK_KL  : 4,2732,8023224,-;0B: 1E 20 6E 28 55 00 C4 8E 21 00 00 1E 01 1D 80 18
12-31 16:00:08.017  2849  2849 D MTK_KL  : 4,2733,8023230,-;0C: 71 1C 16 20 58 2C 25 00 C4 8E 21 00 00 9E 8C 0A
12-31 16:00:08.017  2849  2849 D MTK_KL  : 4,2734,8023235,-;0D: D0 8A 20 E0 2D 10 10 3E 96 00 13 8E 21 00 00 18
12-31 16:00:08.017  2849  2849 D MTK_KL  : 4,2735,8023240,-;0E: 00 00 00 00 00 00 00 00 00 00 00 00 00 00 00 00
12-31 16:00:08.017  2849  2849 D MTK_KL  : 4,2736,8023245,-;0F: 00 00 00 00 00 00 00 00 00 00 00 00 00 00 00 08
12-31 16:00:08.017  2849  2849 D MTK_KL  : 4,2737,8025351,-;\x0aHDMI Port:1 EDID:
12-31 16:00:08.017  2849  2849 D MTK_KL  : 4,2738,8025357,-;00: 00 FF FF FF FF FF FF 00 63 18 00 00 00 00 00 00
