12-31 16:00:07.756  2845  2845 D MTK_KL  : 6,2346,7772066,-;\x1b[0m[HDCP2X] Leave checkReceiverIdList() function ((checkReceiverIdList:109))\x1b[0m
12-31 16:00:07.756  2720  3043 W vf_audio_hw: failed to open decode file No such file or directory
12-31 16:00:07.756  2845  2845 D MTK_KL  : 6,2347,7772069,-;\x1b[0;35m[HDCP2X] pthread_cond_wait ((recvI2cData:280))\x1b[0m
12-31 16:00:07.756  2720  3043 W vf_audio_hw: failed to open read file No such file or directory
12-31 16:00:07.756  2720  3043 D vf_audio_hw: adev_open_input_stream <<<
12-31 16:00:07.756  2720  3052 W vf_audio_hw: ctrl chan socket connect ok
12-31 16:00:07.757  2828  2857 D         : uipc_check_fd_locked(L270): INCOMING CONNECTION ON CH 0
12-31 16:00:07.757  2828  2857 I         : accept_server_socket(L161): accept fd 6
12-31 16:00:07.757  2828  2857 D         : uipc_check_fd_locked(L274): NEW FD 9
12-31 16:00:07.757  2828  2857 D         : uipc_check_fd_locked(L280): ADD FD 9 TO ACTIVE SET
12-31 16:00:07.757  2828  2857 D         : ctrl_socket_cb(L1070): Jim@control_socket_cb: sending hid status msg upon open
12-31 16:00:07.757  2720  3051 W vf_audio_hw: data chan socket connect ok
12-31 16:00:07.757  2828  2857 D         : uipc_check_fd_locked(L270): INCOMING CONNECTION ON CH 1
12-31 16:00:07.757  2828  2857 I         : accept_server_socket(L161): accept fd 7
12-31 16:00:07.757  2828  2857 D         : uipc_check_fd_locked(L274): NEW FD 10
12-31 16:00:07.757  2828  2857 D         : uipc_check_fd_locked(L280): ADD FD 10 TO ACTIVE SET
12-31 16:00:07.757  2828  2857 D         : data_socket_cb(L1096): data_socket_cb
12-31 16:00:07.757  2828  2857 D         : data_socket_cb(L1100): Jim@data_socket_cb: sending hid status msg upon open
12-31 16:00:07.758  2720  3043 D vf_audio_hw: in_get_buffer_size: 240
12-31 16:00:07.758  2720  3043 D vf_audio_hw: in_get_buffer_size: 240
12-31 16:00:07.759  2702  2702 I ServiceManager: Waiting for vendor service TrapezoidCorrect...
12-31 16:00:07.760  2845  2845 D MTK_KL  : 4,2348,7776750,-;[SGLUE_AUD][INFO][MTGADEC_MTAUD_MW_AUD_Init][9143]: MTGADEC_MTAUD_MW_AUD_Init
12-31 16:00:07.760  2845  2845 D MTK_KL  : 4,2349,7776757,-;[SGLUE_AUD][INFO][MTGADEC_MTAUD_Init][2738]: MTGADEC_MTAUD_Init
12-31 16:00:07.760  2845  2845 D MTK_KL  : 4,2350,7776824,-;[SGLUE_AUD][INFO][_GlueCapabilityInit][16347]: _GlueCapabilityInit
12-31 16:00:07.760  2845  2845 D MTK_KL  : 6,2351,7777182,-;MI_ACAP_Init is Called Current _u32AcapInitCnt = 0
12-31 16:00:07.760  2845  2845 D MTK_KL  : 4,2352,7777207,-;[SGLUE_AUD][INFO][_AUD_MI_ACAP_Init][2642]: _AUD_MI_ACAP_Init Success
12-31 16:00:07.760  2845  2845 D MTK_KL  : 4,2353,7777210,-;[SGLUE_AUD][WARN][_AUD_MI_AENC_Init][2665]: Not support MI AENC Module
12-31 16:00:07.760  2845  2845 D MTK_KL  : 4,2354,7777226,-;[SGLUE_AUD][INFO][_AUD_MI_INJECT_Init][2682]: Init Success
12-31 16:00:07.760  2845  2845 D MTK_KL  : 4,2355,7777239,-;[MI_AEXTIN_Init:2228][3012] AextinInitCnt:11
12-31 16:00:07.760  2845  2845 D MTK_KL  : 4,2356,7777242,-;[MI_AEXTIN_Init:2294][3012] eErrCode:0x2
12-31 16:00:07.760  2845  2845 D MTK_KL  : 4,2357,7777246,-;[SGLUE_AUD][INFO][_AUD_MI_AEXTIN_Init][2698]: Error 0x2: failed to MI_AEXTIN_Init()!
12-31 16:00:07.760  2845  2845 D MTK_KL  : 4,2358,7777248,-;[SGLUE_AUD][INFO][_AUD_MI_AEXTIN_Init][2701]: Init Success
12-31 16:00:07.760  2845  2845 D MTK_KL  : 4,2359,7777671,-;[SGLUE_AUD][INFO][_GlueMTAudDecPollingThread][2066]: u1DecId = 0, start
12-31 16:00:07.760  2845  2845 D MTK_KL  : 4,2360,7777702,-;[SGLUE_AUD][INFO][_GlueAUD_MixSndInit][2725]: Start Clip Play
12-31 16:00:07.760  2845  2845 D MTK_KL  : 4,2361,7778359,-;[SGLUE_AUD][INFO][_GlueMTAudDecPollingThread][2066]: u1DecId = 1, start
12-31 16:00:07.760  2845  2845 D MTK_KL  : 4,2362,7778398,-;[SGLUE_AUD][INFO][MTADEC_AoutConnectOpenHandle][17475]: path = 0, try to get handle
12-31 16:00:07.762  2733  3057 I AudioFlinger: AudioFlinger's thread 0xb0a03000 tid=3057 ready to run
12-31 16:00:07.762  2733  3056 E FastThread: did not receive expected priority boost on time
12-31 16:00:07.764  2845  2845 D MTK_KL  : 4,2363,7778586,-;[MI_AOUT_GetHandle:13544][3012] Error 0x7: fail to _MI_AOUT_GetInstance!
12-31 16:00:07.764  2845  2845 D MTK_KL  : 4,2364,7778613,-;[_MI_AOUT_ApplyMute:2597][3012] ePath:0, apply bMuteStatus:FALSE
12-31 16:00:07.765  2845  2845 D MTK_KL  : 4,2365,7778616,-;[_MI_AOUT_ApplyMute:2597][3012] ePath:1, apply bMuteStatus:FALSE
12-31 16:00:07.765  2845  2845 D MTK_KL  : 4,2366,7778623,-;[_MI_AOUT_ApplyMute:2597][3012] ePath:2, apply bMuteStatus:FALSE
12-31 16:00:07.765  2845  2845 D MTK_KL  : 4,2367,7779580,-;[SGLUE_AUD][INFO][_GlueAudFeedMixSndStreamThread][10500]: Enter thread
12-31 16:00:07.765  2845  2845 D MTK_KL  : 3,2368,7779843,-;<MI3_ERR>_MI_FLASH_Close[4828]: Module handle still used
12-31 16:00:07.765  2845  2845 D MTK_KL  : 4,2369,7779847,-;[_MI_AOUT_ApplyMute:2619][3012] SPDIF_OUT_EN = 1
12-31 16:00:07.765  2720  3043 D vf_audio_hw: adev_close_input_stream >>>
12-31 16:00:07.765  2845  2845 D MTK_KL  : 4,2370,7779862,-;[_MI_AOUT_ApplyMute:2597][3012] ePath:3, apply bMuteStatus:FALSE
12-31 16:00:07.765  2720  3043 W vf_audio_hw: jim@adev_close_input_stream: close encode & decode files
12-31 16:00:07.765  2845  2845 D MTK_KL  : 4,2371,7779869,-;[_MI_AOUT_ApplyMute:2597][3012] ePath:4, apply bMuteStatus:FALSE
12-31 16:00:07.765  2720  3043 D vf_audio_hw: adev_close_input_stream <<<
12-31 16:00:07.765  2845  2845 D MTK_KL  : 4,2372,7779873,-;[_MI_AOUT_ApplyMute:2597][3012] ePath:5, apply bMuteStatus:FALSE
12-31 16:00:07.765  2845  2845 D MTK_KL  : 4,2373,7779877,-;[_MI_AOUT_ApplyMute:2597][3012] ePath:6, apply bMuteStatus:FALSE
12-31 16:00:07.765  2845  2845 D MTK_KL  : 4,2374,7779880,-;[_MI_AOUT_ApplyMute:2597][3012] ePath:7, apply bMuteStatus:FALSE
12-31 16:00:07.765  2845  2845 D MTK_KL  : 4,2375,7779923,-;[_MI_AOUT_ApplyMute:2597][3012] ePath:8, apply bMuteStatus:FALSE
12-31 16:00:07.765  2845  2845 D MTK_KL  : 4,2376,7779927,-;[MI_AOUT_Open:12088][3012] ePath:0, eErrCode:0x0, *phAout:0x17000006
12-31 16:00:07.765  2845  2845 D MTK_KL  : 4,2377,7779943,-;[SGLUE_AUD][INFO][MTADEC_AoutConnectOpenHandle][17490]: path = 0, open handle = 17000006
12-31 16:00:07.765  2845  2845 D MTK_KL  : 4,2378,7779947,-;[SGLUE_AUD][INFO][MTADEC_AoutConnectOpenHandle][17475]: path = 1, try to get handle
12-31 16:00:07.765  2845  2845 D MTK_KL  : 4,2379,7779961,-;[MI_AOUT_GetHandle:13544][3012] Error 0x7: fail to _MI_AOUT_GetInstance!
12-31 16:00:07.765  2845  2845 D MTK_KL  : 4,2380,7779981,-;[_MI_AOUT_SetVolume:2410][3012] ePath:1, u8Vol:100, u16VolumeReg:3072
12-31 16:00:07.765  2845  2845 D MTK_KL  : 4,2381,7780016,-;[_MI_AOUT_ApplyMute:2597][3012] ePath:1, apply bMuteStatus:FALSE
12-31 16:00:07.765  2845  2845 D MTK_KL  : 4,2382,7780022,-;[MI_AOUT_Open:12088][3012] ePath:1, eErrCode:0x0, *phAout:0x17000007
12-31 16:00:07.765  2845  2845 D MTK_KL  : 4,2383,7780038,-;[SGLUE_AUD][INFO][MTADEC_AoutConnectOpenHandle][17490]: path = 1, open handle = 17000007
12-31 16:00:07.765  2845  2845 D MTK_KL  : 4,2384,7780041,-;[SGLUE_AUD][INFO][MTADEC_AoutConnectOpenHandle][17475]: path = 2, try to get handle
12-31 16:00:07.765  2845  2845 D MTK_KL  : 4,2385,7780054,-;[SGLUE_AUD][INFO][MTADEC_AoutConnectOpenHandle][17495]: path = 2, get handle = 17000003
12-31 16:00:07.765  2845  2845 D MTK_KL  : 4,2386,7780057,-;[SGLUE_AUD][INFO][MTADEC_AoutConnectOpenHandle][17475]: path = 3, try to get handle
12-31 16:00:07.765  2845  2845 D MTK_KL  : 4,2387,7780070,-;[SGLUE_AUD][INFO][MTADEC_AoutConnectOpenHandle][17495]: path = 3, get handle = 17000005
12-31 16:00:07.765  2845  2845 D MTK_KL  : 4,2388,7780074,-;[SGLUE_AUD][INFO][MTADEC_AoutConnectOpenHandle][17475]: path = 4, try to get handle
12-31 16:00:07.765  2845  2845 D MTK_KL  : 4,2389,7780088,-;[SGLUE_AUD][INFO][MTADEC_AoutConnectOpenHandle][17495]: path = 4, get handle = 17000000
12-31 16:00:07.765  2845  2845 D MTK_KL  : 4,2390,7780092,-;[SGLUE_AUD][INFO][MTADEC_AoutConnectOpenHandle][17475]: path = 5, try to get handle
12-31 16:00:07.765  2845  2845 D MTK_KL  : 4,2391,7780105,-;[SGLUE_AUD][INFO][MTADEC_AoutConnectOpenHandle][17495]: path = 5, get handle = 17000001
12-31 16:00:07.765  2845  2845 D MTK_KL  : 4,2392,7780108,-;[SGLUE_AUD][INFO][MTADEC_AoutConnectOpenHandle][17475]: path = 6, try to get handle
12-31 16:00:07.765  2845  2845 D MTK_KL  : 4,2393,7780120,-;[SGLUE_AUD][INFO][MTADEC_AoutConnectOpenHandle][17495]: path = 6, get handle = 17000002
12-31 16:00:07.765  2845  2845 D MTK_KL  : 4,2394,7780123,-;[SGLUE_AUD][INFO][MTADEC_AoutConnectOpenHandle][17475]: path = 7, try to get handle
12-31 16:00:07.765  2845  2845 D MTK_KL  : 4,2395,7780134,-;[SGLUE_AUD][INFO][MTADEC_AoutConnectOpenHandle][17495]: path = 7, get handle = 17000004
12-31 16:00:07.765  2845  2845 D MTK_KL  : 4,2396,7780137,-;[SGLUE_AUD][INFO][MTADEC_AoutConnectOpenHandle][17475]: path = 8, try to get handle
12-31 16:00:07.765  2845  2845 D MTK_KL  : 4,2397,7780148,-;[MI_AOUT_GetHandle:13544][3012] Error 0x7: fail to _MI_AOUT_GetInstance!
12-31 16:00:07.765  2845  2845 D MTK_KL  : 4,2398,7780164,-;[_MI_AOUT_SetVolume:2410][3012] ePath:8, u8Vol:100, u16VolumeReg:3072
12-31 16:00:07.765  2845  2845 D MTK_KL  : 4,2399,7780186,-;[_MI_AOUT_ApplyMute:2597][3012] ePath:8, apply bMuteStatus:FALSE
12-31 16:00:07.765  2845  2845 D MTK_KL  : 4,2400,7780190,-;[MI_AOUT_Open:12088][3012] ePath:8, eErrCode:0x0, *phAout:0x17000008
12-31 16:00:07.765  2845  2845 D MTK_KL  : 4,2401,7780204,-;[SGLUE_AUD][INFO][MTADEC_AoutConnectOpenHandle][17490]: path = 8, open handle = 17000008
12-31 16:00:07.765  2845  2845 D MTK_KL  : 6,2402,7780303,-;<MI3_INFO><<<_MI_GPIO_Open[910]Invalid parameter: open gpio = 9999 invalid!
12-31 16:00:07.765  2845  2845 D MTK_KL  : 6,2403,7780307,-;<MI3_INFO><<<MI_GPIO_Open[1194]MI_GPIO_Open:0x8
12-31 16:00:07.765  2845  2845 D MTK_KL  : 4,2404,7780311,-;[MI_AOUT_RegisterCallback:13855][3012] Error 0x8: failed to MI_GPIO_Open
12-31 16:00:07.765  2845  2845 D MTK_KL  : 4,2405,7780316,-;[SGLUE_AUD][ERROR][_AudHpDetection][17222]: set RegisterCallback Headphone detection fail.
12-31 16:00:07.765  2845  2845 D MTK_KL  : 4,2406,7780494,-;<MI3_WARN>Warning: MI_SYS_Init() already be inited!
12-31 16:00:07.765  2845  2845 D MTK_KL  : 3,2407,7780559,-;<MI3_ERR>mi_gpio_GetGpioNumByName[1100]: GPIO Device_NameID = 9 not match GPIO_number!!!
12-31 16:00:07.765  2845  2845 D MTK_KL  : 3,2408,7780573,-;<MI3_ERR>mi_gpio_GetGpioNumByName[1100]: GPIO Device_NameID = 10 not match GPIO_number!!!
12-31 16:00:07.766  2733  2733 E vndksupport: Could not load /vendor/lib/hw/audio.a2dp.default.so from sphal namespace: dlopen failed: library "libevent.so" not found.
12-31 16:00:07.766  2733  2733 E HAL     : load: module=/vendor/lib/hw/audio.a2dp.default.so
12-31 16:00:07.766  2733  2733 E HAL     : unknown
12-31 16:00:07.766  2733  2733 E DevicesFactoryHalLocal: load_audio_interface couldn't load audio hw module audio.a2dp (Invalid argument)
12-31 16:00:07.766  2733  2733 E AudioFlinger: loadHwModule() error -22 loading module a2dp
12-31 16:00:07.767  2733  2733 W APM_AudioPolicyManager: could not open HW module a2dp
12-31 16:00:07.769  2733  2733 I AudioFlinger: loadHwModule() Loaded usb audio interface, handle 26
12-31 16:00:07.770  2845  2845 D MTK_KL  : 4,2409,7787290,-;\x1b[1;31miniparser_load[1201]: 
12-31 16:00:07.770  2845  2845 D MTK_KL  : 4,2410,7787296,-;iniparser: cannot open /config/hdmi_map.ini
12-31 16:00:07.770  2845  2845 D MTK_KL  : 4,2411,7787298,-;\x1b[0m
12-31 16:00:07.770  2845  2845 D MTK_KL  : 4,2412,7788316,-;** EARC Chip Capability is SUPPORT_ARC\x0d
12-31 16:00:07.780  2720  3043 I r_submix: adev_open(name=audio_hw_if)
12-31 16:00:07.781  2720  3043 I r_submix: adev_init_check()
12-31 16:00:07.781  2720  3043 W DeviceHAL: Error from HAL Device in function set_master_mute: Function not implemented
12-31 16:00:07.781  2733  2733 I AudioFlinger: loadHwModule() Loaded r_submix audio interface, handle 34
12-31 16:00:07.781  2720  3043 D r_submix: adev_open_input_stream(addr=0)
12-31 16:00:07.781  2720  3043 D r_submix: submix_audio_device_create_pipe_l(addr=0, idx=9)
12-31 16:00:07.781  2720  3043 D r_submix:   now using address 0 for route 9
12-31 16:00:07.783  2702  2702 D ServiceManager: #00 pc 000306e9  /system/lib/vndk-28/libbinder.so (android::BpServiceManager::getService(android::String16 const&) const+380)
12-31 16:00:07.783  2702  2702 D ServiceManager: #01 pc 00001b37  /vendor/lib/libtrapezoidClient.so (_ZN7android10getServiceINS_24ITrapezoidCorrectServiceEEEiRKNS_8String16EPNS_2spIT_EE+38)
12-31 16:00:07.783  2702  2702 D ServiceManager: #02 pc 00001ac3  /vendor/lib/libtrapezoidClient.so (android::TrapezoidClient::getTrapezoidService()+46)
12-31 16:00:07.783  2702  2702 D ServiceManager: #03 pc 000014e1  /vendor/bin/trapezoidTest (main+56)
12-31 16:00:07.783  2702  2702 D ServiceManager: #04 pc 00087e31  /system/lib/libc.so (__libc_init+48)
12-31 16:00:07.783  2702  2702 D ServiceManager: #05 pc 00001487  /vendor/bin/trapezoidTest (_start_main+38)
12-31 16:00:07.783  2702  2702 D ServiceManager: #06 pc 00000306  <anonymous:b674f000>
12-31 16:00:07.783  2733  3064 I AudioFlinger: AudioFlinger's thread 0xb0a03640 tid=3064 ready to run
12-31 16:00:07.783  2720  3043 D r_submix: adev_close_input_stream()
12-31 16:00:07.783  2720  3043 D r_submix: submix_audio_device_release_pipe_l(idx=9) addr=0
12-31 16:00:07.783  2720  3043 D r_submix: submix_audio_device_destroy_pipe_l(): pipe destroyed
12-31 16:00:07.788  2720  3043 D voc_hw_primary: adev_open[722]: IN
12-31 16:00:07.807  2720  3043 D voc_hw_primary: adev_open[772]: END
12-31 16:00:07.808  2720  3043 E voc_hw_primary: adev_init_check[426]: is not implement
12-31 16:00:07.808  2720  3043 E voc_hw_primary: adev_set_master_mute[459]: is not implement
12-31 16:00:07.808  2720  3043 W DeviceHAL: Error from HAL Device in function set_master_mute: Function not implemented
12-31 16:00:07.808  2733  2733 I AudioFlinger: loadHwModule() Loaded voiceprocess audio interface, handle 42
12-31 16:00:07.808  2720  3043 I voc_hw_primary: adev_open_input_stream[536]: MIC HW adev_open_input_stream.CH:1 sampleRate:16000
12-31 16:00:07.808  2720  3043 I voc_hw_primary: adev_open_input_stream[540]: handle:38 dev:buildin-mic fmt/chn/sr 1/1/16000
12-31 16:00:07.808  2720  3043 I voc_hw_primary: adev_open_input_stream: channel_count: 1
12-31 16:00:07.808  2720  3043 I voc_hw_primary: voc_common_capture_open[70]:NO GOOGLE AEC VOC open:1 output channel with sr:16000 .bDoPrep:1 
12-31 16:00:07.812  2845  2845 D MTK_KL  : 4,2413,7828813,-;[4294675124][MAD_ALSA][002360]     \x017_mdrv_alsa_kcontrol_write: reg = 0x0, val = 0x1 device_id 7
12-31 16:00:07.812  2845  2845 D MTK_KL  : 4,2414,7828819,-;[4294675124][MAD_ALSA][002370]     \x013dmic enable 
12-31 16:00:07.812  2845  2845 D MTK_KL  : 4,2415,7828833,-;[4294675124][MAD_ALSA][002360]     \x017_mdrv_alsa_kcontrol_write: reg = 0x7, val = 0x4 device_id 7
12-31 16:00:07.812  2845  2845 D MTK_KL  : 4,2416,7828837,-;[4294675124][MAD_ALSA][002410]     \x013set dmic number: 4 
12-31 16:00:07.812  2845  2845 D MTK_KL  : 4,2417,7828848,-;[4294675124][MAD_ALSA][002360]     \x017_mdrv_alsa_kcontrol_write: reg = 0x8, val = 0x2 device_id 7
12-31 16:00:07.812  2845  2845 D MTK_KL  : 4,2418,7828851,-;[4294675124][MAD_ALSA][002424]     \x013set ref channel number: 2 
12-31 16:00:07.812  2845  2845 D MTK_KL  : 4,2419,7828861,-;[4294675124][MAD_ALSA][002360]     \x017_mdrv_alsa_kcontrol_write: reg = 0xa, val = 0x1 device_id 7
12-31 16:00:07.812  2845  2845 D MTK_KL  : 4,2420,7828864,-;[4294675124][MAD_ALSA][002468]     \x013enable/disable High pass filter : 1 
12-31 16:00:07.812  2845  2845 D MTK_KL  : 4,2421,7828874,-;[4294675124][MAD_ALSA][002360]     \x017_mdrv_alsa_kcontrol_write: reg = 0xb, val = 0x2 device_id 7
12-31 16:00:07.812  2845  2845 D MTK_KL  : 4,2422,7828879,-;[4294675124][MAD_ALSA][002483]     \x013set HPF param: 2 
12-31 16:00:07.812  2845  2845 D MTK_KL  : 4,2423,7828889,-;[4294675124][MAD_ALSA][002360]     \x017_mdrv_alsa_kcontrol_write: reg = 0xd, val = 0x0 device_id 7
12-31 16:00:07.812  2845  2845 D MTK_KL  : 4,2424,7828892,-;[4294675124][MAD_ALSA][002395]     \x013don't ouput sine tone 
12-31 16:00:07.813  2845  2845 D MTK_KL  : 4,2425,7828903,-;[4294675124][MAD_ALSA][002360]     \x017_mdrv_alsa_kcontrol_write: reg = 0xe, val = 0x0 device_id 7
12-31 16:00:07.813  2845  2845 D MTK_KL  : 4,2426,7828906,-;[4294675124][MAD_ALSA][002438]     \x013set dmic gain 0 
12-31 16:00:07.813  2845  2845 D MTK_KL  : 4,2427,7829104,-;[4294675124][MAD_ALSA][001609]     \x016Open 'subdevice #0'(0) of MStar ALSA capture device
12-31 16:00:07.813  2845  2845 D MTK_KL  : 4,2428,7829109,-;[4294675124][MAD_ALSA][005194]     \x016Invalid GET command 18
12-31 16:00:07.813  2845  2845 D MTK_KL  : 4,2429,7829112,-;[4294675124][MAD_ALSA][001655]     \x016COMMON PCM SHARE MEMORY NOT SUPPORT YET !!
12-31 16:00:07.813  2845  2845 D MTK_KL  : 4,2430,7829141,-;[4294675124][MAD_ALSA][005354]     \x016Invalid SET command 7
12-31 16:00:07.813  2845  2845 D MTK_KL  : 4,2431,7829691,-;[4294675124][MAD_ALSA][001706]     \x016Close 'subdevice #0'(0) of MStar ALSA capture device
12-31 16:00:07.816  2720  3043 E voc_hw_primary: voc_common_capture_open[84]: MI_VOC_Open is failed(3).
12-31 16:00:07.816  2720  3043 E voc_hw_primary: adev_open_input_stream[595]: Device open fail
12-31 16:00:07.816  2720  3043 W DeviceHAL: Error from HAL Device in function open_input_stream: No such device
12-31 16:00:07.816  2845  2845 D MTK_KL  : 4,2432,7831735,-;[4294675128][MAD_ALSA][004933]     \x016Exit MStar DMIC AEC Capture engine OK
12-31 16:00:07.816  2845  2845 D MTK_KL  : 4,2433,7834083,-;[4294675128][MAD_ALSA][002360]     \x017_mdrv_alsa_kcontrol_write: reg = 0x0, val = 0x0 device_id 7
12-31 16:00:07.816  2845  2845 D MTK_KL  : 4,2434,7834088,-;[4294675128][MAD_ALSA][002373]     \x013dmic disable 
12-31 16:00:07.816  2733  2733 W APM_AudioPolicyManager: Cannot open input stream for device 80000004 on hw module voiceprocess
12-31 16:00:07.817  2733  2733 D APM::AudioPolicyEngine/Strategy: set: 0x2 for strategy Media
12-31 16:00:07.817  2733  2733 D APM::AudioPolicyEngine/Strategy: set: 0x2 for strategy Sonification
12-31 16:00:07.818  2733  2733 D APM::AudioPolicyEngine/Strategy: set: 0x2 for strategy SonificationRespectful
12-31 16:00:07.818  2733  2733 D APM::AudioPolicyEngine/Strategy: set: 0x2 for strategy Dtmf
12-31 16:00:07.818  2733  2733 D APM::AudioPolicyEngine/Strategy: set: 0x2 for strategy EnforcedAudible
12-31 16:00:07.818  2733  2733 D APM::AudioPolicyEngine/Strategy: set: 0x6 for strategy TransmittedThroughSpeaker
12-31 16:00:07.818  2733  2733 D APM::AudioPolicyEngine/Strategy: set: 0x2 for strategy Accessibility
12-31 16:00:07.818  2733  2733 D APM::AudioPolicyEngine/Strategy: set: 0x2 for strategy Rerouting
12-31 16:00:07.819  2733  2733 D APM::AudioPolicyEngine/InputSource: set: 0x80000004 for input source Default
12-31 16:00:07.819  2733  2733 D APM::AudioPolicyEngine/InputSource: set: 0x80000004 for input source Mic
12-31 16:00:07.819  2733  2733 D APM::AudioPolicyEngine/InputSource: set: 0x80000004 for input source Camcorder
12-31 16:00:07.819  2733  2733 D APM::AudioPolicyEngine/InputSource: set: 0x80000004 for input source VoiceRecognition
12-31 16:00:07.819  2733  2733 D APM::AudioPolicyEngine/InputSource: set: 0x80000004 for input source VoiceCommunication
12-31 16:00:07.819  2733  2733 D APM::AudioPolicyEngine/InputSource: set: 0x80000100 for input source RemoteSubmix
12-31 16:00:07.819  2733  2733 D APM::AudioPolicyEngine/InputSource: set: 0x80000004 for input source Unprocessed
12-31 16:00:07.819  2733  2733 D APM::AudioPolicyEngine/InputSource: set: 0x80000004 for input source Hotword
12-31 16:00:07.823  2733  2733 I         : Waiting for activity service
12-31 16:00:07.881  2845  2845 D MTK_KL  : 4,2435,7898501,-;** EARC Chip Capability is SUPPORT_ARC\x0d
12-31 16:00:07.881  2845  2845 D MTK_KL  : 4,2436,7898572,-;[MSOS][MsOS_DisableInterrupt][3826] Un-used interrupt enum = 0x8B.
12-31 16:00:07.881  2845  2845 D MTK_KL  : 3,2437,7898576,-;<MI3_ERR>MI_OS_DisableInterrupt[2424]: MI_OS_DisableInterrupt: eIntNum = 139 fail!
12-31 16:00:07.882  2845  2845 D MTK_KL  : 4,2438,7898581,-;[MSOS][MsOS_DetachInterrupt][3702] Already detach interrupt enum = 0x8B.
12-31 16:00:07.882  2845  2845 D MTK_KL  : 4,2439,7898698,-;\x1b[35m[MsOS_ReleaseMutex][1745] Try to unlock a mutex which locked by others \x1b[m
12-31 16:00:07.882  2845  2845 D MTK_KL  : 3,2440,7898703,-;<MI3_ERR>MI_OS_ReleaseMutex[1418]: MI_OS_ReleaseMutex: MutexId = 1985216698 fail!
12-31 16:00:07.882  2845  2845 D MTK_KL  : 4,2441,7899043,c;[DemodClkClose]not 5863!
12-31 16:00:07.882  2845  2845 D MTK_KL  : 4,2442,7899052,-;/home/code/android/vendor/mediatek/proprietary_tv/apollo/linux_core/driver/ko/target/linux/app_if/mtal/sglue/brdcst_if/tuner_src/TunerMIF/mif_pd_glue.c DTMB_TunerOpen 
12-31 16:00:07.882  2845  2845 D MTK_KL  : 6,2443,7899077,-;<MI3_INFO><<<MI_TUNER_GetHandle[7902]The TUNER = 0 has not been opened !
12-31 16:00:07.882  2845  2845 D MTK_KL  : 4,2444,7899080,-;MK_CloseVoid no valid handle
12-31 16:00:07.882  2845  2845 D MTK_KL  : 4,2445,7899081,c; -IO: fptIniThreadNfy trigger
12-31 16:00:07.882  2845  2845 D MTK_KL  : 4,2446,7899093,-;\x1b[45;37m  Mif_GetBrdCstIfType[4512][dtmb bring]  ::   \x1b[0m
12-31 16:00:07.882  2845  2845 D MTK_KL  : 4,2447,7899096,c;[Mif_GetBrdCstIfType]CN config=5
12-31 16:00:07.882  2845  2845 D MTK_KL  : 4,2448,7899139,-;[MApi_CMA_Pool_Init:303]heap_info heap_id:17, flags:1 
12-31 16:00:07.882  2845  2845 D MTK_KL  : 7,2449,7899145,-;\x1b[35mFunction = CMA_Pool_ioctl, Line = 3193, copy_from_user: 40 bytes, cmd is 0xC0285000\x1b[m
12-31 16:00:07.882  2845  2845 D MTK_KL  : 7,2450,7899150,-;\x1b[35mFunction = CMA_Pool_Init, Line = 907, create proc_info\x1b[m
12-31 16:00:07.882  2845  2845 D MTK_KL  : 7,2451,7899153,-;\x1b[35mFunction = CMA_Pool_Init, Line = 972, create heap_info\x1b[m
12-31 16:00:07.882  2845  2845 D MTK_KL  : 7,2452,7899341,-;\x1b[35mCMA_POOL_IOC_INIT costs 0 ms\x1b[m\x0a
12-31 16:00:07.882  2845  2845 D MTK_KL  : 4,2453,7899348,-;[MApi_CMA_Pool_Init:321]heap_info pool_handle_id:23, miu:0 heap_miu_start_offset:520093696 heap_length:0x1c00000
12-31 16:00:07.882  2845  2845 D MTK_KL  : 4,2454,7899353,-;[MApi_CMA_Pool_Init:378]ret == true=1
12-31 16:00:07.882  2845  2845 D MTK_KL  : 4,2455,7899358,-;[MApi_CMA_Pool_GetMem:414]alloc_param  pool_handle_id:17  offset_in_pool:0 length:400500000 flags:0
12-31 16:00:07.882  2845  2845 D MTK_KL  : 7,2456,7899362,-;\x1b[35mFunction = CMA_Pool_ioctl, Line = 3193, copy_from_user: 32 bytes, cmd is 0xC0205002\x1b[m
12-31 16:00:07.882  2845  2845 D MTK_KL  : 7,2457,7899368,-;\x1b[31mdma_alloc_at_from_contiguous(alloc 1280 pages, at_addr 0x3F000000, start pfn 0x3F000)\x1b[m
12-31 16:00:07.882  2845  2845 D MTK_KL  : 7,2458,7899372,-;\x1b[35mFunction = dma_alloc_at_from_contiguous, Line = 636, find bit_map from 0x0\x1b[m
12-31 16:00:07.882  2845  2845 D MTK_KL  : 7,2459,7899374,-;\x1b[32m[InitThread] Before dma_alloc_at_from_contiguous \x1b[m
12-31 16:00:07.882  2845  2845 D MTK_KL  : 7,2460,7899377,-;\x1b[32mcma_area having \x1b[m
12-31 16:00:07.882  2845  2845 D MTK_KL  : 7,2461,7899383,-;\x1b[32m7168 free pages\x1b[m
12-31 16:00:07.882  2845  2845 D MTK_KL  : 4,2462,7899557,c; -IO: fptIniThreadNfy trigger
12-31 16:00:07.883  2702  2702 I ServiceManager: Waiting for vendor service TrapezoidCorrect...
12-31 16:00:07.884  2845  2845 D MTK_KL  : 4,2463,7900338,+; -IO: fptIniThreadNfy trigger
12-31 16:00:07.884  2845  2845 D MTK_KL  : 4,2464,7900419,+; -IO: fptIniThreadNfy trigger
12-31 16:00:07.884  2845  2845 D MTK_KL  : 4,2465,7900556,+; -IO: fptIniThreadNfy trigger
12-31 16:00:07.884  2845  2845 D MTK_KL  : 4,2466,7900638,+; -IO: fptIniThreadNfy trigger
12-31 16:00:07.884  2845  2845 D MTK_KL  : 6,2467,7900757,-;<MI3_INFO><<<MI_DISP_OpenController[16865]
12-31 16:00:07.884  2845  2845 D MTK_KL  : 6,2468,7900780,-;<MI3_INFO><<<MI_DISP_GetHandle[17579]
12-31 16:00:07.884  2845  2845 D MTK_KL  : 6,2469,7900871,-;<MI3_INFO><<<MI_DISP_GetHandle[17579]
12-31 16:00:07.884  2845  2845 D MTK_KL  : 6,2470,7900941,-;<MI3_INFO><<<MI_DISP_GetHandle[17579]
12-31 16:00:07.884  2845  2845 D MTK_KL  : 7,2471,7901954,-;\x1b[35mmigration data is 0 kb\x1b[m
12-31 16:00:07.884  2845  2845 D MTK_KL  : 7,2472,7902290,-;\x1b[35malloc_contig_range costs 2 ms\x1b[m\x0a
12-31 16:00:07.884  2845  2845 D MTK_KL  : 7,2473,7902296,-;\x1b[32m[InitThread] After dma_alloc_at_from_contiguous \x1b[m
12-31 16:00:07.884  2845  2845 D MTK_KL  : 7,2474,7902299,-;\x1b[32mcma_area having \x1b[m
12-31 16:00:07.884  2845  2845 D MTK_KL  : 7,2475,7902305,-;\x1b[32m5888 free pages\x1b[m
12-31 16:00:07.884  2845  2845 D MTK_KL  : 7,2476,7902391,-;\x1b[35mFunction = CMA_Pool_Alloc, Line = 2096, mapping from 0x3F000000 to 0x3F500000\x1b[m
12-31 16:00:07.884  2845  2845 D MTK_KL  : 7,2477,7902395,-;dump heap_id 23 information: min_start 0x3F000000, max_end 0x3F500000
12-31 16:00:07.884  2845  2845 D MTK_KL  : 7,2478,7902400,-;allocated info: cpu address 0xE3D7F000, phy_addr 0x3F000000, length 0x500000, pid 3073, freed 0, mapped 1 "InitThread"
12-31 16:00:07.884  2845  2845 D MTK_KL  : 7,2479,7902402,-;\x1b[35mCMA_POOL_IOC_ALLOC costs 3 ms\x1b[m\x0a
12-31 16:00:07.884  2845  2845 D MTK_KL  : 4,2480,7902433,-;\x1b[35mFunction = MApi_CMA_Pool_GetMem, Line = 431, alloc_param->virt_addr is 0xE3D7F000\x1b[m
12-31 16:00:07.891  2845  2845 D MTK_KL  : 3,2481,7902643,-;<MI3_ERR>_MI_TUNER_ApplyOpenParams[3802]: 1st time to set dmd buffer and tuner isn't inited!
12-31 16:00:07.891  2845  2845 D MTK_KL  : 4,2482,7902692,-;MDrv_IIC_Init  PORT  48 
12-31 16:00:07.891  2845  2845 D MTK_KL  : 4,2483,7902694,-;MDrv_IIC_Init  PORT  48 
12-31 16:00:07.899  2702  2702 D ServiceManager: #00 pc 000306e9  /system/lib/vndk-28/libbinder.so (android::BpServiceManager::getService(android::String16 const&) const+380)
12-31 16:00:07.899  2702  2702 D ServiceManager: #01 pc 00001b37  /vendor/lib/libtrapezoidClient.so (_ZN7android10getServiceINS_24ITrapezoidCorrectServiceEEEiRKNS_8String16EPNS_2spIT_EE+38)
12-31 16:00:07.899  2702  2702 D ServiceManager: #02 pc 00001ac3  /vendor/lib/libtrapezoidClient.so (android::TrapezoidClient::getTrapezoidService()+46)
12-31 16:00:07.899  2702  2702 D ServiceManager: #03 pc 000014e1  /vendor/bin/trapezoidTest (main+56)
12-31 16:00:07.899  2702  2702 D ServiceManager: #04 pc 00087e31  /system/lib/libc.so (__libc_init+48)
12-31 16:00:07.899  2702  2702 D ServiceManager: #05 pc 00001487  /vendor/bin/trapezoidTest (_start_main+38)
12-31 16:00:07.899  2702  2702 D ServiceManager: #06 pc 00000306  <anonymous:b674f000>
12-31 16:00:07.915  2845  2845 D MTK_KL  : 4,2484,7902701,-; MDrv_Tuner_ATBM253_Extension_Function TUNER_EXT_FUNC_SET_CON_INFO!!
12-31 16:00:07.915  2845  2845 D MTK_KL  : 4,2485,7902703,-; TUNER_CON_CONFIG->eI2C_PORT = 48 
12-31 16:00:07.915  2845  2845 D MTK_KL  : 4,2486,7902705,-; TUNER_CON_CONFIG->u32HW_ResetPin = 9999 
12-31 16:00:07.915  2845  2845 D MTK_KL  : 3,2487,7902710,-;[DEMOD ERR]
12-31 16:00:07.915  2845  2845 D MTK_KL  : 3,2488,7902713,-;MDrv_MSDTMB_Extension_Function: in ATV mode or DTV has not been initiated.
12-31 16:00:07.915  2845  2845 D MTK_KL  : 4,2489,7902717,-; MDrv_Tuner_ATBM253_CheckExist pI2CInfo->u8SlaveID = 192 !!
12-31 16:00:07.915  2845  2845 D MTK_KL  : 4,2490,7903430,-;Request extension function (a) does not exist
12-31 16:00:07.915  2845  2845 D MTK_KL  : 4,2491,7903434,-;MDrv_IIC_Init  PORT  9 
12-31 16:00:07.915  2845  2845 D MTK_KL  : 4,2492,7903438,-;MDrv_IIC_InitPort9: OK
12-31 16:00:07.915  2845  2845 D MTK_KL  : 4,2493,7903455,-;MDrv_IIC_Init  PORT  9 
12-31 16:00:07.915  2845  2845 D MTK_KL  : 4,2494,7903457,-;MDrv_IIC_InitPort9: OK
12-31 16:00:07.915  2845  2845 D MTK_KL  : 3,2495,7903474,-;[DEMOD ERR]
12-31 16:00:07.915  2845  2845 D MTK_KL  : 3,2496,7903476,-;Request extension function (24) does not exist
12-31 16:00:07.915  2845  2845 D MTK_KL  : 3,2497,7903478,-;[DEMOD ERR]
12-31 16:00:07.915  2845  2845 D MTK_KL  : 3,2498,7903480,-;Request extension function (23) does not exist
12-31 16:00:07.915  2845  2845 D MTK_KL  : 4,2499,7903483,-;Request extension function (24) does not exist
12-31 16:00:07.915  2845  2845 D MTK_KL  : 4,2500,7903485,-;Request extension function (23) does not exist
12-31 16:00:07.915  2845  2845 D MTK_KL  : 4,2501,7903487,-; MDrv_Tuner_ATBM253_Extension_Function TUNER_EXT_FUNC_SET_CON_INFO!!
12-31 16:00:07.915  2845  2845 D MTK_KL  : 4,2502,7903489,-; TUNER_CON_CONFIG->eI2C_PORT = 9 
12-31 16:00:07.915  2845  2845 D MTK_KL  : 4,2503,7903491,-; TUNER_CON_CONFIG->u32HW_ResetPin = 9999 
12-31 16:00:07.915  2845  2845 D MTK_KL  : 3,2504,7903493,-;[DEMOD ERR]
12-31 16:00:07.915  2845  2845 D MTK_KL  : 3,2505,7903495,-;MDrv_MSDTMB_Extension_Function: in ATV mode or DTV has not been initiated.
12-31 16:00:07.915  2845  2845 D MTK_KL  : 4,2506,7903498,-; MDrv_Tuner_ATBM253_CheckExist pI2CInfo->u8SlaveID = 192 !!
12-31 16:00:07.940  2845  2845 D MTK_KL  : 4,2507,7954694,-;_MTGVDO_LoadNlaIni[8671] NLA Parsing:, i: 0, j: 0, NLA point: 0, 25, 50, 75, 100
12-31 16:00:07.940  2845  2845 D MTK_KL  : 4,2508,7954700,-;_MTGVDO_LoadNlaIni[8671] NLA Parsing:, i: 0, j: 1, NLA point: 80, 110, 128, 145, 178
12-31 16:00:07.940  2845  2845 D MTK_KL  : 4,2509,7954705,-;_MTGVDO_LoadNlaIni[8671] NLA Parsing:, i: 0, j: 2, NLA point: 80, 110, 128, 142, 178
12-31 16:00:07.940  2845  2845 D MTK_KL  : 4,2510,7954708,-;_MTGVDO_LoadNlaIni[8671] NLA Parsing:, i: 0, j: 3, NLA point: 0, 80, 158, 175, 255
12-31 16:00:07.940  2845  2845 D MTK_KL  : 4,2511,7954712,-;_MTGVDO_LoadNlaIni[8671] NLA Parsing:, i: 0, j: 4, NLA point: 0, 12, 28, 45, 63
12-31 16:00:07.940  2845  2845 D MTK_KL  : 4,2512,7954716,-;_MTGVDO_LoadNlaIni[8671] NLA Parsing:, i: 0, j: 5, NLA point: 30, 40, 50, 60, 70
12-31 16:00:07.940  2845  2845 D MTK_KL  : 4,2513,7954720,-;_MTGVDO_LoadNlaIni[8671] NLA Parsing:, i: 0, j: 6, NLA point: 8192, 22528, 36864, 50944, 65280
12-31 16:00:07.940  2845  2845 D MTK_KL  : 4,2514,7957199,-;_MTGVDO_LoadNlaIni[8671] NLA Parsing:, i: 1, j: 0, NLA point: 0, 25, 50, 75, 100
12-31 16:00:07.940  2845  2845 D MTK_KL  : 4,2515,7957205,-;_MTGVDO_LoadNlaIni[8671] NLA Parsing:, i: 1, j: 1, NLA point: 88, 108, 128, 138, 148
12-31 16:00:07.941  2845  2845 D MTK_KL  : 4,2516,7957209,-;_MTGVDO_LoadNlaIni[8671] NLA Parsing:, i: 1, j: 2, NLA point: 0, 64, 128, 192, 255
12-31 16:00:07.941  2845  2845 D MTK_KL  : 4,2517,7957213,-;_MTGVDO_LoadNlaIni[8671] NLA Parsing:, i: 1, j: 3, NLA point: 0, 64, 128, 192, 255
12-31 16:00:07.941  2845  2845 D MTK_KL  : 4,2518,7957217,-;_MTGVDO_LoadNlaIni[8671] NLA Parsing:, i: 1, j: 4, NLA point: 0, 11, 23, 41, 63
12-31 16:00:07.941  2845  2845 D MTK_KL  : 4,2519,7957221,-;_MTGVDO_LoadNlaIni[8671] NLA Parsing:, i: 1, j: 5, NLA point: 0, 25, 50, 75, 100
12-31 16:00:07.941  2845  2845 D MTK_KL  : 4,2520,7957225,-;_MTGVDO_LoadNlaIni[8671] NLA Parsing:, i: 1, j: 6, NLA point: 8192, 22528, 36864, 50944, 65280
12-31 16:00:07.944  2845  2845 D MTK_KL  : 4,2521,7959849,-;_MTGVDO_LoadNlaIni[8671] NLA Parsing:, i: 2, j: 0, NLA point: 0, 25, 50, 75, 100
12-31 16:00:07.951  2845  2845 D MTK_KL  : 4,2522,7959855,-;_MTGVDO_LoadNlaIni[8671] NLA Parsing:, i: 2, j: 1, NLA point: 80, 110, 128, 145, 178
12-31 16:00:07.951  2845  2845 D MTK_KL  : 4,2523,7959859,-;_MTGVDO_LoadNlaIni[8671] NLA Parsing:, i: 2, j: 2, NLA point: 80, 110, 128, 142, 178
12-31 16:00:07.951  2845  2845 D MTK_KL  : 4,2524,7959863,-;_MTGVDO_LoadNlaIni[8671] NLA Parsing:, i: 2, j: 3, NLA point: 0, 80, 158, 175, 255
12-31 16:00:07.951  2845  2845 D MTK_KL  : 4,2525,7959867,-;_MTGVDO_LoadNlaIni[8671] NLA Parsing:, i: 2, j: 4, NLA point: 0, 12, 28, 45, 63
12-31 16:00:07.951  2845  2845 D MTK_KL  : 4,2526,7959871,-;_MTGVDO_LoadNlaIni[8671] NLA Parsing:, i: 2, j: 5, NLA point: 30, 40, 50, 60, 70
12-31 16:00:07.951  2845  2845 D MTK_KL  : 4,2527,7959875,-;_MTGVDO_LoadNlaIni[8671] NLA Parsing:, i: 2, j: 6, NLA point: 8192, 22528, 36864, 50944, 65280
12-31 16:00:07.951  2845  2845 D MTK_KL  : 4,2528,7962272,-;_MTGVDO_LoadNlaIni[8671] NLA Parsing:, i: 3, j: 0, NLA point: 0, 25, 50, 75, 100
12-31 16:00:07.951  2845  2845 D MTK_KL  : 4,2529,7962277,-;_MTGVDO_LoadNlaIni[8671] NLA Parsing:, i: 3, j: 1, NLA point: 80, 110, 128, 145, 178
12-31 16:00:07.951  2845  2845 D MTK_KL  : 4,2530,7962281,-;_MTGVDO_LoadNlaIni[8671] NLA Parsing:, i: 3, j: 2, NLA point: 80, 110, 128, 142, 178
12-31 16:00:07.951  2845  2845 D MTK_KL  : 4,2531,7962284,-;_MTGVDO_LoadNlaIni[8671] NLA Parsing:, i: 3, j: 3, NLA point: 0, 80, 158, 175, 255
12-31 16:00:07.951  2845  2845 D MTK_KL  : 4,2532,7962288,-;_MTGVDO_LoadNlaIni[8671] NLA Parsing:, i: 3, j: 4, NLA point: 0, 12, 28, 45, 63
12-31 16:00:07.951  2845  2845 D MTK_KL  : 4,2533,7962292,-;_MTGVDO_LoadNlaIni[8671] NLA Parsing:, i: 3, j: 5, NLA point: 30, 40, 50, 60, 70
12-31 16:00:07.951  2845  2845 D MTK_KL  : 4,2534,7962296,-;_MTGVDO_LoadNlaIni[8671] NLA Parsing:, i: 3, j: 6, NLA point: 8192, 22528, 36864, 50944, 65280
12-31 16:00:07.951  2845  2845 D MTK_KL  : 4,2535,7964850,-;_MTGVDO_LoadNlaIni[8671] NLA Parsing:, i: 4, j: 0, NLA point: 0, 25, 50, 75, 100
12-31 16:00:07.951  2845  2845 D MTK_KL  : 4,2536,7964856,-;_MTGVDO_LoadNlaIni[8671] NLA Parsing:, i: 4, j: 1, NLA point: 80, 110, 128, 145, 178
12-31 16:00:07.951  2845  2845 D MTK_KL  : 4,2537,7964860,-;_MTGVDO_LoadNlaIni[8671] NLA Parsing:, i: 4, j: 2, NLA point: 80, 110, 128, 142, 178
12-31 16:00:07.951  2845  2845 D MTK_KL  : 4,2538,7964863,-;_MTGVDO_LoadNlaIni[8671] NLA Parsing:, i: 4, j: 3, NLA point: 0, 80, 158, 175, 255
12-31 16:00:07.951  2845  2845 D MTK_KL  : 4,2539,7964868,-;_MTGVDO_LoadNlaIni[8671] NLA Parsing:, i: 4, j: 4, NLA point: 0, 12, 28, 45, 63
12-31 16:00:07.951  2845  2845 D MTK_KL  : 4,2540,7964871,-;_MTGVDO_LoadNlaIni[8671] NLA Parsing:, i: 4, j: 5, NLA point: 30, 40, 50, 60, 70
12-31 16:00:07.951  2845  2845 D MTK_KL  : 4,2541,7964875,-;_MTGVDO_LoadNlaIni[8671] NLA Parsing:, i: 4, j: 6, NLA point: 8192, 22528, 36864, 50944, 65280
12-31 16:00:07.952  2845  2845 D MTK_KL  : 4,2542,7967374,-;_MTGVDO_LoadNlaIni[8671] NLA Parsing:, i: 5, j: 0, NLA point: 0, 25, 50, 75, 100
12-31 16:00:07.952  2845  2845 D MTK_KL  : 4,2543,7967379,-;_MTGVDO_LoadNlaIni[8671] NLA Parsing:, i: 5, j: 1, NLA point: 80, 110, 128, 145, 178
12-31 16:00:07.952  2845  2845 D MTK_KL  : 4,2544,7967383,-;_MTGVDO_LoadNlaIni[8671] NLA Parsing:, i: 5, j: 2, NLA point: 80, 110, 128, 142, 178
12-31 16:00:07.952  2845  2845 D MTK_KL  : 4,2545,7967387,-;_MTGVDO_LoadNlaIni[8671] NLA Parsing:, i: 5, j: 3, NLA point: 0, 80, 158, 175, 255
12-31 16:00:07.952  2845  2845 D MTK_KL  : 4,2546,7967391,-;_MTGVDO_LoadNlaIni[8671] NLA Parsing:, i: 5, j: 4, NLA point: 0, 12, 28, 45, 63
12-31 16:00:07.952  2845  2845 D MTK_KL  : 4,2547,7967395,-;_MTGVDO_LoadNlaIni[8671] NLA Parsing:, i: 5, j: 5, NLA point: 30, 40, 50, 60, 70
12-31 16:00:07.952  2845  2845 D MTK_KL  : 4,2548,7967399,-;_MTGVDO_LoadNlaIni[8671] NLA Parsing:, i: 5, j: 6, NLA point: 8192, 22528, 36864, 50944, 65280
12-31 16:00:07.953  2845  2845 D MTK_KL  : 4,2549,7970037,-;_MTGVDO_LoadNlaIni[8671] NLA Parsing:, i: 6, j: 0, NLA point: 0, 25, 50, 75, 100
12-31 16:00:07.953  2845  2845 D MTK_KL  : 4,2550,7970043,-;_MTGVDO_LoadNlaIni[8671] NLA Parsing:, i: 6, j: 1, NLA point: 80, 110, 128, 145, 178
12-31 16:00:07.953  2845  2845 D MTK_KL  : 4,2551,7970048,-;_MTGVDO_LoadNlaIni[8671] NLA Parsing:, i: 6, j: 2, NLA point: 80, 110, 128, 142, 178
12-31 16:00:07.953  2845  2845 D MTK_KL  : 4,2552,7970052,-;_MTGVDO_LoadNlaIni[8671] NLA Parsing:, i: 6, j: 3, NLA point: 0, 80, 158, 175, 255
12-31 16:00:07.953  2845  2845 D MTK_KL  : 4,2553,7970056,-;_MTGVDO_LoadNlaIni[8671] NLA Parsing:, i: 6, j: 4, NLA point: 0, 12, 28, 45, 63
12-31 16:00:07.953  2845  2845 D MTK_KL  : 4,2554,7970060,-;_MTGVDO_LoadNlaIni[8671] NLA Parsing:, i: 6, j: 5, NLA point: 30, 40, 50, 60, 70
12-31 16:00:07.953  2845  2845 D MTK_KL  : 4,2555,7970064,-;_MTGVDO_LoadNlaIni[8671] NLA Parsing:, i: 6, j: 6, NLA point: 8192, 22528, 36864, 50944, 65280
12-31 16:00:07.956  2845  2845 D MTK_KL  : 4,2556,7972781,-;_MTGVDO_LoadNlaIni[8671] NLA Parsing:, i: 7, j: 0, NLA point: 0, 25, 50, 75, 100
12-31 16:00:07.956  2845  2845 D MTK_KL  : 4,2557,7972788,-;_MTGVDO_LoadNlaIni[8671] NLA Parsing:, i: 7, j: 1, NLA point: 80, 110, 128, 145, 178
12-31 16:00:07.956  2845  2845 D MTK_KL  : 4,2558,7972792,-;_MTGVDO_LoadNlaIni[8671] NLA Parsing:, i: 7, j: 2, NLA point: 80, 110, 128, 142, 178
12-31 16:00:07.956  2845  2845 D MTK_KL  : 4,2559,7972796,-;_MTGVDO_LoadNlaIni[8671] NLA Parsing:, i: 7, j: 3, NLA point: 0, 80, 158, 175, 255
12-31 16:00:07.956  2845  2845 D MTK_KL  : 4,2560,7972800,-;_MTGVDO_LoadNlaIni[8671] NLA Parsing:, i: 7, j: 4, NLA point: 0, 12, 28, 45, 63
12-31 16:00:07.956  2845  2845 D MTK_KL  : 4,2561,7972804,-;_MTGVDO_LoadNlaIni[8671] NLA Parsing:, i: 7, j: 5, NLA point: 30, 40, 50, 60, 70
12-31 16:00:07.957  2845  2845 D MTK_KL  : 4,2562,7972808,-;_MTGVDO_LoadNlaIni[8671] NLA Parsing:, i: 7, j: 6, NLA point: 8192, 22528, 36864, 50944, 65280
12-31 16:00:07.960  2845  2845 D MTK_KL  : 4,2563,7975347,-;_MTGVDO_LoadNlaIni[8671] NLA Parsing:, i: 8, j: 0, NLA point: 0, 25, 50, 75, 100
12-31 16:00:07.960  2845  2845 D MTK_KL  : 4,2564,7975353,-;_MTGVDO_LoadNlaIni[8671] NLA Parsing:, i: 8, j: 1, NLA point: 80, 110, 128, 145, 178
12-31 16:00:07.960  2845  2845 D MTK_KL  : 4,2565,7975357,-;_MTGVDO_LoadNlaIni[8671] NLA Parsing:, i: 8, j: 2, NLA point: 80, 110, 128, 142, 178
12-31 16:00:07.960  2845  2845 D MTK_KL  : 4,2566,7975361,-;_MTGVDO_LoadNlaIni[8671] NLA Parsing:, i: 8, j: 3, NLA point: 0, 80, 158, 175, 255
12-31 16:00:07.960  2845  2845 D MTK_KL  : 4,2567,7975365,-;_MTGVDO_LoadNlaIni[8671] NLA Parsing:, i: 8, j: 4, NLA point: 0, 12, 28, 45, 63
12-31 16:00:07.960  2845  2845 D MTK_KL  : 4,2568,7975368,-;_MTGVDO_LoadNlaIni[8671] NLA Parsing:, i: 8, j: 5, NLA point: 30, 40, 50, 60, 70
12-31 16:00:07.960  2845  2845 D MTK_KL  : 4,2569,7975372,-;_MTGVDO_LoadNlaIni[8671] NLA Parsing:, i: 8, j: 6, NLA point: 8192, 22528, 36864, 50944, 65280
12-31 16:00:07.964  2845  2845 D MTK_KL  : 4,2570,7980890,-;MTGVDECEX_MtVdecexInit 823 Open ATV Device:0 
12-31 16:00:07.964  2845  2845 D MTK_KL  : 4,2571,7981027,-;[MTGVDECEX_MtVdecexInit 831] 43000600
12-31 16:00:07.964  2845  2845 D MTK_KL  : 4,2572,7981049,-; Open CVBS Device:1 
12-31 16:00:07.968  2845  2845 D MTK_KL  : 6,2573,7982674,-;\x1b[0m[HDCP2X] Enter HDCP2_SetMsOSObtainMutexCB() function ((HDCP2_SetMsOSObtainMutexCB:1676))\x1b[0m
12-31 16:00:07.968  2845  2845 D MTK_KL  : 6,2574,7982681,-;\x1b[0m[HDCP2X] Leave HDCP2_SetMsOSObtainMutexCB() function ((HDCP2_SetMsOSObtainMutexCB:1678))\x1b[0m
12-31 16:00:07.968  2845  2845 D MTK_KL  : 6,2575,7982685,-;\x1b[0m[HDCP2X] Enter HDCP2_SetMsOSReleaseMutexCB() function ((HDCP2_SetMsOSReleaseMutexCB:1683))\x1b[0m
12-31 16:00:07.968  2845  2845 D MTK_KL  : 6,2576,7982689,-;\x1b[0m[HDCP2X] Leave HDCP2_SetMsOSReleaseMutexCB() function ((HDCP2_SetMsOSReleaseMutexCB:1685))\x1b[0m
12-31 16:00:07.968  2845  2845 D MTK_KL  : 6,2577,7982694,-;\x1b[0m[HDCP2X] Enter HDCP2_SetMsOSCreateTaskCB() function ((HDCP2_SetMsOSCreateTaskCB:1648))\x1b[0m
12-31 16:00:07.968  2845  2845 D MTK_KL  : 6,2578,7982697,-;\x1b[0m[HDCP2X] Leave HDCP2_SetMsOSCreateTaskCB() function ((HDCP2_SetMsOSCreateTaskCB:1650))\x1b[0m
12-31 16:00:07.968  2845  2845 D MTK_KL  : 6,2579,7982701,-;\x1b[0m[HDCP2X] Enter HDCP2_SetMsOSDeleteTaskCB() function ((HDCP2_SetMsOSDeleteTaskCB:1655))\x1b[0m
12-31 16:00:07.968  2845  2845 D MTK_KL  : 6,2580,7982705,-;\x1b[0m[HDCP2X] Leave HDCP2_SetMsOSDeleteTaskCB() function ((HDCP2_SetMsOSDeleteTaskCB:1657))\x1b[0m
12-31 16:00:07.969  2845  2845 D MTK_KL  : 6,2581,7982709,-;\x1b[0m[HDCP2X] Enter HDCP2_SetMsOSCreateMutexCB() function ((HDCP2_SetMsOSCreateMutexCB:1662))\x1b[0m
12-31 16:00:07.969  2845  2845 D MTK_KL  : 6,2582,7982713,-;\x1b[0m[HDCP2X] Leave HDCP2_SetMsOSCreateMutexCB() function ((HDCP2_SetMsOSCreateMutexCB:1664))\x1b[0m
12-31 16:00:07.969  2845  2845 D MTK_KL  : 6,2583,7982717,-;\x1b[0m[HDCP2X] Enter HDCP2_SetMsOSDeleteMutexCB() function ((HDCP2_SetMsOSDeleteMutexCB:1669))\x1b[0m
12-31 16:00:07.969  2845  2845 D MTK_KL  : 6,2584,7982721,-;\x1b[0m[HDCP2X] Leave HDCP2_SetMsOSDeleteMutexCB() function ((HDCP2_SetMsOSDeleteMutexCB:1671))\x1b[0m
12-31 16:00:07.969  2845  2845 D MTK_KL  : 6,2585,7982725,-;\x1b[0m[HDCP2X] Enter HDCP2_SetMsOSCreateEventGroupCB() function ((HDCP2_SetMsOSCreateEventGroupCB:1690))\x1b[0m
12-31 16:00:07.969  2845  2845 D MTK_KL  : 6,2586,7982728,-;\x1b[0m[HDCP2X] Leave HDCP2_SetMsOSCreateEventGroupCB() function ((HDCP2_SetMsOSCreateEventGroupCB:1692))\x1b[0m
12-31 16:00:07.969  2845  2845 D MTK_KL  : 6,2587,7982732,-;\x1b[0m[HDCP2X] Enter HDCP2_SetMsOSDeleteEventGroupCB() function ((HDCP2_SetMsOSDeleteEventGroupCB:1697))\x1b[0m
12-31 16:00:07.969  2845  2845 D MTK_KL  : 6,2588,7982736,-;\x1b[0m[HDCP2X] Leave HDCP2_SetMsOSDeleteEventGroupCB() function ((HDCP2_SetMsOSDeleteEventGroupCB:1699))\x1b[0m
12-31 16:00:07.969  2845  2845 D MTK_KL  : 6,2589,7982740,-;\x1b[0m[HDCP2X] Enter HDCP2_SetMsOSSetEventCB() function ((HDCP2_SetMsOSSetEventCB:1704))\x1b[0m
12-31 16:00:07.969  2845  2845 D MTK_KL  : 6,2590,7982744,-;\x1b[0m[HDCP2X] Leave HDCP2_SetMsOSSetEventCB() function ((HDCP2_SetMsOSSetEventCB:1706))\x1b[0m
12-31 16:00:07.969  2845  2845 D MTK_KL  : 6,2591,7982748,-;\x1b[0m[HDCP2X] Enter HDCP2_SetMsOSWaitEventCB() function ((HDCP2_SetMsOSWaitEventCB:1711))\x1b[0m
12-31 16:00:07.969  2845  2845 D MTK_KL  : 6,2592,7982752,-;\x1b[0m[HDCP2X] Leave HDCP2_SetMsOSWaitEventCB() function ((HDCP2_SetMsOSWaitEventCB:1713))\x1b[0m
12-31 16:00:07.969  2845  2845 D MTK_KL  : 4,2593,7982756,-;\x1b[0m[HDCP2X] Enter HDCP2_LoadKey() function ((HDCP2_LoadKey:1305))\x1b[0m
12-31 16:00:07.969  2845  2845 D MTK_KL  : 6,2594,7982764,-;\x1b[0m[HDCP2X] Enter initHdcpTeeService() function ((initHdcpTeeService:338))\x1b[0m
12-31 16:00:07.969  2845  2845 D MTK_KL  : 6,2595,7982768,-;\x1b[0m[HDCP2X] hdcp tee service was already initialized ((initHdcpTeeService:345))\x1b[0m
12-31 16:00:07.969  2845  2845 D MTK_KL  : 6,2596,7982772,-;\x1b[0m[HDCP2X] Leave initHdcpTeeService() function ((initHdcpTeeService:364))\x1b[0m
12-31 16:00:07.969  2845  2845 D MTK_KL  : 6,2597,7982776,-;\x1b[0m[HDCP2X] Enter loadHdcpKey() function ((loadHdcpKey:486))\x1b[0m
12-31 16:00:07.969  2845  2845 D MTK_KL  : 4,2598,7982779,-;\x1b[0m[HDCP2X] HDCP Rx Key is read before, trigger re-load key ~ ((loadHdcpKey:497))\x1b[0m
12-31 16:00:07.969  2845  2845 D MTK_KL  : 6,2599,7982785,-;\x1b[0m[HDCP2X] HCS_SecureReadDeviceKey start ((trace_str_log:270))\x1b[0m
12-31 16:00:07.969  2845  2845 D MTK_KL  : 6,2600,7982789,-;\x1b[0m[HDCP2X] Enter HCS_SecureReadDeviceKey() function ((HCS_SecureReadDeviceKey:491))\x1b[0m
12-31 16:00:07.969  2845  2845 D MTK_KL  : 6,2601,7982794,-;\x1b[1;33m[HDCP2X] pszFilePath: /certificate/hdcp2_key.bin ((HCS_SecureReadDeviceKey:523))\x1b[0m
12-31 16:00:07.969  2845  2845 D MTK_KL  : 6,2602,7982798,-;\x1b[1;33m[HDCP2X] nKeyPathLength: 26 ((HCS_SecureReadDeviceKey:524))\x1b[0m
12-31 16:00:07.972  2845  2845 D MTK_KL  : 4,2603,7989823,-;\x1b[1;33m[HDCP2X] Finish secure read for HDCP Rx key. ((HCS_SecureReadDeviceKey:535))\x1b[0m
12-31 16:00:07.972  2845  2845 D MTK_KL  : 6,2604,7989831,-;\x1b[0m[HDCP2X] Leave HCS_SecureReadDeviceKey() function ((HCS_SecureReadDeviceKey:542))\x1b[0m
12-31 16:00:07.972  2845  2845 D MTK_KL  : 6,2605,7989835,-;\x1b[0m[HDCP2X] HCS_SecureReadDeviceKey end ((trace_str_log:270))\x1b[0m
12-31 16:00:07.972  2845  2845 D MTK_KL  : 6,2606,7989840,-;\x1b[0m[HDCP2X] Enter updateHdcpKeyData() function ((updateHdcpKeyData:1841))\x1b[0m
12-31 16:00:07.972  2845  2845 D MTK_KL  : 4,2607,7989845,-;\x1b[0;32;32m[HDCP2X] update hdcp key data due to re-load key process invoked ((updateHdcpKeyData:1843))\x1b[0m
12-31 16:00:07.972  2845  2845 D MTK_KL  : 6,2608,7989849,-;\x1b[0m[HDCP2X] Enter HCS_GetRxCert() function ((HCS_GetRxCert:555))\x1b[0m
12-31 16:00:07.972  2845  2845 D MTK_KL  : 6,2609,7990023,-;\x1b[0m[HDCP2X] Leave HCS_GetRxCert() function ((HCS_GetRxCert:586))\x1b[0m
12-31 16:00:07.972  2845  2845 D MTK_KL  : 6,2610,7990029,-;\x1b[0m[HDCP2X] Leave updateHdcpKeyData() function ((updateHdcpKeyData:1879))\x1b[0m
12-31 16:00:07.972  2845  2845 D MTK_KL  : 6,2611,7990033,-;\x1b[0m[HDCP2X] Leave loadHdcpKey() function ((loadHdcpKey:640))\x1b[0m
12-31 16:00:07.972  2845  2845 D MTK_KL  : 4,2612,7990037,-;\x1b[0m[HDCP2X] Leave HDCP2_LoadKey() function ((HDCP2_LoadKey:1367))\x1b[0m
12-31 16:00:07.972  2845  2845 D MTK_KL  : 4,2613,7990041,-;[MI][IMPL][MI_DISP_IMPL_XC_SetHDMIRxHDCPKey][32325]:[HDCP14Rx] Not support Hdcp14 Gen Key flow
12-31 16:00:07.972  2845  2845 D MTK_KL  : 4,2614,7990053,-; Set HDMI EDID:0 
12-31 16:00:07.972  2845  2845 D MTK_KL  : 0,2615,7990075,-;[IMPL] Set EDID Port:0, Type:1, Version:0
12-31 16:00:07.972  2845  2845 D MTK_KL  : 4,2616,7990096,-;\x0aHDMI Port:0 EDID:
12-31 16:00:07.972  2845  2845 D MTK_KL  : 4,2617,7990102,-;00: 00 FF FF FF FF FF FF 00 63 18 00 00 00 00 00 00
12-31 16:00:07.973  2845  2845 D MTK_KL  : 4,2618,7990107,-;01: 06 1A 01 03 80 00 00 78 0A D7 A5 A2 59 4A 96 24
12-31 16:00:07.973  2845  2845 D MTK_KL  : 4,2619,7990112,-;02: 14 50 54 A3 08 00 D1 C0 B3 00 81 00 81 80 81 40
12-31 16:00:07.973  2845  2845 D MTK_KL  : 4,2620,7990118,-;03: 81 C0 01 01 01 01 02 3A 80 18 71 38 2D 40 58 2C
12-31 16:00:07.973  2845  2845 D MTK_KL  : 4,2621,7990123,-;04: 45 00 3F 43 21 00 00 1A 02 3A 80 18 71 38 2D 40
12-31 16:00:07.973  2845  2845 D MTK_KL  : 4,2622,7990128,-;05: 58 2C 45 00 3F 43 21 00 00 1A 00 00 00 FD 00 1E
12-31 16:00:07.973  2845  2845 D MTK_KL  : 4,2623,7990134,-;06: 4C 1E 5A 1E 00 0A 20 20 20 20 20 20 00 00 00 FC
12-31 16:00:07.973  2845  2845 D MTK_KL  : 4,2624,7990139,-;07: 00 41 41 41 0A 20 20 20 20 20 20 20 20 20 01 2A
12-31 16:00:07.973  2845  2845 D MTK_KL  : 4,2625,7990144,-;08: 02 03 2A 71 50 90 05 04 03 07 02 06 01 1F 14 13
12-31 16:00:07.973  2845  2845 D MTK_KL  : 4,2626,7990150,-;09: 12 16 11 15 20 29 09 07 03 15 07 50 57 07 00 66
12-31 16:00:07.973  2845  2845 D MTK_KL  : 4,2627,7990155,-;0A: 03 0C 00 20 00 00 83 01 00 00 01 1D 00 72 51 D0
12-31 16:00:07.973  2845  2845 D MTK_KL  : 4,2628,7990160,-;0B: 1E 20 6E 28 55 00 C4 8E 21 00 00 1E 01 1D 80 18
12-31 16:00:07.973  2845  2845 D MTK_KL  : 4,2629,7990165,-;0C: 71 1C 16 20 58 2C 25 00 C4 8E 21 00 00 9E 8C 0A
12-31 16:00:07.973  2845  2845 D MTK_KL  : 4,2630,7990171,-;0D: D0 8A 20 E0 2D 10 10 3E 96 00 13 8E 21 00 00 18
12-31 16:00:07.973  2845  2845 D MTK_KL  : 4,2631,7990176,-;0E: 00 00 00 00 00 00 00 00 00 00 00 00 00 00 00 00
12-31 16:00:07.973  2845  2845 D MTK_KL  : 4,2632,7990181,-;0F: 00 00 00 00 00 00 00 00 00 00 00 00 00 00 00 08
12-31 16:00:07.973  2845  2845 D MTK_KL  : 4,2633,7990183,-;\x0aHDMI Port:0 EDID:
12-31 16:00:07.973  2845  2845 D MTK_KL  : 4,2634,7990188,-;00: 00 FF FF FF FF FF FF 00 63 18 00 00 00 00 00 00
12-31 16:00:07.973  2845  2845 D MTK_KL  : 4,2635,7990193,-;01: 06 1A 01 03 80 00 00 78 0A D7 A5 A2 59 4A 96 24
12-31 16:00:07.973  2845  2845 D MTK_KL  : 4,2636,7990199,-;02: 14 50 54 A3 08 00 D1 C0 B3 00 81 00 81 80 81 40
12-31 16:00:07.973  2845  2845 D MTK_KL  : 4,2637,7990204,-;03: 81 C0 01 01 01 01 02 3A 80 18 71 38 2D 40 58 2C
12-31 16:00:07.973  2845  2845 D MTK_KL  : 4,2638,7990209,-;04: 45 00 3F 43 21 00 00 1A 02 3A 80 18 71 38 2D 40
12-31 16:00:07.973  2845  2845 D MTK_KL  : 4,2639,7990215,-;05: 58 2C 45 00 3F 43 21 00 00 1A 00 00 00 FD 00 1E
12-31 16:00:07.975  2845  2845 D MTK_KL  : 4,2640,7990220,-;06: 4C 1E 5A 1E 00 0A 20 20 20 20 20 20 00 00 00 FC
12-31 16:00:07.976  2845  2845 D MTK_KL  : 4,2641,7990225,-;07: 00 41 41 41 0A 20 20 20 20 20 20 20 20 20 01 2A
12-31 16:00:07.976  2845  2845 D MTK_KL  : 4,2642,7990230,-;08: 02 03 2A 71 50 90 05 04 03 07 02 06 01 1F 14 13
12-31 16:00:07.976  2845  2845 D MTK_KL  : 4,2643,7990236,-;09: 12 16 11 15 20 29 09 07 03 15 07 50 57 07 00 66
12-31 16:00:07.976  2845  2845 D MTK_KL  : 4,2644,7990241,-;0A: 03 0C 00 20 00 00 83 01 00 00 01 1D 00 72 51 D0
12-31 16:00:07.976  2845  2845 D MTK_KL  : 4,2645,7990246,-;0B: 1E 20 6E 28 55 00 C4 8E 21 00 00 1E 01 1D 80 18
12-31 16:00:07.976  2845  2845 D MTK_KL  : 4,2646,7990252,-;0C: 71 1C 16 20 58 2C 25 00 C4 8E 21 00 00 9E 8C 0A
12-31 16:00:07.976  2845  2845 D MTK_KL  : 4,2647,7990257,-;0D: D0 8A 20 E0 2D 10 10 3E 96 00 13 8E 21 00 00 18
12-31 16:00:07.976  2845  2845 D MTK_KL  : 4,2648,7990262,-;0E: 00 00 00 00 00 00 00 00 00 00 00 00 00 00 00 00
12-31 16:00:07.976  2845  2845 D MTK_KL  : 4,2649,7990267,-;0F: 00 00 00 00 00 00 00 00 00 00 00 00 00 00 00 08
12-31 16:00:07.976  2845  2845 D MTK_KL  : 6,2650,7993210,-;\x1b[0m[HDCP2X] Enter HDCP2_SetMsOSObtainMutexCB() function ((HDCP2_SetMsOSObtainMutexCB:1676))\x1b[0m
12-31 16:00:07.976  2845  2845 D MTK_KL  : 6,2651,7993215,-;\x1b[0m[HDCP2X] Leave HDCP2_SetMsOSObtainMutexCB() function ((HDCP2_SetMsOSObtainMutexCB:1678))\x1b[0m
12-31 16:00:07.976  2845  2845 D MTK_KL  : 6,2652,7993220,-;\x1b[0m[HDCP2X] Enter HDCP2_SetMsOSReleaseMutexCB() function ((HDCP2_SetMsOSReleaseMutexCB:1683))\x1b[0m
12-31 16:00:07.976  2845  2845 D MTK_KL  : 6,2653,7993223,-;\x1b[0m[HDCP2X] Leave HDCP2_SetMsOSReleaseMutexCB() function ((HDCP2_SetMsOSReleaseMutexCB:1685))\x1b[0m
12-31 16:00:07.976  2845  2845 D MTK_KL  : 6,2654,7993228,-;\x1b[0m[HDCP2X] Enter HDCP2_SetMsOSCreateTaskCB() function ((HDCP2_SetMsOSCreateTaskCB:1648))\x1b[0m
12-31 16:00:07.976  2845  2845 D MTK_KL  : 6,2655,7993232,-;\x1b[0m[HDCP2X] Leave HDCP2_SetMsOSCreateTaskCB() function ((HDCP2_SetMsOSCreateTaskCB:1650))\x1b[0m
12-31 16:00:07.976  2845  2845 D MTK_KL  : 6,2656,7993236,-;\x1b[0m[HDCP2X] Enter HDCP2_SetMsOSDeleteTaskCB() function ((HDCP2_SetMsOSDeleteTaskCB:1655))\x1b[0m
12-31 16:00:07.976  2845  2845 D MTK_KL  : 6,2657,7993239,-;\x1b[0m[HDCP2X] Leave HDCP2_SetMsOSDeleteTaskCB() function ((HDCP2_SetMsOSDeleteTaskCB:1657))\x1b[0m
