12-31 16:00:09.472  2845  2845 D MTK_KL  : 6,2918,9489369,-;[FBDEV] mstar_FB_SurfaceCreate ret=0 physicaladdr=0x1cb34400,surfacehandle=80001 gSurfacecnt=2
12-31 16:00:09.525  2702  2702 I ServiceManager: Waiting for vendor service TrapezoidCorrect...
12-31 16:00:09.532  2845  2845 D MTK_KL  : 6,2919,9548023,-;[FBDEV] Layer:20001 MirrorMode is none
12-31 16:00:09.532  2845  2845 D MTK_KL  : 6,2920,9548067,-;[FBDEV] FBIOGET_DFB_RESERVED dfbreserved=1
12-31 16:00:09.532  2845  2845 D MTK_KL  : 6,2921,9548086,-;[FBDEV] mstar_fb_ioctl bootLogoUsed = 0 
12-31 16:00:09.540  2702  2702 D ServiceManager: #00 pc 000306e9  /system/lib/vndk-28/libbinder.so (android::BpServiceManager::getService(android::String16 const&) const+380)
12-31 16:00:09.540  2702  2702 D ServiceManager: #01 pc 00001b37  /vendor/lib/libtrapezoidClient.so (_ZN7android10getServiceINS_24ITrapezoidCorrectServiceEEEiRKNS_8String16EPNS_2spIT_EE+38)
12-31 16:00:09.540  2702  2702 D ServiceManager: #02 pc 00001ac3  /vendor/lib/libtrapezoidClient.so (android::TrapezoidClient::getTrapezoidService()+46)
12-31 16:00:09.540  2702  2702 D ServiceManager: #03 pc 000014e1  /vendor/bin/trapezoidTest (main+56)
12-31 16:00:09.540  2702  2702 D ServiceManager: #04 pc 00087e31  /system/lib/libc.so (__libc_init+48)
12-31 16:00:09.540  2702  2702 D ServiceManager: #05 pc 00001487  /vendor/bin/trapezoidTest (_start_main+38)
12-31 16:00:09.540  2702  2702 D ServiceManager: #06 pc 00000306  <anonymous:b674f000>
12-31 16:00:09.550  2679  2679 D Zygote32Timing: PreloadResources took to complete: 143ms
12-31 16:00:09.634  2679  2679 D libEGL  : loaded /vendor/lib/egl/libGLES_mali.so
12-31 16:00:09.640  2702  2702 W ServiceManager: Service TrapezoidCorrect didn't start. Returning NULL
12-31 16:00:09.640  2702  2702 E         : Can not getTrapezoidService!!!!
12-31 16:00:09.640  2702  2702 E         : Trapezoid:: getTrapezoidService fail!
12-31 16:00:09.652  2845  2845 D MTK_KL  : 14,2922,9660264,-;init: Service 'trapezoidTest' (pid 2702) exited with status 255
12-31 16:00:09.688  2845  2845 D MTK_KL  : 6,2923,9705597,-;<MI3_INFO><<<MI_OSD_SurfaceDisableColorKey[11199]MI_ERR_INVALID_HANDLE!
12-31 16:00:09.688  2845  2845 D MTK_KL  : 6,2924,9705626,-;<MI3_INFO><<<MI_OSD_SurfaceSetColorKey[11219]MI_ERR_INVALID_HANDLE!
12-31 16:00:09.739  2679  2679 I Zygote  : Preloading shared libraries...
12-31 16:00:09.750  2679  2679 I Zygote  : Uninstalled ICU cache reference pinning...
12-31 16:00:09.751  2679  2679 I Zygote  : Installed AndroidKeyStoreProvider in 1ms.
12-31 16:00:09.773  2679  2679 I Zygote  : Warmed up JCA providers in 22ms.
12-31 16:00:09.773  2679  2679 D Zygote  : end preload
12-31 16:00:09.773  2679  2679 D Zygote32Timing: ZygotePreload took to complete: 1712ms
12-31 16:00:09.773  2679  2679 I zygote  : Waiting for a blocking GC Explicit
12-31 16:00:09.787  2679  2679 I zygote  : WaitForGcToComplete blocked Explicit on None for 14.364ms
12-31 16:00:09.792  2764  3158 I GRM     : MtkRmServiceCreateComponent.1989, create component svctx_rm_ctrl_main(0xb112e2d0) exit...
12-31 16:00:09.792  2764  3158 I GRM     : MtkRmServiceCreateComponent.1998, create component exit...
12-31 16:00:09.793  2764  3158 I GRM     : MtkRmServiceCreateComponent.1989, create component svctx_rm_ctrl_main_2nd(0xb112e320) exit...
12-31 16:00:09.793  2764  3158 I GRM     : MtkRmServiceCreateComponent.1998, create component exit...
12-31 16:00:09.794  2764  3158 I GRM     : MtkRmServiceCreateComponent.1989, create component svctx_rm_ctrl_main_3rd(0xb112e370) exit...
12-31 16:00:09.794  2764  3158 I GRM     : MtkRmServiceCreateComponent.1998, create component exit...
12-31 16:00:09.795  2764  3158 I GRM     : MtkRmServiceCreateComponent.1989, create component svctx_rm_ctrl_sub(0xb112e3c0) exit...
12-31 16:00:09.795  2764  3158 I GRM     : MtkRmServiceCreateComponent.1998, create component exit...
12-31 16:00:09.795  2764  3158 I GRM     : MtkRmServiceCreateComponent.1989, create component svctx_rm_ctrl_tvbypass(0xb112e410) exit...
12-31 16:00:09.795  2764  3158 I GRM     : MtkRmServiceCreateComponent.1998, create component exit...
12-31 16:00:09.796  2845  2845 D MTK_KL  : 4,2925,9812172,c;[GLUE]MTGDRVCUST_IsSupport(355) Convert eSpec 10  to u4IpBit 65535, Support = 1.
12-31 16:00:09.796  2845  2845 D MTK_KL  : 4,2926,9812511,+;[GLUE]MTGDRVCUST_IsSupport(355) Convert eSpec 13  to u4IpBit 65535, Support = 1.
12-31 16:00:09.796  2764  3158 I GRM     : MtkRmServiceCreateComponent.1989, create component svctx_rm_ctrl_vdec0_share(0xb112e460) exit...
12-31 16:00:09.796  2764  3158 I GRM     : MtkRmServiceCreateComponent.1998, create component exit...
12-31 16:00:09.797  2764  3158 I GRM     : resource:VideoDecoder, type:0, value:0!
12-31 16:00:09.797  2764  3158 I GRM     : resource:VideoDecoder, type:0!
12-31 16:00:09.797  2764  3158 I GRM     : resource:VideoDecoder, type:0, value:0, max:2, min:0!
12-31 16:00:09.797  2764  3158 I GRM     : resource:VideoDecoder(0), type:0!
12-31 16:00:09.797  2764  3158 I GRM     : MtkRmServiceRegisterGroup.4268, register group entry:svctx_rm_ctrl_vdec0_share.0xb112e460
12-31 16:00:09.797  2764  3158 I GRM     : group member:b112e2d0
12-31 16:00:09.797  2764  3158 I GRM     : group member:b112e410
12-31 16:00:09.798  2764  3158 I GRM     : MtkRmServiceCreateComponent.1989, create component svctx_rm_ctrl_dmx_share(0xb112e4b0) exit...
12-31 16:00:09.798  2764  3158 I GRM     : MtkRmServiceCreateComponent.1998, create component exit...
12-31 16:00:09.798  2764  3158 I GRM     : resource:DMXPlaybackPID, type:1, value:32!
12-31 16:00:09.798  2764  3158 I GRM     : resource:DMXPlaybackPID, type:1!
12-31 16:00:09.798  2764  3158 I GRM     : resource:DMXPlaybackPID, type:1, amount:128!
12-31 16:00:09.798  2764  3158 I GRM     : resource:DMXPlaybackPID(32), type:1!
12-31 16:00:09.798  2764  3158 I GRM     : MtkRmServiceRegisterGroup.4268, register group entry:svctx_rm_ctrl_dmx_share.0xb112e4b0
12-31 16:00:09.798  2764  3158 I GRM     : group member:b112e2d0
12-31 16:00:09.798  2764  3158 I GRM     : group member:b112e410
12-31 16:00:09.799  2764  3158 I GRM     : MtkRmServiceCreateComponent.1989, create component svctx_rm_ctrl_tuner0_share(0xb112e500) exit...
12-31 16:00:09.799  2764  3158 I GRM     : MtkRmServiceCreateComponent.1998, create component exit...
12-31 16:00:09.800  2764  3158 I GRM     : MtkRmServiceCreateComponent.1989, create component svctx_rm_ctrl_user_define_share(0xb112e550) exit...
12-31 16:00:09.800  2764  3158 I GRM     : MtkRmServiceCreateComponent.1998, create component exit...
12-31 16:00:09.801  2764  3158 I GRM     : resource:RES_svctx, type:0, value:0!
12-31 16:00:09.801  2764  3158 I GRM     : resource:RES_svctx, type:0!
12-31 16:00:09.801  2764  3158 I GRM     : resource:RES_svctx, type:0, value:0, max:1, min:0!
12-31 16:00:09.801  2764  3158 I GRM     : resource:RES_svctx(0), type:0!
12-31 16:00:09.801  2764  3158 I GRM     : MtkRmServiceRegisterGroup.4268, register group entry:svctx_rm_ctrl_user_define_share.0xb112e550
12-31 16:00:09.801  2764  3158 I GRM     : group member:b112e2d0
12-31 16:00:09.807  2845  2845 D MTK_KL  : 4,2927,9821733,-;[MI][MTGVDO_SetMode][10126]: eVdpId 0, ucMode 3 
12-31 16:00:09.808  2845  2845 D MTK_KL  : 4,2928,9821741,-;[SGLUE_AUD][INFO][_AudDisplayNotify][4415]: u1DecId=0
12-31 16:00:09.808  2845  2845 D MTK_KL  : 4,2929,9821744,-;[SGLUE_AUD][INFO][_AudDisplayNotify][4428]: this function is abandon
12-31 16:00:09.808  2845  2845 D MTK_KL  : 6,2930,9821791,-;<MI3_INFO><<<mi_disp_NviewGetDmsWinId[1632]DMS win hasn't been created yet!
12-31 16:00:09.808  2845  2845 D MTK_KL  : 4,2931,9822080,-;[MI][MTGVDO_SetMode][10126]: eVdpId 1, ucMode 0 
12-31 16:00:09.808  2845  2845 D MTK_KL  : 4,2932,9822084,-;[SGLUE_AUD][INFO][_AudDisplayNotify][4415]: u1DecId=0
12-31 16:00:09.808  2845  2845 D MTK_KL  : 4,2933,9822086,-;[SGLUE_AUD][INFO][_AudDisplayNotify][4428]: this function is abandon
12-31 16:00:09.808  2845  2845 D MTK_KL  : 6,2934,9822123,-;<MI3_INFO><<<mi_disp_NviewGetDmsWinId[1632]DMS win hasn't been created yet!
12-31 16:00:09.808  2845  2845 D MTK_KL  : 4,2935,9822382,-;[SGLUE_AUD][INFO][_GlueSetOutPort][6697]: Dec (0), OutPort = 0x00000007, mute port mask:0x8
12-31 16:00:09.808  2845  2845 D MTK_KL  : 4,2936,9822387,-;[SGLUE_AUD][INFO][MTGADEC_MTAUD_SetChannelMute][6362]: dec: 0, ch: 0, mute: 1
12-31 16:00:09.808  2845  2845 D MTK_KL  : 4,2937,9822392,-;CPU: 2 PID: 3012 Comm: init_thread Tainted: P           O    4.9.118+ #1
12-31 16:00:09.808  2845  2845 D MTK_KL  : 4,2938,9822394,-;Hardware name: mt5862
12-31 16:00:09.808  2845  2845 D MTK_KL  : 4,2939,9822410,-;[<c010df8d>] (unwind_backtrace) from [<c010a213>] (show_stack+0xb/0xc)
12-31 16:00:09.809  2845  2845 D MTK_KL  : 4,2940,9822418,-;[<c010a213>] (show_stack) from [<c0346d2f>] (dump_stack+0x6b/0x78)
12-31 16:00:09.809  2845  2845 D MTK_KL  : 4,2941,9822788,-;[<c0346d2f>] (dump_stack) from [<d019cc01>] (_AtvDetPollingThread+0x2a0/0x578 [dtv_driver])
12-31 16:00:09.810  2845  2845 D MTK_KL  : 4,2942,9823440,-;[<d019cc01>] (_AtvDetPollingThread [dtv_driver]) from [<d01a188f>] (MTGADEC_MTAUD_SetChannelMute+0x3a/0x98 [dtv_driver])
12-31 16:00:09.811  2845  2845 D MTK_KL  : 4,2943,9824062,-;[<d01a188f>] (MTGADEC_MTAUD_SetChannelMute [dtv_driver]) from [<d01af9cb>] (MTGADEC_MTAUD_AudSet+0x3382/0x4ce4 [dtv_driver])
12-31 16:00:09.811  2845  2845 D MTK_KL  : 4,2944,9824675,-;[<d01af9cb>] (MTGADEC_MTAUD_AudSet [dtv_driver]) from [<d014a16d>] (mtal_ioctl_mtauddec+0x1f48/0x28f8 [dtv_driver])
12-31 16:00:09.811  2845  2845 D MTK_KL  : 4,2945,9825279,-;[<d014a16d>] (mtal_ioctl_mtauddec [dtv_driver]) from [<d012e5b3>] (mtal_ioctl+0x296/0x2b0 [dtv_driver])
12-31 16:00:09.811  2845  2845 D MTK_KL  : 4,2946,9825588,-;[<d012e5b3>] (mtal_ioctl [dtv_driver]) from [<c020501f>] (do_vfs_ioctl+0x87/0x684)
12-31 16:00:09.811  2845  2845 D MTK_KL  : 4,2947,9825596,-;[<c020501f>] (do_vfs_ioctl) from [<c0205665>] (SyS_ioctl+0x49/0x54)
12-31 16:00:09.811  2845  2845 D MTK_KL  : 4,2948,9825605,-;[<c0205665>] (SyS_ioctl) from [<c0106721>] (ret_fast_syscall+0x1/0x54)
12-31 16:00:09.811  2845  2845 D MTK_KL  : 4,2949,9825820,-;[_MI_AOUT_SetMultiMute:2891][3012] ePath:4, pszMuteName:MTAL, bMute:1, u32AutoUnmuteTimer:0, u32AoutMuteFlag:0x1
12-31 16:00:09.811  2845  2845 D MTK_KL  : 4,2950,9825830,-;[_MI_AOUT_ApplyMute:2597][3012] ePath:4, apply bMuteStatus:FALSE
12-31 16:00:09.811  2845  2845 D MTK_KL  : 4,2951,9825841,-;[SGLUE_AUD][INFO][_AudMiChannelMute][6355]: path = 4, mute = 1
12-31 16:00:09.811  2845  2845 D MTK_KL  : 4,2952,9825876,-;[SGLUE_AUD][INFO][MTGADEC_MTAUD_SetChannelMute][6362]: dec: 0, ch: 8, mute: 1
12-31 16:00:09.811  2845  2845 D MTK_KL  : 4,2953,9825882,-;CPU: 2 PID: 3012 Comm: init_thread Tainted: P           O    4.9.118+ #1
12-31 16:00:09.811  2845  2845 D MTK_KL  : 4,2954,9825884,-;Hardware name: mt5862
12-31 16:00:09.811  2845  2845 D MTK_KL  : 4,2955,9825897,-;[<c010df8d>] (unwind_backtrace) from [<c010a213>] (show_stack+0xb/0xc)
12-31 16:00:09.811  2845  2845 D MTK_KL  : 4,2956,9825904,-;[<c010a213>] (show_stack) from [<c0346d2f>] (dump_stack+0x6b/0x78)
12-31 16:00:09.811  2845  2845 D MTK_KL  : 4,2957,9826253,-;[<c0346d2f>] (dump_stack) from [<d019cc01>] (_AtvDetPollingThread+0x2a0/0x578 [dtv_driver])
12-31 16:00:09.812  2845  2845 D MTK_KL  : 4,2958,9826916,-;[<d019cc01>] (_AtvDetPollingThread [dtv_driver]) from [<d01a188f>] (MTGADEC_MTAUD_SetChannelMute+0x3a/0x98 [dtv_driver])
12-31 16:00:09.813  2845  2845 D MTK_KL  : 4,2959,9827564,-;[<d01a188f>] (MTGADEC_MTAUD_SetChannelMute [dtv_driver]) from [<d01af6e3>] (MTGADEC_MTAUD_AudSet+0x309a/0x4ce4 [dtv_driver])
12-31 16:00:09.813  2845  2845 D MTK_KL  : 4,2960,9828188,-;[<d01af6e3>] (MTGADEC_MTAUD_AudSet [dtv_driver]) from [<d014a16d>] (mtal_ioctl_mtauddec+0x1f48/0x28f8 [dtv_driver])
12-31 16:00:09.814  2845  2845 D MTK_KL  : 4,2961,9828797,-;[<d014a16d>] (mtal_ioctl_mtauddec [dtv_driver]) from [<d012e5b3>] (mtal_ioctl+0x296/0x2b0 [dtv_driver])
12-31 16:00:09.814  2845  2845 D MTK_KL  : 4,2962,9829119,-;[<d012e5b3>] (mtal_ioctl [dtv_driver]) from [<c020501f>] (do_vfs_ioctl+0x87/0x684)
12-31 16:00:09.815  2845  2845 D MTK_KL  : 4,2963,9829131,-;[<c020501f>] (do_vfs_ioctl) from [<c0205665>] (SyS_ioctl+0x49/0x54)
12-31 16:00:09.815  2845  2845 D MTK_KL  : 4,2964,9829139,-;[<c0205665>] (SyS_ioctl) from [<c0106721>] (ret_fast_syscall+0x1/0x54)
12-31 16:00:09.815  2845  2845 D MTK_KL  : 4,2965,9829288,-;[_MI_AOUT_SetMultiMute:2891][3012] ePath:5, pszMuteName:MTAL, bMute:1, u32AutoUnmuteTimer:0, u32AoutMuteFlag:0x3
12-31 16:00:09.815  2845  2845 D MTK_KL  : 4,2966,9829295,-;[SGLUE_AUD][INFO][_AudMiChannelMute][6355]: path = 5, mute = 1
12-31 16:00:09.815  2845  2845 D MTK_KL  : 4,2967,9829300,-;[SGLUE_AUD][INFO][MTGADEC_MTAUD_SetChannelMute][6362]: dec: 0, ch: 9, mute: 1
12-31 16:00:09.815  2845  2845 D MTK_KL  : 4,2968,9829305,-;CPU: 2 PID: 3012 Comm: init_thread Tainted: P           O    4.9.118+ #1
12-31 16:00:09.815  2845  2845 D MTK_KL  : 4,2969,9829309,-;Hardware name: mt5862
12-31 16:00:09.815  2845  2845 D MTK_KL  : 4,2970,9829320,-;[<c010df8d>] (unwind_backtrace) from [<c010a213>] (show_stack+0xb/0xc)
12-31 16:00:09.815  2845  2845 D MTK_KL  : 4,2971,9829329,-;[<c010a213>] (show_stack) from [<c0346d2f>] (dump_stack+0x6b/0x78)
12-31 16:00:09.815  2845  2845 D MTK_KL  : 4,2972,9829669,-;[<c0346d2f>] (dump_stack) from [<d019cc01>] (_AtvDetPollingThread+0x2a0/0x578 [dtv_driver])
12-31 16:00:09.815  2845  2845 D MTK_KL  : 4,2973,9830306,-;[<d019cc01>] (_AtvDetPollingThread [dtv_driver]) from [<d01a188f>] (MTGADEC_MTAUD_SetChannelMute+0x3a/0x98 [dtv_driver])
12-31 16:00:09.815  2845  2845 D MTK_KL  : 4,2974,9830954,-;[<d01a188f>] (MTGADEC_MTAUD_SetChannelMute [dtv_driver]) from [<d01af6ed>] (MTGADEC_MTAUD_AudSet+0x30a4/0x4ce4 [dtv_driver])
12-31 16:00:09.815  2845  2845 D MTK_KL  : 4,2975,9831609,-;[<d01af6ed>] (MTGADEC_MTAUD_AudSet [dtv_driver]) from [<d014a16d>] (mtal_ioctl_mtauddec+0x1f48/0x28f8 [dtv_driver])
12-31 16:00:09.815  2845  2845 D MTK_KL  : 4,2976,9832342,-;[<d014a16d>] (mtal_ioctl_mtauddec [dtv_driver]) from [<d012e5b3>] (mtal_ioctl+0x296/0x2b0 [dtv_driver])
12-31 16:00:09.815  2845  2845 D MTK_KL  : 4,2977,9832711,-;[<d012e5b3>] (mtal_ioctl [dtv_driver]) from [<c020501f>] (do_vfs_ioctl+0x87/0x684)
12-31 16:00:09.815  2845  2845 D MTK_KL  : 4,2978,9832724,-;[<c020501f>] (do_vfs_ioctl) from [<c0205665>] (SyS_ioctl+0x49/0x54)
12-31 16:00:09.815  2845  2845 D MTK_KL  : 4,2979,9832732,-;[<c0205665>] (SyS_ioctl) from [<c0106721>] (ret_fast_syscall+0x1/0x54)
12-31 16:00:09.815  2845  2845 D MTK_KL  : 4,2980,9833024,-;[SGLUE_AUD][INFO][_AudMiChannelMute][6355]: path = 5, mute = 1
12-31 16:00:09.815  2845  2845 D MTK_KL  : 4,2981,9833031,-;CPU: 2 PID: 3012 Comm: init_thread Tainted: P           O    4.9.118+ #1
12-31 16:00:09.815  2845  2845 D MTK_KL  : 4,2982,9833034,-;Hardware name: mt5862
12-31 16:00:09.816  2845  2845 D MTK_KL  : 4,2983,9833046,-;[<c010df8d>] (unwind_backtrace) from [<c010a213>] (show_stack+0xb/0xc)
12-31 16:00:09.817  2845  2845 D MTK_KL  : 4,2984,9833053,-;[<c010a213>] (show_stack) from [<c0346d2f>] (dump_stack+0x6b/0x78)
12-31 16:00:09.818  2845  2845 D MTK_KL  : 4,2985,9833440,-;[<c0346d2f>] (dump_stack) from [<d019cc01>] (_AtvDetPollingThread+0x2a0/0x578 [dtv_driver])
12-31 16:00:09.818  2845  2845 D MTK_KL  : 4,2986,9834145,-;[<d019cc01>] (_AtvDetPollingThread [dtv_driver]) from [<d01af317>] (MTGADEC_MTAUD_AudSet+0x2cce/0x4ce4 [dtv_driver])
12-31 16:00:09.818  2845  2845 D MTK_KL  : 4,2987,9834806,-;[<d01af317>] (MTGADEC_MTAUD_AudSet [dtv_driver]) from [<d014a16d>] (mtal_ioctl_mtauddec+0x1f48/0x28f8 [dtv_driver])
12-31 16:00:09.818  2845  2845 D MTK_KL  : 4,2988,9835454,-;[<d014a16d>] (mtal_ioctl_mtauddec [dtv_driver]) from [<d012e5b3>] (mtal_ioctl+0x296/0x2b0 [dtv_driver])
12-31 16:00:09.818  2845  2845 D MTK_KL  : 4,2989,9835783,-;[<d012e5b3>] (mtal_ioctl [dtv_driver]) from [<c020501f>] (do_vfs_ioctl+0x87/0x684)
12-31 16:00:09.818  2845  2845 D MTK_KL  : 4,2990,9835797,-;[<c020501f>] (do_vfs_ioctl) from [<c0205665>] (SyS_ioctl+0x49/0x54)
12-31 16:00:09.818  2845  2845 D MTK_KL  : 4,2991,9835806,-;[<c0205665>] (SyS_ioctl) from [<c0106721>] (ret_fast_syscall+0x1/0x54)
12-31 16:00:09.821  2845  2845 D MTK_KL  : 4,2992,9836160,-;[SGLUE_AUD][INFO][_AudMiChannelMute][6355]: path = 4, mute = 1
12-31 16:00:09.821  2845  2845 D MTK_KL  : 4,2993,9836169,-;CPU: 2 PID: 3012 Comm: init_thread Tainted: P           O    4.9.118+ #1
12-31 16:00:09.821  2845  2845 D MTK_KL  : 4,2994,9836171,-;Hardware name: mt5862
12-31 16:00:09.821  2845  2845 D MTK_KL  : 4,2995,9836183,-;[<c010df8d>] (unwind_backtrace) from [<c010a213>] (show_stack+0xb/0xc)
12-31 16:00:09.821  2845  2845 D MTK_KL  : 4,2996,9836190,-;[<c010a213>] (show_stack) from [<c0346d2f>] (dump_stack+0x6b/0x78)
12-31 16:00:09.821  2845  2845 D MTK_KL  : 4,2997,9836561,-;[<c0346d2f>] (dump_stack) from [<d019cc01>] (_AtvDetPollingThread+0x2a0/0x578 [dtv_driver])
12-31 16:00:09.821  2845  2845 D MTK_KL  : 4,2998,9837229,-;[<d019cc01>] (_AtvDetPollingThread [dtv_driver]) from [<d01af31f>] (MTGADEC_MTAUD_AudSet+0x2cd6/0x4ce4 [dtv_driver])
12-31 16:00:09.821  2845  2845 D MTK_KL  : 4,2999,9837857,-;[<d01af31f>] (MTGADEC_MTAUD_AudSet [dtv_driver]) from [<d014a16d>] (mtal_ioctl_mtauddec+0x1f48/0x28f8 [dtv_driver])
12-31 16:00:09.821  2845  2845 D MTK_KL  : 4,3000,9838471,-;[<d014a16d>] (mtal_ioctl_mtauddec [dtv_driver]) from [<d012e5b3>] (mtal_ioctl+0x296/0x2b0 [dtv_driver])
12-31 16:00:09.821  2845  2845 D MTK_KL  : 4,3001,9838795,-;[<d012e5b3>] (mtal_ioctl [dtv_driver]) from [<c020501f>] (do_vfs_ioctl+0x87/0x684)
12-31 16:00:09.821  2845  2845 D MTK_KL  : 4,3002,9838803,-;[<c020501f>] (do_vfs_ioctl) from [<c0205665>] (SyS_ioctl+0x49/0x54)
12-31 16:00:09.821  2845  2845 D MTK_KL  : 4,3003,9838812,-;[<c0205665>] (SyS_ioctl) from [<c0106721>] (ret_fast_syscall+0x1/0x54)
12-31 16:00:09.821  2845  2845 D MTK_KL  : 4,3004,9838930,-;[SGLUE_AUD][INFO][_AudMiChannelMute][6355]: path = 5, mute = 1
12-31 16:00:09.824  2679  2679 I zygote  : Explicit concurrent copying GC freed 5025(248KB) AllocSpace objects, 0(0B) LOS objects, 24% free, 2MB/2MB, paused 58us total 36.607ms
12-31 16:00:09.860  2679  2679 I zygote  : Explicit concurrent copying GC freed 5(32KB) AllocSpace objects, 0(0B) LOS objects, 24% free, 2MB/2MB, paused 63us total 35.040ms
12-31 16:00:09.860  2679  2679 D Zygote32Timing: PostZygoteInitGC took to complete: 87ms
12-31 16:00:09.860  2679  2679 D Zygote32Timing: ZygoteInit took to complete: 1803ms
12-31 16:00:09.971  2679  2679 I Zygote  : System server process 3190 has been created
12-31 16:00:09.972  2679  2679 I Zygote  : Accepting command socket connections
12-31 16:00:10.010  3190  3190 I system_server: The ClassLoaderContext is a special shared library.
12-31 16:00:10.029  3190  3190 I chatty  : uid=1000 system_server identical 2 lines
12-31 16:00:10.032  3190  3190 I system_server: The ClassLoaderContext is a special shared library.
12-31 16:00:10.055  3190  3190 I SystemServer: InitBeforeStartServices
12-31 16:00:10.058  3190  3190 I SystemServer: Entered the Android system server!
12-31 16:00:10.096  2845  2845 D MTK_KL  : 4,3005,10110660,-;[_MTGPMX_EventHandlerTask][166] MI_DISPOUT_PowerOn OK
12-31 16:00:10.228  2845  2845 D MTK_KL  : 3,3006,10243680,-;[HVD][ERR]MDrv_HVD_EX_GetCodecProfileCapInfo:
12-31 16:00:10.228  2845  2845 D MTK_KL  : 3,3007,10243687,-;GetCodecProfileCapInfo CodecSuportByHashKey fail!! (4 0)
12-31 16:00:10.228  2845  2845 D MTK_KL  : 3,3008,10243691,-;[HVD][ERR]MDrv_HVD_EX_GetCodecProfileCapInfo:
12-31 16:00:10.228  2845  2845 D MTK_KL  : 3,3009,10243693,-;GetCodecProfileCapInfo CodecSuportByHashKey fail!! (5 0)
12-31 16:00:10.228  2845  2845 D MTK_KL  : 3,3010,10243698,-;[HVD][ERR]MDrv_HVD_EX_GetCodecProfileCapInfo:
12-31 16:00:10.228  2845  2845 D MTK_KL  : 3,3011,10243700,-;GetCodecProfileCapInfo CodecSuportByHashKey fail!! (9 0)
12-31 16:00:10.228  2845  2845 D MTK_KL  : 3,3012,10243702,-;[HVD][ERR]MDrv_HVD_EX_GetCodecProfileCapInfo:
12-31 16:00:10.228  2845  2845 D MTK_KL  : 3,3013,10243705,-;GetCodecProfileCapInfo CodecSuportByHashKey fail!! (10 0)
12-31 16:00:10.228  2845  2845 D MTK_KL  : 3,3014,10243711,-;[HVD][ERR]MDrv_HVD_EX_GetCodecProfileCapInfo:
12-31 16:00:10.228  2845  2845 D MTK_KL  : 3,3015,10243714,-;GetCodecProfileCapInfo CodecSuportByHashKey fail!! (15 0)
12-31 16:00:10.229  2845  2845 D MTK_KL  : 3,3016,10243717,-;[HVD][ERR]MDrv_HVD_EX_GetCodecProfileCapInfo:
12-31 16:00:10.229  2845  2845 D MTK_KL  : 3,3017,10243719,-;GetCodecProfileCapInfo CodecSuportByHashKey fail!! (17 0)
12-31 16:00:10.229  2845  2845 D MTK_KL  : 3,3018,10243721,-;[HVD][ERR]MDrv_HVD_EX_GetCodecProfileCapInfo:
12-31 16:00:10.229  2845  2845 D MTK_KL  : 3,3019,10243724,-;GetCodecProfileCapInfo CodecSuportByHashKey fail!! (18 0)
12-31 16:00:10.229  2845  2845 D MTK_KL  : 3,3020,10243726,-;[HVD][ERR]MDrv_HVD_EX_GetCodecProfileCapInfo:
12-31 16:00:10.229  2845  2845 D MTK_KL  : 3,3021,10243729,-;GetCodecProfileCapInfo CodecSuportByHashKey fail!! (19 0)
12-31 16:00:10.229  2845  2845 D MTK_KL  : 3,3022,10243732,-;[HVD][ERR]MDrv_HVD_EX_GetCodecProfileCapInfo:
12-31 16:00:10.229  2845  2845 D MTK_KL  : 3,3023,10243734,-;GetCodecProfileCapInfo CodecSuportByHashKey fail!! (21 0)
12-31 16:00:10.229  2845  2845 D MTK_KL  : 3,3024,10243737,-;[HVD][ERR]MDrv_HVD_EX_GetCodecProfileCapInfo:
12-31 16:00:10.229  2845  2845 D MTK_KL  : 3,3025,10243740,-;GetCodecProfileCapInfo CodecSuportByHashKey fail!! (11 1)
12-31 16:00:10.229  2845  2845 D MTK_KL  : 4,3026,10243748,c;[VDEC]MTGVDEC_ChkCodecCap 4501 0x5139ce i4Ret 0
12-31 16:00:10.229  2845  2845 D MTK_KL  : 4,3027,10243819,+;[VDEC]Set ucEsId 0 no data timeout 16000
12-31 16:00:10.229  2845  2845 D MTK_KL  : 4,3028,10246691,-;e_get_type = TUNER_GET_TYPE_DIG_ATTRIBUTE\x0d
12-31 16:00:10.255  3190  3190 E UsbAlsaJackDetectorJNI: Can't register UsbAlsaJackDetector native methods
12-31 16:00:10.265  3190  3190 D SystemServerTiming: InitBeforeStartServices took to complete: 210ms
12-31 16:00:10.265  3190  3190 I SystemServer: StartServices
12-31 16:00:10.265  3190  3190 I SystemServer: Reading configuration...
12-31 16:00:10.265  3190  3190 I SystemServer: ReadingSystemConfig
12-31 16:00:10.266  3190  3190 D SystemServerTiming: ReadingSystemConfig took to complete: 2ms
12-31 16:00:10.266  3190  3190 I SystemServer: StartInstaller
12-31 16:00:10.266  3190  3190 I SystemServiceManager: Starting com.android.server.pm.Installer
12-31 16:00:10.266  3190  3209 D SystemServerInitThreadPool: Started executing ReadingSystemConfig
12-31 16:00:10.269  2835  2863 D installd: Found quota mount /dev/block/platform/mstar_mci.0/by-name/userdata at /data
12-31 16:00:10.270  3190  3190 D SystemServerTiming: StartInstaller took to complete: 3ms
12-31 16:00:10.270  3190  3190 I SystemServer: DeviceIdentifiersPolicyService
12-31 16:00:10.270  3190  3190 I SystemServiceManager: Starting com.android.server.os.DeviceIdentifiersPolicyService
12-31 16:00:10.271  3190  3190 D SystemServerTiming: DeviceIdentifiersPolicyService took to complete: 1ms
12-31 16:00:10.271  3190  3190 I SystemServer: StartActivityManager
12-31 16:00:10.271  3190  3190 I SystemServiceManager: Starting com.android.server.am.ActivityManagerService$Lifecycle
12-31 16:00:10.311  3190  3209 D SystemServerInitThreadPool: Finished executing ReadingSystemConfig
12-31 16:00:10.363  2842  2897 I ServiceManager: Waiting for service package_native...
12-31 16:00:10.444  3190  3190 I ActivityManager: Memory class: 128
12-31 16:00:10.458  3190  3190 D BatteryStatsImpl: Reading daily items from /data/system/batterystats-daily.xml
12-31 16:00:10.464  3190  3217 E BluetoothAdapter: Bluetooth binder is null
12-31 16:00:10.466  3190  3217 E BatteryExternalStatsWorker: no controller energy info supplied for telephony
12-31 16:00:10.469  3190  3217 I KernelUidCpuFreqTimeReader: mPerClusterTimesAvailable=false
12-31 16:00:10.477  3190  3217 W KernelCpuProcReader: File not exist: /proc/uid_cpupower/time_in_state
12-31 16:00:10.477  3190  3217 W KernelCpuProcReader: File not exist: /proc/uid_cpupower/concurrent_active_time
12-31 16:00:10.477  3190  3217 W KernelCpuProcReader: File not exist: /proc/uid_cpupower/concurrent_policy_time
12-31 16:00:10.478  3190  3217 E KernelCpuSpeedReader: Failed to read cpu-freq: /sys/devices/system/cpu/cpu0/cpufreq/stats/time_in_state (No such file or directory)
12-31 16:00:10.481  3190  3217 I PowerManagerService-JNI: Loaded power HAL 1.0 service
12-31 16:00:10.481  2722  2722 D PowerHAL: (power_get_number_of_platform_modes: enter)
12-31 16:00:10.481  2722  2722 D PowerHAL: (power_get_voter_list: enter)
12-31 16:00:10.481  2722  2722 D PowerHAL: (power_get_platform_low_power_stats: enter)
12-31 16:00:10.564  2845  2845 D MTK_KL  : 4,3029,10582081,-;e_get_type = TUNER_GET_TYPE_DIG_ATTRIBUTE\x0d
12-31 16:00:10.568  2845  2845 D MTK_KL  : 4,3030,10585006,-;e_get_type = TUNER_GET_TYPE_DIG_ATTRIBUTE\x0d
12-31 16:00:10.572  2845  2845 D MTK_KL  : 4,3031,10586706,-;e_get_type = TUNER_GET_TYPE_DIG_ATTRIBUTE\x0d
12-31 16:00:10.572  2845  2845 D MTK_KL  : 4,3032,10587449,-;[SGLUE_AUD][INFO][MTGADEC_MTAUD_AudSet][15448]: set AC4 Lang: eng
12-31 16:00:10.572  2845  2845 D MTK_KL  : 4,3033,10587454,-;[SGLUE_AUD][INFO][GlueSetAc4Lang][13745]: u1DecId = 0, Lang = eng
12-31 16:00:10.576  2845  2845 D MTK_KL  : 4,3034,10590667,-;[MI][_MTGVDO_OutputRectChangeCheck][7283]:Output rect{0, 0, 0, 0}. Panel{0, 0, 1920, 1080}
12-31 16:00:10.584  2845  2845 D MTK_KL  : 6,3035,10598498,-;<MI3_INFO><<<mi_disp_NviewGetDmsWinId[1632]DMS win hasn't been created yet!
12-31 16:00:10.584  2845  2845 D MTK_KL  : 6,3036,10598512,-;<MI3_INFO><<<mi_disp_NviewGetDmsWinId[1632]DMS win hasn't been created yet!
12-31 16:00:10.584  2845  2845 D MTK_KL  : 6,3037,10598523,-;<MI3_INFO><<<mi_disp_NviewGetDmsWinId[1632]DMS win hasn't been created yet!
12-31 16:00:10.584  2845  2845 D MTK_KL  : 4,3038,10598527,-;[MI][_MI_DISP_ApplySetting][7355]: First flip not ready, set window and laod PQ later.
12-31 16:00:10.601  3190  3190 W AppOps  : Unknown attribute in 'op' tag: n
12-31 16:00:10.614  3190  3190 I chatty  : uid=1000 system_server identical 113 lines
12-31 16:00:10.614  3190  3190 W AppOps  : Unknown attribute in 'op' tag: n
12-31 16:00:10.620  3190  3190 I ActivityManager: packages xml empty
12-31 16:00:10.623  3190  3190 I IntentFirewall: Read new rules (A:0 B:0 S:0)
12-31 16:00:10.625  3190  3190 D ActivityManager: ############first:/system/etc/factory_app_list.inifile exists...
12-31 16:00:10.626  3190  3190 D ActivityManager: /system/etc/factory_app_list.ini: #####line = com.cvte.factory.at
12-31 16:00:10.626  3190  3190 D ActivityManager: /system/etc/factory_app_list.ini: #####line = com.cvte.factory.service
12-31 16:00:10.626  3190  3190 D ActivityManager: /system/etc/factory_app_list.ini: #####line = com.cvte.tv.tools
12-31 16:00:10.626  3190  3190 D ActivityManager: /system/etc/factory_app_list.ini: #####line = com.cvte.fac.menu
12-31 16:00:10.626  3190  3190 D ActivityManager: /system/etc/factory_app_list.ini: #####line = com.scch.factory.at
12-31 16:00:10.626  3190  3190 D ActivityManager: /system/etc/factory_app_list.ini: #####line = com.panda.factory.at
12-31 16:00:10.626  3190  3190 D ActivityManager: /system/etc/factory_app_list.ini: ########size==== 6
12-31 16:00:10.628  3190  3190 D TestIniFileReader: read ini file ,sectionName is startup
12-31 16:00:10.629  3190  3190 D TestIniFileReader: read ini file ,sectionName is cache
12-31 16:00:10.630  3190  3190 D TestIniFileReader: read ini file ,sectionName is persistent
12-31 16:00:10.630  3190  3190 D TestIniFileReader: read ini file ,sectionName is keeplive
12-31 16:00:10.631  3190  3190 D TestIniFileReader: read ini file ,sectionName is showucfunnelad
12-31 16:00:10.636  3190  3190 W libprocessgroup: Failed to remove /acct/uid_1040/pid_2838: Device or resource busy
12-31 16:00:10.636  3190  3190 W libprocessgroup: Failed to remove /acct/uid_1040: Permission denied
12-31 16:00:10.636  3190  3190 W libprocessgroup: Failed to remove /acct/uid_1002/pid_2706: Device or resource busy
12-31 16:00:10.637  3190  3190 W libprocessgroup: Failed to remove /acct/uid_1002: Permission denied
12-31 16:00:10.637  3190  3190 W libprocessgroup: Failed to remove /acct/uid_1010/pid_2719: Device or resource busy
12-31 16:00:10.637  3190  3190 W libprocessgroup: Failed to remove /acct/uid_1010/pid_2824: Device or resource busy
12-31 16:00:10.637  3190  3190 W libprocessgroup: Failed to remove /acct/uid_1010: Permission denied
12-31 16:00:10.637  3190  3190 W libprocessgroup: Failed to remove /acct/uid_1067/pid_2834: Device or resource busy
12-31 16:00:10.637  3190  3190 W libprocessgroup: Failed to remove /acct/uid_1067: Permission denied
12-31 16:00:10.637  3190  3190 W libprocessgroup: Failed to remove /acct/uid_1000/pid_2850: Device or resource busy
12-31 16:00:10.637  3190  3190 W libprocessgroup: Failed to remove /acct/uid_1000/pid_2728: Device or resource busy
12-31 16:00:10.637  3190  3190 W libprocessgroup: Failed to remove /acct/uid_1000/pid_2718: Device or resource busy
12-31 16:00:10.637  3190  3190 W libprocessgroup: Failed to remove /acct/uid_1000/pid_2736: Device or resource busy
12-31 16:00:10.637  3190  3190 W libprocessgroup: Failed to remove /acct/uid_1000/pid_2726: Device or resource busy
12-31 16:00:10.637  3190  3190 W libprocessgroup: Failed to remove /acct/uid_1000/pid_2754: Device or resource busy
12-31 16:00:10.637  3190  3190 W libprocessgroup: Failed to remove /acct/uid_1000/pid_2716: Device or resource busy
12-31 16:00:10.637  3190  3190 W libprocessgroup: Failed to remove /acct/uid_1000/pid_2724: Device or resource busy
12-31 16:00:10.637  3190  3190 W libprocessgroup: Failed to remove /acct/uid_1000/pid_2714: Device or resource busy
12-31 16:00:10.638  3190  3190 W libprocessgroup: Failed to remove /acct/uid_1000/pid_2356: Device or resource busy
12-31 16:00:10.638  3190  3190 W libprocessgroup: Failed to remove /acct/uid_1000/pid_2704: Device or resource busy
12-31 16:00:10.638  3190  3190 W libprocessgroup: Failed to remove /acct/uid_1000/pid_2722: Device or resource busy
12-31 16:00:10.638  3190  3190 W libprocessgroup: Failed to remove /acct/uid_1000/pid_2354: Device or resource busy
12-31 16:00:10.638  3190  3190 W libprocessgroup: Failed to remove /acct/uid_1000/pid_2730: Device or resource busy
12-31 16:00:10.638  3190  3190 W libprocessgroup: Failed to remove /acct/uid_1000/pid_2729: Device or resource busy
12-31 16:00:10.638  3190  3190 W libprocessgroup: Failed to remove /acct/uid_1000/pid_2709: Device or resource busy
12-31 16:00:10.638  3190  3190 W libprocessgroup: Failed to remove /acct/uid_1000/pid_2727: Device or resource busy
12-31 16:00:10.638  3190  3190 W libprocessgroup: Failed to remove /acct/uid_1000/pid_2717: Device or resource busy
12-31 16:00:10.638  3190  3190 W libprocessgroup: Failed to remove /acct/uid_1000/pid_2735: Device or resource busy
12-31 16:00:10.638  3190  3190 W libprocessgroup: Failed to remove /acct/uid_1000/pid_2725: Device or resource busy
12-31 16:00:10.638  3190  3190 W libprocessgroup: Failed to remove /acct/uid_1000/pid_2715: Device or resource busy
12-31 16:00:10.638  3190  3190 W libprocessgroup: Failed to remove /acct/uid_1000/pid_2723: Device or resource busy
12-31 16:00:10.638  3190  3190 W libprocessgroup: Failed to remove /acct/uid_1000/pid_2713: Device or resource busy
12-31 16:00:10.638  3190  3190 W libprocessgroup: Failed to remove /acct/uid_1000/pid_2355: Device or resource busy
12-31 16:00:10.638  3190  3190 W libprocessgroup: Failed to remove /acct/uid_1000/pid_2562: Device or resource busy
12-31 16:00:10.638  3190  3190 W libprocessgroup: Failed to remove /acct/uid_1000/pid_2731: Device or resource busy
12-31 16:00:10.638  3190  3190 W libprocessgroup: Failed to remove /acct/uid_1000/pid_2721: Device or resource busy
12-31 16:00:10.638  3190  3190 W libprocessgroup: Failed to remove /acct/uid_1000/pid_2353: Device or resource busy
12-31 16:00:10.639  3190  3190 W libprocessgroup: Failed to remove /acct/uid_1000: Permission denied
12-31 16:00:10.639  3190  3190 W libprocessgroup: Failed to remove /acct/uid_1019/pid_2833: Device or resource busy
12-31 16:00:10.639  3190  3190 W libprocessgroup: Failed to remove /acct/uid_1019: Permission denied
12-31 16:00:10.639  3190  3190 W libprocessgroup: Failed to remove /acct/uid_1047/pid_2707: Device or resource busy
12-31 16:00:10.639  3190  3190 W libprocessgroup: Failed to remove /acct/uid_1047/pid_2705: Device or resource busy
12-31 16:00:10.639  3190  3190 W libprocessgroup: Failed to remove /acct/uid_1047: Permission denied
12-31 16:00:10.639  3190  3190 W libprocessgroup: Failed to remove /acct/uid_1017/pid_2836: Device or resource busy
12-31 16:00:10.639  3190  3190 W libprocessgroup: Failed to remove /acct/uid_1017: Permission denied
12-31 16:00:10.639  3190  3190 W libprocessgroup: Failed to remove /acct/uid_1013/pid_2840: Device or resource busy
12-31 16:00:10.639  3190  3190 W libprocessgroup: Failed to remove /acct/uid_1013/pid_2708: Device or resource busy
12-31 16:00:10.639  3190  3190 W libprocessgroup: Failed to remove /acct/uid_1013/pid_2839: Device or resource busy
12-31 16:00:10.639  3190  3190 W libprocessgroup: Failed to remove /acct/uid_1013/pid_2837: Device or resource busy
12-31 16:00:10.639  3190  3190 W libprocessgroup: Failed to remove /acct/uid_1013/pid_2712: Device or resource busy
12-31 16:00:10.639  3190  3190 W libprocessgroup: Failed to remove /acct/uid_1013/pid_2710: Device or resource busy
12-31 16:00:10.639  3190  3190 W libprocessgroup: Failed to remove /acct/uid_1013/pid_2711: Device or resource busy
12-31 16:00:10.639  3190  3190 W libprocessgroup: Failed to remove /acct/uid_1013: Permission denied
12-31 16:00:10.640  3190  3190 W libprocessgroup: Failed to remove /acct/uid_1041/pid_2720: Device or resource busy
12-31 16:00:10.640  3190  3190 W libprocessgroup: Failed to remove /acct/uid_1041/pid_2733: Device or resource busy
12-31 16:00:10.640  3190  3190 W libprocessgroup: Failed to remove /acct/uid_1041: Permission denied
12-31 16:00:10.640  3190  3190 W libprocessgroup: Failed to remove /acct/uid_1003: Permission denied
12-31 16:00:10.640  3190  3190 W libprocessgroup: Failed to remove /acct/uid_1058/pid_2852: Device or resource busy
12-31 16:00:10.640  3190  3190 W libprocessgroup: Failed to remove /acct/uid_1058: Permission denied
12-31 16:00:10.640  3190  3190 W libprocessgroup: Failed to remove /acct/uid_1066/pid_2841: Device or resource busy
12-31 16:00:10.640  3190  3190 W libprocessgroup: Failed to remove /acct/uid_1066: Permission denied
12-31 16:00:10.640  3190  3190 W libprocessgroup: Failed to remove /acct/uid_1046/pid_2844: Device or resource busy
12-31 16:00:10.640  3190  3190 W libprocessgroup: Failed to remove /acct/uid_1046: Permission denied
12-31 16:00:10.640  3190  3190 W libprocessgroup: Failed to remove /acct/uid_1036/pid_2561: Device or resource busy
12-31 16:00:10.640  3190  3190 W libprocessgroup: Failed to remove /acct/uid_1036: Permission denied
12-31 16:00:10.641  3190  3190 W libprocessgroup: Failed to remove /acct/uid_2000/pid_2351: Device or resource busy
12-31 16:00:10.641  3190  3190 W libprocessgroup: Failed to remove /acct/uid_2000: Permission denied
12-31 16:00:10.641  3190  3190 W libprocessgroup: Failed to remove /acct/uid_0/pid_2842: Device or resource busy
12-31 16:00:10.641  3190  3190 W libprocessgroup: Failed to remove /acct/uid_0/pid_2832: Device or resource busy
12-31 16:00:10.641  3190  3190 W libprocessgroup: Failed to remove /acct/uid_0/pid_2734: Device or resource busy
12-31 16:00:10.641  3190  3190 W libprocessgroup: Failed to remove /acct/uid_0/pid_2752: Device or resource busy
12-31 16:00:10.641  3190  3190 W libprocessgroup: Failed to remove /acct/uid_0/pid_2563: Device or resource busy
12-31 16:00:10.641  3190  3190 W libprocessgroup: Failed to remove /acct/uid_0/pid_2732: Device or resource busy
12-31 16:00:10.641  3190  3190 W libprocessgroup: Failed to remove /acct/uid_0/pid_2845: Device or resource busy
12-31 16:00:10.641  3190  3190 W libprocessgroup: Failed to remove /acct/uid_0/pid_2487: Device or resource busy
12-31 16:00:10.641  3190  3190 W libprocessgroup: Failed to remove /acct/uid_0/pid_2835: Device or resource busy
12-31 16:00:10.641  3190  3190 W libprocessgroup: Failed to remove /acct/uid_0/pid_2352: Device or resource busy
12-31 16:00:10.642  3190  3190 W libprocessgroup: Failed to remove /acct/uid_0/pid_2851: Device or resource busy
12-31 16:00:10.642  3190  3190 W libprocessgroup: Failed to remove /acct/uid_0/pid_2831: Device or resource busy
12-31 16:00:10.642  3190  3190 W libprocessgroup: Failed to remove /acct/uid_0/pid_2680: Device or resource busy
12-31 16:00:10.642  3190  3190 W libprocessgroup: Failed to remove /acct/uid_0/pid_2679: Device or resource busy
12-31 16:00:10.642  3190  3190 W libprocessgroup: Failed to remove /acct/uid_0/pid_2848: Device or resource busy
12-31 16:00:10.642  3190  3190 W libprocessgroup: Failed to remove /acct/uid_0/pid_2753: Device or resource busy
12-31 16:00:10.642  3190  3190 W libprocessgroup: Failed to remove /acct/uid_0/pid_2357: Device or resource busy
12-31 16:00:10.642  3190  3190 W libprocessgroup: Failed to remove /acct/uid_0/pid_2828: Device or resource busy
12-31 16:00:10.642  3190  3190 W libprocessgroup: Failed to remove /acct/uid_0/pid_2846: Device or resource busy
12-31 16:00:10.642  3190  3190 W libprocessgroup: Failed to remove /acct/uid_0/pid_2826: Device or resource busy
12-31 16:00:10.642  3190  3190 W libprocessgroup: Failed to remove /acct/uid_0/pid_1596: Device or resource busy
12-31 16:00:10.642  3190  3190 W libprocessgroup: Failed to remove /acct/uid_0: Permission denied
12-31 16:00:10.644  3190  3190 D AppOps  : AppOpsService published
12-31 16:00:10.644  3190  3190 D SystemServerTiming: StartActivityManager took to complete: 373ms
12-31 16:00:10.644  3190  3190 I SystemServer: StartPowerManager
12-31 16:00:10.644  3190  3190 I SystemServiceManager: Starting com.android.server.power.PowerManagerService
12-31 16:00:10.651  2722  2722 D PowerHAL: E_MI_VOC_ATTR_TYPE_NOTIFY_POWER_STATE 1..
12-31 16:00:10.651  2722  2722 D PowerHAL: write off to /sys/power/autosleep
12-31 16:00:10.653  3190  3190 D SystemServerTiming: StartPowerManager took to complete: 9ms
12-31 16:00:10.653  3190  3190 I SystemServer: InitPowerManagement
12-31 16:00:10.654  3190  3190 D SystemServerTiming: InitPowerManagement took to complete: 2ms
12-31 16:00:10.655  3190  3190 I SystemServer: StartRecoverySystemService
12-31 16:00:10.655  3190  3190 I SystemServiceManager: Starting com.android.server.RecoverySystemService
12-31 16:00:10.656  3190  3190 D SystemServerTiming: StartRecoverySystemService took to complete: 1ms
12-31 16:00:10.656  3190  3190 I SystemServer: StartLightsService
12-31 16:00:10.656  3190  3190 I SystemServiceManager: Starting com.android.server.lights.LightsService
12-31 16:00:10.657  3190  3190 D SystemServerTiming: StartLightsService took to complete: 2ms
12-31 16:00:10.661  3190  3190 I SystemServer: StartSidekickService
12-31 16:00:10.662  3190  3190 D SystemServerTiming: StartSidekickService took to complete: 1ms
12-31 16:00:10.662  3190  3190 I SystemServer: StartDisplayManager
12-31 16:00:10.662  3190  3190 I SystemServiceManager: Starting com.android.server.display.DisplayManagerService
12-31 16:00:10.667  3190  3190 D SystemServerTiming: StartDisplayManager took to complete: 5ms
12-31 16:00:10.667  3190  3190 I SystemServer: WaitForDisplay
12-31 16:00:10.667  3190  3190 I SystemServiceManager: Starting phase 100
12-31 16:00:10.670  3190  3198 W System  : A resource was acquired at attached stack trace but never released. See java.io.Closeable for information on avoiding resource leaks.
12-31 16:00:10.671  3190  3223 I DisplayManagerService: Display device added: DisplayDeviceInfo{"Built-in Screen": uniqueId="local:0", 1920 x 1080, modeId 1, defaultModeId 1, supportedModes [{id=1, width=1920, height=1080, fps=60.000004}], colorMode 0, supportedColorModes [0], HdrCapabilities android.view.Display$HdrCapabilities@413e3a39, density 240, 77.0 x 77.0 dpi, appVsyncOff 2000000, presDeadline 11666666, touch INTERNAL, rotation 0, type BUILT_IN, state UNKNOWN, FLAG_DEFAULT_DISPLAY, FLAG_ROTATES_WITH_CONTENT, FLAG_SECURE, FLAG_SUPPORTS_PROTECTED_BUFFERS}
12-31 16:00:10.672  2735  2735 D SurfaceFlinger: Set power mode=2, type=0 flinger=0xae5b2000
12-31 16:00:10.673  3190  3198 W System  : java.lang.Throwable: Explicit termination method 'close' not called
12-31 16:00:10.673  3190  3198 W System  : 	at dalvik.system.CloseGuard.open(CloseGuard.java:221)
12-31 16:00:10.673  3190  3198 W System  : 	at java.io.FileInputStream.<init>(FileInputStream.java:168)
12-31 16:00:10.673  3190  3198 W System  : 	at com.android.server.am.CompatModePackages.parsePackagesList(CompatModePackages.java:487)
12-31 16:00:10.673  3190  3198 W System  : 	at com.android.server.am.CompatModePackages.<init>(CompatModePackages.java:158)
12-31 16:00:10.673  3190  3198 W System  : 	at com.android.server.am.ActivityManagerService.<init>(ActivityManagerService.java:3203)
12-31 16:00:10.673  3190  3198 W System  : 	at com.android.server.am.ActivityManagerService$Lifecycle.<init>(ActivityManagerService.java:2954)
12-31 16:00:10.673  3190  3198 W System  : 	at java.lang.reflect.Constructor.newInstance0(Native Method)
12-31 16:00:10.673  3190  3198 W System  : 	at java.lang.reflect.Constructor.newInstance(Constructor.java:343)
12-31 16:00:10.673  3190  3198 W System  : 	at com.android.server.SystemServiceManager.startService(SystemServiceManager.java:98)
12-31 16:00:10.673  3190  3198 W System  : 	at com.android.server.SystemServer.startBootstrapServices(SystemServer.java:566)
12-31 16:00:10.673  3190  3198 W System  : 	at com.android.server.SystemServer.run(SystemServer.java:436)
12-31 16:00:10.673  3190  3198 W System  : 	at com.android.server.SystemServer.main(SystemServer.java:296)
12-31 16:00:10.673  3190  3198 W System  : 	at java.lang.reflect.Method.invoke(Native Method)
12-31 16:00:10.673  3190  3198 W System  : 	at com.android.internal.os.RuntimeInit$MethodAndArgsCaller.run(RuntimeInit.java:493)
12-31 16:00:10.673  3190  3198 W System  : 	at com.android.internal.os.ZygoteInit.main(ZygoteInit.java:846)
12-31 16:00:10.674  2721  2721 D LightsHAL: [STR check point]: enableBacklight
12-31 16:00:10.676  2721  2721 D LightsHAL: E_MI_VOC_ATTR_TYPE_CURRECT_STATE 8..
12-31 16:00:10.676  2845  2845 D MTK_KL  : 9,3039,10669503,-;[AT][AN][DC finish boot]\x0a: 
12-31 16:00:10.676  2845  2845 D MTK_KL  : 7,3040,10693856,-;\x1b[35mFunction = CMA_Pool_ioctl, Line = 3193, copy_from_user: 40 bytes, cmd is 0xC0285005\x1b[m
12-31 16:00:10.676  2845  2845 D MTK_KL  : 3,3041,10694210,-;<MI3_ERR>_MI_DISPOUT_PanelPowerOnOff[6105]: DEVICE_PANEL _MI_DISPOUT_PanelPowerOnOff[6105]  Panel Driver STR resume Done 
12-31 16:00:10.677  3190  3190 D SystemServerTiming: WaitForDisplay took to complete: 10ms
12-31 16:00:10.677  3190  3223 I DisplayManagerService: Display device changed state: "Built-in Screen", ON
12-31 16:00:10.677  3190  3190 I SystemServer: StartPackageManagerService
12-31 16:00:10.691  3190  3190 D TestIniFileReader: read ini file ,sectionName is permission
12-31 16:00:10.708  3190  3190 D SELinuxMMAC: Using policy file /system/etc/selinux/plat_mac_permissions.xml
12-31 16:00:10.711  3190  3190 D SELinuxMMAC: Using policy file /vendor/etc/selinux/vendor_mac_permissions.xml
12-31 16:00:10.714  3190  3190 D FallbackCategoryProvider: Found 1 fallback categories
12-31 16:00:10.724  3190  3224 W ProcessCpuTracker: Skipping unknown process pid 3218
12-31 16:00:10.984  2845  2845 D MTK_KL  : 4,3042,10966165,-;[MTPMX][_MI_Dispout_GetPanelConfig][503]parser panel name: /vendor/tvconfig/config/panel/PNL_CUSTOMER_DEFAULT.ini.
12-31 16:00:10.984  2845  2845 D MTK_KL  : 4,3043,10991991,-;[MTPMX][_MI_Dispout_GetPanelConfig][527]parser panel parameters panel:m_wPanelWidth,1920.
12-31 16:00:10.984  2845  2845 D MTK_KL  : 4,3044,10992442,-;Get panel width value : 1920.
12-31 16:00:11.024  2845  2845 D MTK_KL  : 4,3045,11038566,-;[MTPMX][_MI_Dispout_GetPanelConfig][503]parser panel name: /vendor/tvconfig/config/panel/PNL_CUSTOMER_DEFAULT.ini.
12-31 16:00:11.040  2845  2845 D MTK_KL  : 4,3046,11056095,-;[MTPMX][_MI_Dispout_GetPanelConfig][527]parser panel parameters panel:m_wPanelHeight,1080.
12-31 16:00:11.040  2845  2845 D MTK_KL  : 4,3047,11056582,-;Get panel height value : 1080.
12-31 16:00:11.085  2845  2845 D MTK_KL  : 4,3048,11099362,-;[MTPMX][_MI_Dispout_GetPanelConfig][503]parser panel name: /vendor/tvconfig/config/panel/PNL_CUSTOMER_DEFAULT.ini.
12-31 16:00:11.100  2845  2845 D MTK_KL  : 4,3049,11116507,-;[MTPMX][_MI_Dispout_GetPanelConfig][527]parser panel parameters panel:m_dwPanelDCLK,150.
12-31 16:00:11.100  2845  2845 D MTK_KL  : 4,3050,11116983,-;Get panel DClk value : 150.
12-31 16:00:11.140  2845  2845 D MTK_KL  : 4,3051,11157577,-;[MTPMX][_MI_Dispout_GetPanelConfig][503]parser panel name: /vendor/tvconfig/config/panel/PNL_CUSTOMER_DEFAULT.ini.
12-31 16:00:11.160  2845  2845 D MTK_KL  : 4,3052,11174521,-;[MTPMX][_MI_Dispout_GetPanelConfig][527]parser panel parameters panel:m_dwPanelMaxDCLK,164.
12-31 16:00:11.193  3233  3233 D INTER_CA: Get all keys info from /vendor/tvconfig/config/drm/intertaca.ini
12-31 16:00:11.194  3233  3233 D INTER_CA: [1;33m<INTERTA-UT>: Build time:Apr 15 2020, 16:45:43, tag = INTERTEE.01.20200415, commit id = ee8a12e [0m
12-31 16:00:11.194  3233  3233 D INTER_CA: <INTERTA-UT-[;31mERROR[0m>: result:40010(DRM TA) !!
12-31 16:00:11.194  3233  3233 D INTER_CA: <INTERTA-UT-[;31mERROR[0m> !!
12-31 16:00:11.200  2845  2845 D MTK_KL  : 14,3053,11216138,-;init: Service 'intertaca' (pid 2353) exited with status 1
12-31 16:00:11.200  2845  2845 D MTK_KL  : 4,3054,11216715,-;[MTPMX][_MI_Dispout_GetPanelConfig][503]parser panel name: /vendor/tvconfig/config/panel/PNL_CUSTOMER_DEFAULT.ini.
12-31 16:00:11.220  2845  2845 D MTK_KL  : 4,3055,11234635,-;[MTPMX][_MI_Dispout_GetPanelConfig][527]parser panel parameters panel:m_wPanelMaxHTotal,2360.
12-31 16:00:11.272  2845  2845 D MTK_KL  : 4,3056,11287887,-;[MTPMX][_MI_Dispout_GetPanelConfig][503]parser panel name: /vendor/tvconfig/config/panel/PNL_CUSTOMER_DEFAULT.ini.
12-31 16:00:11.288  2845  2845 D MTK_KL  : 4,3057,11305362,-;[MTPMX][_MI_Dispout_GetPanelConfig][527]parser panel parameters panel:m_wPanelMaxVTotal,1200.
12-31 16:00:11.288  2845  2845 D MTK_KL  : 4,3058,11305832,-;Get panel MaxDClk : 164, MaxHTotal : 2360, MaxVTotl : 1200.
12-31 16:00:11.288  2845  2845 D MTK_KL  : 4,3059,11305835,-;Get panel VClkMax value : 57.
12-31 16:00:11.333  2845  2845 D MTK_KL  : 4,3060,11348035,-;[MTPMX][_MI_Dispout_GetPanelConfig][503]parser panel name: /vendor/tvconfig/config/panel/PNL_CUSTOMER_DEFAULT.ini.
12-31 16:00:11.348  2845  2845 D MTK_KL  : 4,3061,11365821,-;[MTPMX][_MI_Dispout_GetPanelConfig][527]parser panel parameters panel:m_dwPanelMinDCLK,120.
12-31 16:00:11.366  2842  2897 W ServiceManager: Service package_native didn't start. Returning NULL
12-31 16:00:11.366  2842  2897 E storaged: getService package_native failed
12-31 16:00:11.368  2715  2715 E         : mtk healthd_board_battery_update
12-31 16:00:11.369  2842  2897 I storaged: storaged: Start
12-31 16:00:11.369  2842  2897 E storaged: getDiskStats failed with result NOT_SUPPORTED and size 0
12-31 16:00:11.372  2845  2845 D MTK_KL  : 12,3062,11386513,-;healthd: battery l=100 v=45000 t=42.4 h=2 st=2 c=1 fc=100 chg=au
12-31 16:00:11.392  2845  2845 D MTK_KL  : 4,3063,11409022,-;[MTPMX][_MI_Dispout_GetPanelConfig][503]parser panel name: /vendor/tvconfig/config/panel/PNL_CUSTOMER_DEFAULT.ini.
12-31 16:00:11.408  2845  2845 D MTK_KL  : 4,3064,11425656,-;[MTPMX][_MI_Dispout_GetPanelConfig][527]parser panel parameters panel:m_wPanelMinHTotal,2020.
12-31 16:00:11.452  2845  2845 D MTK_KL  : 4,3065,11467056,-;[MTPMX][_MI_Dispout_GetPanelConfig][503]parser panel name: /vendor/tvconfig/config/panel/PNL_CUSTOMER_DEFAULT.ini.
12-31 16:00:11.468  2845  2845 D MTK_KL  : 4,3066,11484402,-;[MTPMX][_MI_Dispout_GetPanelConfig][527]parser panel parameters panel:m_wPanelMinVTotal,1090.
12-31 16:00:11.468  2845  2845 D MTK_KL  : 4,3067,11484871,-;Get panel MinDClk : 120, MinHTotal : 2020, MinVTotl : 1090.
12-31 16:00:11.468  2845  2845 D MTK_KL  : 4,3068,11484874,-;Get panel VClkMin value : 54.
12-31 16:00:11.468  2845  2845 D MTK_KL  : 6,3069,11485186,-;<MI3_INFO><<<MI_DISP_SetPictureParam[28840]
12-31 16:00:11.472  2845  2845 D MTK_KL  : 3,3070,11487002,-;[HVD][ERR]MDrv_HVD_EX_GetCodecProfileCapInfo:
12-31 16:00:11.472  2845  2845 D MTK_KL  : 3,3071,11487008,-;GetCodecProfileCapInfo CodecSuportByHashKey fail!! (4 0)
12-31 16:00:11.472  2845  2845 D MTK_KL  : 3,3072,11487012,-;[HVD][ERR]MDrv_HVD_EX_GetCodecProfileCapInfo:
12-31 16:00:11.472  2845  2845 D MTK_KL  : 3,3073,11487014,-;GetCodecProfileCapInfo CodecSuportByHashKey fail!! (5 0)
12-31 16:00:11.472  2845  2845 D MTK_KL  : 3,3074,11487019,-;[HVD][ERR]MDrv_HVD_EX_GetCodecProfileCapInfo:
12-31 16:00:11.472  2845  2845 D MTK_KL  : 3,3075,11487021,-;GetCodecProfileCapInfo CodecSuportByHashKey fail!! (9 0)
12-31 16:00:11.472  2845  2845 D MTK_KL  : 3,3076,11487023,-;[HVD][ERR]MDrv_HVD_EX_GetCodecProfileCapInfo:
12-31 16:00:11.472  2845  2845 D MTK_KL  : 3,3077,11487026,-;GetCodecProfileCapInfo CodecSuportByHashKey fail!! (10 0)
12-31 16:00:11.472  2845  2845 D MTK_KL  : 3,3078,11487032,-;[HVD][ERR]MDrv_HVD_EX_GetCodecProfileCapInfo:
12-31 16:00:11.472  2845  2845 D MTK_KL  : 3,3079,11487034,-;GetCodecProfileCapInfo CodecSuportByHashKey fail!! (15 0)
12-31 16:00:11.472  2845  2845 D MTK_KL  : 3,3080,11487037,-;[HVD][ERR]MDrv_HVD_EX_GetCodecProfileCapInfo:
12-31 16:00:11.472  2845  2845 D MTK_KL  : 3,3081,11487040,-;GetCodecProfileCapInfo CodecSuportByHashKey fail!! (17 0)
