08-29 10:56:31.626  2718  3300 D TV_HAL  : thread_initialize #3789 MTVDECEX_RegCbFunc(MTVDECEX_CB_FUNC_AUTO_DETECT_SRC) priv = -1373466624
08-29 10:56:31.632  2748  3029 D AudioFlinger: isLowRamDevice:true totalMemory:943333376 mClientSharedHeapSize:1048576
08-29 10:56:31.632  2748  3029 E APM::AudioPolicyEngine/PFWWrapper: getForceUse: no criterion found for ForceUseForVibrateRinging
08-29 10:56:31.634  3158  3158 D SystemServerTiming: StartAudioService took to complete: 60ms
08-29 10:56:31.634  3158  3158 I SystemServer: StartDockObserver
08-29 10:56:31.634  3158  3158 I SystemServiceManager: Starting com.android.server.DockObserver
08-29 10:56:31.635  3158  3158 W DockObserver: This kernel does not have dock station support
08-29 10:56:31.636  3158  3158 D SystemServerTiming: StartDockObserver took to complete: 1ms
08-29 10:56:31.636  3158  3158 I SystemServer: StartWiredAccessoryManager
08-29 10:56:31.636  3158  3158 W WiredAccessoryManager: This kernel does not have wired headset support
08-29 10:56:31.636  3158  3158 W WiredAccessoryManager: This kernel does not have usb audio support
08-29 10:56:31.636  3158  3158 W WiredAccessoryManager: This kernel does not have HDMI audio support
08-29 10:56:31.636  3158  3158 D SystemServerTiming: StartWiredAccessoryManager took to complete: 1ms
08-29 10:56:31.636  3158  3158 I SystemServer: StartUsbService
08-29 10:56:31.637  3158  3158 I SystemServiceManager: Starting com.android.server.usb.UsbService$Lifecycle
08-29 10:56:31.638  3158  3158 E UsbDeviceManager: failed to write to /sys/class/android_usb/android0/f_rndis/ethaddr
08-29 10:56:31.639  2355  2355 W hwservicemanager: getTransport: Cannot find entry android.hardware.usb.gadget@1.0::IUsbGadget/default in either framework or device manifest.
08-29 10:56:31.642  3158  3158 I UsbDeviceManager: USB GADGET HAL not present in the device
08-29 10:56:31.642  3158  3158 I UsbDeviceManager: java.util.NoSuchElementException
08-29 10:56:31.642  3158  3158 I UsbDeviceManager: 	at android.os.HwBinder.getService(Native Method)
08-29 10:56:31.642  3158  3158 I UsbDeviceManager: 	at android.hardware.usb.gadget.V1_0.IUsbGadget.getService(IUsbGadget.java:40)
08-29 10:56:31.642  3158  3158 I UsbDeviceManager: 	at android.hardware.usb.gadget.V1_0.IUsbGadget.getService(IUsbGadget.java:44)
08-29 10:56:31.642  3158  3158 I UsbDeviceManager: 	at com.android.server.usb.UsbDeviceManager.<init>(UsbDeviceManager.java:267)
08-29 10:56:31.642  3158  3158 I UsbDeviceManager: 	at com.android.server.usb.UsbService.<init>(UsbService.java:139)
08-29 10:56:31.642  3158  3158 I UsbDeviceManager: 	at com.android.server.usb.UsbService$Lifecycle.onStart(UsbService.java:73)
08-29 10:56:31.642  3158  3158 I UsbDeviceManager: 	at com.android.server.SystemServiceManager.startService(SystemServiceManager.java:126)
08-29 10:56:31.642  3158  3158 I UsbDeviceManager: 	at com.android.server.SystemServiceManager.startService(SystemServiceManager.java:113)
08-29 10:56:31.642  3158  3158 I UsbDeviceManager: 	at com.android.server.SystemServiceManager.startService(SystemServiceManager.java:72)
08-29 10:56:31.642  3158  3158 I UsbDeviceManager: 	at com.android.server.SystemServer.startOtherServices(SystemServer.java:1318)
08-29 10:56:31.642  3158  3158 I UsbDeviceManager: 	at com.android.server.SystemServer.run(SystemServer.java:438)
08-29 10:56:31.642  3158  3158 I UsbDeviceManager: 	at com.android.server.SystemServer.main(SystemServer.java:296)
08-29 10:56:31.642  3158  3158 I UsbDeviceManager: 	at java.lang.reflect.Method.invoke(Native Method)
08-29 10:56:31.642  3158  3158 I UsbDeviceManager: 	at com.android.internal.os.RuntimeInit$MethodAndArgsCaller.run(RuntimeInit.java:493)
08-29 10:56:31.642  3158  3158 I UsbDeviceManager: 	at com.android.internal.os.ZygoteInit.main(ZygoteInit.java:846)
08-29 10:56:31.642  3158  3158 E UsbDeviceManagerJNI: could not open control for mtp No such file or directory
08-29 10:56:31.643  3158  3158 E UsbDeviceManager: Failed to open control for mtp
08-29 10:56:31.643  3158  3158 E UsbDeviceManagerJNI: could not open control for ptp No such file or directory
08-29 10:56:31.643  3158  3158 E UsbDeviceManager: Failed to open control for mtp
08-29 10:56:31.659  3158  3158 W StorageManagerService: No primary storage defined yet; hacking together a stub
08-29 10:56:31.660  3158  3158 E UsbDeviceManagerJNI: could not open /dev/usb_accessory
08-29 10:56:31.663  3158  3158 I android_os_HwBinder: HwBinder: Starting thread pool for default::android.hidl.manager@1.0::IServiceManager
08-29 10:56:31.664  2355  2355 W hwservicemanager: getTransport: Cannot find entry android.hardware.usb@1.0::IUsb/default in either framework or device manifest.
08-29 10:56:31.665  3158  3158 E UsbPortManager: connectToProxy: usb hal service not found. Did the service fail to start?
08-29 10:56:31.665  3158  3158 E UsbPortManager: java.util.NoSuchElementException
08-29 10:56:31.665  3158  3158 E UsbPortManager: 	at android.os.HwBinder.getService(Native Method)
08-29 10:56:31.665  3158  3158 E UsbPortManager: 	at android.os.HwBinder.getService(HwBinder.java:91)
08-29 10:56:31.665  3158  3158 E UsbPortManager: 	at android.hardware.usb.V1_0.IUsb.getService(IUsb.java:48)
08-29 10:56:31.665  3158  3158 E UsbPortManager: 	at android.hardware.usb.V1_0.IUsb.getService(IUsb.java:52)
08-29 10:56:31.665  3158  3158 E UsbPortManager: 	at com.android.server.usb.UsbPortManager.connectToProxy(UsbPortManager.java:531)
08-29 10:56:31.665  3158  3158 E UsbPortManager: 	at com.android.server.usb.UsbPortManager.<init>(UsbPortManager.java:137)
08-29 10:56:31.665  3158  3158 E UsbPortManager: 	at com.android.server.usb.UsbService.<init>(UsbService.java:142)
08-29 10:56:31.665  3158  3158 E UsbPortManager: 	at com.android.server.usb.UsbService$Lifecycle.onStart(UsbService.java:73)
08-29 10:56:31.665  3158  3158 E UsbPortManager: 	at com.android.server.SystemServiceManager.startService(SystemServiceManager.java:126)
08-29 10:56:31.665  3158  3158 E UsbPortManager: 	at com.android.server.SystemServiceManager.startService(SystemServiceManager.java:113)
08-29 10:56:31.665  3158  3158 E UsbPortManager: 	at com.android.server.SystemServiceManager.startService(SystemServiceManager.java:72)
08-29 10:56:31.665  3158  3158 E UsbPortManager: 	at com.android.server.SystemServer.startOtherServices(SystemServer.java:1318)
08-29 10:56:31.665  3158  3158 E UsbPortManager: 	at com.android.server.SystemServer.run(SystemServer.java:438)
08-29 10:56:31.665  3158  3158 E UsbPortManager: 	at com.android.server.SystemServer.main(SystemServer.java:296)
08-29 10:56:31.665  3158  3158 E UsbPortManager: 	at java.lang.reflect.Method.invoke(Native Method)
08-29 10:56:31.665  3158  3158 E UsbPortManager: 	at com.android.internal.os.RuntimeInit$MethodAndArgsCaller.run(RuntimeInit.java:493)
08-29 10:56:31.665  3158  3158 E UsbPortManager: 	at com.android.internal.os.ZygoteInit.main(ZygoteInit.java:846)
08-29 10:56:31.668  3158  3158 D SystemServerTiming: StartUsbService took to complete: 32ms
08-29 10:56:31.668  3158  3158 I SystemServer: StartSerialService
08-29 10:56:31.669  3158  3158 D SystemServerTiming: StartSerialService took to complete: 0ms
08-29 10:56:31.669  3158  3158 I SystemServer: StartHardwarePropertiesManagerService
08-29 10:56:31.670  2355  2355 W hwservicemanager: getTransport: Cannot find entry android.hardware.thermal@1.0::IThermal/default in either framework or device manifest.
08-29 10:56:31.670  3158  3158 E HardwarePropertiesManagerService-JNI: Unable to get Thermal service.
08-29 10:56:31.670  3158  3158 D SystemServerTiming: StartHardwarePropertiesManagerService took to complete: 2ms
08-29 10:56:31.670  3158  3158 I SystemServer: StartTwilightService
08-29 10:56:31.671  3158  3158 I SystemServiceManager: Starting com.android.server.twilight.TwilightService
08-29 10:56:31.671  3158  3158 D SystemServerTiming: StartTwilightService took to complete: 0ms
08-29 10:56:31.671  3158  3158 I SystemServer: StartJobScheduler
08-29 10:56:31.671  3158  3158 I SystemServiceManager: Starting com.android.server.job.JobSchedulerService
08-29 10:56:31.673  3158  3158 I JobStore: Read 0 jobs
08-29 10:56:31.679  3158  3158 D SystemServerTiming: StartJobScheduler took to complete: 8ms
08-29 10:56:31.679  3158  3158 I SystemServer: StartSoundTrigger
08-29 10:56:31.679  3158  3158 I SystemServiceManager: Starting com.android.server.soundtrigger.SoundTriggerService
08-29 10:56:31.680  3158  3158 D SystemServerTiming: StartSoundTrigger took to complete: 1ms
08-29 10:56:31.680  3158  3158 I SystemServer: StartTrustManager
08-29 10:56:31.680  3158  3158 I SystemServiceManager: Starting com.android.server.trust.TrustManagerService
08-29 10:56:31.681  3158  3158 D SystemServerTiming: StartTrustManager took to complete: 1ms
08-29 10:56:31.681  3158  3158 I SystemServer: StartBackupManager
08-29 10:56:31.682  3158  3158 I SystemServiceManager: Starting com.android.server.backup.BackupManagerService$Lifecycle
08-29 10:56:31.683  3158  3158 D SystemServerTiming: StartBackupManager took to complete: 1ms
08-29 10:56:31.683  3158  3158 I SystemServer: StartAppWidgerService
08-29 10:56:31.683  3158  3158 I SystemServiceManager: Starting com.android.server.appwidget.AppWidgetService
08-29 10:56:31.685  3158  3158 D OpenGLRenderer: HWUI GL Pipeline
08-29 10:56:31.690  3158  3158 D SystemServerTiming: StartAppWidgerService took to complete: 8ms
08-29 10:56:31.690  3158  3158 I SystemServer: StartVoiceRecognitionManager
08-29 10:56:31.690  3158  3158 I SystemServiceManager: Starting com.android.server.voiceinteraction.VoiceInteractionManagerService
08-29 10:56:31.691  3158  3158 D SystemServerTiming: StartVoiceRecognitionManager took to complete: 1ms
08-29 10:56:31.691  3158  3158 I SystemServer: StartSensorNotification
08-29 10:56:31.691  3158  3158 I SystemServiceManager: Starting com.android.server.SensorNotificationService
08-29 10:56:31.691  3158  3158 D SystemServerTiming: StartSensorNotification took to complete: 0ms
08-29 10:56:31.691  3158  3158 I SystemServer: StartContextHubSystemService
08-29 10:56:31.691  3158  3158 I SystemServiceManager: Starting com.android.server.ContextHubSystemService
08-29 10:56:31.692  3158  3158 D SystemServerTiming: StartContextHubSystemService took to complete: 0ms
08-29 10:56:31.692  3158  3278 D SystemServerInitThreadPool: Started executing Init ContextHubSystemService
08-29 10:56:31.692  3158  3158 I SystemServer: StartDiskStatsService
08-29 10:56:31.693  2355  2355 W hwservicemanager: getTransport: Cannot find entry android.hardware.contexthub@1.0::IContexthub/default in either framework or device manifest.
08-29 10:56:31.693  3158  3278 I ContextHubService: Context Hub HAL service not found
08-29 10:56:31.693  3158  3278 D SystemServerInitThreadPool: Finished executing Init ContextHubSystemService
08-29 10:56:31.694  3158  3158 D SystemServerTiming: StartDiskStatsService took to complete: 2ms
08-29 10:56:31.694  3158  3158 I SystemServer: StartNetworkTimeUpdateService
08-29 10:56:31.695  3158  3158 D SystemServerTiming: StartNetworkTimeUpdateService took to complete: 2ms
08-29 10:56:31.695  3158  3158 I SystemServer: StartCommonTimeManagementService
08-29 10:56:31.696  3158  3158 D SystemServerTiming: StartCommonTimeManagementService took to complete: 1ms
08-29 10:56:31.696  3158  3158 I SystemServer: CertBlacklister
08-29 10:56:31.697  3158  3158 D SystemServerTiming: CertBlacklister took to complete: 1ms
08-29 10:56:31.697  3158  3158 I SystemServer: StartEmergencyAffordanceService
08-29 10:56:31.697  3158  3158 I SystemServiceManager: Starting com.android.server.emergency.EmergencyAffordanceService
08-29 10:56:31.698  3158  3158 D SystemServerTiming: StartEmergencyAffordanceService took to complete: 0ms
08-29 10:56:31.698  3158  3158 I SystemServer: StartDreamManager
08-29 10:56:31.698  3158  3158 I SystemServiceManager: Starting com.android.server.dreams.DreamManagerService
08-29 10:56:31.699  3158  3158 D SystemServerTiming: StartDreamManager took to complete: 1ms
08-29 10:56:31.699  3158  3158 I SystemServer: AddGraphicsStatsService
08-29 10:56:31.700  3158  3158 D SystemServerTiming: AddGraphicsStatsService took to complete: 2ms
08-29 10:56:31.701  3158  3158 I SystemServer: StartCompanionDeviceManager
08-29 10:56:31.701  3158  3158 I SystemServiceManager: Starting com.android.server.companion.CompanionDeviceManagerService
08-29 10:56:31.703  3158  3158 D SystemServerTiming: StartCompanionDeviceManager took to complete: 2ms
08-29 10:56:31.703  3158  3158 I SystemServer: StartRestrictionManager
08-29 10:56:31.703  3158  3158 I SystemServiceManager: Starting com.android.server.restrictions.RestrictionsManagerService
08-29 10:56:31.704  3158  3158 D SystemServerTiming: StartRestrictionManager took to complete: 1ms
08-29 10:56:31.704  3158  3158 I SystemServer: StartMediaSessionService
08-29 10:56:31.704  3158  3158 I SystemServiceManager: Starting com.android.server.media.MediaSessionService
08-29 10:56:31.707  3158  3158 D SystemServerTiming: StartMediaSessionService took to complete: 3ms
08-29 10:56:31.707  3158  3158 I SystemServer: StartMediaUpdateService
08-29 10:56:31.707  3158  3158 I SystemServiceManager: Starting com.android.server.media.MediaUpdateService
08-29 10:56:31.708  3158  3158 D SystemServerTiming: StartMediaUpdateService took to complete: 0ms
08-29 10:56:31.708  3158  3158 I SystemServer: StartHdmiControlService
08-29 10:56:31.708  3158  3158 I SystemServiceManager: Starting com.android.server.hdmi.HdmiControlService
08-29 10:56:31.715  2717  2717 I CEC_HAL : register_event_callback 
08-29 10:56:31.715  3158  3158 I HdmiControlService: Device does not support MHL-control.
08-29 10:56:31.716  2717  2717 D MTAL    : get_vendor_id 
08-29 10:56:31.716  2717  2717 D CEC_HAL : virtual Port[1],hw port:2,
08-29 10:56:31.716  2717  2717 D CEC_HAL : PhyAddr:4096
08-29 10:56:31.716  2717  2717 D CEC_HAL : virtual Port[2],hw port:1,
08-29 10:56:31.716  2717  2717 D CEC_HAL : PhyAddr:8192
08-29 10:56:31.716  2717  2717 D CEC_HAL : virtual port[1] Cec_support:1,
08-29 10:56:31.716  2717  2717 D CEC_HAL : Arc_support:0
08-29 10:56:31.716  2717  2717 D CEC_HAL : virtual port[2] Cec_support:1,
08-29 10:56:31.716  2717  2717 D CEC_HAL : Arc_support:1
08-29 10:56:31.722  3158  3158 D SystemServerTiming: StartHdmiControlService took to complete: 14ms
08-29 10:56:31.722  3158  3158 I SystemServer: StartMediaResourceMonitor
08-29 10:56:31.722  3158  3158 I SystemServiceManager: Starting com.android.server.media.MediaResourceMonitorService
08-29 10:56:31.722  3158  3158 D SystemServerTiming: StartMediaResourceMonitor took to complete: 1ms
08-29 10:56:31.722  3158  3158 I SystemServer: StartTvRemoteService
08-29 10:56:31.723  3158  3158 I SystemServiceManager: Starting com.android.server.tv.TvRemoteService
08-29 10:56:31.723  3158  3158 D SystemServerTiming: StartTvRemoteService took to complete: 1ms
08-29 10:56:31.723  3158  3158 I SystemServer: StartMediaRouterService
08-29 10:56:31.725  3158  3158 D SystemServerTiming: StartMediaRouterService took to complete: 2ms
08-29 10:56:31.725  3158  3158 I SystemServer: StartBackgroundDexOptService
08-29 10:56:31.725  3158  3158 W BackgroundDexOptService: SysProp pm.dexopt.downgrade_after_inactive_days not set
08-29 10:56:31.726  3158  3158 D SystemServerTiming: StartBackgroundDexOptService took to complete: 1ms
08-29 10:56:31.726  3158  3158 I SystemServer: StartPruneInstantAppsJobService
08-29 10:56:31.727  3158  3158 D SystemServerTiming: StartPruneInstantAppsJobService took to complete: 1ms
08-29 10:56:31.727  3158  3158 I SystemServer: StartShortcutServiceLifecycle
08-29 10:56:31.727  3158  3158 I SystemServiceManager: Starting com.android.server.pm.ShortcutService$Lifecycle
08-29 10:56:31.730  3158  3158 D SystemServerTiming: StartShortcutServiceLifecycle took to complete: 2ms
08-29 10:56:31.730  3158  3158 I SystemServer: StartLauncherAppsService
08-29 10:56:31.730  3158  3158 I SystemServiceManager: Starting com.android.server.pm.LauncherAppsService
08-29 10:56:31.731  3158  3158 D SystemServerTiming: StartLauncherAppsService took to complete: 1ms
08-29 10:56:31.731  3158  3158 I SystemServer: StartCrossProfileAppsService
08-29 10:56:31.731  3158  3158 I SystemServiceManager: Starting com.android.server.pm.CrossProfileAppsService
08-29 10:56:31.731  3158  3158 D SystemServerTiming: StartCrossProfileAppsService took to complete: 1ms
08-29 10:56:31.732  3158  3158 I SystemServer: StartMediaProjectionManager
08-29 10:56:31.732  3158  3158 I SystemServiceManager: Starting com.android.server.media.projection.MediaProjectionManagerService
08-29 10:56:31.734  3158  3158 V MediaRouter: Adding route: RouteInfo{ name=TV, description=null, status=null, category=RouteCategory{ name=System types=ROUTE_TYPE_LIVE_AUDIO ROUTE_TYPE_LIVE_VIDEO  groupable=false }, supportedTypes=ROUTE_TYPE_LIVE_AUDIO ROUTE_TYPE_LIVE_VIDEO , presentationDisplay=null }
08-29 10:56:31.736  3158  3158 V MediaRouter: Selecting route: RouteInfo{ name=TV, description=null, status=null, category=RouteCategory{ name=System types=ROUTE_TYPE_LIVE_AUDIO ROUTE_TYPE_LIVE_VIDEO  groupable=false }, supportedTypes=ROUTE_TYPE_LIVE_AUDIO ROUTE_TYPE_LIVE_VIDEO , presentationDisplay=null }
08-29 10:56:31.737  3158  3158 D SystemServerTiming: StartMediaProjectionManager took to complete: 6ms
08-29 10:56:31.738  3158  3158 I SystemServer: StartSliceManagerService
08-29 10:56:31.738  3158  3158 I SystemServiceManager: Starting com.android.server.slice.SliceManagerService$Lifecycle
08-29 10:56:31.740  3158  3158 D SystemServerTiming: StartSliceManagerService took to complete: 3ms
08-29 10:56:31.740  3158  3158 I SystemServer: StartCameraServiceProxy
08-29 10:56:31.740  3158  3158 I SystemServiceManager: Starting com.android.server.camera.CameraServiceProxy
08-29 10:56:31.743  3158  3158 D SystemServerTiming: StartCameraServiceProxy took to complete: 2ms
08-29 10:56:31.743  3158  3158 I SystemServer: StartStatsCompanionService
08-29 10:56:31.743  3158  3158 I SystemServiceManager: Starting com.android.server.stats.StatsCompanionService$Lifecycle
08-29 10:56:31.744  3158  3158 I KernelUidCpuFreqTimeReader: mPerClusterTimesAvailable=false
08-29 10:56:31.745  2354  2354 E SELinux : avc:  denied  { find } for service=thermalservice pid=3158 uid=1000 scontext=u:r:system_server:s0 tcontext=u:object_r:thermal_service:s0 tclass=service_manager permissive=0
08-29 10:56:31.747  3158  3158 E StatsCompanionService: cannot find thermalservice, no throttling push notifications
08-29 10:56:31.748  3158  3158 D SystemServerTiming: StartStatsCompanionService took to complete: 6ms
08-29 10:56:31.748  3158  3158 I WindowManager: SAFE MODE not enabled
08-29 10:56:31.748  3158  3158 I SystemServer: StartJitCompilation
08-29 10:56:31.748  3158  3158 D SystemServerTiming: StartJitCompilation took to complete: 0ms
08-29 10:56:31.748  3158  3158 I SystemServer: StartMmsService
08-29 10:56:31.749  3158  3158 I SystemServiceManager: Starting com.android.server.MmsServiceBroker
08-29 10:56:31.750  3158  3158 D SystemServerTiming: StartMmsService took to complete: 1ms
08-29 10:56:31.750  3158  3158 I SystemServer: StartAutoFillService
08-29 10:56:31.750  3158  3158 I SystemServiceManager: Starting com.android.server.autofill.AutofillManagerService
08-29 10:56:31.750  3158  3158 I AutofillManagerService: Setting debug to true
08-29 10:56:31.752  3158  3158 D SystemServerTiming: StartAutoFillService took to complete: 3ms
08-29 10:56:31.753  3158  3158 I SystemServer: MakeVibratorServiceReady
08-29 10:56:31.755  3158  3158 D SystemServerTiming: MakeVibratorServiceReady took to complete: 2ms
08-29 10:56:31.755  3158  3158 I SystemServer: MakeLockSettingsServiceReady
08-29 10:56:31.772  2355  2355 W hwservicemanager: getTransport: Cannot find entry android.hardware.weaver@1.0::IWeaver/default in either framework or device manifest.
08-29 10:56:31.772  3158  3158 I SyntheticPasswordManager: Device does not support weaver
08-29 10:56:31.773  2355  2355 W hwservicemanager: getTransport: Cannot find entry android.hardware.authsecret@1.0::IAuthSecret/default in either framework or device manifest.
08-29 10:56:31.773  3158  3158 I LockSettingsService: Device doesn't implement AuthSecret HAL
08-29 10:56:31.775  3158  3158 E LockSettingsStorage: Cannot read file java.io.FileNotFoundException: /data/system/gatekeeper.password.key: open failed: ENOENT (No such file or directory)
08-29 10:56:31.776  3158  3158 E LockSettingsStorage: Cannot read file java.io.FileNotFoundException: /data/system/password.key: open failed: ENOENT (No such file or directory)
08-29 10:56:31.776  3158  3158 E LockSettingsStorage: Cannot read file java.io.FileNotFoundException: /data/system/gatekeeper.pattern.key: open failed: ENOENT (No such file or directory)
08-29 10:56:31.776  3158  3158 E LockSettingsStorage: Cannot read file java.io.FileNotFoundException: /data/system/gatekeeper.gesture.key: open failed: ENOENT (No such file or directory)
08-29 10:56:31.776  3158  3158 E LockSettingsStorage: Cannot read file java.io.FileNotFoundException: /data/system/gesture.key: open failed: ENOENT (No such file or directory)
08-29 10:56:31.776  3158  3158 D SystemServerTiming: MakeLockSettingsServiceReady took to complete: 22ms
08-29 10:56:31.776  3158  3158 I SystemServer: StartBootPhaseLockSettingsReady
08-29 10:56:31.777  3158  3158 I SystemServiceManager: Starting phase 480
08-29 10:56:31.779  3158  3158 D SystemServerTiming: StartBootPhaseLockSettingsReady took to complete: 3ms
08-29 10:56:31.780  3158  3158 I SystemServer: StartBootPhaseSystemServicesReady
08-29 10:56:31.780  3158  3158 I SystemServiceManager: Starting phase 500
08-29 10:56:31.781  3158  3158 D AppStandbyController: Setting app idle enabled state
08-29 10:56:31.790  3158  3158 I VrManagerService: No default vr listener service found.
08-29 10:56:31.803  3158  3158 I WifiService: WifiService starting up with Wi-Fi enabled
08-29 10:56:31.809  3158  3317 I android_os_HwBinder: HwBinder: Starting thread pool for default::android.hidl.manager@1.0::IServiceManager
08-29 10:56:31.811  3158  3330 D HalDevMgr: IWifi registration notification: fqName=android.hardware.wifi@1.0::IWifi, name=default, preexisting=true
08-29 10:56:31.813  3158  3330 I android_os_HwBinder: HwBinder: Starting thread pool for default::android.hardware.wifi@1.0::IWifi
08-29 10:56:31.815  3158  3317 D WificondControl: tearing down interfaces in wificond
08-29 10:56:31.819  3158  3158 D WifiService: setWifiEnabled: true pid=3158, uid=1000, package=android
08-29 10:56:31.819  3158  3158 I WifiService: setWifiEnabled package=android uid=1000 enable=true
08-29 10:56:31.820  3158  3158 I WifiService: WifiService starting up with WiFi-AP disabled
08-29 10:56:31.820  3158  3158 I WifiService: WiFi is enabled , clear WIFIAP_ON state
08-29 10:56:31.820  3158  3158 I WifiScanningService: Starting wifiscanner
08-29 10:56:31.823  3158  3158 I EthernetServiceImpl: Starting Ethernet service
08-29 10:56:31.830  3158  3158 D Ethernet: Registering NetworkFactory
08-29 10:56:31.831  3158  3320 D ConnectivityService: Got NetworkFactory Messenger for Ethernet
08-29 10:56:31.831  3158  3340 D Ethernet: got request NetworkRequest [ REQUEST id=1, [ Capabilities: INTERNET&NOT_RESTRICTED&TRUSTED&NOT_VPN Unwanted: ] ] with score 0
08-29 10:56:31.842  3158  3158 D ZenLog  : config: cleanUpZenRules,ZenModeConfig[user=0,allowAlarms=true,allowMedia=true,allowSystem=false,allowReminders=false,allowEvents=false,allowCalls=true,allowRepeatCallers=true,allowMessages=false,allowCallsFrom=stars,allowMessagesFrom=contacts,suppressedVisualEffects=511,areChannelsBypassingDnd=false,automaticRules={EVENTS_DEFAULT_RULE=ZenRule[enabled=false,snoozing=false,name=Event,zenMode=ZEN_MODE_IMPORTANT_INTERRUPTIONS,conditionId=condition://android/event?userId=-10000&calendar=&reply=1,condition=Condition[id=condition://android/event?userId=-10000&calendar=&reply=1,summary=...,line1=...,line2=...,icon=0,state=STATE_FALSE,flags=2],component=ComponentInfo{android/com.android.server.notification.EventConditionProvider},id=EVENTS_DEFAULT_RULE,creationTime=1630259808786,enabler=null], EVERY_NIGHT_DEFAULT_RULE=ZenRule[enabled=false,snoozing=false,name=Sleeping,zenMode=ZEN_MODE_IMPORTANT_INTERRUPTIONS,conditionId=condition://android/schedule?days=1.2.3.4.5.6.7&start=22.0&end=7.0&exitAtAlarm=true,condition=Condition[id=condition://android/schedule?days=1.2.3.4.5.6.7&start=22.0&end=7.0&exitAtAlarm=true,summary=...,line1=...,line2=...,icon=0,state=STATE_TRUE,flags=2],component=ComponentInfo{android/com.android.server.notification.ScheduleConditionProvider},id=EVERY_NIGHT_DEFAULT_RULE,creationTime=1630259808786,enabler=null]},manualRule=null],Diff[]
08-29 10:56:31.843  3158  3158 D ZenLog  : set_zen_mode: off,onSystemReady
08-29 10:56:31.846  3158  3340 I EthernetTracker: maybeTrackInterface eth0
08-29 10:56:31.847  3158  3158 I AlarmManager: Setting Wakeup Alarm type[3] sPackageName is null @660000 and next wakeup alarm is @Sun Aug 29 10:56:18 PDT 2021
08-29 10:56:31.848  3158  3158 I AlarmManager: Setting Wakeup Alarm type[3] sPackageName is null @660000 and next wakeup alarm is @Sun Aug 29 10:56:18 PDT 2021
08-29 10:56:31.848  2679  2735 D CommandListener: Setting iface cfg
08-29 10:56:31.849  2679  2735 D CommandListener: Trying to bring up eth0
08-29 10:56:31.850  2849  2849 D MTK_KL  : 4,3697,13737296,-;Mstar_emac: MDev_EMAC_open: stat=0x9, stat_sch=0x0
08-29 10:56:31.850  2849  2849 D MTK_KL  : 4,3698,13737302,-;Mstar_emac: napi_enable RX!!!
08-29 10:56:31.850  2849  2849 D MTK_KL  : 6,3699,13737421,-;IPv6: ADDRCONF(NETDEV_UP): eth0: link is not ready
08-29 10:56:31.851  3158  3223 I EthernetTracker: interfaceLinkStateChanged, iface: eth0, up: false
08-29 10:56:31.852  3158  3223 I EthernetTracker: interfaceLinkStateChanged, iface: eth0, up: false
08-29 10:56:31.854  3158  3340 D EthernetTracker: Started tracking interface eth0
08-29 10:56:31.854  3158  3340 D EthernetNetworkFactory: addInterface, iface: eth0, capabilities: [ Transports: ETHERNET Capabilities: NOT_METERED&INTERNET&NOT_RESTRICTED&TRUSTED&NOT_VPN&NOT_ROAMING&NOT_CONGESTED Unwanted:  LinkUpBandwidth>=100000Kbps LinkDnBandwidth>=100000Kbps]
08-29 10:56:31.854  2748  3029 D PermissionCache: checking android.permission.CAPTURE_AUDIO_HOTWORD for uid=1000 => granted (258 us)
08-29 10:56:31.854  3158  3158 W SoundTriggerHelper: listModules status=0, # of modules=0
08-29 10:56:31.856  3158  3158 D ContextHubSystemService: onBootPhase: PHASE_SYSTEM_SERVICES_READY
08-29 10:56:31.860  3158  3158 D SystemServerTiming: StartBootPhaseSystemServicesReady took to complete: 80ms
08-29 10:56:31.860  3158  3158 I SystemServer: MakeWindowManagerServiceReady
08-29 10:56:31.862  3158  3340 D EthernetNetworkFactory: updateCapabilityFilter: [ Transports: ETHERNET Capabilities: NOT_METERED&INTERNET&NOT_RESTRICTED&TRUSTED&NOT_VPN&NOT_ROAMING&NOT_CONGESTED Unwanted:  LinkUpBandwidth>=100000Kbps LinkDnBandwidth>=100000Kbps]
08-29 10:56:31.862  3158  3340 I EthernetTracker: maybeTrackInterface gre0
08-29 10:56:31.863  3158  3340 I EthernetTracker: maybeTrackInterface gretap0
08-29 10:56:31.863  3158  3340 I EthernetTracker: maybeTrackInterface ip6_vti0
08-29 10:56:31.863  3158  3340 I EthernetTracker: maybeTrackInterface ip6gre0
08-29 10:56:31.863  3158  3340 I EthernetTracker: maybeTrackInterface ip6tnl0
08-29 10:56:31.863  3158  3340 I EthernetTracker: maybeTrackInterface ip_vti0
08-29 10:56:31.863  3158  3340 I EthernetTracker: maybeTrackInterface lo
08-29 10:56:31.863  3158  3340 I EthernetTracker: maybeTrackInterface sit0
08-29 10:56:31.863  3158  3340 I EthernetTracker: maybeTrackInterface tunl0
08-29 10:56:31.863  3158  3340 D EthernetNetworkFactory: updateInterfaceLinkState, iface: eth0, up: false
08-29 10:56:31.864  3158  3340 D EthernetNetworkFactory: updateInterfaceLinkState, iface: eth0, up: false
08-29 10:56:31.864  3158  3340 D EthernetNetworkFactory: acceptRequest, request: NetworkRequest [ REQUEST id=1, [ Capabilities: INTERNET&NOT_RESTRICTED&TRUSTED&NOT_VPN Unwanted: ] ], score: 0
08-29 10:56:31.864  3158  3340 I EthernetNetworkFactory: networkForRequest, request: NetworkRequest [ REQUEST id=1, [ Capabilities: INTERNET&NOT_RESTRICTED&TRUSTED&NOT_VPN Unwanted: ] ], network: NetworkInterfaceState{ iface: eth0, up: false, hwAddress: 00:25:92:f5:91:29, networkInfo: [type: Ethernet[], state: UNKNOWN/IDLE, reason: (unspecified), extra: 00:25:92:f5:91:29, failover: false, available: true, roaming: false], networkAgent: null, ipClient: null,linkProperties: {LinkAddresses: []  Routes: [] DnsAddresses: [] UsePrivateDns: false PrivateDnsServerName: null Domains: null MTU: 0ServerAddress: null}}
08-29 10:56:31.864  3158  3340 I EthernetNetworkFactory: networkForRequest, request: NetworkRequest [ REQUEST id=1, [ Capabilities: INTERNET&NOT_RESTRICTED&TRUSTED&NOT_VPN Unwanted: ] ], network: NetworkInterfaceState{ iface: eth0, up: false, hwAddress: 00:25:92:f5:91:29, networkInfo: [type: Ethernet[], state: UNKNOWN/IDLE, reason: (unspecified), extra: 00:25:92:f5:91:29, failover: false, available: true, roaming: false], networkAgent: null, ipClient: null,linkProperties: {LinkAddresses: []  Routes: [] DnsAddresses: [] UsePrivateDns: false PrivateDnsServerName: null Domains: null MTU: 0ServerAddress: null}}
08-29 10:56:31.866  3158  3340 D EthernetNetworkFactory: ignore start Network due to eth0 is not running
08-29 10:56:31.868  3158  3158 I android_os_HwBinder: HwBinder: Starting thread pool for default::android.hardware.configstore@1.0::ISurfaceFlingerConfigs
08-29 10:56:31.869  3158  3158 D SystemServerTiming: MakeWindowManagerServiceReady took to complete: 8ms
08-29 10:56:31.872  3158  3158 I SystemServer: MakePowerManagerServiceReady
08-29 10:56:31.884  3158  3219 E KernelCpuSpeedReader: Failed to read cpu-freq: /sys/devices/system/cpu/cpu0/cpufreq/stats/time_in_state (No such file or directory)
08-29 10:56:31.887  3158  3227 W KeyguardServiceDelegate: onScreenTurningOn(): no keyguard service!
08-29 10:56:31.890  3158  3317 D WifiStateMachinePrime: received a message in WifiDisabledState: { when=0 what=3 target=com.android.internal.util.StateMachine$SmHandler }
08-29 10:56:31.890  3158  3316 D WifiController: WifiController msg { when=-71ms what=155656 target=com.android.internal.util.StateMachine$SmHandler } deferred for 500ms
08-29 10:56:31.890  3158  3317 D WifiStateMachinePrime: Switching from WifiDisabledState to WifiDisabled
08-29 10:56:31.890  3158  3317 D WifiStateMachinePrime: Entering WifiDisabledState
08-29 10:56:31.890  3158  3317 D ActiveModeManager: sending scan available broadcast: false
08-29 10:56:31.894  3158  3158 D SystemServerTiming: MakePowerManagerServiceReady took to complete: 21ms
08-29 10:56:31.894  3158  3158 I SystemServer: MakePackageManagerServiceReady
08-29 10:56:31.961  3158  3158 V UserDataPreparer: Found /data/user_de/0 with serial number 0
08-29 10:56:31.961  3158  3158 V UserDataPreparer: Found /data/user/0 with serial number 0
08-29 10:56:31.961  3158  3158 V UserDataPreparer: Found /data/system_de/0 with serial number 0
08-29 10:56:31.961  3158  3158 V UserDataPreparer: Found /data/system_ce/0 with serial number 0
08-29 10:56:31.961  3158  3158 V UserDataPreparer: Found /data/misc_ce/0 with serial number 0
08-29 10:56:31.962  3158  3158 D SystemServerTiming: MakePackageManagerServiceReady took to complete: 69ms
08-29 10:56:31.962  3158  3158 I SystemServer: MakeDisplayManagerServiceReady
08-29 10:56:31.962  3158  3158 D SystemServerTiming: MakeDisplayManagerServiceReady took to complete: 0ms
08-29 10:56:31.962  3158  3158 I SystemServer: StartDeviceSpecificServices
08-29 10:56:31.962  3158  3158 D SystemServerTiming: StartDeviceSpecificServices took to complete: 0ms
08-29 10:56:31.962  3158  3158 I SystemServer: StartBootPhaseDeviceSpecificServicesReady
08-29 10:56:31.962  3158  3158 I SystemServiceManager: Starting phase 520
08-29 10:56:31.963  3158  3158 D SystemServerTiming: StartBootPhaseDeviceSpecificServicesReady took to complete: 1ms
08-29 10:56:31.964  3158  3158 W UsageStatsService: Event reported without a package name
08-29 10:56:31.971  3158  3158 I ActivityManager: System now ready
08-29 10:56:31.974  3158  3158 I ActivityManager: Config changes=100 {1.0 ?mcc?mnc [en_US] ldltr sw720dp w1280dp h720dp 240dpi xlrg long hdr land television -touch -keyb/v/h dpad/v winConfig={ mBounds=Rect(0, 0 - 0, 0) mAppBounds=Rect(0, 0 - 1920, 1080) mWindowingMode=fullscreen mActivityType=undefined} s.4}
08-29 10:56:31.977  3158  3158 I ActivityManager: Override config changes=100 {1.0 ?mcc?mnc [en_US] ldltr sw720dp w1280dp h720dp 240dpi xlrg long hdr land television -touch -keyb/v/h dpad/v winConfig={ mBounds=Rect(0, 0 - 1920, 1080) mAppBounds=Rect(0, 0 - 1920, 1080) mWindowingMode=fullscreen mActivityType=undefined} s.4} for displayId=0
08-29 10:56:31.990  3158  3225 I ActivityManager: Config changes=100 {1.0 ?mcc?mnc [en_US] ldltr sw720dp w1280dp h720dp 240dpi xlrg long hdr land television -touch -keyb/v/h dpad/v winConfig={ mBounds=Rect(0, 0 - 0, 0) mAppBounds=Rect(0, 0 - 1920, 1080) mWindowingMode=fullscreen mActivityType=undefined} s.5}
08-29 10:56:31.995  3158  3225 I ActivityManager: Override config changes=100 {1.0 ?mcc?mnc [en_US] ldltr sw720dp w1280dp h720dp 240dpi xlrg long hdr land television -touch -keyb/v/h dpad/v winConfig={ mBounds=Rect(0, 0 - 1920, 1080) mAppBounds=Rect(0, 0 - 1920, 1080) mWindowingMode=fullscreen mActivityType=undefined} s.5} for displayId=0
08-29 10:56:32.005  3158  3158 I SystemServer: Making services ready
08-29 10:56:32.005  3158  3158 I SystemServer: StartActivityManagerReadyPhase
08-29 10:56:32.005  3158  3158 I SystemServiceManager: Starting phase 550
08-29 10:56:32.008  3158  3158 W ActivityManager: Unable to start service Intent { act=com.android.ITelecomService cmp=com.android.server.telecom/.components.TelecomService } U=0: not found
08-29 10:56:32.035  3158  3158 D BluetoothManagerService: Bluetooth boot completed
08-29 10:56:32.036  3158  3158 D BluetoothManagerService: Auto-enabling Bluetooth.
08-29 10:56:32.036  3158  3224 D BluetoothManagerService: MESSAGE_ENABLE(0): mBluetooth = null
08-29 10:56:32.052  3158  3217 I ActivityManager: Start proc 3346:com.android.bluetooth/1002 for service com.android.bluetooth/.btservice.AdapterService
08-29 10:56:32.090  3158  3294 D StorageManagerService: Thinking about init, mSystemReady=true, mDaemonConnected=true
08-29 10:56:32.090  3158  3294 D StorageManagerService: Setting up emulation state, initlocked=false
08-29 10:56:32.091  2562  2584 D vold    : e4crypt_unlock_user_key 0 serial=0 token_present=0
08-29 10:56:32.091  3158  3294 D StorageManagerService: Thinking about reset, mSystemReady=true, mDaemonConnected=true
08-29 10:56:32.092  3158  3158 D SystemServerTiming: StartActivityManagerReadyPhase took to complete: 88ms
08-29 10:56:32.092  3158  3158 I SystemServer: StartObservingNativeCrashes
08-29 10:56:32.093  3158  3158 D SystemServerTiming: StartObservingNativeCrashes took to complete: 0ms
08-29 10:56:32.093  3158  3158 I SystemServer: StartSystemUI
08-29 10:56:32.093  3158  3279 D SystemServerInitThreadPool: Started executing WebViewFactoryPreparation
08-29 10:56:32.093  3158  3279 I SystemServer: WebViewFactoryPreparation
08-29 10:56:32.094  3158  3158 D ContextImpl: start service class is com.android.systemui.SystemUIService
08-29 10:56:32.094  2722  2722 D audio_hw_primary: adev_set_parameters: A2dpSuspended=false
08-29 10:56:32.095  2722  2722 I voc_hw_primary: adev_set_parameters[294]: A2dpSuspended=false
08-29 10:56:32.097  3158  3328 I AudioService: setBluetoothScoOnInt: false resetBluetoothSco
08-29 10:56:32.097  2722  2722 D audio_hw_primary: adev_set_parameters: BT_SCO=off
08-29 10:56:32.099  3158  3188 V StorageManagerService: Found primary storage at VolumeInfo{emulated}:
08-29 10:56:32.099  3158  3188 V StorageManagerService:     type=EMULATED diskId=null partGuid= mountFlags=0 mountUserId=-1 
08-29 10:56:32.099  3158  3188 V StorageManagerService:     state=UNMOUNTED 
08-29 10:56:32.099  3158  3188 V StorageManagerService:     fsType=null fsUuid=null fsLabel=null 
08-29 10:56:32.099  3158  3188 V StorageManagerService:     path=null internalPath=null 
08-29 10:56:32.101  2722  2722 I voc_hw_primary: adev_set_parameters[294]: BT_SCO=off
08-29 10:56:32.105  3158  3328 D BluetoothManagerService: Creating new ProfileServiceConnections object for profile: 1
08-29 10:56:32.108  3158  3328 E BluetoothManagerService: Fail to bind to: Intent { act=android.bluetooth.IBluetoothHeadset }
08-29 10:56:32.108  3158  3328 W BluetoothManagerService: Unable to bind with intent: Intent { act=android.bluetooth.IBluetoothHeadset }
08-29 10:56:32.114  3158  3215 I ActivityManager: Force stopping com.android.providers.media appid=10003 user=-1: vold reset
08-29 10:56:32.116  3158  3217 I ActivityManager: Start proc 3363:com.android.inputmethod.latin/u0a36 for service com.android.inputmethod.latin/.LatinIME
08-29 10:56:32.118  3158  3279 D WebViewLibraryLoader: Setting new address space to 104857600
08-29 10:56:32.120  3158  3360 D UsbHostManager: USB device attached: vidpid 0bda:d723 mfg/product/ver/serial Realtek/802.11n WLAN Adapter/2.00/00e04c000001 hasAudio/HID/Storage: false/false/false
08-29 10:56:32.122  3158  3360 D UsbDeviceDescriptor:   1 configs
08-29 10:56:32.128  3158  3360 D UsbHostManager: Added device UsbDevice[mName=/dev/bus/usb/004/002,mVendorId=3034,mProductId=55075,mClass=239,mSubclass=2,mProtocol=1,mManufacturerName=Realtek,mProductName=802.11n WLAN Adapter,mVersion=2.00,mSerialNumber=00e04c000001,mConfigurations=[
08-29 10:56:32.128  3158  3360 D UsbHostManager: UsbConfiguration[mId=1,mName=null,mAttributes=224,mMaxPower=250,mInterfaces=[
08-29 10:56:32.128  3158  3360 D UsbHostManager: UsbInterface[mId=0,mAlternateSetting=0,mName=Bluetooth Radio,mClass=224,mSubclass=1,mProtocol=1,mEndpoints=[
08-29 10:56:32.128  3158  3360 D UsbHostManager: UsbEndpoint[mAddress=129,mAttributes=3,mMaxPacketSize=16,mInterval=4]
08-29 10:56:32.128  3158  3360 D UsbHostManager: UsbEndpoint[mAddress=2,mAttributes=2,mMaxPacketSize=512,mInterval=0]
08-29 10:56:32.128  3158  3360 D UsbHostManager: UsbEndpoint[mAddress=130,mAttributes=2,mMaxPacketSize=512,mInterval=0]]
08-29 10:56:32.128  3158  3360 D UsbHostManager: UsbInterface[mId=1,mAlternateSetting=0,mName=Bluetooth Radio,mClass=224,mSubclass=1,mProtocol=1,mEndpoints=[
08-29 10:56:32.128  3158  3360 D UsbHostManager: UsbEndpoint[mAddress=3,mAttributes=1,mMaxPacketSize=0,mInterval=4]
08-29 10:56:32.128  3158  3360 D UsbHostManager: UsbEndpoint[mAddress=131,mAttributes=1,mMaxPacketSize=0,mInterval=4]]
08-29 10:56:32.128  3158  3360 D UsbHostManager: UsbInterface[mId=1,mAlternateSetting=1,mName=Bluetooth Radio,mClass=224,mSubclass=1,mProtocol=1,mEndpoints=[
08-29 10:56:32.128  3158  3360 D UsbHostManager: UsbEndpoint[mAddress=3,mAttributes=1,mMaxPacketSize=9,mInterval=4]
08-29 10:56:32.128  3158  3360 D UsbHostManager: UsbEndpoint[mAddress=131,mAttributes=1,mMaxPacketSize=9,mInterval=4]]
08-29 10:56:32.128  3158  3360 D UsbHostManager: UsbInterface[mId=1,mAlternateSetting=2,mName=Bluetooth Radio,mClass=224,mSubclass=1,mProtocol=1,mEndpoints=[
08-29 10:56:32.128  3158  3360 D UsbHostManager: UsbEndpoint[mAddress=3,mAttributes=1,mMaxPacketSize=17,mInterval=4]
08-29 10:56:32.128  3158  3360 D UsbHostManager: UsbEndpoint[mAddress=131,mAttributes=1,mMaxPacketSize=17,mInterval=4]]
08-29 10:56:32.128  3158  3360 D UsbHostManager: UsbInterface[mId=1,mAlternateSetting=3,mName=Bluetooth Radio,mClass=224,mSubclass=1,mProtocol=1,mEndpoints=[
08-29 10:56:32.128  3158  3360 D UsbHostManager: UsbEndpoint[mAddress=3,mAttributes=1,mMaxPacketSize=25,mInterval=4]
08-29 10:56:32.128  3158  3360 D UsbHostManager: UsbEndpoint[mAddress=131,mAttributes=1,mMaxPacketSize=25,mInterval=4]]
08-29 10:56:32.128  3158  3360 D UsbHostManager: UsbInterface[mId=1,mAlternateSetting=4,mName=Bluetooth Radio,mClass=224,mSubclass=1,mProtocol=1,mEndpoints=[
08-29 10:56:32.128  3158  3360 D UsbHostManager: UsbEndpoint[mAddress=3,mAttributes=1,mMaxPacketSize=33,mInterval=4]
08-29 10:56:32.128  3158  3360 D UsbHostManager: UsbEndpoint[mAddress=131,mAttributes=1,mMaxPacketSize=33,mInterval=4]]
08-29 10:56:32.128  3158  3360 D UsbHostManager: UsbInterface[mId=1,mAlternateSetting=5,mName=Bluetooth Radio,mClass=224,mSubclass=1,mProtocol=1,mEndpoints=[
08-29 10:56:32.128  3158  3360 D UsbHostManager: UsbEndpoint[mAddress=3,mAttributes=1,mMaxPacketSize=49,mInterval=4]
08-29 10:56:32.128  3158  3360 D UsbHostManager: UsbEndpoint[mAddress=131,mAttributes=1,mMaxPacketSize=49,mInterval=4]]
08-29 10:56:32.128  3158  3360 D UsbHostManager: UsbInterface[mId=2,mAlternateSetting=0,mName=802.11n WLAN Adapter,mClass=255,mSubclass=255,mProtocol=255,mEndpoints=[
08-29 10:56:32.128  3158  3360 D UsbHostManager: UsbEndpoint[mAddress=132,mAttributes=2,mMaxPacketSize=512,mInterval=0]
08-29 10:56:32.128  3158  3360 D UsbHostManager: UsbEndpoint[mAddress=5,mAttributes=2,mMaxPacketSize=512,mInterval=0]
08-29 10:56:32.128  3158  3360 D UsbHostManager: UsbEndpoint[mAddress=6,mAttributes=2,mMaxPacketSize=512,mInterval=0]
08-29 10:56:32.128  3158  3360 D UsbHostManager: UsbEndpoint[mAddress=135,mAttributes=3,mMaxPacketSize=64,mInterval=3]
08-29 10:56:32.128  3158  3360 D UsbHostManager: UsbEndpoint[mAddress=8,mAttributes=2,mMaxPacketSize=512,mInterval=0]
08-29 10:56:32.128  3158  3360 D UsbHostManager: UsbEndpoint[mAddress=9,mAttributes=2,mMaxPacketSize=512,mInterval=0]]]]
08-29 10:56:32.133  3158  3279 D SystemServerTimingAsync: WebViewFactoryPreparation took to complete: 39ms
08-29 10:56:32.133  3158  3279 D SystemServerInitThreadPool: Finished executing WebViewFactoryPreparation
08-29 10:56:32.135  3158  3158 W ActivityManager: Unable to start service Intent { flg=0x100 cmp=com.android.systemui/.keyguard.KeyguardService } U=0: not found
08-29 10:56:32.135  3158  3158 V KeyguardServiceDelegate: *** Keyguard: can't bind to ComponentInfo{com.android.systemui/com.android.systemui.keyguard.KeyguardService}
08-29 10:56:32.135  3158  3158 D SystemServerTiming: StartSystemUI took to complete: 42ms
08-29 10:56:32.135  3158  3158 I SystemServer: MakeNetworkManagementServiceReady
08-29 10:56:32.135  3158  3158 D NetworkManagement: enabling bandwidth control
08-29 10:56:32.136  3158  3216 D WindowManager: boot not completed yet
08-29 10:56:32.136  3158  3216 D WindowManager: not ready,delay 1000 bind hotkey service
08-29 10:56:32.141  3346  3346 I droid.bluetoot: The ClassLoaderContext is a special shared library.
08-29 10:56:32.142  3158  3328 E BluetoothHearingAid: Could not bind to Bluetooth Hearing Aid Service with Intent { act=android.bluetooth.IBluetoothHearingAid }
08-29 10:56:32.144  2562  2584 V vold    : Waiting for FUSE to spin up...
08-29 10:56:32.147  2748  2748 I AudioFlinger: systemReady
08-29 10:56:32.162  3346  3346 I droid.bluetoot: The ClassLoaderContext is a special shared library.
08-29 10:56:32.164  3158  3217 I ActivityManager: Start proc 3382:com.android.systemui/u0a20 for service com.android.systemui/.SystemUIService
08-29 10:56:32.180  3377  3377 W sdcard  : Device explicitly enabled sdcardfs
08-29 10:56:32.182  2849  2849 D MTK_KL  : 6,3700,14069180,-;sdcardfs version 2.0
08-29 10:56:32.182  2849  2849 D MTK_KL  : 6,3701,14069187,-;sdcardfs: dev_name -> /data/media
08-29 10:56:32.182  2849  2849 D MTK_KL  : 6,3702,14069190,-;sdcardfs: options -> fsuid=1023,fsgid=1023,multiuser,derive_gid,default_normal,mask=6,userid=0,gid=1015
08-29 10:56:32.182  2849  2849 D MTK_KL  : 6,3703,14069194,-;sdcardfs: mnt -> c831b810
08-29 10:56:32.182  2849  2849 D MTK_KL  : 6,3704,14069236,-;sdcardfs: mounted on top of /data/media type ext4
08-29 10:56:32.184  3158  3158 W NetworkManagement: setDataSaverMode(): already false
08-29 10:56:32.186  2849  2849 D MTK_KL  : 6,3705,14071857,-;Remount options were mask=23,gid=9997 for vfsmnt c71e6010.
08-29 10:56:32.186  2849  2849 D MTK_KL  : 6,3706,14071867,-;sdcardfs : options - debug:1
08-29 10:56:32.186  2849  2849 D MTK_KL  : 6,3707,14071870,-;sdcardfs : options - gid:9997
08-29 10:56:32.186  2849  2849 D MTK_KL  : 6,3708,14071872,-;sdcardfs : options - mask:23
08-29 10:56:32.186  2849  2849 D MTK_KL  : 6,3709,14072120,-;Remount options were mask=7,gid=9997 for vfsmnt c71e6610.
08-29 10:56:32.186  2849  2849 D MTK_KL  : 6,3710,14072126,-;sdcardfs : options - debug:1
08-29 10:56:32.186  2849  2849 D MTK_KL  : 6,3711,14072128,-;sdcardfs : options - gid:9997
08-29 10:56:32.186  2849  2849 D MTK_KL  : 6,3712,14072130,-;sdcardfs : options - mask:7
08-29 10:56:32.187  3158  3158 D SystemServerTiming: MakeNetworkManagementServiceReady took to complete: 51ms
08-29 10:56:32.187  3158  3158 I SystemServer: MakeIpSecServiceReady
08-29 10:56:32.188  3158  3217 W ActivityManager: Slow operation: 57ms so far, now at startProcess: returned from zygote!
08-29 10:56:32.188  3158  3217 W ActivityManager: Slow operation: 57ms so far, now at startProcess: done updating battery stats
08-29 10:56:32.189  3158  3217 W ActivityManager: Slow operation: 57ms so far, now at startProcess: building log message
08-29 10:56:32.189  3158  3217 I ActivityManager: Start proc 3399:WebViewLoader-armeabi-v7a/1037 [android.webkit.WebViewLibraryLoader$RelroFileCreator] for 
08-29 10:56:32.189  3158  3217 W ActivityManager: Slow operation: 58ms so far, now at startProcess: starting to update pids map
08-29 10:56:32.189  3158  3217 W ActivityManager: Slow operation: 58ms so far, now at startProcess: done updating pids map
08-29 10:56:32.190  3158  3158 D IpSecService: IpSecService is ready
08-29 10:56:32.190  3158  3158 D SystemServerTiming: MakeIpSecServiceReady took to complete: 3ms
08-29 10:56:32.190  3158  3158 I SystemServer: MakeNetworkStatsServiceReady
08-29 10:56:32.190  3158  3219 E BatteryExternalStatsWorker: no controller energy info supplied for wifi
08-29 10:56:32.190  3158  3219 E BatteryExternalStatsWorker: no controller energy info supplied for telephony
08-29 10:56:32.194  3158  3158 W BestClock: java.time.DateTimeException: Missing NTP fix
08-29 10:56:32.209  3158  3158 I AlarmManager: Change Wakeup Alarm type to non Wakeup type, current type=[3] packageName = android @14092 and next wakeup alarm is @Sun Aug 29 10:56:18 PDT 2021
08-29 10:56:32.209  3158  3158 I AlarmManager: Setting Wakeup Alarm type[3] for android @14092 and next wakeup alarm is @Sun Aug 29 10:56:18 PDT 2021
08-29 10:56:32.215  3158  3158 D SystemServerTiming: MakeNetworkStatsServiceReady took to complete: 26ms
08-29 10:56:32.215  3158  3158 I SystemServer: MakeConnectivityServiceReady
08-29 10:56:32.217  3158  3158 D PermissionMonitor: Monitoring
08-29 10:56:32.219  3158  3340 D Ethernet: got request NetworkRequest [ BACKGROUND_REQUEST id=2, [ Transports: CELLULAR Capabilities: INTERNET&NOT_RESTRICTED&TRUSTED&NOT_VPN Unwanted: ] ] with score 0
08-29 10:56:32.222  3158  3183 I system_server: Background concurrent copying GC freed 15811(947KB) AllocSpace objects, 7(220KB) LOS objects, 19% free, 5MB/6MB, paused 157us total 160.917ms
08-29 10:56:32.230  3158  3314 W NetworkPolicy: setRestrictBackgroundUL: already false
08-29 10:56:32.233  3363  3363 I putmethod.lati: The ClassLoaderContext is a special shared library.
08-29 10:56:32.245  3363  3363 I putmethod.lati: The ClassLoaderContext is a special shared library.
08-29 10:56:32.255  3382  3382 I ndroid.systemu: The ClassLoaderContext is a special shared library.
08-29 10:56:32.290  3158  3158 D PermissionMonitor: Users: 1, Apps: 46
08-29 10:56:32.290  2849  2849 D MTK_KL  : 0,3713,14174474,-;[IMPL] HDMI Port:0 Pull CLK & HPD high
08-29 10:56:32.292  3158  3378 W ActivityManager: Slow operation: 51ms so far, now at attachApplicationLocked: after mServices.attachApplicationLocked
08-29 10:56:32.297  2843  2930 E linker  : library "/system/lib/extractors/.." ("/system/lib") needed or dlopened by "/system/lib/libstagefright.so" is not accessible for the namespace: [name="(default)", ld_library_paths="", default_library_paths="/system/lib:/system/product/lib", permitted_paths="/system/lib/drm:/system/lib/extractors:/system/lib/hw:/system/product/lib:/system/framework:/system/app:/system/priv-app:/vendor/framework:/vendor/app:/vendor/priv-app:/odm/framework:/odm/app:/odm/priv-app:/oem/app:/system/product/framework:/system/product/app:/system/product/priv-app:/data:/mnt/expand"]
08-29 10:56:32.297  2843  2930 W MediaExtractorFactory: couldn't dlopen(/system/lib/extractors/..) No such file or directory
08-29 10:56:32.298  3158  3158 D SystemServerTiming: MakeConnectivityServiceReady took to complete: 83ms
08-29 10:56:32.298  3158  3158 I SystemServer: MakeNetworkPolicyServiceReady
08-29 10:56:32.298  3158  3378 W ActivityManager: Slow operation: 57ms so far, now at attachApplicationLocked: after updateOomAdjLocked
08-29 10:56:32.306  3399  3399 V WebViewLibraryLoader: RelroFileCreator (64bit = false), lib: /system/app/webview/webview.apk!/lib/armeabi-v7a/libwebviewchromium.so
08-29 10:56:32.320  3158  3314 W BestClock: java.time.DateTimeException: Missing NTP fix
08-29 10:56:32.327  3158  3158 D SystemServerTiming: MakeNetworkPolicyServiceReady took to complete: 28ms
08-29 10:56:32.327  3158  3158 I SystemServer: StartWatchdog
08-29 10:56:32.327  3158  3158 D SystemServerTiming: StartWatchdog took to complete: 0ms
08-29 10:56:32.327  3158  3158 I SystemServer: PhaseThirdPartyAppsCanStart
08-29 10:56:32.327  3158  3158 I SystemServiceManager: Starting phase 600
08-29 10:56:32.328  3346  3346 V AdapterServiceConfig: Adding A2dpService
08-29 10:56:32.329  3346  3346 V AdapterServiceConfig: Adding A2dpSinkService
08-29 10:56:32.329  3346  3346 V AdapterServiceConfig: Adding HidHostService
08-29 10:56:32.329  3346  3346 V AdapterServiceConfig: Adding GattService
08-29 10:56:32.329  3346  3346 V AdapterServiceConfig: Adding AvrcpTargetService
08-29 10:56:32.330  3346  3346 V AdapterServiceConfig: Adding AvrcpControllerService
