12-31 16:00:08.017  2849  2849 D MTK_KL  : 4,2739,8025362,-;01: 06 1A 01 03 80 00 00 78 0A D7 A5 A2 59 4A 96 24
12-31 16:00:08.017  2849  2849 D MTK_KL  : 4,2740,8025368,-;02: 14 50 54 A3 08 00 D1 C0 B3 00 81 00 81 80 81 40
12-31 16:00:08.017  2849  2849 D MTK_KL  : 4,2741,8025373,-;03: 81 C0 01 01 01 01 02 3A 80 18 71 38 2D 40 58 2C
12-31 16:00:08.017  2849  2849 D MTK_KL  : 4,2742,8025379,-;04: 45 00 3F 43 21 00 00 1A 02 3A 80 18 71 38 2D 40
12-31 16:00:08.017  2849  2849 D MTK_KL  : 4,2743,8025384,-;05: 58 2C 45 00 3F 43 21 00 00 1A 00 00 00 FD 00 1E
12-31 16:00:08.017  2849  2849 D MTK_KL  : 4,2744,8025390,-;06: 4C 1E 5A 1E 00 0A 20 20 20 20 20 20 00 00 00 FC
12-31 16:00:08.017  2849  2849 D MTK_KL  : 4,2745,8025395,-;07: 00 41 41 41 0A 20 20 20 20 20 20 20 20 20 01 2A
12-31 16:00:08.017  2849  2849 D MTK_KL  : 4,2746,8025400,-;08: 02 03 2A 71 50 90 05 04 03 07 02 06 01 1F 14 13
12-31 16:00:08.017  2849  2849 D MTK_KL  : 4,2747,8025406,-;09: 12 16 11 15 20 29 09 07 03 15 07 50 57 07 00 66
12-31 16:00:08.017  2849  2849 D MTK_KL  : 4,2748,8025411,-;0A: 03 0C 00 10 00 00 83 01 00 00 01 1D 00 72 51 D0
12-31 16:00:08.017  2849  2849 D MTK_KL  : 4,2749,8025416,-;0B: 1E 20 6E 28 55 00 C4 8E 21 00 00 1E 01 1D 80 18
12-31 16:00:08.017  2849  2849 D MTK_KL  : 4,2750,8025422,-;0C: 71 1C 16 20 58 2C 25 00 C4 8E 21 00 00 9E 8C 0A
12-31 16:00:08.017  2849  2849 D MTK_KL  : 4,2751,8025427,-;0D: D0 8A 20 E0 2D 10 10 3E 96 00 13 8E 21 00 00 18
12-31 16:00:08.017  2849  2849 D MTK_KL  : 4,2752,8025432,-;0E: 00 00 00 00 00 00 00 00 00 00 00 00 00 00 00 00
12-31 16:00:08.017  2849  2849 D MTK_KL  : 4,2753,8025437,-;0F: 00 00 00 00 00 00 00 00 00 00 00 00 00 00 00 18
12-31 16:00:08.017  2849  2849 D MTK_KL  : 4,2754,8025439,-;\x0aHDMI Port:1 EDID:
12-31 16:00:08.017  2849  2849 D MTK_KL  : 4,2755,8025445,-;00: 00 FF FF FF FF FF FF 00 63 18 00 00 00 00 00 00
12-31 16:00:08.017  2849  2849 D MTK_KL  : 4,2756,8025450,-;01: 06 1A 01 03 80 00 00 78 0A D7 A5 A2 59 4A 96 24
12-31 16:00:08.017  2849  2849 D MTK_KL  : 4,2757,8025455,-;02: 14 50 54 A3 08 00 D1 C0 B3 00 81 00 81 80 81 40
12-31 16:00:08.017  2849  2849 D MTK_KL  : 4,2758,8025461,-;03: 81 C0 01 01 01 01 02 3A 80 18 71 38 2D 40 58 2C
12-31 16:00:08.017  2849  2849 D MTK_KL  : 4,2759,8025466,-;04: 45 00 3F 43 21 00 00 1A 02 3A 80 18 71 38 2D 40
12-31 16:00:08.017  2849  2849 D MTK_KL  : 4,2760,8025472,-;05: 58 2C 45 00 3F 43 21 00 00 1A 00 00 00 FD 00 1E
12-31 16:00:08.017  2849  2849 D MTK_KL  : 4,2761,8025477,-;06: 4C 1E 5A 1E 00 0A 20 20 20 20 20 20 00 00 00 FC
12-31 16:00:08.017  2849  2849 D MTK_KL  : 4,2762,8025482,-;07: 00 41 41 41 0A 20 20 20 20 20 20 20 20 20 01 2A
12-31 16:00:08.017  2849  2849 D MTK_KL  : 4,2763,8025488,-;08: 02 03 2A 71 50 90 05 04 03 07 02 06 01 1F 14 13
12-31 16:00:08.017  2849  2849 D MTK_KL  : 4,2764,8025493,-;09: 12 16 11 15 20 29 09 07 03 15 07 50 57 07 00 66
12-31 16:00:08.017  2849  2849 D MTK_KL  : 4,2765,8025498,-;0A: 03 0C 00 10 00 00 83 01 00 00 01 1D 00 72 51 D0
12-31 16:00:08.017  2849  2849 D MTK_KL  : 4,2766,8025504,-;0B: 1E 20 6E 28 55 00 C4 8E 21 00 00 1E 01 1D 80 18
12-31 16:00:08.018  2849  2849 D MTK_KL  : 4,2767,8025509,-;0C: 71 1C 16 20 58 2C 25 00 C4 8E 21 00 00 9E 8C 0A
12-31 16:00:08.018  2849  2849 D MTK_KL  : 4,2768,8025514,-;0D: D0 8A 20 E0 2D 10 10 3E 96 00 13 8E 21 00 00 18
12-31 16:00:08.018  2849  2849 D MTK_KL  : 4,2769,8025519,-;0E: 00 00 00 00 00 00 00 00 00 00 00 00 00 00 00 00
12-31 16:00:08.018  2849  2849 D MTK_KL  : 4,2770,8025524,-;0F: 00 00 00 00 00 00 00 00 00 00 00 00 00 00 00 18
12-31 16:00:08.020  2849  2849 D MTK_KL  : 4,2771,8028661,-;\x1b[1;31miniparser_load[1201]: 
12-31 16:00:08.020  2849  2849 D MTK_KL  : 4,2772,8028666,-;iniparser: cannot open /vendor/tvconfig/config/HSY/Color.ini
12-31 16:00:08.020  2849  2849 D MTK_KL  : 4,2773,8028669,-;\x1b[0m
12-31 16:00:08.020  2849  2849 D MTK_KL  : 4,2774,8028678,-;[MTVDO][_MTVDO_ParseHSY][1501] MI_SYS_OpenConfigFile: MTVDO_HSY_INI_PATH failed.
12-31 16:00:08.020  2849  2849 D MTK_KL  : 4,2775,8029074,-;\x1b[1;31miniparser_load[1201]: 
12-31 16:00:08.020  2849  2849 D MTK_KL  : 4,2776,8029078,-;iniparser: cannot open /vendor/tvconfig/config/gamma/gammatable_1.ini
12-31 16:00:08.020  2849  2849 D MTK_KL  : 4,2777,8029080,-;\x1b[0m
12-31 16:00:08.020  2849  2849 D MTK_KL  : 4,2778,8029236,-;[_MTVDO_ParsePanelGammaTable] Dbg: panel ini path = /vendor/tvconfig/config/panel/PNL_CUSTOMER_DEFAULT.ini 
12-31 16:00:08.027  2678  2678 I PackageBackwardCompatibility: Loaded android.content.pm.OrgApacheHttpLegacyUpdater
12-31 16:00:08.028  2678  2678 I PackageBackwardCompatibility: Could not find android.content.pm.AndroidTestBaseUpdater, ignoring
12-31 16:00:08.045  2849  2849 D MTK_KL  : 4,2779,8050873,-;[MTVDO][_MTVDO_ParsePanelGammaTable][2228] fail to _MTVDO_ParseGammaTableInfo[1].
12-31 16:00:08.046  2849  2849 D MTK_KL  : 4,2780,8051004,-;[MTGVDO_Init] Parsing Panel ini Gamma Failed! 
12-31 16:00:08.046  2849  2849 D MTK_KL  : 4,2781,8052474,c;[VDEC]Already initialized MTGVDEC module
12-31 16:00:08.046  2849  2849 D MTK_KL  : 4,2782,8052641,-;MTGDMX_Init 993
12-31 16:00:08.046  2849  2849 D MTK_KL  : 4,2783,8052644,-;MTGDMX_Init 997
12-31 16:00:08.046  2849  2849 D MTK_KL  : 4,2784,8052833,c;[SWDMX]_SWDMX_Init()
12-31 16:00:08.046  2849  2849 D MTK_KL  : 4,2785,8054579,+;[SWDMX]Swdmx Init OK
12-31 16:00:08.046  2849  2849 D MTK_KL  : 6,2786,8055393,-;MI_VBI_SetDebugLevel(Level = 32)
12-31 16:00:08.046  2849  2849 D MTK_KL  : 7,2787,8055984,-;<UTPA_DEBUG>[Utopia][SYS]: [ERROR][HAL_SYS_Query][966]Unknown query!
12-31 16:00:08.046  2849  2849 D MTK_KL  : 6,2788,8056258,-;MI VBI Semaphore: 1985216609
12-31 16:00:08.067  2849  2849 D MTK_KL  : 31,2789,8075061,-;logd: logdr: UID=1003 GID=1003 PID=3101 n tail=50 logMask=8 pid=3003 start=0ns timeout=0ns
12-31 16:00:08.067  2849  2849 D MTK_KL  : 31,2790,8076073,-;logd: logdr: UID=1003 GID=1003 PID=3101 n tail=50 logMask=1 pid=3003 start=0ns timeout=0ns
12-31 16:00:08.072  2849  2849 D MTK_KL  : 4,2791,8078741,-;[MI][_MTGVDO_OutputRectChangeCheck][7283]:Output rect{0, 0, 1920, 1080}. Panel{0, 0, 1920, 1080}
12-31 16:00:08.072  2849  2849 D MTK_KL  : 4,2792,8078769,-;[MI][_MTGVDO_OutputRectChangeCheck][7283]:Output rect{0, 0, 1920, 1080}. Panel{0, 0, 1920, 1080}
12-31 16:00:08.080  2849  2849 D MTK_KL  : 6,2793,8086526,-;<MI3_INFO><<<MI_EXTIN_SetAttr[3438]MI_EXTIN_SetAttr fail! hExtin: 0x43ffffff eAttrType: 32781
12-31 16:00:08.108  2699  2699 I ServiceManager: Waiting for vendor service TrapezoidCorrect...
12-31 16:00:08.128  2699  2699 D ServiceManager: #00 pc 000306e9  /system/lib/vndk-28/libbinder.so (android::BpServiceManager::getService(android::String16 const&) const+380)
12-31 16:00:08.128  2699  2699 D ServiceManager: #01 pc 00001b37  /vendor/lib/libtrapezoidClient.so (_ZN7android10getServiceINS_24ITrapezoidCorrectServiceEEEiRKNS_8String16EPNS_2spIT_EE+38)
12-31 16:00:08.128  2699  2699 D ServiceManager: #02 pc 00001ac3  /vendor/lib/libtrapezoidClient.so (android::TrapezoidClient::getTrapezoidService()+46)
12-31 16:00:08.128  2699  2699 D ServiceManager: #03 pc 000014e1  /vendor/bin/trapezoidTest (main+56)
12-31 16:00:08.128  2699  2699 D ServiceManager: #04 pc 00087e31  /system/lib/libc.so (__libc_init+48)
12-31 16:00:08.128  2699  2699 D ServiceManager: #05 pc 00001487  /vendor/bin/trapezoidTest (_start_main+38)
12-31 16:00:08.128  2699  2699 D ServiceManager: #06 pc 00000306  <anonymous:b0e15000>
12-31 16:00:08.136  2849  2849 D MTK_KL  : 4,2794,8144374,-;ATBM253 I2c read Fail, SlaveAddr=0xe0 ,ePort =9,pData =0
12-31 16:00:08.137  2849  2849 D MTK_KL  : 4,2795,8144380,-;[ATBM253)] Read chip ID fail with slave ID 0xe0
12-31 16:00:08.137  2849  2849 D MTK_KL  : 4,2796,8144383,-; MDrv_Tuner_ATBM253_CheckExist pI2CInfo->u8SlaveID = 232 !!
12-31 16:00:08.156  2849  2849 D MTK_KL  : 6,2797,8162442,-;Exit VBI monitor Task
12-31 16:00:08.156  2849  2849 D MTK_KL  : 4,2798,8162487,-;[MsOS_DeleteTask][1230] MsOS_DeleteTask is not supported
12-31 16:00:08.156  2849  2849 D MTK_KL  : 3,2799,8162629,-;<UTPA_ERR>[Utopia][VBI]: VBI already Opened
12-31 16:00:08.156  2849  2849 D MTK_KL  : 7,2800,8162695,-;<UTPA_DEBUG>[Utopia][SYS]: [ERROR][HAL_SYS_Query][966]Unknown query!
12-31 16:00:08.156  2849  2849 D MTK_KL  : 4,2801,8162701,-;[MSOS][MsOS_AttachInterrupt][3556] Already attach interrupt enum = 0x1C.
12-31 16:00:08.228  2699  2699 I ServiceManager: Waiting for vendor service TrapezoidCorrect...
12-31 16:00:08.249  2699  2699 D ServiceManager: #00 pc 000306e9  /system/lib/vndk-28/libbinder.so (android::BpServiceManager::getService(android::String16 const&) const+380)
12-31 16:00:08.249  2699  2699 D ServiceManager: #01 pc 00001b37  /vendor/lib/libtrapezoidClient.so (_ZN7android10getServiceINS_24ITrapezoidCorrectServiceEEEiRKNS_8String16EPNS_2spIT_EE+38)
12-31 16:00:08.249  2699  2699 D ServiceManager: #02 pc 00001ac3  /vendor/lib/libtrapezoidClient.so (android::TrapezoidClient::getTrapezoidService()+46)
12-31 16:00:08.249  2699  2699 D ServiceManager: #03 pc 000014e1  /vendor/bin/trapezoidTest (main+56)
12-31 16:00:08.249  2699  2699 D ServiceManager: #04 pc 00087e31  /system/lib/libc.so (__libc_init+48)
12-31 16:00:08.249  2699  2699 D ServiceManager: #05 pc 00001487  /vendor/bin/trapezoidTest (_start_main+38)
12-31 16:00:08.249  2699  2699 D ServiceManager: #06 pc 00000306  <anonymous:b0e15000>
12-31 16:00:08.261  2849  2849 D MTK_KL  : 6,2802,8270504,-;Exit VBI monitor Task
12-31 16:00:08.261  2849  2849 D MTK_KL  : 4,2803,8270638,-;[MsOS_DeleteTask][1230] MsOS_DeleteTask is not supported
12-31 16:00:08.261  2849  2849 D MTK_KL  : 6,2804,8270678,-;[FUSION]modify pgprot to NC
12-31 16:00:08.265  2849  2849 D MTK_KL  : 6,2805,8270882,-;<MI3_INFO><<<MI_DISP_OpenController[16865]
12-31 16:00:08.265  2849  2849 D MTK_KL  : 4,2806,8270886,-;MI_DISP_OpenController failed!, try to get controller handle.
12-31 16:00:08.265  2849  2849 D MTK_KL  : 4,2807,8271053,-;_MTGPMX_CreateEventHandlerTask() succeeded
12-31 16:00:08.288  2849  2849 D MTK_KL  : 31,2808,8298161,-;logd: logdr: UID=1003 GID=1003 PID=3101 n tail=0 logMask=8 pid=3003 start=0ns timeout=0ns
12-31 16:00:08.290  3101  3101 E crash_dump32: unable to connect to activity manager: Connection refused
12-31 16:00:08.291  2857  2857 E /system/bin/tombstoned: Tombstone written to: /data/tombstones/tombstone_03
12-31 16:00:08.293  2849  2849 D MTK_KL  : 31,2809,8299119,-;logd: logdr: UID=1003 GID=1003 PID=3101 n tail=0 logMask=1 pid=3003 start=0ns timeout=0ns
12-31 16:00:08.297  2849  2849 D MTK_KL  : 4,2810,8304749,-;!!!!!!!!!!!!!!!!!!!!!! from bootargs CORE_DUMP_PATH is:/data/core_dump.%%p.gz
12-31 16:00:08.297  2849  2849 D MTK_KL  : 4,2811,8304754,-; you want a compress coredump file 
12-31 16:00:08.297  2849  2849 D MTK_KL  : 4,2812,8304756,-;!!!!!!!!!!!!!!!!!!!!!! from bootargs CORE_DUMP_PATH is:/var/coredump.%p.gz
12-31 16:00:08.297  2849  2849 D MTK_KL  : 4,2813,8305829,-;ATBM253 I2c read Fail, SlaveAddr=0xe8 ,ePort =9,pData =0
12-31 16:00:08.297  2849  2849 D MTK_KL  : 4,2814,8305834,-;[ATBM253)] Read chip ID fail with slave ID 0xe8
12-31 16:00:08.297  2849  2849 D MTK_KL  : 4,2815,8305838,-; MDrv_Tuner_ATBM253_CheckExist pI2CInfo->u8SlaveID = 248 !!
12-31 16:00:08.297  2849  2849 D MTK_KL  : 14,2816,8306490,-;init: Untracked pid 3101 exited with status 0
12-31 16:00:08.300  2849  2849 D MTK_KL  : 14,2817,8310020,-;init: Untracked pid 3103 exited with status 0
12-31 16:00:08.318  2750  2797 E SurfaceFlinger: Failed to remove layer from mapping - could not find matching layer
12-31 16:00:08.320  2849  2849 D MTK_KL  : 14,2818,8327405,-;init: Service 'bootanim' (pid 3003) received signal 8
12-31 16:00:08.349  2699  2699 I ServiceManager: Waiting for vendor service TrapezoidCorrect...
12-31 16:00:08.366  2699  2699 D ServiceManager: #00 pc 000306e9  /system/lib/vndk-28/libbinder.so (android::BpServiceManager::getService(android::String16 const&) const+380)
12-31 16:00:08.366  2699  2699 D ServiceManager: #01 pc 00001b37  /vendor/lib/libtrapezoidClient.so (_ZN7android10getServiceINS_24ITrapezoidCorrectServiceEEEiRKNS_8String16EPNS_2spIT_EE+38)
12-31 16:00:08.366  2699  2699 D ServiceManager: #02 pc 00001ac3  /vendor/lib/libtrapezoidClient.so (android::TrapezoidClient::getTrapezoidService()+46)
12-31 16:00:08.366  2699  2699 D ServiceManager: #03 pc 000014e1  /vendor/bin/trapezoidTest (main+56)
12-31 16:00:08.366  2699  2699 D ServiceManager: #04 pc 00087e31  /system/lib/libc.so (__libc_init+48)
12-31 16:00:08.366  2699  2699 D ServiceManager: #05 pc 00001487  /vendor/bin/trapezoidTest (_start_main+38)
12-31 16:00:08.366  2699  2699 D ServiceManager: #06 pc 00000306  <anonymous:b0e15000>
12-31 16:00:08.456  2849  2849 D MTK_KL  : 4,2819,8466205,-;ATBM253 I2c read Fail, SlaveAddr=0xf8 ,ePort =9,pData =0
12-31 16:00:08.456  2849  2849 D MTK_KL  : 4,2820,8466210,-;[ATBM253)] Read chip ID fail with slave ID 0xf8
12-31 16:00:08.456  2849  2849 D MTK_KL  : 3,2821,8466214,-;[DEMOD ERR]
12-31 16:00:08.456  2849  2849 D MTK_KL  : 3,2822,8466217,-;MDrv_MSDVBC_Demod_GetSignalQuality: in ATV mode or DTV has not been initiated.
12-31 16:00:08.456  2849  2849 D MTK_KL  : 3,2823,8466220,-;[DEMOD ERR]
12-31 16:00:08.456  2849  2849 D MTK_KL  : 3,2824,8466223,-;MDrv_MSDTMB_Extension_Function: in ATV mode or DTV has not been initiated.
12-31 16:00:08.456  2849  2849 D MTK_KL  : 3,2825,8466226,-;[DEMOD ERR]
12-31 16:00:08.456  2849  2849 D MTK_KL  : 3,2826,8466229,-;MDrv_MSDVBC_Demod_GetPWR: in ATV mode or DTV has not been initiated.
12-31 16:00:08.456  2849  2849 D MTK_KL  : 3,2827,8466231,-;[FE ERR]
12-31 16:00:08.457  2849  2849 D MTK_KL  : 3,2828,8466232,-;Can not find tuner devices
12-31 16:00:08.457  2849  2849 D MTK_KL  : 4,2829,8466236,-;MDrv_IIC_Init  PORT  49 
12-31 16:00:08.457  2849  2849 D MTK_KL  : 4,2830,8466238,-;MDrv_IIC_Init  PORT  49 
12-31 16:00:08.457  2849  2849 D MTK_KL  : 3,2831,8466244,-;[DEMOD ERR]
12-31 16:00:08.457  2849  2849 D MTK_KL  : 3,2832,8466247,-;Request extension function (24) does not exist
12-31 16:00:08.457  2849  2849 D MTK_KL  : 3,2833,8466248,-;[DEMOD ERR]
12-31 16:00:08.457  2849  2849 D MTK_KL  : 3,2834,8466250,-;Request extension function (23) does not exist
12-31 16:00:08.457  2849  2849 D MTK_KL  : 4,2835,8466253,-;Request extension function (24) does not exist
12-31 16:00:08.457  2849  2849 D MTK_KL  : 4,2836,8466255,-;Request extension function (23) does not exist
12-31 16:00:08.457  2849  2849 D MTK_KL  : 4,2837,8466260,-; MDrv_Tuner_ATBM253_Extension_Function TUNER_EXT_FUNC_SET_CON_INFO!!
12-31 16:00:08.457  2849  2849 D MTK_KL  : 4,2838,8466262,-; TUNER_CON_CONFIG->eI2C_PORT = 49 
12-31 16:00:08.457  2849  2849 D MTK_KL  : 4,2839,8466264,-; TUNER_CON_CONFIG->u32HW_ResetPin = 9999 
12-31 16:00:08.457  2849  2849 D MTK_KL  : 3,2840,8466266,-;[DEMOD ERR]
12-31 16:00:08.457  2849  2849 D MTK_KL  : 3,2841,8466268,-;MDrv_MSDTMB_Extension_Function: in ATV mode or DTV has not been initiated.
12-31 16:00:08.457  2849  2849 D MTK_KL  : 4,2842,8466271,-; MDrv_Tuner_ATBM253_CheckExist pI2CInfo->u8SlaveID = 192 !!
12-31 16:00:08.467  2699  2699 I ServiceManager: Waiting for vendor service TrapezoidCorrect...
12-31 16:00:08.483  2699  2699 D ServiceManager: #00 pc 000306e9  /system/lib/vndk-28/libbinder.so (android::BpServiceManager::getService(android::String16 const&) const+380)
12-31 16:00:08.483  2699  2699 D ServiceManager: #01 pc 00001b37  /vendor/lib/libtrapezoidClient.so (_ZN7android10getServiceINS_24ITrapezoidCorrectServiceEEEiRKNS_8String16EPNS_2spIT_EE+38)
12-31 16:00:08.483  2699  2699 D ServiceManager: #02 pc 00001ac3  /vendor/lib/libtrapezoidClient.so (android::TrapezoidClient::getTrapezoidService()+46)
12-31 16:00:08.483  2699  2699 D ServiceManager: #03 pc 000014e1  /vendor/bin/trapezoidTest (main+56)
12-31 16:00:08.483  2699  2699 D ServiceManager: #04 pc 00087e31  /system/lib/libc.so (__libc_init+48)
12-31 16:00:08.483  2699  2699 D ServiceManager: #05 pc 00001487  /vendor/bin/trapezoidTest (_start_main+38)
12-31 16:00:08.483  2699  2699 D ServiceManager: #06 pc 00000306  <anonymous:b0e15000>
12-31 16:00:08.520  2849  2849 D MTK_KL  : 4,2843,8527566,-;ATBM253 I2c read Fail, SlaveAddr=0xc0 ,ePort =49,pData =0
12-31 16:00:08.520  2849  2849 D MTK_KL  : 4,2844,8527571,-;[ATBM253)] Read chip ID fail with slave ID 0xc0
12-31 16:00:08.520  2849  2849 D MTK_KL  : 4,2845,8527574,-; MDrv_Tuner_ATBM253_CheckExist pI2CInfo->u8SlaveID = 224 !!
12-31 16:00:08.580  2849  2849 D MTK_KL  : 4,2846,8589314,-;ATBM253 I2c read Fail, SlaveAddr=0xe0 ,ePort =49,pData =0
12-31 16:00:08.580  2849  2849 D MTK_KL  : 4,2847,8589318,-;[ATBM253)] Read chip ID fail with slave ID 0xe0
12-31 16:00:08.580  2849  2849 D MTK_KL  : 4,2848,8589321,-; MDrv_Tuner_ATBM253_CheckExist pI2CInfo->u8SlaveID = 232 !!
12-31 16:00:08.583  2699  2699 I ServiceManager: Waiting for vendor service TrapezoidCorrect...
12-31 16:00:08.599  2699  2699 D ServiceManager: #00 pc 000306e9  /system/lib/vndk-28/libbinder.so (android::BpServiceManager::getService(android::String16 const&) const+380)
12-31 16:00:08.599  2699  2699 D ServiceManager: #01 pc 00001b37  /vendor/lib/libtrapezoidClient.so (_ZN7android10getServiceINS_24ITrapezoidCorrectServiceEEEiRKNS_8String16EPNS_2spIT_EE+38)
12-31 16:00:08.599  2699  2699 D ServiceManager: #02 pc 00001ac3  /vendor/lib/libtrapezoidClient.so (android::TrapezoidClient::getTrapezoidService()+46)
12-31 16:00:08.599  2699  2699 D ServiceManager: #03 pc 000014e1  /vendor/bin/trapezoidTest (main+56)
12-31 16:00:08.599  2699  2699 D ServiceManager: #04 pc 00087e31  /system/lib/libc.so (__libc_init+48)
12-31 16:00:08.599  2699  2699 D ServiceManager: #05 pc 00001487  /vendor/bin/trapezoidTest (_start_main+38)
12-31 16:00:08.599  2699  2699 D ServiceManager: #06 pc 00000306  <anonymous:b0e15000>
12-31 16:00:08.617  2678  2678 E ActivityRecognitionHardware: activity_recognition HAL is deprecated. class_init is effectively a no-op
12-31 16:00:08.644  2849  2849 D MTK_KL  : 4,2849,8650968,-;ATBM253 I2c read Fail, SlaveAddr=0xe8 ,ePort =49,pData =0
12-31 16:00:08.644  2849  2849 D MTK_KL  : 4,2850,8650973,-;[ATBM253)] Read chip ID fail with slave ID 0xe8
12-31 16:00:08.644  2849  2849 D MTK_KL  : 4,2851,8650976,-; MDrv_Tuner_ATBM253_CheckExist pI2CInfo->u8SlaveID = 248 !!
12-31 16:00:08.699  2699  2699 I ServiceManager: Waiting for vendor service TrapezoidCorrect...
12-31 16:00:08.704  2849  2849 D MTK_KL  : 4,2852,8712385,-;ATBM253 I2c read Fail, SlaveAddr=0xf8 ,ePort =49,pData =0
12-31 16:00:08.705  2849  2849 D MTK_KL  : 4,2853,8712390,-;[ATBM253)] Read chip ID fail with slave ID 0xf8
12-31 16:00:08.705  2849  2849 D MTK_KL  : 3,2854,8712394,-;[DEMOD ERR]
12-31 16:00:08.705  2849  2849 D MTK_KL  : 3,2855,8712397,-;MDrv_MSDVBC_Demod_GetSignalQuality: in ATV mode or DTV has not been initiated.
12-31 16:00:08.705  2849  2849 D MTK_KL  : 3,2856,8712399,-;[DEMOD ERR]
12-31 16:00:08.705  2849  2849 D MTK_KL  : 3,2857,8712402,-;MDrv_MSDTMB_Extension_Function: in ATV mode or DTV has not been initiated.
12-31 16:00:08.705  2849  2849 D MTK_KL  : 3,2858,8712406,-;[DEMOD ERR]
12-31 16:00:08.705  2849  2849 D MTK_KL  : 3,2859,8712408,-;MDrv_MSDVBC_Demod_GetPWR: in ATV mode or DTV has not been initiated.
12-31 16:00:08.705  2849  2849 D MTK_KL  : 3,2860,8712410,-;[FE ERR]
12-31 16:00:08.705  2849  2849 D MTK_KL  : 3,2861,8712411,-;Can not find tuner devices
12-31 16:00:08.705  2849  2849 D MTK_KL  : 4,2862,8712419,-;MDrv_IIC_Init  PORT  48 
12-31 16:00:08.705  2849  2849 D MTK_KL  : 4,2863,8712421,-;MDrv_IIC_Init  PORT  48 
12-31 16:00:08.705  2849  2849 D MTK_KL  : 3,2864,8712424,-;[DEMOD ERR]
12-31 16:00:08.705  2849  2849 D MTK_KL  : 3,2865,8712427,-;MDrv_MSDTMB_Extension_Function: in ATV mode or DTV has not been initiated.
12-31 16:00:08.705  2849  2849 D MTK_KL  : 4,2866,8712430,-;[DEBUG]TunerResetBySourceChange, broadcasttype from 0 to 10 ! 
12-31 16:00:08.705  2849  2849 D MTK_KL  : 4,2867,8712473,-;<UTPA_WARN>[Utopia][DMD_VD_MBX]: MDrv_SYS_DMD_VD_MBX_Init more than twice
12-31 16:00:08.715  2699  2699 D ServiceManager: #00 pc 000306e9  /system/lib/vndk-28/libbinder.so (android::BpServiceManager::getService(android::String16 const&) const+380)
12-31 16:00:08.715  2699  2699 D ServiceManager: #01 pc 00001b37  /vendor/lib/libtrapezoidClient.so (_ZN7android10getServiceINS_24ITrapezoidCorrectServiceEEEiRKNS_8String16EPNS_2spIT_EE+38)
12-31 16:00:08.715  2699  2699 D ServiceManager: #02 pc 00001ac3  /vendor/lib/libtrapezoidClient.so (android::TrapezoidClient::getTrapezoidService()+46)
12-31 16:00:08.715  2699  2699 D ServiceManager: #03 pc 000014e1  /vendor/bin/trapezoidTest (main+56)
12-31 16:00:08.715  2699  2699 D ServiceManager: #04 pc 00087e31  /system/lib/libc.so (__libc_init+48)
12-31 16:00:08.715  2699  2699 D ServiceManager: #05 pc 00001487  /vendor/bin/trapezoidTest (_start_main+38)
12-31 16:00:08.715  2699  2699 D ServiceManager: #06 pc 00000306  <anonymous:b0e15000>
12-31 16:00:08.735  2678  2678 I zygote  : Thread[1,tid=2678,Native,Thread*=0xb05b8000,peer=0x13000088,"main"] recursive attempt to load library "/system/lib/libmedia_jni.so"
12-31 16:00:08.735  2678  2678 D MtpDeviceJNI: register_android_mtp_MtpDevice
12-31 16:00:08.736  2678  2678 I zygote  : Thread[1,tid=2678,Native,Thread*=0xb05b8000,peer=0x13000088,"main"] recursive attempt to load library "/system/lib/libmedia_jni.so"
12-31 16:00:08.736  2678  2678 I zygote  : Thread[1,tid=2678,Native,Thread*=0xb05b8000,peer=0x13000088,"main"] recursive attempt to load library "/system/lib/libmedia_jni.so"
12-31 16:00:08.741  2849  2849 D MTK_KL  : 4,2868,8712478,-;\x0a[DTMB INFO] dtmb open
12-31 16:00:08.741  2849  2849 D MTK_KL  : 4,2869,8749485,-;INTERN_DTMB_FW_VERSION:2c.2.43
12-31 16:00:08.741  2849  2849 D MTK_KL  : 4,2870,8749529,-;ATBM253 Signal mode is DTMB\x0a 
12-31 16:00:08.741  2849  2849 D MTK_KL  : 4,2871,8749532,-;[ATBM253]ClkMode:1; ClkOut:0 
12-31 16:00:08.816  2699  2699 I ServiceManager: Waiting for vendor service TrapezoidCorrect...
12-31 16:00:08.824  2847  2987 I ServiceManager: Waiting for service package_native...
12-31 16:00:08.833  2699  2699 D ServiceManager: #00 pc 000306e9  /system/lib/vndk-28/libbinder.so (android::BpServiceManager::getService(android::String16 const&) const+380)
12-31 16:00:08.833  2699  2699 D ServiceManager: #01 pc 00001b37  /vendor/lib/libtrapezoidClient.so (_ZN7android10getServiceINS_24ITrapezoidCorrectServiceEEEiRKNS_8String16EPNS_2spIT_EE+38)
12-31 16:00:08.833  2699  2699 D ServiceManager: #02 pc 00001ac3  /vendor/lib/libtrapezoidClient.so (android::TrapezoidClient::getTrapezoidService()+46)
12-31 16:00:08.833  2699  2699 D ServiceManager: #03 pc 000014e1  /vendor/bin/trapezoidTest (main+56)
12-31 16:00:08.833  2699  2699 D ServiceManager: #04 pc 00087e31  /system/lib/libc.so (__libc_init+48)
12-31 16:00:08.833  2699  2699 D ServiceManager: #05 pc 00001487  /vendor/bin/trapezoidTest (_start_main+38)
12-31 16:00:08.833  2699  2699 D ServiceManager: #06 pc 00000306  <anonymous:b0e15000>
12-31 16:00:08.933  2699  2699 I ServiceManager: Waiting for vendor service TrapezoidCorrect...
12-31 16:00:08.944  2849  2849 D MTK_KL  : 4,2872,8953034,-; bSetTune_init Pass!
12-31 16:00:08.944  2849  2849 D MTK_KL  : 4,2873,8953043,-;Request extension function (0) does not exist
12-31 16:00:08.944  2849  2849 D MTK_KL  : 4,2874,8953059,-;Not implement
12-31 16:00:08.944  2849  2849 D MTK_KL  : 4,2875,8953102,-;[Mif_TunerOpen] stCallbkOutputParams.u64CallbackId = 0xe5930000
12-31 16:00:08.944  2849  2849 D MTK_KL  : 4,2876,8953122,-;[Mif_TunerOpen] stCallbkOutputParams.u64CallbackId = 0xe5932000
12-31 16:00:08.944  2849  2849 D MTK_KL  : 4,2877,8953178,-;Delete Semaphore index : 0
12-31 16:00:08.948  2699  2699 D ServiceManager: #00 pc 000306e9  /system/lib/vndk-28/libbinder.so (android::BpServiceManager::getService(android::String16 const&) const+380)
12-31 16:00:08.948  2699  2699 D ServiceManager: #01 pc 00001b37  /vendor/lib/libtrapezoidClient.so (_ZN7android10getServiceINS_24ITrapezoidCorrectServiceEEEiRKNS_8String16EPNS_2spIT_EE+38)
12-31 16:00:08.948  2699  2699 D ServiceManager: #02 pc 00001ac3  /vendor/lib/libtrapezoidClient.so (android::TrapezoidClient::getTrapezoidService()+46)
12-31 16:00:08.948  2699  2699 D ServiceManager: #03 pc 000014e1  /vendor/bin/trapezoidTest (main+56)
12-31 16:00:08.948  2699  2699 D ServiceManager: #04 pc 00087e31  /system/lib/libc.so (__libc_init+48)
12-31 16:00:08.948  2699  2699 D ServiceManager: #05 pc 00001487  /vendor/bin/trapezoidTest (_start_main+38)
12-31 16:00:08.948  2699  2699 D ServiceManager: #06 pc 00000306  <anonymous:b0e15000>
12-31 16:00:08.948  2849  2849 D MTK_KL  : 4,2878,8955272,-;>> DTMB Exit Ok!
12-31 16:00:08.948  2849  2849 D MTK_KL  : 4,2879,8956350,-;[MApi_CMA_Pool_PutMem:459]free_param  pool_handle_id:17  offset_in_pool:0 length:c010680100500000 
12-31 16:00:08.948  2849  2849 D MTK_KL  : 7,2880,8956357,-;\x1b[35mFunction = CMA_Pool_ioctl, Line = 3193, copy_from_user: 24 bytes, cmd is 0xC0185003\x1b[m
12-31 16:00:08.948  2849  2849 D MTK_KL  : 7,2881,8956422,-;\x1b[35mFunction = free_buffer_list, Line = 2173, free front\x1b[m
12-31 16:00:08.948  2849  2849 D MTK_KL  : 7,2882,8956425,-;\x1b[35mFunction = free_buffer_list, Line = 2197, list is empty\x1b[m
12-31 16:00:08.948  2849  2849 D MTK_KL  : 7,2883,8957075,-;dump heap_id 23 information: min_start 0xFFFFFFFF, max_end 0x0
12-31 16:00:08.948  2849  2849 D MTK_KL  : 7,2884,8957079,-;\x1b[35mCMA_POOL_IOC_FREE costs 0 ms\x1b[m\x0a
12-31 16:00:08.949  2849  2849 D MTK_KL  : 4,2885,8957088,-;\x1b[45;37m  DTMB_TunerOpen[4273][dtmb]  ::   \x1b[0m
12-31 16:00:08.949  2849  2849 D MTK_KL  : 4,2886,8957126,-;MDrv_IIC_Init  PORT  48 
12-31 16:00:08.949  2849  2849 D MTK_KL  : 4,2887,8957129,-;MDrv_IIC_Init  PORT  48 
12-31 16:00:08.949  2849  2849 D MTK_KL  : 4,2888,8957133,-;[DEBUG]TunerResetBySourceChange, broadcasttype from 10 to 16 ! 
12-31 16:00:08.949  2849  2849 D MTK_KL  : 4,2889,8957137,-;ATBM253 Signal mode is ATV\x0a 
12-31 16:00:08.949  2849  2849 D MTK_KL  : 4,2890,8957140,-;[ATBM253]ClkMode:1; ClkOut:0 
12-31 16:00:09.046  2678  2678 I Zygote  : ...preloaded 6535 classes in 1090ms.
12-31 16:00:09.046  2678  2678 I zygote  : VMRuntime.preloadDexCaches starting
12-31 16:00:09.049  2699  2699 I ServiceManager: Waiting for vendor service TrapezoidCorrect...
12-31 16:00:09.064  2699  2699 D ServiceManager: #00 pc 000306e9  /system/lib/vndk-28/libbinder.so (android::BpServiceManager::getService(android::String16 const&) const+380)
12-31 16:00:09.064  2699  2699 D ServiceManager: #01 pc 00001b37  /vendor/lib/libtrapezoidClient.so (_ZN7android10getServiceINS_24ITrapezoidCorrectServiceEEEiRKNS_8String16EPNS_2spIT_EE+38)
12-31 16:00:09.064  2699  2699 D ServiceManager: #02 pc 00001ac3  /vendor/lib/libtrapezoidClient.so (android::TrapezoidClient::getTrapezoidService()+46)
12-31 16:00:09.064  2699  2699 D ServiceManager: #03 pc 000014e1  /vendor/bin/trapezoidTest (main+56)
12-31 16:00:09.064  2699  2699 D ServiceManager: #04 pc 00087e31  /system/lib/libc.so (__libc_init+48)
12-31 16:00:09.064  2699  2699 D ServiceManager: #05 pc 00001487  /vendor/bin/trapezoidTest (_start_main+38)
12-31 16:00:09.064  2699  2699 D ServiceManager: #06 pc 00000306  <anonymous:b0e15000>
12-31 16:00:09.144  2849  2849 D MTK_KL  : 4,2891,9151731,-; bSetTune_init Pass!
12-31 16:00:09.144  2849  2849 D MTK_KL  : 4,2892,9151746,-;Not implement
12-31 16:00:09.144  2849  2849 D MTK_KL  : 3,2893,9151797,-;<MI3_ERR>_MI_TUNER_ApplyOpenParams[3847]: Error: failed to MApi_DigiTuner_SetDTVtoExitMode
12-31 16:00:09.149  2678  2678 I zygote  : VMRuntime.preloadDexCaches strings total=350747 before=14068 after=14068
12-31 16:00:09.149  2678  2678 I zygote  : VMRuntime.preloadDexCaches types total=33189 before=8150 after=8151
12-31 16:00:09.150  2678  2678 I zygote  : VMRuntime.preloadDexCaches fields total=145730 before=9221 after=9221
12-31 16:00:09.150  2678  2678 I zygote  : VMRuntime.preloadDexCaches methods total=259727 before=13475 after=13475
12-31 16:00:09.150  2678  2678 I zygote  : VMRuntime.preloadDexCaches finished
12-31 16:00:09.150  2678  2678 D Zygote32Timing: PreloadClasses took to complete: 1194ms
12-31 16:00:09.156  2849  2849 D MTK_KL  : 6,2894,9164992,-;capability: warning: `main' uses 32-bit capabilities (legacy support in use)
12-31 16:00:09.164  2699  2699 I ServiceManager: Waiting for vendor service TrapezoidCorrect...
12-31 16:00:09.179  2699  2699 D ServiceManager: #00 pc 000306e9  /system/lib/vndk-28/libbinder.so (android::BpServiceManager::getService(android::String16 const&) const+380)
12-31 16:00:09.179  2699  2699 D ServiceManager: #01 pc 00001b37  /vendor/lib/libtrapezoidClient.so (_ZN7android10getServiceINS_24ITrapezoidCorrectServiceEEEiRKNS_8String16EPNS_2spIT_EE+38)
12-31 16:00:09.179  2699  2699 D ServiceManager: #02 pc 00001ac3  /vendor/lib/libtrapezoidClient.so (android::TrapezoidClient::getTrapezoidService()+46)
12-31 16:00:09.179  2699  2699 D ServiceManager: #03 pc 000014e1  /vendor/bin/trapezoidTest (main+56)
12-31 16:00:09.179  2699  2699 D ServiceManager: #04 pc 00087e31  /system/lib/libc.so (__libc_init+48)
12-31 16:00:09.179  2699  2699 D ServiceManager: #05 pc 00001487  /vendor/bin/trapezoidTest (_start_main+38)
12-31 16:00:09.179  2699  2699 D ServiceManager: #06 pc 00000306  <anonymous:b0e15000>
12-31 16:00:09.221  2849  2849 D MTK_KL  : 4,2895,9226769,-;\x0a[VIF INFO] VIF open 
12-31 16:00:09.274  2678  2678 D Zygote32Timing: PreloadResources took to complete: 124ms
12-31 16:00:09.280  2699  2699 I ServiceManager: Waiting for vendor service TrapezoidCorrect...
12-31 16:00:09.294  2699  2699 D ServiceManager: #00 pc 000306e9  /system/lib/vndk-28/libbinder.so (android::BpServiceManager::getService(android::String16 const&) const+380)
12-31 16:00:09.294  2699  2699 D ServiceManager: #01 pc 00001b37  /vendor/lib/libtrapezoidClient.so (_ZN7android10getServiceINS_24ITrapezoidCorrectServiceEEEiRKNS_8String16EPNS_2spIT_EE+38)
12-31 16:00:09.294  2699  2699 D ServiceManager: #02 pc 00001ac3  /vendor/lib/libtrapezoidClient.so (android::TrapezoidClient::getTrapezoidService()+46)
12-31 16:00:09.294  2699  2699 D ServiceManager: #03 pc 000014e1  /vendor/bin/trapezoidTest (main+56)
12-31 16:00:09.295  2699  2699 D ServiceManager: #04 pc 00087e31  /system/lib/libc.so (__libc_init+48)
12-31 16:00:09.295  2699  2699 D ServiceManager: #05 pc 00001487  /vendor/bin/trapezoidTest (_start_main+38)
12-31 16:00:09.295  2699  2699 D ServiceManager: #06 pc 00000306  <anonymous:b0e15000>
12-31 16:00:09.304  2849  2849 D MTK_KL  : 4,2896,9310473,-;[MsOS_DeleteTask][1230] MsOS_DeleteTask is not supported
12-31 16:00:09.304  2849  2849 D MTK_KL  : 4,2897,9310552,-;>> VIF Exit Ok!
12-31 16:00:09.304  2849  2849 D MTK_KL  : 4,2898,9310560,-;>> VIF Exit2 Ok!
12-31 16:00:09.304  2849  2849 D MTK_KL  : 4,2899,9310683,c;mtal_ioctl_tunerhal argument copy error
12-31 16:00:09.304  2849  2849 D MTK_KL  : 4,2900,9310690,-;error mtal ioctl(-5): (NAME: MTAL_IOCTYPE_MTFE_TUNERHAL DIR: 00000003 SIZE: 00000020 TYPE: 00000026 NR: 00000009)
12-31 16:00:09.304  2849  2849 D MTK_KL  : 4,2901,9310792,c;mtal_ioctl_tunerhal argument copy error
12-31 16:00:09.304  2849  2849 D MTK_KL  : 4,2902,9310796,-;error mtal ioctl(-5): (NAME: MTAL_IOCTYPE_MTFE_TUNERHAL DIR: 00000003 SIZE: 00000020 TYPE: 00000026 NR: 00000009)
12-31 16:00:09.305  2849  2849 D MTK_KL  : 4,2903,9310870,c;mtal_ioctl_tunerhal argument copy error
12-31 16:00:09.305  2849  2849 D MTK_KL  : 4,2904,9310874,-;error mtal ioctl(-5): (NAME: MTAL_IOCTYPE_MTFE_TUNERHAL DIR: 00000003 SIZE: 00000020 TYPE: 00000026 NR: 00000009)
12-31 16:00:09.305  2849  2849 D MTK_KL  : 4,2905,9310892,c;mtal_ioctl_tunerhal argument copy error
12-31 16:00:09.305  2849  2849 D MTK_KL  : 4,2906,9310896,-;error mtal ioctl(-5): (NAME: MTAL_IOCTYPE_MTFE_TUNERHAL DIR: 00000003 SIZE: 00000020 TYPE: 00000026 NR: 00000009)
12-31 16:00:09.324  2849  2849 D MTK_KL  : 3,2907,9330803,-;unsupported MTGSYS_ShowLogo
12-31 16:00:09.324  2849  2849 D MTK_KL  : 3,2908,9330870,-;<MI3_ERR>_MI_DISPOUT_PanelPowerOnOff[6105]: DEVICE_PANEL _MI_DISPOUT_PanelPowerOnOff[6105]  Panel Driver STR resume Done 
12-31 16:00:09.324  2849  2849 D MTK_KL  : 3,2909,9330907,-;<MI3_ERR>_MI_GPIO_Handle2Slot[254]: Invalid handle: hHandle is MI_HANDLE_NULL or 0!
12-31 16:00:09.324  2849  2849 D MTK_KL  : 6,2910,9330910,-;<MI3_INFO><<<MI_GPIO_SetOutput[1316]Gpio Handle2Slot failed!
12-31 16:00:09.324  2849  2849 D MTK_KL  : 4,2911,9331099,c;[GLUE]MTGDRVCUST_IsSupport(355) Convert eSpec 15  to u4IpBit 65535, Support = 1.
12-31 16:00:09.352  2849  2849 D MTK_KL  : 4,2912,9360578,-;[msReadEfuse][3043]u32Result=58806c80, after mask u32Result=58806c80
12-31 16:00:09.368  2849  2849 D MTK_KL  : 4,2913,9375294,-;[MI][MTGVDO_SetEnable][10001]:eVdpId 1, fgEnable 0
12-31 16:00:09.368  2849  2849 D MTK_KL  : 4,2914,9375627,-;[MI][MTGVDO_SetEnable][10001]:eVdpId 0, fgEnable 0
12-31 16:00:09.369  2678  2678 D libEGL  : loaded /vendor/lib/egl/libGLES_mali.so
12-31 16:00:09.395  2699  2699 I ServiceManager: Waiting for vendor service TrapezoidCorrect...
12-31 16:00:09.398  2849  2849 D MTK_KL  : 4,2915,9407977,-;[WARN] Detect 'init_thread' MAP_FIXED mmap to the range reserved for DFB from 0x20010000 to 0x2001052c 
12-31 16:00:09.398  2849  2849 D MTK_KL  : 4,2916,9407986,-;[Fusion] 'init_thread'(pid: 3017) is mapping the '/data/vendor/3rd_rw/fusion.0' to reserved vma from 0x20010000 to 0x2001052c 
12-31 16:00:09.411  2699  2699 D ServiceManager: #00 pc 000306e9  /system/lib/vndk-28/libbinder.so (android::BpServiceManager::getService(android::String16 const&) const+380)
12-31 16:00:09.411  2699  2699 D ServiceManager: #01 pc 00001b37  /vendor/lib/libtrapezoidClient.so (_ZN7android10getServiceINS_24ITrapezoidCorrectServiceEEEiRKNS_8String16EPNS_2spIT_EE+38)
12-31 16:00:09.411  2699  2699 D ServiceManager: #02 pc 00001ac3  /vendor/lib/libtrapezoidClient.so (android::TrapezoidClient::getTrapezoidService()+46)
12-31 16:00:09.411  2699  2699 D ServiceManager: #03 pc 000014e1  /vendor/bin/trapezoidTest (main+56)
12-31 16:00:09.411  2699  2699 D ServiceManager: #04 pc 00087e31  /system/lib/libc.so (__libc_init+48)
12-31 16:00:09.411  2699  2699 D ServiceManager: #05 pc 00001487  /vendor/bin/trapezoidTest (_start_main+38)
12-31 16:00:09.411  2699  2699 D ServiceManager: #06 pc 00000306  <anonymous:b0e15000>
12-31 16:00:09.412  2849  2849 D MTK_KL  : 6,2917,9419734,-;[FBDEV] restoreFbInfo fb:1 
12-31 16:00:09.412  2849  2849 D MTK_KL  : 3,2918,9419741,-;[FBDEV] mstar_fb_open fb:1  bUseMapping = 0 
12-31 16:00:09.412  2849  2849 D MTK_KL  : 6,2919,9419777,-;[FBDEV] _fb_miosd_init curTimingWidth=1920,curTimingHeight=1080
12-31 16:00:09.412  2849  2849 D MTK_KL  : 6,2920,9420506,-;[FBDEV] mstar_FB_LayerCreate ret=0 LayerHandle=20001 
12-31 16:00:09.412  2849  2849 D MTK_KL  : 6,2921,9420623,-;[FBDEV] mstar_FB_WindowCreate ret=0,WindowHandle=40000
12-31 16:00:09.412  2849  2849 D MTK_KL  : 6,2922,9420696,-;[FBDEV] mstar_FB_SurfaceCreate ret=0 physicaladdr=0x1c93a000,surfacehandle=80000 gSurfacecnt=1
12-31 16:00:09.412  2849  2849 D MTK_KL  : 6,2923,9420825,-;[FBDEV] mstar_FB_SurfaceCreate ret=0 physicaladdr=0x1cb34400,surfacehandle=80001 gSurfacecnt=2
12-31 16:00:09.472  2849  2849 D MTK_KL  : 6,2924,9480864,-;[FBDEV] Layer:20001 MirrorMode is none
12-31 16:00:09.472  2849  2849 D MTK_KL  : 6,2925,9480907,-;[FBDEV] FBIOGET_DFB_RESERVED dfbreserved=1
12-31 16:00:09.472  2849  2849 D MTK_KL  : 6,2926,9480926,-;[FBDEV] mstar_fb_ioctl bootLogoUsed = 0 
12-31 16:00:09.477  2678  2678 I Zygote  : Preloading shared libraries...
12-31 16:00:09.488  2678  2678 I Zygote  : Uninstalled ICU cache reference pinning...
12-31 16:00:09.489  2678  2678 I Zygote  : Installed AndroidKeyStoreProvider in 2ms.
12-31 16:00:09.510  2678  2678 I Zygote  : Warmed up JCA providers in 20ms.
12-31 16:00:09.510  2678  2678 D Zygote  : end preload
12-31 16:00:09.511  2678  2678 D Zygote32Timing: ZygotePreload took to complete: 1613ms
12-31 16:00:09.511  2678  2678 I zygote  : Waiting for a blocking GC Explicit
12-31 16:00:09.511  2699  2699 W ServiceManager: Service TrapezoidCorrect didn't start. Returning NULL
12-31 16:00:09.511  2699  2699 E         : Can not getTrapezoidService!!!!
12-31 16:00:09.511  2699  2699 E         : Trapezoid:: getTrapezoidService fail!
12-31 16:00:09.525  2678  2678 I zygote  : WaitForGcToComplete blocked Explicit on None for 14.217ms
12-31 16:00:09.548  2849  2849 D MTK_KL  : 14,2927,9523052,-;init: Service 'trapezoidTest' (pid 2699) exited with status 255
12-31 16:00:09.558  2678  2678 I zygote  : Explicit concurrent copying GC freed 4918(249KB) AllocSpace objects, 0(0B) LOS objects, 24% free, 2MB/2MB, paused 56us total 33.365ms
12-31 16:00:09.592  2678  2678 I zygote  : Explicit concurrent copying GC freed 5(32KB) AllocSpace objects, 0(0B) LOS objects, 24% free, 2MB/2MB, paused 55us total 33.057ms
12-31 16:00:09.592  2678  2678 D Zygote32Timing: PostZygoteInitGC took to complete: 81ms
12-31 16:00:09.592  2678  2678 D Zygote32Timing: ZygoteInit took to complete: 1695ms
12-31 16:00:09.632  2849  2849 D MTK_KL  : 6,2928,9640654,-;<MI3_INFO><<<MI_OSD_SurfaceDisableColorKey[11199]MI_ERR_INVALID_HANDLE!
12-31 16:00:09.632  2849  2849 D MTK_KL  : 6,2929,9640689,-;<MI3_INFO><<<MI_OSD_SurfaceSetColorKey[11219]MI_ERR_INVALID_HANDLE!
12-31 16:00:09.697  2678  2678 I Zygote  : System server process 3158 has been created
12-31 16:00:09.700  2678  2678 I Zygote  : Accepting command socket connections
12-31 16:00:09.715  2764  3168 I GRM     : MtkRmServiceCreateComponent.1989, create component svctx_rm_ctrl_main(0xb37ae2d0) exit...
12-31 16:00:09.715  2764  3168 I GRM     : MtkRmServiceCreateComponent.1998, create component exit...
12-31 16:00:09.715  2764  3168 I GRM     : MtkRmServiceCreateComponent.1989, create component svctx_rm_ctrl_main_2nd(0xb37ae320) exit...
12-31 16:00:09.715  2764  3168 I GRM     : MtkRmServiceCreateComponent.1998, create component exit...
12-31 16:00:09.716  2764  3168 I GRM     : MtkRmServiceCreateComponent.1989, create component svctx_rm_ctrl_main_3rd(0xb37ae370) exit...
12-31 16:00:09.716  2764  3168 I GRM     : MtkRmServiceCreateComponent.1998, create component exit...
12-31 16:00:09.716  2764  3168 I GRM     : MtkRmServiceCreateComponent.1989, create component svctx_rm_ctrl_sub(0xb37ae3c0) exit...
12-31 16:00:09.716  2764  3168 I GRM     : MtkRmServiceCreateComponent.1998, create component exit...
12-31 16:00:09.717  2764  3168 I GRM     : MtkRmServiceCreateComponent.1989, create component svctx_rm_ctrl_tvbypass(0xb37ae410) exit...
12-31 16:00:09.717  2764  3168 I GRM     : MtkRmServiceCreateComponent.1998, create component exit...
12-31 16:00:09.718  2764  3168 I GRM     : MtkRmServiceCreateComponent.1989, create component svctx_rm_ctrl_vdec0_share(0xb37ae460) exit...
12-31 16:00:09.718  2764  3168 I GRM     : MtkRmServiceCreateComponent.1998, create component exit...
12-31 16:00:09.719  2764  3168 I GRM     : resource:VideoDecoder, type:0, value:0!
12-31 16:00:09.719  2764  3168 I GRM     : resource:VideoDecoder, type:0!
12-31 16:00:09.719  2764  3168 I GRM     : resource:VideoDecoder, type:0, value:0, max:2, min:0!
12-31 16:00:09.719  2764  3168 I GRM     : resource:VideoDecoder(0), type:0!
12-31 16:00:09.719  2764  3168 I GRM     : MtkRmServiceRegisterGroup.4268, register group entry:svctx_rm_ctrl_vdec0_share.0xb37ae460
12-31 16:00:09.719  2764  3168 I GRM     : group member:b37ae2d0
12-31 16:00:09.719  2764  3168 I GRM     : group member:b37ae410
12-31 16:00:09.720  2764  3168 I GRM     : MtkRmServiceCreateComponent.1989, create component svctx_rm_ctrl_dmx_share(0xb37ae4b0) exit...
12-31 16:00:09.720  2764  3168 I GRM     : MtkRmServiceCreateComponent.1998, create component exit...
12-31 16:00:09.720  2764  3168 I GRM     : resource:DMXPlaybackPID, type:1, value:32!
12-31 16:00:09.720  2764  3168 I GRM     : resource:DMXPlaybackPID, type:1!
12-31 16:00:09.720  2764  3168 I GRM     : resource:DMXPlaybackPID, type:1, amount:128!
12-31 16:00:09.720  2764  3168 I GRM     : resource:DMXPlaybackPID(32), type:1!
12-31 16:00:09.720  2764  3168 I GRM     : MtkRmServiceRegisterGroup.4268, register group entry:svctx_rm_ctrl_dmx_share.0xb37ae4b0
12-31 16:00:09.720  2764  3168 I GRM     : group member:b37ae2d0
12-31 16:00:09.720  2764  3168 I GRM     : group member:b37ae410
12-31 16:00:09.720  2849  2849 D MTK_KL  : 4,2930,9726940,c;[GLUE]MTGDRVCUST_IsSupport(355) Convert eSpec 10  to u4IpBit 65535, Support = 1.
12-31 16:00:09.720  2849  2849 D MTK_KL  : 4,2931,9727285,+;[GLUE]MTGDRVCUST_IsSupport(355) Convert eSpec 13  to u4IpBit 65535, Support = 1.
12-31 16:00:09.721  2764  3168 I GRM     : MtkRmServiceCreateComponent.1989, create component svctx_rm_ctrl_tuner0_share(0xb37ae500) exit...
12-31 16:00:09.721  2764  3168 I GRM     : MtkRmServiceCreateComponent.1998, create component exit...
12-31 16:00:09.721  2764  3168 I GRM     : MtkRmServiceCreateComponent.1989, create component svctx_rm_ctrl_user_define_share(0xb37ae550) exit...
12-31 16:00:09.721  2764  3168 I GRM     : MtkRmServiceCreateComponent.1998, create component exit...
12-31 16:00:09.722  2764  3168 I GRM     : resource:RES_svctx, type:0, value:0!
12-31 16:00:09.722  2764  3168 I GRM     : resource:RES_svctx, type:0!
12-31 16:00:09.722  2764  3168 I GRM     : resource:RES_svctx, type:0, value:0, max:1, min:0!
12-31 16:00:09.722  2764  3168 I GRM     : resource:RES_svctx(0), type:0!
12-31 16:00:09.722  2764  3168 I GRM     : MtkRmServiceRegisterGroup.4268, register group entry:svctx_rm_ctrl_user_define_share.0xb37ae550
12-31 16:00:09.722  2764  3168 I GRM     : group member:b37ae2d0
12-31 16:00:09.733  2849  2849 D MTK_KL  : 4,2932,9739008,-;[MI][MTGVDO_SetMode][10126]: eVdpId 0, ucMode 3 
12-31 16:00:09.733  2849  2849 D MTK_KL  : 4,2933,9739015,-;[SGLUE_AUD][INFO][_AudDisplayNotify][4415]: u1DecId=0
12-31 16:00:09.733  2849  2849 D MTK_KL  : 4,2934,9739019,-;[SGLUE_AUD][INFO][_AudDisplayNotify][4428]: this function is abandon
12-31 16:00:09.733  2849  2849 D MTK_KL  : 6,2935,9739067,-;<MI3_INFO><<<mi_disp_NviewGetDmsWinId[1632]DMS win hasn't been created yet!
12-31 16:00:09.733  2849  2849 D MTK_KL  : 4,2936,9739394,-;[MI][MTGVDO_SetMode][10126]: eVdpId 1, ucMode 0 
12-31 16:00:09.733  2849  2849 D MTK_KL  : 4,2937,9739399,-;[SGLUE_AUD][INFO][_AudDisplayNotify][4415]: u1DecId=0
12-31 16:00:09.733  2849  2849 D MTK_KL  : 4,2938,9739418,-;[SGLUE_AUD][INFO][_AudDisplayNotify][4428]: this function is abandon
12-31 16:00:09.733  2849  2849 D MTK_KL  : 6,2939,9739469,-;<MI3_INFO><<<mi_disp_NviewGetDmsWinId[1632]DMS win hasn't been created yet!
12-31 16:00:09.733  2849  2849 D MTK_KL  : 4,2940,9739831,-;[SGLUE_AUD][INFO][_GlueSetOutPort][6697]: Dec (0), OutPort = 0x00000007, mute port mask:0x8
12-31 16:00:09.733  2849  2849 D MTK_KL  : 4,2941,9739836,-;[SGLUE_AUD][INFO][MTGADEC_MTAUD_SetChannelMute][6362]: dec: 0, ch: 0, mute: 1
12-31 16:00:09.733  2849  2849 D MTK_KL  : 4,2942,9739842,-;CPU: 2 PID: 3017 Comm: init_thread Tainted: P           O    4.9.118+ #1
12-31 16:00:09.733  2849  2849 D MTK_KL  : 4,2943,9739844,-;Hardware name: mt5862
12-31 16:00:09.733  2849  2849 D MTK_KL  : 4,2944,9739859,-;[<c010df8d>] (unwind_backtrace) from [<c010a213>] (show_stack+0xb/0xc)
12-31 16:00:09.734  2849  2849 D MTK_KL  : 4,2945,9739867,-;[<c010a213>] (show_stack) from [<c0346d2f>] (dump_stack+0x6b/0x78)
12-31 16:00:09.734  2849  2849 D MTK_KL  : 4,2946,9740249,-;[<c0346d2f>] (dump_stack) from [<d019cc01>] (_AtvDetPollingThread+0x2a0/0x578 [dtv_driver])
12-31 16:00:09.735  2849  2849 D MTK_KL  : 4,2947,9740918,-;[<d019cc01>] (_AtvDetPollingThread [dtv_driver]) from [<d01a188f>] (MTGADEC_MTAUD_SetChannelMute+0x3a/0x98 [dtv_driver])
12-31 16:00:09.736  2849  2849 D MTK_KL  : 4,2948,9741544,-;[<d01a188f>] (MTGADEC_MTAUD_SetChannelMute [dtv_driver]) from [<d01af9cb>] (MTGADEC_MTAUD_AudSet+0x3382/0x4ce4 [dtv_driver])
12-31 16:00:09.737  2849  2849 D MTK_KL  : 4,2949,9742157,-;[<d01af9cb>] (MTGADEC_MTAUD_AudSet [dtv_driver]) from [<d014a16d>] (mtal_ioctl_mtauddec+0x1f48/0x28f8 [dtv_driver])
12-31 16:00:09.737  2849  2849 D MTK_KL  : 4,2950,9742773,-;[<d014a16d>] (mtal_ioctl_mtauddec [dtv_driver]) from [<d012e5b3>] (mtal_ioctl+0x296/0x2b0 [dtv_driver])
12-31 16:00:09.737  2849  2849 D MTK_KL  : 4,2951,9743089,-;[<d012e5b3>] (mtal_ioctl [dtv_driver]) from [<c020501f>] (do_vfs_ioctl+0x87/0x684)
12-31 16:00:09.737  2849  2849 D MTK_KL  : 4,2952,9743097,-;[<c020501f>] (do_vfs_ioctl) from [<c0205665>] (SyS_ioctl+0x49/0x54)
12-31 16:00:09.737  2849  2849 D MTK_KL  : 4,2953,9743106,-;[<c0205665>] (SyS_ioctl) from [<c0106721>] (ret_fast_syscall+0x1/0x54)
12-31 16:00:09.737  2849  2849 D MTK_KL  : 4,2954,9743289,-;[_MI_AOUT_SetMultiMute:2891][3017] ePath:4, pszMuteName:MTAL, bMute:1, u32AutoUnmuteTimer:0, u32AoutMuteFlag:0x1
12-31 16:00:09.737  2849  2849 D MTK_KL  : 4,2955,9743298,-;[_MI_AOUT_ApplyMute:2597][3017] ePath:4, apply bMuteStatus:FALSE
12-31 16:00:09.737  2849  2849 D MTK_KL  : 4,2956,9743362,-;[SGLUE_AUD][INFO][_AudMiChannelMute][6355]: path = 4, mute = 1
12-31 16:00:09.737  2849  2849 D MTK_KL  : 4,2957,9743399,-;[SGLUE_AUD][INFO][MTGADEC_MTAUD_SetChannelMute][6362]: dec: 0, ch: 8, mute: 1
12-31 16:00:09.737  2849  2849 D MTK_KL  : 4,2958,9743406,-;CPU: 2 PID: 3017 Comm: init_thread Tainted: P           O    4.9.118+ #1
12-31 16:00:09.737  2849  2849 D MTK_KL  : 4,2959,9743408,-;Hardware name: mt5862
12-31 16:00:09.737  2849  2849 D MTK_KL  : 4,2960,9743420,-;[<c010df8d>] (unwind_backtrace) from [<c010a213>] (show_stack+0xb/0xc)
12-31 16:00:09.737  2849  2849 D MTK_KL  : 4,2961,9743430,-;[<c010a213>] (show_stack) from [<c0346d2f>] (dump_stack+0x6b/0x78)
12-31 16:00:09.737  2849  2849 D MTK_KL  : 4,2962,9743791,-;[<c0346d2f>] (dump_stack) from [<d019cc01>] (_AtvDetPollingThread+0x2a0/0x578 [dtv_driver])
12-31 16:00:09.737  2849  2849 D MTK_KL  : 4,2963,9744472,-;[<d019cc01>] (_AtvDetPollingThread [dtv_driver]) from [<d01a188f>] (MTGADEC_MTAUD_SetChannelMute+0x3a/0x98 [dtv_driver])
12-31 16:00:09.737  2849  2849 D MTK_KL  : 4,2964,9745145,-;[<d01a188f>] (MTGADEC_MTAUD_SetChannelMute [dtv_driver]) from [<d01af6e3>] (MTGADEC_MTAUD_AudSet+0x309a/0x4ce4 [dtv_driver])
12-31 16:00:09.738  2849  2849 D MTK_KL  : 4,2965,9745798,-;[<d01af6e3>] (MTGADEC_MTAUD_AudSet [dtv_driver]) from [<d014a16d>] (mtal_ioctl_mtauddec+0x1f48/0x28f8 [dtv_driver])
12-31 16:00:09.739  2849  2849 D MTK_KL  : 4,2966,9746507,-;[<d014a16d>] (mtal_ioctl_mtauddec [dtv_driver]) from [<d012e5b3>] (mtal_ioctl+0x296/0x2b0 [dtv_driver])
12-31 16:00:09.739  2849  2849 D MTK_KL  : 4,2967,9746843,-;[<d012e5b3>] (mtal_ioctl [dtv_driver]) from [<c020501f>] (do_vfs_ioctl+0x87/0x684)
12-31 16:00:09.740  2849  2849 D MTK_KL  : 4,2968,9746855,-;[<c020501f>] (do_vfs_ioctl) from [<c0205665>] (SyS_ioctl+0x49/0x54)
12-31 16:00:09.740  2849  2849 D MTK_KL  : 4,2969,9746864,-;[<c0205665>] (SyS_ioctl) from [<c0106721>] (ret_fast_syscall+0x1/0x54)
12-31 16:00:09.740  2849  2849 D MTK_KL  : 4,2970,9747014,-;[_MI_AOUT_SetMultiMute:2891][3017] ePath:5, pszMuteName:MTAL, bMute:1, u32AutoUnmuteTimer:0, u32AoutMuteFlag:0x3
12-31 16:00:09.740  2849  2849 D MTK_KL  : 4,2971,9747022,-;[SGLUE_AUD][INFO][_AudMiChannelMute][6355]: path = 5, mute = 1
12-31 16:00:09.740  2849  2849 D MTK_KL  : 4,2972,9747026,-;[SGLUE_AUD][INFO][MTGADEC_MTAUD_SetChannelMute][6362]: dec: 0, ch: 9, mute: 1
12-31 16:00:09.740  2849  2849 D MTK_KL  : 4,2973,9747032,-;CPU: 2 PID: 3017 Comm: init_thread Tainted: P           O    4.9.118+ #1
12-31 16:00:09.740  2849  2849 D MTK_KL  : 4,2974,9747035,-;Hardware name: mt5862
12-31 16:00:09.740  2849  2849 D MTK_KL  : 4,2975,9747045,-;[<c010df8d>] (unwind_backtrace) from [<c010a213>] (show_stack+0xb/0xc)
12-31 16:00:09.740  2849  2849 D MTK_KL  : 4,2976,9747054,-;[<c010a213>] (show_stack) from [<c0346d2f>] (dump_stack+0x6b/0x78)
12-31 16:00:09.740  2849  2849 D MTK_KL  : 4,2977,9747445,-;[<c0346d2f>] (dump_stack) from [<d019cc01>] (_AtvDetPollingThread+0x2a0/0x578 [dtv_driver])
12-31 16:00:09.741  2849  2849 D MTK_KL  : 4,2978,9748145,-;[<d019cc01>] (_AtvDetPollingThread [dtv_driver]) from [<d01a188f>] (MTGADEC_MTAUD_SetChannelMute+0x3a/0x98 [dtv_driver])
12-31 16:00:09.741  2849  2849 D MTK_KL  : 4,2979,9748806,-;[<d01a188f>] (MTGADEC_MTAUD_SetChannelMute [dtv_driver]) from [<d01af6ed>] (MTGADEC_MTAUD_AudSet+0x30a4/0x4ce4 [dtv_driver])
12-31 16:00:09.741  2849  2849 D MTK_KL  : 4,2980,9749461,-;[<d01af6ed>] (MTGADEC_MTAUD_AudSet [dtv_driver]) from [<d014a16d>] (mtal_ioctl_mtauddec+0x1f48/0x28f8 [dtv_driver])
12-31 16:00:09.742  2849  2849 D MTK_KL  : 4,2981,9750097,-;[<d014a16d>] (mtal_ioctl_mtauddec [dtv_driver]) from [<d012e5b3>] (mtal_ioctl+0x296/0x2b0 [dtv_driver])
12-31 16:00:09.742  2849  2849 D MTK_KL  : 4,2982,9750418,-;[<d012e5b3>] (mtal_ioctl [dtv_driver]) from [<c020501f>] (do_vfs_ioctl+0x87/0x684)
12-31 16:00:09.743  2849  2849 D MTK_KL  : 4,2983,9750430,-;[<c020501f>] (do_vfs_ioctl) from [<c0205665>] (SyS_ioctl+0x49/0x54)
12-31 16:00:09.743  2849  2849 D MTK_KL  : 4,2984,9750439,-;[<c0205665>] (SyS_ioctl) from [<c0106721>] (ret_fast_syscall+0x1/0x54)
12-31 16:00:09.743  2849  2849 D MTK_KL  : 4,2985,9750631,-;[SGLUE_AUD][INFO][_AudMiChannelMute][6355]: path = 5, mute = 1
12-31 16:00:09.743  2849  2849 D MTK_KL  : 4,2986,9750638,-;CPU: 2 PID: 3017 Comm: init_thread Tainted: P           O    4.9.118+ #1
12-31 16:00:09.743  2849  2849 D MTK_KL  : 4,2987,9750642,-;Hardware name: mt5862
12-31 16:00:09.744  2849  2849 D MTK_KL  : 4,2988,9750653,-;[<c010df8d>] (unwind_backtrace) from [<c010a213>] (show_stack+0xb/0xc)
12-31 16:00:09.745  2849  2849 D MTK_KL  : 4,2989,9750662,-;[<c010a213>] (show_stack) from [<c0346d2f>] (dump_stack+0x6b/0x78)
12-31 16:00:09.745  2849  2849 D MTK_KL  : 4,2990,9751017,-;[<c0346d2f>] (dump_stack) from [<d019cc01>] (_AtvDetPollingThread+0x2a0/0x578 [dtv_driver])
