--------- beginning of system
12-31 16:00:03.781  2563  2563 I vold    : Vold 3.0 (the awakening) firing up
12-31 16:00:03.782  2563  2563 V vold    : Detected support for: ext4 vfat ntfs cifs
12-31 16:00:03.790  2563  2563 W vold    : Failed to LOOP_GET_STATUS64 /dev/block/loop7: No such device or address
12-31 16:00:03.790  2563  2563 W vold    : Failed to LOOP_GET_STATUS64 /dev/block/loop5: No such device or address
12-31 16:00:03.791  2563  2563 W vold    : Failed to LOOP_GET_STATUS64 /dev/block/loop3: No such device or address
12-31 16:00:03.791  2563  2563 W vold    : Failed to LOOP_GET_STATUS64 /dev/block/loop0: No such device or address
12-31 16:00:03.791  2563  2563 W vold    : Failed to LOOP_GET_STATUS64 /dev/block/loop2: No such device or address
12-31 16:00:03.791  2563  2563 W vold    : Failed to LOOP_GET_STATUS64 /dev/block/loop6: No such device or address
12-31 16:00:03.791  2563  2563 W vold    : Failed to LOOP_GET_STATUS64 /dev/block/loop4: No such device or address
12-31 16:00:03.791  2563  2563 W vold    : Failed to LOOP_GET_STATUS64 /dev/block/loop1: No such device or address
12-31 16:00:03.805  2563  2563 D vold    : VoldNativeService::start() completed OK
12-31 16:00:03.813  2563  2583 D vold    : e4crypt_init_user0
12-31 16:00:03.816  2563  2583 D vold    : e4crypt_prepare_user_storage for volume null, user 0, serial 0, flags 1
12-31 16:00:03.816  2563  2583 D vold    : Preparing: /data/system/users/0
12-31 16:00:03.820  2563  2583 D vold    : Preparing: /data/misc/profiles/cur/0
12-31 16:00:03.824  2563  2583 D vold    : Preparing: /data/system_de/0
12-31 16:00:03.828  2563  2583 D vold    : Preparing: /data/misc_de/0
12-31 16:00:03.832  2563  2583 D vold    : Preparing: /data/vendor_de/0
12-31 16:00:03.836  2563  2583 D vold    : Preparing: /data/user_de/0
12-31 16:00:03.840  2563  2583 V vold    : /system/bin/vold_prepare_subdirs
12-31 16:00:03.840  2563  2583 V vold    :     prepare
12-31 16:00:03.840  2563  2583 V vold    :     
12-31 16:00:03.840  2563  2583 V vold    :     0
12-31 16:00:03.840  2563  2583 V vold    :     1
12-31 16:00:03.877  2563  2583 D vold    : e4crypt_unlock_user_key 0 serial=0 token_present=0
12-31 16:00:04.751  2719  2719 I android.hardware.wifi@1.0-service: Wifi Hal is booting up...
--------- beginning of main
12-31 16:00:05.315  2724  2724 I apiMMAP : get_info: UNCACHED: not fount
12-31 16:00:05.315  2724  2724 I apiMMAP : get_info: SW: not fount
12-31 16:00:05.315  2724  2724 I apiMMAP : get_info: CO_BUF_L1: not fount
12-31 16:00:05.315  2724  2724 I apiMMAP : get_info: UNCACHED: not fount
12-31 16:00:05.315  2724  2724 I apiMMAP : get_info: SW: not fount
12-31 16:00:05.315  2724  2724 I apiMMAP : get_info: CO_BUF_L1: not fount
12-31 16:00:05.315  2724  2724 I apiMMAP : get_info: UNCACHED: not fount
12-31 16:00:05.315  2724  2724 I apiMMAP : get_info: SW: not fount
12-31 16:00:05.315  2724  2724 I apiMMAP : get_info: CO_BUF_L0: not fount
12-31 16:00:05.315  2724  2724 I apiMMAP : get_info: UNCACHED: not fount
12-31 16:00:05.315  2724  2724 I apiMMAP : get_info: SW: not fount
12-31 16:00:05.315  2724  2724 I apiMMAP : get_info: CO_BUF_L1: not fount
12-31 16:00:05.315  2724  2724 I apiMMAP : get_info: UNCACHED: not fount
12-31 16:00:05.315  2724  2724 I apiMMAP : get_info: SW: not fount
12-31 16:00:05.315  2724  2724 I apiMMAP : get_info: CO_BUF_L2: not fount
12-31 16:00:05.315  2724  2724 I apiMMAP : get_info: UNCACHED: not fount
12-31 16:00:05.315  2724  2724 I apiMMAP : get_info: SW: not fount
12-31 16:00:05.315  2724  2724 I apiMMAP : get_info: CO_BUF_L2: not fount
12-31 16:00:05.315  2724  2724 I apiMMAP : get_info: WRITE_BACK: not fount
12-31 16:00:05.315  2724  2724 I apiMMAP : get_info: SW: not fount
12-31 16:00:05.315  2724  2724 I apiMMAP : get_info: CO_BUF_L2: not fount
12-31 16:00:05.315  2724  2724 I apiMMAP : get_info: UNCACHED: not fount
12-31 16:00:05.315  2724  2724 I apiMMAP : get_info: SW: not fount
12-31 16:00:05.315  2724  2724 I apiMMAP : get_info: CO_BUF_L2: not fount
12-31 16:00:05.315  2724  2724 I apiMMAP : get_info: WRITE_BACK: not fount
12-31 16:00:05.315  2724  2724 I apiMMAP : get_info: SW: not fount
12-31 16:00:05.315  2724  2724 I apiMMAP : get_info: CO_BUF_L4: not fount
12-31 16:00:05.315  2724  2724 I apiMMAP : get_info: UNCACHED: not fount
12-31 16:00:05.315  2724  2724 I apiMMAP : get_info: SW: not fount
12-31 16:00:05.315  2724  2724 I apiMMAP : get_info: CO_BUF_L4: not fount
12-31 16:00:05.315  2724  2724 I apiMMAP : get_info: UNCACHED: not fount
12-31 16:00:05.316  2724  2724 I apiMMAP : get_info: SW: not fount
12-31 16:00:05.316  2724  2724 I apiMMAP : get_info: CO_BUF_L1: not fount
12-31 16:00:05.316  2724  2724 I apiMMAP : get_info: UNCACHED: not fount
12-31 16:00:05.316  2724  2724 I apiMMAP : get_info: SW: not fount
12-31 16:00:05.316  2724  2724 I apiMMAP : get_info: CO_BUF_L1: not fount
12-31 16:00:05.316  2724  2724 I apiMMAP : get_info: UNCACHED: not fount
12-31 16:00:05.316  2724  2724 I apiMMAP : get_info: SW: not fount
12-31 16:00:05.316  2724  2724 I apiMMAP : get_info: CO_BUF_L1: not fount
12-31 16:00:05.316  2724  2724 I apiMMAP : get_info: UNCACHED: not fount
12-31 16:00:05.316  2724  2724 I apiMMAP : get_info: SW: not fount
12-31 16:00:05.316  2724  2724 I apiMMAP : get_info: CO_BUF_L1: not fount
12-31 16:00:05.316  2724  2724 I apiMMAP : get_info: UNCACHED: not fount
12-31 16:00:05.316  2724  2724 I apiMMAP : get_info: SW: not fount
12-31 16:00:05.316  2724  2724 I apiMMAP : get_info: CO_BUF_L1: not fount
12-31 16:00:05.316  2724  2724 I apiMMAP : get_info: UNCACHED: not fount
12-31 16:00:05.316  2724  2724 I apiMMAP : get_info: SW: not fount
12-31 16:00:05.316  2724  2724 I apiMMAP : get_info: CO_BUF_L1: not fount
12-31 16:00:05.316  2724  2724 I apiMMAP : get_info: UNCACHED: not fount
12-31 16:00:05.316  2724  2724 I apiMMAP : get_info: SW: not fount
12-31 16:00:05.316  2724  2724 I apiMMAP : get_info: CO_BUF_L1: not fount
12-31 16:00:05.316  2724  2724 I apiMMAP : get_info: WRITE_BACK: not fount
12-31 16:00:05.316  2724  2724 I apiMMAP : get_info: SW: not fount
12-31 16:00:05.316  2724  2724 I apiMMAP : get_info: CO_BUF_L3: not fount
12-31 16:00:05.316  2724  2724 I apiMMAP : get_info: UNCACHED: not fount
12-31 16:00:05.316  2724  2724 I apiMMAP : get_info: SW: not fount
12-31 16:00:05.316  2724  2724 I apiMMAP : get_info: CO_BUF_L3: not fount
12-31 16:00:05.316  2724  2724 I apiMMAP : get_info: UNCACHED: not fount
12-31 16:00:05.316  2724  2724 I apiMMAP : get_info: SW: not fount
12-31 16:00:05.316  2724  2724 I apiMMAP : get_info: CO_BUF_L3: not fount
12-31 16:00:05.316  2724  2724 I apiMMAP : get_info: UNCACHED: not fount
12-31 16:00:05.316  2724  2724 I apiMMAP : get_info: SW: not fount
12-31 16:00:05.316  2724  2724 I apiMMAP : get_info: CO_BUF_L0: not fount
12-31 16:00:05.316  2724  2724 I apiMMAP : get_info: UNCACHED: not fount
12-31 16:00:05.316  2724  2724 I apiMMAP : get_info: SW: not fount
12-31 16:00:05.316  2724  2724 I apiMMAP : get_info: CO_BUF_L0: not fount
12-31 16:00:05.316  2724  2724 I apiMMAP : get_info: UNCACHED: not fount
12-31 16:00:05.316  2724  2724 I apiMMAP : get_info: SW: not fount
12-31 16:00:05.316  2724  2724 I apiMMAP : get_info: CO_BUF_L0: not fount
12-31 16:00:05.316  2724  2724 I apiMMAP : get_info: UNCACHED: not fount
12-31 16:00:05.316  2724  2724 I apiMMAP : get_info: SW: not fount
12-31 16:00:05.317  2724  2724 I apiMMAP : get_info: CO_BUF_L0: not fount
12-31 16:00:05.317  2724  2724 I apiMMAP : get_info: UNCACHED: not fount
12-31 16:00:05.317  2724  2805 I MI3     : MI_SYS_Init() without Parameter
12-31 16:00:05.317  2720  2720 E audiohalservice: Could not get passthrough implementation for android.hardware.soundtrigger@2.1::ISoundTriggerHw/default.
12-31 16:00:05.318  2724  2724 W Utopia  : [MSOS][WARN][MsOS_Init][5832]     Already inited.
12-31 16:00:05.318  2355  2355 W hwservicemanager: getTransport: Cannot find entry android.hardware.soundtrigger@2.0::ISoundTriggerHw/default in either framework or device manifest.
12-31 16:00:05.319  2720  2720 E audiohalservice: Could not get passthrough implementation for android.hardware.soundtrigger@2.0::ISoundTriggerHw/default.
12-31 16:00:05.319  2720  2720 W audiohalservice: Could not register soundtrigger API 2.0 nor 2.1
12-31 16:00:05.319  2355  2355 W hwservicemanager: getTransport: Cannot find entry android.hardware.bluetooth.a2dp@1.0::IBluetoothAudioOffload/default in either framework or device manifest.
12-31 16:00:05.320  2720  2720 E audiohalservice: Could not get passthrough implementation for android.hardware.bluetooth.a2dp@1.0::IBluetoothAudioOffload/default.
12-31 16:00:05.320  2720  2720 W audiohalservice: Could not register Bluetooth audio offload 1.0
12-31 16:00:05.321  2732  2792 I MI3     : _s32MikAextinFd: 39, aextin init result : 2  
12-31 16:00:05.321  2732  2792 I MI3     : _MI_WRAPPER_SYS_ModuleInit[1168]: Error 0x9: failed to MI_VENC_Init()!
12-31 16:00:05.321  2732  2792 I MI3     : Open MI_OSD kernel module successful
12-31 16:00:05.321  2732  2792 I MI3     : _s32MikCipherFd: 50, cipher init result : 0  
12-31 16:00:05.329  2724  2805 I MI3     : _MI_WRAPPER_SYS_SecurityAuthentication[754]: Invalid parameter!
12-31 16:00:05.329  2724  2805 I MI3     : _MI_WRAPPER_SYS_SecurityAuthentication[754]: pstInitParams is NULL.
12-31 16:00:05.329  2724  2805 I MI3     : MI_IIC_Init[164]: Error 0x2: failed to ioctl(MI_DEV_IOC_IIC_INIT)
12-31 16:00:05.331  2705  2705 I cameraserver: ServiceManager: 0xb1710100
12-31 16:00:05.331  2705  2705 I CameraService: CameraService started (pid=2705)
12-31 16:00:05.331  2705  2705 I CameraService: CameraService process starting
12-31 16:00:05.332  2705  2705 W BatteryNotifier: batterystats service unavailable!
12-31 16:00:05.332  2705  2705 W BatteryNotifier: batterystats service unavailable!
12-31 16:00:05.332  2705  2705 E cutils-trace: Error opening trace file: No such file or directory (2)
12-31 16:00:05.335  2705  2705 I CameraProviderManager: Connecting to new camera provider: legacy/0, isRemote? 1
12-31 16:00:05.336  2732  2792 I MI3     : MI_IIC_Init[164]: Error 0x2: failed to ioctl(MI_DEV_IOC_IIC_INIT)
12-31 16:00:05.336  2732  2792 I MI3     : MtkTvFApiManager(server) [E] <MtkTvFApiManager:155> [MtkTvFApiManager] Start MtkTvFApi SDK Service: version:v1.0.0.13
12-31 16:00:05.336  2732  2792 I MI3     : 
12-31 16:00:05.336  2732  2732 I ServiceManagement: Removing namespace from process name vendor.mediatek.tv.mtktvfactory@1.0-service to mtktvfactory@1.0-service.
12-31 16:00:05.336  2705  2705 I CameraProviderManager: Camera provider legacy/0 ready with 0 camera devices
12-31 16:00:05.337  2355  2355 W hwservicemanager: getTransport: Cannot find entry android.hardware.camera.provider@2.4::ICameraProvider/external/0 in either framework or device manifest.
12-31 16:00:05.337  2705  2812 W CameraProviderManager: addProviderLocked: Camera provider HAL with name 'legacy/0' already registered
12-31 16:00:05.338  2702  2702 I ServiceManager: Waiting for vendor service TrapezoidCorrect...
12-31 16:00:05.338  2705  2705 I         : Waiting for activity service
12-31 16:00:05.340  2732  2792 I MI3     : MtkTvFApiCustom(Imp) [E] <_a_mtktvfapi_custom_init:37> _a_mtktvapi_tvfapi_custom_init
12-31 16:00:05.340  2732  2792 I MI3     : 
12-31 16:00:05.340  2732  2792 I MI3     : MtkTvFApiCustom(server) [D] <MtkTvFApiCustom:58> .
12-31 16:00:05.340  2732  2792 I MI3     : MtkTvFApiCustom(Imp) [E] <_a_mtktvfapi_custom_init:39> MtkTvFApiCustom Created
12-31 16:00:05.340  2732  2792 I MI3     : 
12-31 16:00:05.341  2732  2732 I MtkTvFApiCustom(Imp): register MtkTvFApiCustom as service
12-31 16:00:05.353  2702  2702 D ServiceManager: #00 pc 000306e9  /system/lib/vndk-28/libbinder.so (android::BpServiceManager::getService(android::String16 const&) const+380)
12-31 16:00:05.353  2702  2702 D ServiceManager: #01 pc 00001b37  /vendor/lib/libtrapezoidClient.so (_ZN7android10getServiceINS_24ITrapezoidCorrectServiceEEEiRKNS_8String16EPNS_2spIT_EE+38)
12-31 16:00:05.353  2702  2702 D ServiceManager: #02 pc 00001ac3  /vendor/lib/libtrapezoidClient.so (android::TrapezoidClient::getTrapezoidService()+46)
12-31 16:00:05.353  2702  2702 D ServiceManager: #03 pc 000014e1  /vendor/bin/trapezoidTest (main+56)
12-31 16:00:05.353  2702  2702 D ServiceManager: #04 pc 00087e31  /system/lib/libc.so (__libc_init+48)
12-31 16:00:05.353  2702  2702 D ServiceManager: #05 pc 00001487  /vendor/bin/trapezoidTest (_start_main+38)
12-31 16:00:05.353  2702  2702 D ServiceManager: #06 pc 00000306  <anonymous:b674f000>
12-31 16:00:05.360  2724  2805 I MI3     : _s32MikAextinFd: 40, aextin init result : 2  
12-31 16:00:05.360  2724  2805 I MI3     : _MI_WRAPPER_SYS_ModuleInit[1168]: Error 0x9: failed to MI_VENC_Init()!
12-31 16:00:05.360  2724  2805 I MI3     : Open MI_OSD kernel module successful
12-31 16:00:05.360  2724  2805 I MI3     : _s32MikCipherFd: 51, cipher init result : 0  
12-31 16:00:05.362  2724  2724 D ImageDisp: MsOS_MMA_Init ok
12-31 16:00:05.362  2724  2724 D ImageDisp: Use MMA!
12-31 16:00:05.365  2724  2724 I ServiceManagement: Removing namespace from process name mstar.hardware.imgdisp@1.0-service to imgdisp@1.0-service.
12-31 16:00:05.366  2724  2724 E cutils-trace: Error opening trace file: No such file or directory (2)
12-31 16:00:05.368  2724  2724 E mstarimgdisp_service: Couldn't set SCHED_FIFO: 1
12-31 16:00:05.427  2723  2723 D hwcomposer: HWComposerOSD::init: MStar graphic Config:
12-31 16:00:05.427  2723  2723 D hwcomposer: HWComposerOSD::init: OSD WIDTH    : 1920
12-31 16:00:05.427  2723  2723 D hwcomposer: HWComposerOSD::init: OSD HEIGHT   : 1080
12-31 16:00:05.427  2723  2723 D hwcomposer: HWComposerOSD::init: PANEL WIDTH  : 1920
12-31 16:00:05.427  2723  2723 D hwcomposer: HWComposerOSD::init: PANEL HEIGHT : 1080
12-31 16:00:05.427  2723  2723 D hwcomposer: HWComposerOSD::init: DISP WIDTH   : 1920
12-31 16:00:05.427  2723  2723 D hwcomposer: HWComposerOSD::init: DISP HEIGHT  : 1080
12-31 16:00:05.427  2723  2723 D hwcomposer: HWComposerOSD::init: MIRROE MODE  H : 0,V : 0
12-31 16:00:05.427  2723  2723 D hwcomposer: HWComposerOSD::init: URSA VERSION : 0
12-31 16:00:05.427  2723  2723 D hwcomposer: HWComposerOSD::init: PanelHdrSupport : 2
12-31 16:00:05.428  2723  2723 E Utopia  : [MSOS][ERROR][MsOS_CreateMutex][2230]    [MsOS_CreateMutex][2230] Update max number of msos mutex: 256
12-31 16:00:05.430  2723  2723 I Utopia  : [MSOS][INFO][MsOS_SHM_Init][1097]     Mappd share memory: 0xtABB69000
12-31 16:00:05.431  2723  2723 I Utopia  : [MSOS][INFO][_MsOS_InitEventGroup][4039]     Flag=MSOS_SHM_QUERY Addr=0xABB7CAA8
12-31 16:00:05.431  2723  2723 I         : [utopia info] open: /vendor/etc/utopia.conf
12-31 16:00:05.435  2723  2723 D Utopia  : [PWS][35mFunction = void PWSRegisterToUtopia(FUtopiaOpen), Line = 1134, PWS Register finished[m
12-31 16:00:05.437  2723  2816 I MI3     : MI_SYS_Init() without Parameter
12-31 16:00:05.441  2723  2723 W Utopia  : [MSOS][WARN][MsOS_Init][5832]     Already inited.
12-31 16:00:05.441  2723  2723 I Utopia  : [[MsOS_MMA_Init]][000355] MsOS_MMA_Init size=49152
12-31 16:00:05.442  2723  2723 D Utopia  : [SYS][35mFunction = MS_U32 SYSOpen(void **, void *), Line = 1698, current resource pri_shm content is: 0[m
12-31 16:00:05.442  2723  2723 D Utopia  : [SYS][35mFunction = MS_U32 SYSOpen(void **, void *), Line = 1717, [SYS INFO] OPEN INSTANCE...[m
12-31 16:00:05.454  2702  2702 I ServiceManager: Waiting for vendor service TrapezoidCorrect...
12-31 16:00:05.456  2723  2816 I MI3     : _MI_WRAPPER_SYS_SecurityAuthentication[754]: Invalid parameter!
12-31 16:00:05.456  2723  2816 I MI3     : _MI_WRAPPER_SYS_SecurityAuthentication[754]: pstInitParams is NULL.
12-31 16:00:05.456  2723  2816 I MI3     : MI_IIC_Init[164]: Error 0x2: failed to ioctl(MI_DEV_IOC_IIC_INIT)
12-31 16:00:05.456  2723  2816 I MI3     : _s32MikAextinFd: 41, aextin init result : 2  
12-31 16:00:05.456  2723  2816 I MI3     : _MI_WRAPPER_SYS_ModuleInit[1168]: Error 0x9: failed to MI_VENC_Init()!
12-31 16:00:05.456  2723  2816 I MI3     : Open MI_OSD kernel module successful
12-31 16:00:05.456  2723  2816 I MI3     : _s32MikCipherFd: 52, cipher init result : 0  
12-31 16:00:05.473  2723  2723 D HWComposerOSD: Load dfbrc.ini from path /vendor/tvconfig/config/dfbrc.ini
12-31 16:00:05.473  2723  2723 D HWComposerOSD: the pOsdConfigName name is /vendor/tvconfig/config/OSD/OsdDefine.ini
12-31 16:00:05.473  2723  2723 D hwcomposer: HWComposerDisplayHalMiOsd::init: DirectFBRC:DFBRC_LAYER0_GOPINDEX
12-31 16:00:05.473  2723  2723 D hwcomposer: HWComposerDisplayHalMiOsd::init: the layer0  gop index is 1
12-31 16:00:05.473  2723  2723 D hwcomposer: HWComposerDisplayHalMiOsd::init: DirectFBRC:DFBRC_LAYER1_GOPINDEX
12-31 16:00:05.473  2723  2723 D hwcomposer: HWComposerDisplayHalMiOsd::init: the layer1  gop index is 0
12-31 16:00:05.473  2723  2723 D hwcomposer: HWComposerDisplayHalMiOsd::init: DirectFBRC:DFBRC_LAYER2_GOPINDEX
12-31 16:00:05.473  2723  2723 D hwcomposer: HWComposerDisplayHalMiOsd::init: the layer2  gop index is 2
12-31 16:00:05.473  2723  2723 D hwcomposer: HWComposerDisplayHalMiOsd::init: DirectFBRC:DFBRC_LAYER3_GOPINDEX
12-31 16:00:05.473  2723  2723 D hwcomposer: HWComposerDisplayHalMiOsd::init: the layer3  gop index is 3
12-31 16:00:05.473  2723  2723 D hwcomposer: HWComposerDisplayHalMiOsd::init: DirectFBRC:DFBRC_LAYER4_GOPINDEX
12-31 16:00:05.473  2723  2723 D hwcomposer: HWComposerDisplayHalMiOsd::init: the layer4  gop index is 4
12-31 16:00:05.473  2723  2723 D hwcomposer: HWComposerDisplayHalMiOsd::init: bootlogoGopIdx = 2
12-31 16:00:05.473  2723  2723 D hwcomposer: HWComposerDisplayHalMiOsd::init: miWin[0] eLayerId = 0
12-31 16:00:05.474  2723  2723 D hwcomposer: HWComposerDisplayHalMiOsd::init: MI layer init: hwcMiWin[0] hLayerHandle=20000
12-31 16:00:05.485  2723  2723 D hwcomposer: HWComposerDisplayHalMiOsd::init: OSD init: SET HSTRETCH Mode 9!!!!!
12-31 16:00:05.485  2723  2723 D hwcomposer: HWComposerDisplayHalMiOsd::init: miWin[1] eLayerId = 0
12-31 16:00:05.485  2723  2723 D hwcomposer: HWComposerDisplayHalMiOsd::init: MI layer init: hwcMiWin[1] hLayerHandle=0
12-31 16:00:05.485  2723  2723 E hwcomposer: HWComposerMiWrapper::QueryGopSupportAFBC: QueryGopSupportAFBC: invalid parameters
12-31 16:00:05.485  2723  2723 E hwcomposer: HWComposerMiWrapper::SetMiOsdVsyncMode: SetMiOsdVsyncMode layer handle NULL, bVsyncMode=0
12-31 16:00:05.485  2723  2723 E hwcomposer: HWComposerMiWrapper::enableTransClrEX: Enable transClr fail, layer handle NULL line=[783], bEnable=0!
12-31 16:00:05.485  2723  2723 E hwcomposer: HWComposerMiWrapper::enableMultiAlpha: Enable multialpha fail, layer handle NULL line=[711], bEnable=1!
12-31 16:00:05.485  2723  2723 E hwcomposer: HWComposerDisplayHalMiOsd::init: OSD init: SET HSTRETCH Mode 9 FAILED!!!!!
12-31 16:00:05.486  2723  2723 D hwcomposer: HWComposerDisplayHalMiOsd::init: Create work thread successfully!
12-31 16:00:05.486  2723  2723 E hwcomposer: HWComposerOSD::HWComposerOSD: curTimingWidth =1920,curTimingHeight =1080, panelHStart=0
12-31 16:00:05.486  2723  2723 E hwcomposer: HWComposerCapHalMiCap::HWComposerCapHalMiCap: MI_CAP_Init failed, handle: 0, Error[0x2]: MI_HAS_INITED !!!, line=[106].
12-31 16:00:05.487  2723  2816 I MI3     : MI_CAP kernel module Re-Inited!
12-31 16:00:05.487  2723  2816 I chatty  : uid=1000(system) misyslogwrapper identical 1 line
12-31 16:00:05.487  2723  2816 I MI3     : MI_CAP kernel module Re-Inited!
12-31 16:00:05.487  2723  2816 I MI3     : [OSAI] new thread_linux_drv implementation
12-31 16:00:05.489  2702  2702 D ServiceManager: #00 pc 000306e9  /system/lib/vndk-28/libbinder.so (android::BpServiceManager::getService(android::String16 const&) const+380)
12-31 16:00:05.490  2702  2702 D ServiceManager: #01 pc 00001b37  /vendor/lib/libtrapezoidClient.so (_ZN7android10getServiceINS_24ITrapezoidCorrectServiceEEEiRKNS_8String16EPNS_2spIT_EE+38)
12-31 16:00:05.490  2702  2702 D ServiceManager: #02 pc 00001ac3  /vendor/lib/libtrapezoidClient.so (android::TrapezoidClient::getTrapezoidService()+46)
12-31 16:00:05.490  2702  2702 D ServiceManager: #03 pc 000014e1  /vendor/bin/trapezoidTest (main+56)
12-31 16:00:05.490  2702  2702 D ServiceManager: #04 pc 00087e31  /system/lib/libc.so (__libc_init+48)
12-31 16:00:05.490  2702  2702 D ServiceManager: #05 pc 00001487  /vendor/bin/trapezoidTest (_start_main+38)
12-31 16:00:05.490  2702  2702 D ServiceManager: #06 pc 00000306  <anonymous:b674f000>
12-31 16:00:05.490  2826  2826 D fast_connect: start to parse_config!
12-31 16:00:05.515     1     1 W init    : type=1400 audit(0.0:41): avc: granted { read } for name="ttyS0" dev="tmpfs" ino=3283 scontext=u:r:init:s0 tcontext=u:object_r:serial_device:s0 tclass=chr_file
12-31 16:00:05.515     1     1 W init    : type=1400 audit(0.0:42): avc: granted { read open } for path="/dev/ttyS0" dev="tmpfs" ino=3283 scontext=u:r:init:s0 tcontext=u:object_r:serial_device:s0 tclass=chr_file
12-31 16:00:05.516  2826  2826 D fast_connect: value = RTL8192EU 
12-31 16:00:05.516  2826  2826 D fast_connect: dev_info name = RTL8192EU
12-31 16:00:05.516  2826  2826 D fast_connect: value = MT7662STA 
12-31 16:00:05.516  2826  2826 D fast_connect: dev_info name = MT7662STA
12-31 16:00:05.516  2826  2826 D fast_connect: value = MT7603STA 
12-31 16:00:05.516  2826  2826 D fast_connect: dev_info name = MT7603STA
12-31 16:00:05.516  2826  2826 D fast_connect: value = RAL5370 
12-31 16:00:05.516  2826  2826 D fast_connect: dev_info name = RAL5370
12-31 16:00:05.516  2826  2826 D fast_connect: value = RTL8188ETV 
12-31 16:00:05.516  2826  2826 D fast_connect: dev_info name = RTL8188ETV
12-31 16:00:05.516  2826  2826 D fast_connect: value = RTL8812AUS 
12-31 16:00:05.517  2826  2826 D fast_connect: dev_info name = RTL8812AUS
12-31 16:00:05.517  2826  2826 D fast_connect: value = MT7601STA 
12-31 16:00:05.517  2826  2826 D fast_connect: dev_info name = MT7601STA
12-31 16:00:05.517  2826  2826 D fast_connect: value = RTL8723BU 
12-31 16:00:05.517  2826  2826 D fast_connect: dev_info name = RTL8723BU
12-31 16:00:05.517  2826  2826 D fast_connect: value = MT7668STA 
12-31 16:00:05.517  2826  2826 D fast_connect: dev_info name = MT7668STA
12-31 16:00:05.517  2826  2826 D fast_connect: value = MT7663STA 
12-31 16:00:05.517  2826  2826 D fast_connect: dev_info name = MT7663STA
12-31 16:00:05.517  2826  2826 D fast_connect: parse_config successfully!!
12-31 16:00:05.517  2826  2826 D fast_connect: detect_wifi_device!!!
12-31 16:00:05.517  2826  2826 D fast_connect: init_detect_wifi_device successfully!!
12-31 16:00:05.519     1     1 W init    : type=1400 audit(0.0:43): avc: granted { read } for name="ttyS0" dev="tmpfs" ino=3283 scontext=u:r:init:s0 tcontext=u:object_r:serial_device:s0 tclass=chr_file
12-31 16:00:05.519     1     1 W init    : type=1400 audit(0.0:44): avc: granted { read open } for path="/dev/ttyS0" dev="tmpfs" ino=3283 scontext=u:r:init:s0 tcontext=u:object_r:serial_device:s0 tclass=chr_file
12-31 16:00:05.527  2846  2846 W init    : type=1400 audit(0.0:45): avc: granted { read } for name="ttyS0" dev="tmpfs" ino=3283 scontext=u:r:init:s0 tcontext=u:object_r:serial_device:s0 tclass=chr_file
12-31 16:00:05.527  2846  2846 W init    : type=1400 audit(0.0:46): avc: granted { read open } for path="/dev/ttyS0" dev="tmpfs" ino=3283 scontext=u:r:init:s0 tcontext=u:object_r:serial_device:s0 tclass=chr_file
12-31 16:00:05.529  2826  2826 D fast_connect: get_wifi_device_num num = 0
12-31 16:00:05.559  2831  2831 D rootdaemon: rootdaemon start!!!
12-31 16:00:05.593  2702  2702 I ServiceManager: Waiting for vendor service TrapezoidCorrect...
12-31 16:00:05.611  2828  2828 I         : voice_loadconfig(/system/etc/hidraw_setting) load!
12-31 16:00:05.611  2828  2828 I         : voice_loadconfig(/vendor/etc/hidraw_setting) load!
12-31 16:00:05.611  2828  2828 I         : voice_loadconfig(/vendor/etc/hidraw_setting) size=200!
12-31 16:00:05.624  2845  2845 D MTK_KL  : 6,314,402696,-;usb usb1: SerialNumber: mstar
12-31 16:00:05.624  2845  2845 D MTK_KL  :  SUBSYSTEM=usb
12-31 16:00:05.625  2845  2845 D MTK_KL  :  DEVICE=c189:0
12-31 16:00:05.625  2845  2845 D MTK_KL  : 6,315,403113,-;hub 1-0:1.0: USB hub found
12-31 16:00:05.625  2845  2845 D MTK_KL  :  SUBSYSTEM=usb
12-31 16:00:05.625  2845  2845 D MTK_KL  :  DEVICE=+usb:1-0:1.0
12-31 16:00:05.625  2845  2845 D MTK_KL  : 6,316,403132,-;hub 1-0:1.0: 1 port detected
12-31 16:00:05.625  2845  2845 D MTK_KL  :  SUBSYSTEM=usb
12-31 16:00:05.625  2845  2845 D MTK_KL  :  DEVICE=+usb:1-0:1.0
12-31 16:00:05.625  2845  2845 D MTK_KL  : 6,317,403436,-;Mstar-ehci: Mstar-STR, No [Mstar-ehci] defined in dts
12-31 16:00:05.625  2845  2845 D MTK_KL  : 6,318,403439,-;Mstar-ehci: Mstar-STR, use default setting
12-31 16:00:05.625  2845  2845 D MTK_KL  : 4,319,403731,-;Mstar-ehci-1 H.W init
12-31 16:00:05.625  2845  2845 D MTK_KL  : 4,320,403734,-;[USB] no platform_data, device tree coming
12-31 16:00:05.625  2845  2845 D MTK_KL  : 5,321,403738,-;[USB][EHC] dma coherent_mask 0xffffffffffffffff mask 0xffffffffffffffff
12-31 16:00:05.625  2845  2845 D MTK_KL  : 6,322,403749,-;Mstar-ehci-1 Mstar-ehci-1: utmi chirp: 0x80
12-31 16:00:05.625  2845  2845 D MTK_KL  :  SUBSYSTEM=platform
12-31 16:00:05.625  2845  2845 D MTK_KL  :  DEVICE=+platform:Mstar-ehci-1
12-31 16:00:05.625  2845  2845 D MTK_KL  : 6,323,403754,-;Mstar-ehci-1 Mstar-ehci-1: utmi squelch: 0x0e
12-31 16:00:05.625  2845  2845 D MTK_KL  :  SUBSYSTEM=platform
12-31 16:00:05.625  2845  2845 D MTK_KL  :  DEVICE=+platform:Mstar-ehci-1
12-31 16:00:05.625  2845  2845 D MTK_KL  : 6,324,403758,-;Mstar-ehci-1 Mstar-ehci-1: utmi disconnect: 0x60
12-31 16:00:05.625  2845  2845 D MTK_KL  :  SUBSYSTEM=platform
12-31 16:00:05.625  2845  2845 D MTK_KL  :  DEVICE=+platform:Mstar-ehci-1
12-31 16:00:05.625  2845  2845 D MTK_KL  : 6,325,403763,-;Mstar-ehci-1 Mstar-ehci-1: utmi eye: 0x10 0x02 0x00 0x81
12-31 16:00:05.625  2845  2845 D MTK_KL  :  SUBSYSTEM=platform
12-31 16:00:05.625  2845  2845 D MTK_KL  :  DEVICE=+platform:Mstar-ehci-1
12-31 16:00:05.625  2845  2845 D MTK_KL  : 6,326,403767,-;Mstar-ehci-1 Mstar-ehci-1: utmi dpdm-swap: ffffffff
12-31 16:00:05.625  2845  2845 D MTK_KL  :  SUBSYSTEM=platform
12-31 16:00:05.625  2845  2845 D MTK_KL  :  DEVICE=+platform:Mstar-ehci-1
12-31 16:00:05.625  2845  2845 D MTK_KL  : 6,327,403772,-;Mstar-ehci-1 Mstar-ehci-1: utmi otg-enable: ffffffff
12-31 16:00:05.625  2845  2845 D MTK_KL  :  SUBSYSTEM=platform
12-31 16:00:05.625  2845  2845 D MTK_KL  :  DEVICE=+platform:Mstar-ehci-1
12-31 16:00:05.625  2845  2845 D MTK_KL  : 6,328,403776,-;Mstar-ehci-1 Mstar-ehci-1: utmi -- flag: 0x00000008
12-31 16:00:05.625  2845  2845 D MTK_KL  :  SUBSYSTEM=platform
12-31 16:00:05.625  2845  2845 D MTK_KL  :  DEVICE=+platform:Mstar-ehci-1
12-31 16:00:05.625  2845  2845 D MTK_KL  : 4,329,403778,-;Titania3_series_start_ehc start
12-31 16:00:05.625  2845  2845 D MTK_KL  : 4,330,403781,-;[USB] config miu select [f0] [ef] [ef] [ef]
12-31 16:00:05.625  2845  2845 D MTK_KL  : 4,331,403784,-;[USB] enable miu lower bound address subtraction
12-31 16:00:05.625  2845  2845 D MTK_KL  : 4,332,403788,-;[USB] init squelch level 0xe
12-31 16:00:05.625  2845  2845 D MTK_KL  : 4,333,404797,-;BC disable 
12-31 16:00:05.625  2845  2845 D MTK_KL  : 6,334,404803,-;[USB] Mstar-ehci-1 irq --> 62
12-31 16:00:05.625  2845  2845 D MTK_KL  : 6,335,404808,-;Mstar-ehci-1 Mstar-ehci-1: EHCI Host Controller
12-31 16:00:05.625  2845  2845 D MTK_KL  :  SUBSYSTEM=platform
12-31 16:00:05.625  2845  2845 D MTK_KL  :  DEVICE=+platform:Mstar-ehci-1
12-31 16:00:05.625  2845  2845 D MTK_KL  : 6,336,404822,-;Mstar-ehci-1 Mstar-ehci-1: new USB bus registered, assigned bus number 2
12-31 16:00:05.625  2845  2845 D MTK_KL  :  SUBSYSTEM=platform
12-31 16:00:05.625  2845  2845 D MTK_KL  :  DEVICE=+platform:Mstar-ehci-1
12-31 16:00:05.625  2845  2845 D MTK_KL  : 6,337,404930,-;Mstar-ehci-1 Mstar-ehci-1: irq 62, io mem 0xfd204800
12-31 16:00:05.625  2845  2845 D MTK_KL  :  SUBSYSTEM=platform
12-31 16:00:05.625  2845  2845 D MTK_KL  :  DEVICE=+platform:Mstar-ehci-1
12-31 16:00:05.625  2845  2845 D MTK_KL  : 6,338,422516,-;usb usb2: New USB device found, idVendor=1d6b, idProduct=0002
12-31 16:00:05.625  2845  2845 D MTK_KL  :  SUBSYSTEM=usb
12-31 16:00:05.625  2845  2845 D MTK_KL  :  DEVICE=c189:128
12-31 16:00:05.625  2845  2845 D MTK_KL  : 6,339,422523,-;usb usb2: New USB device strings: Mfr=3, Product=2, SerialNumber=1
12-31 16:00:05.625  2845  2845 D MTK_KL  :  SUBSYSTEM=usb
12-31 16:00:05.625  2845  2845 D MTK_KL  :  DEVICE=c189:128
12-31 16:00:05.625  2845  2845 D MTK_KL  : 6,340,422527,-;usb usb2: Product: EHCI Host Controller
12-31 16:00:05.625  2845  2845 D MTK_KL  :  SUBSYSTEM=usb
12-31 16:00:05.625  2845  2845 D MTK_KL  :  DEVICE=c189:128
12-31 16:00:05.625  2845  2845 D MTK_KL  : 6,341,422531,-;usb usb2: Manufacturer: Linux 4.9.118+ ehci_hcd
12-31 16:00:05.625  2845  2845 D MTK_KL  :  SUBSYSTEM=usb
12-31 16:00:05.625  2845  2845 D MTK_KL  :  DEVICE=c189:128
12-31 16:00:05.625  2845  2845 D MTK_KL  : 6,342,422536,-;usb usb2: SerialNumber: mstar
12-31 16:00:05.625  2845  2845 D MTK_KL  :  SUBSYSTEM=usb
12-31 16:00:05.625  2845  2845 D MTK_KL  :  DEVICE=c189:128
12-31 16:00:05.625  2845  2845 D MTK_KL  : 6,343,422917,-;hub 2-0:1.0: USB hub found
12-31 16:00:05.625  2845  2845 D MTK_KL  :  SUBSYSTEM=usb
12-31 16:00:05.625  2845  2845 D MTK_KL  :  DEVICE=+usb:2-0:1.0
12-31 16:00:05.625  2845  2845 D MTK_KL  : 6,344,422935,-;hub 2-0:1.0: 1 port detected
12-31 16:00:05.625  2845  2845 D MTK_KL  :  SUBSYSTEM=usb
12-31 16:00:05.625  2845  2845 D MTK_KL  :  DEVICE=+usb:2-0:1.0
12-31 16:00:05.625  2845  2845 D MTK_KL  : 6,345,423196,-;Mstar-ehci: Mstar-STR, No [Mstar-ehci] defined in dts
12-31 16:00:05.625  2845  2845 D MTK_KL  : 6,346,423199,-;Mstar-ehci: Mstar-STR, use default setting
12-31 16:00:05.625  2845  2845 D MTK_KL  : 4,347,423494,-;Mstar-ehci-3 H.W init
12-31 16:00:05.625  2845  2845 D MTK_KL  : 4,348,423497,-;[USB] no platform_data, device tree coming
12-31 16:00:05.625  2845  2845 D MTK_KL  : 5,349,423500,-;[USB][EHC] dma coherent_mask 0xffffffffffffffff mask 0xffffffffffffffff
12-31 16:00:05.625  2845  2845 D MTK_KL  : 6,350,423513,-;Mstar-ehci-3 Mstar-ehci-3: utmi chirp: 0x80
12-31 16:00:05.625  2845  2845 D MTK_KL  :  SUBSYSTEM=platform
12-31 16:00:05.625  2845  2845 D MTK_KL  :  DEVICE=+platform:Mstar-ehci-3
12-31 16:00:05.625  2845  2845 D MTK_KL  : 6,351,423518,-;Mstar-ehci-3 Mstar-ehci-3: utmi squelch: 0x0e
12-31 16:00:05.625  2845  2845 D MTK_KL  :  SUBSYSTEM=platform
12-31 16:00:05.626  2845  2845 D MTK_KL  :  DEVICE=+platform:Mstar-ehci-3
12-31 16:00:05.626  2845  2845 D MTK_KL  : 6,352,423522,-;Mstar-ehci-3 Mstar-ehci-3: utmi disconnect: 0x60
12-31 16:00:05.626  2845  2845 D MTK_KL  :  SUBSYSTEM=platform
12-31 16:00:05.626  2845  2845 D MTK_KL  :  DEVICE=+platform:Mstar-ehci-3
12-31 16:00:05.626  2845  2845 D MTK_KL  : 6,353,423527,-;Mstar-ehci-3 Mstar-ehci-3: utmi eye: 0x10 0x02 0x00 0x81
12-31 16:00:05.626  2845  2845 D MTK_KL  :  SUBSYSTEM=platform
12-31 16:00:05.626  2845  2845 D MTK_KL  :  DEVICE=+platform:Mstar-ehci-3
12-31 16:00:05.626  2845  2845 D MTK_KL  : 6,354,423531,-;Mstar-ehci-3 Mstar-ehci-3: utmi dpdm-swap: ffffffff
12-31 16:00:05.626  2845  2845 D MTK_KL  :  SUBSYSTEM=platform
12-31 16:00:05.626  2845  2845 D MTK_KL  :  DEVICE=+platform:Mstar-ehci-3
12-31 16:00:05.626  2845  2845 D MTK_KL  : 6,355,423535,-;Mstar-ehci-3 Mstar-ehci-3: utmi otg-enable: ffffffff
12-31 16:00:05.626  2845  2845 D MTK_KL  :  SUBSYSTEM=platform
12-31 16:00:05.626  2845  2845 D MTK_KL  :  DEVICE=+platform:Mstar-ehci-3
12-31 16:00:05.626  2845  2845 D MTK_KL  : 6,356,423540,-;Mstar-ehci-3 Mstar-ehci-3: utmi -- flag: 0x00000000
12-31 16:00:05.626  2845  2845 D MTK_KL  :  SUBSYSTEM=platform
12-31 16:00:05.626  2845  2845 D MTK_KL  :  DEVICE=+platform:Mstar-ehci-3
12-31 16:00:05.626  2845  2845 D MTK_KL  : 4,357,423542,-;Titania3_series_start_ehc start
12-31 16:00:05.626  2845  2845 D MTK_KL  : 4,358,423545,-;[USB] config miu select [f0] [ef] [ef] [ef]
12-31 16:00:05.626  2845  2845 D MTK_KL  : 4,359,423547,-;[USB] enable miu lower bound address subtraction
12-31 16:00:05.626  2845  2845 D MTK_KL  : 4,360,423551,-;[USB] init squelch level 0xe
12-31 16:00:05.626  2845  2845 D MTK_KL  : 4,361,424560,-;BC disable 
12-31 16:00:05.626  2845  2845 D MTK_KL  : 6,362,424566,-;[USB] Mstar-ehci-3 irq --> 66
12-31 16:00:05.626  2845  2845 D MTK_KL  : 6,363,424570,-;Mstar-ehci-3 Mstar-ehci-3: EHCI Host Controller
12-31 16:00:05.626  2845  2845 D MTK_KL  :  SUBSYSTEM=platform
12-31 16:00:05.626  2845  2845 D MTK_KL  :  DEVICE=+platform:Mstar-ehci-3
12-31 16:00:05.626  2845  2845 D MTK_KL  : 6,364,424583,-;Mstar-ehci-3 Mstar-ehci-3: new USB bus registered, assigned bus number 3
12-31 16:00:05.626  2845  2845 D MTK_KL  :  SUBSYSTEM=platform
12-31 16:00:05.626  2845  2845 D MTK_KL  :  DEVICE=+platform:Mstar-ehci-3
12-31 16:00:05.626  2845  2845 D MTK_KL  : 6,365,424684,-;Mstar-ehci-3 Mstar-ehci-3: irq 66, io mem 0xfd227200
12-31 16:00:05.626  2845  2845 D MTK_KL  :  SUBSYSTEM=platform
12-31 16:00:05.626  2845  2845 D MTK_KL  :  DEVICE=+platform:Mstar-ehci-3
12-31 16:00:05.626  2845  2845 D MTK_KL  : 6,366,438504,-;usb usb3: New USB device found, idVendor=1d6b, idProduct=0002
12-31 16:00:05.626  2845  2845 D MTK_KL  :  SUBSYSTEM=usb
12-31 16:00:05.626  2845  2845 D MTK_KL  :  DEVICE=c189:256
12-31 16:00:05.626  2845  2845 D MTK_KL  : 6,367,438510,-;usb usb3: New USB device strings: Mfr=3, Product=2, SerialNumber=1
12-31 16:00:05.626  2845  2845 D MTK_KL  :  SUBSYSTEM=usb
12-31 16:00:05.626  2845  2845 D MTK_KL  :  DEVICE=c189:256
12-31 16:00:05.626  2845  2845 D MTK_KL  : 6,368,438514,-;usb usb3: Product: EHCI Host Controller
12-31 16:00:05.626  2845  2845 D MTK_KL  :  SUBSYSTEM=usb
12-31 16:00:05.626  2845  2845 D MTK_KL  :  DEVICE=c189:256
12-31 16:00:05.626  2845  2845 D MTK_KL  : 6,369,438518,-;usb usb3: Manufacturer: Linux 4.9.118+ ehci_hcd
12-31 16:00:05.626  2845  2845 D MTK_KL  :  SUBSYSTEM=usb
12-31 16:00:05.626  2845  2845 D MTK_KL  :  DEVICE=c189:256
12-31 16:00:05.626  2845  2845 D MTK_KL  : 6,370,438522,-;usb usb3: SerialNumber: mstar
12-31 16:00:05.626  2845  2845 D MTK_KL  :  SUBSYSTEM=usb
12-31 16:00:05.626  2845  2845 D MTK_KL  :  DEVICE=c189:256
12-31 16:00:05.626  2845  2845 D MTK_KL  : 6,371,438902,-;hub 3-0:1.0: USB hub found
12-31 16:00:05.626  2845  2845 D MTK_KL  :  SUBSYSTEM=usb
12-31 16:00:05.626  2845  2845 D MTK_KL  :  DEVICE=+usb:3-0:1.0
12-31 16:00:05.626  2845  2845 D MTK_KL  : 6,372,438922,-;hub 3-0:1.0: 1 port detected
12-31 16:00:05.626  2845  2845 D MTK_KL  :  SUBSYSTEM=usb
12-31 16:00:05.626  2845  2845 D MTK_KL  :  DEVICE=+usb:3-0:1.0
12-31 16:00:05.626  2845  2845 D MTK_KL  : 6,373,439172,-;Mstar-ehci: Mstar-STR, No [Mstar-ehci] defined in dts
12-31 16:00:05.626  2845  2845 D MTK_KL  : 6,374,439175,-;Mstar-ehci: Mstar-STR, use default setting
12-31 16:00:05.626  2845  2845 D MTK_KL  : 4,375,439444,-;Mstar-ehci-4 H.W init
12-31 16:00:05.626  2845  2845 D MTK_KL  : 4,376,439447,-;[USB] no platform_data, device tree coming
12-31 16:00:05.626  2845  2845 D MTK_KL  : 5,377,439451,-;[USB][EHC] dma coherent_mask 0xffffffffffffffff mask 0xffffffffffffffff
12-31 16:00:05.626  2845  2845 D MTK_KL  : 4,378,439456,-;[USB] enable port 4 remote wakeup
12-31 16:00:05.626  2845  2845 D MTK_KL  : 6,379,439463,-;Mstar-ehci-4 Mstar-ehci-4: utmi chirp: 0x80
12-31 16:00:05.626  2845  2845 D MTK_KL  :  SUBSYSTEM=platform
12-31 16:00:05.626  2845  2845 D MTK_KL  :  DEVICE=+platform:Mstar-ehci-4
12-31 16:00:05.626  2845  2845 D MTK_KL  : 6,380,439467,-;Mstar-ehci-4 Mstar-ehci-4: utmi squelch: 0x0e
12-31 16:00:05.626  2845  2845 D MTK_KL  :  SUBSYSTEM=platform
12-31 16:00:05.626  2845  2845 D MTK_KL  :  DEVICE=+platform:Mstar-ehci-4
12-31 16:00:05.626  2845  2845 D MTK_KL  : 6,381,439471,-;Mstar-ehci-4 Mstar-ehci-4: utmi disconnect: 0x60
12-31 16:00:05.626  2845  2845 D MTK_KL  :  SUBSYSTEM=platform
12-31 16:00:05.626  2845  2845 D MTK_KL  :  DEVICE=+platform:Mstar-ehci-4
12-31 16:00:05.626  2845  2845 D MTK_KL  : 6,382,439476,-;Mstar-ehci-4 Mstar-ehci-4: utmi eye: 0x10 0x02 0x00 0x81
12-31 16:00:05.626  2845  2845 D MTK_KL  :  SUBSYSTEM=platform
12-31 16:00:05.626  2845  2845 D MTK_KL  :  DEVICE=+platform:Mstar-ehci-4
12-31 16:00:05.626  2845  2845 D MTK_KL  : 6,383,439481,-;Mstar-ehci-4 Mstar-ehci-4: utmi dpdm-swap: ffffffff
12-31 16:00:05.626  2845  2845 D MTK_KL  :  SUBSYSTEM=platform
12-31 16:00:05.626  2845  2845 D MTK_KL  :  DEVICE=+platform:Mstar-ehci-4
12-31 16:00:05.626  2845  2845 D MTK_KL  : 6,384,439485,-;Mstar-ehci-4 Mstar-ehci-4: utmi otg-enable: ffffffff
12-31 16:00:05.626  2845  2845 D MTK_KL  :  SUBSYSTEM=platform
12-31 16:00:05.626  2845  2845 D MTK_KL  :  DEVICE=+platform:Mstar-ehci-4
12-31 16:00:05.626  2845  2845 D MTK_KL  : 6,385,439489,-;Mstar-ehci-4 Mstar-ehci-4: utmi -- flag: 0x00000000
12-31 16:00:05.626  2845  2845 D MTK_KL  :  SUBSYSTEM=platform
12-31 16:00:05.626  2845  2845 D MTK_KL  :  DEVICE=+platform:Mstar-ehci-4
12-31 16:00:05.626  2845  2845 D MTK_KL  : 4,386,439491,-;Titania3_series_start_ehc start
12-31 16:00:05.626  2845  2845 D MTK_KL  : 4,387,439494,-;[USB] config miu select [f0] [ef] [ef] [ef]
12-31 16:00:05.626  2845  2845 D MTK_KL  : 4,388,439502,-;[USB] enable miu lower bound address subtraction
12-31 16:00:05.627  2845  2845 D MTK_KL  : 4,389,439520,-;[USB] init squelch level 0xe
12-31 16:00:05.627  2845  2845 D MTK_KL  : 4,390,440619,-;BC disable 
12-31 16:00:05.627  2845  2845 D MTK_KL  : 6,391,440644,-;[USB] Mstar-ehci-4 irq --> 68
12-31 16:00:05.627  2845  2845 D MTK_KL  : 6,392,440648,-;Mstar-ehci-4 Mstar-ehci-4: EHCI Host Controller
12-31 16:00:05.627  2845  2845 D MTK_KL  :  SUBSYSTEM=platform
12-31 16:00:05.627  2845  2845 D MTK_KL  :  DEVICE=+platform:Mstar-ehci-4
12-31 16:00:05.627  2845  2845 D MTK_KL  : 6,393,440661,-;Mstar-ehci-4 Mstar-ehci-4: new USB bus registered, assigned bus number 4
12-31 16:00:05.627  2845  2845 D MTK_KL  :  SUBSYSTEM=platform
12-31 16:00:05.627  2845  2845 D MTK_KL  :  DEVICE=+platform:Mstar-ehci-4
12-31 16:00:05.627  2845  2845 D MTK_KL  : 6,394,440778,-;Mstar-ehci-4 Mstar-ehci-4: irq 68, io mem 0xfd022600
12-31 16:00:05.627  2845  2845 D MTK_KL  :  SUBSYSTEM=platform
12-31 16:00:05.627  2845  2845 D MTK_KL  :  DEVICE=+platform:Mstar-ehci-4
12-31 16:00:05.627  2845  2845 D MTK_KL  : 6,395,454504,-;usb usb4: New USB device found, idVendor=1d6b, idProduct=0002
12-31 16:00:05.627  2845  2845 D MTK_KL  :  SUBSYSTEM=usb
12-31 16:00:05.627  2845  2845 D MTK_KL  :  DEVICE=c189:384
12-31 16:00:05.627  2845  2845 D MTK_KL  : 6,396,454510,-;usb usb4: New USB device strings: Mfr=3, Product=2, SerialNumber=1
12-31 16:00:05.627  2845  2845 D MTK_KL  :  SUBSYSTEM=usb
12-31 16:00:05.627  2845  2845 D MTK_KL  :  DEVICE=c189:384
12-31 16:00:05.627  2845  2845 D MTK_KL  : 6,397,454515,-;usb usb4: Product: EHCI Host Controller
12-31 16:00:05.627  2845  2845 D MTK_KL  :  SUBSYSTEM=usb
12-31 16:00:05.627  2845  2845 D MTK_KL  :  DEVICE=c189:384
12-31 16:00:05.627  2845  2845 D MTK_KL  : 6,398,454519,-;usb usb4: Manufacturer: Linux 4.9.118+ ehci_hcd
12-31 16:00:05.627  2845  2845 D MTK_KL  :  SUBSYSTEM=usb
12-31 16:00:05.627  2845  2845 D MTK_KL  :  DEVICE=c189:384
12-31 16:00:05.627  2845  2845 D MTK_KL  : 6,399,454523,-;usb usb4: SerialNumber: mstar
12-31 16:00:05.627  2845  2845 D MTK_KL  :  SUBSYSTEM=usb
12-31 16:00:05.627  2845  2845 D MTK_KL  :  DEVICE=c189:384
12-31 16:00:05.627  2845  2845 D MTK_KL  : 6,400,454900,-;hub 4-0:1.0: USB hub found
12-31 16:00:05.627  2845  2845 D MTK_KL  :  SUBSYSTEM=usb
12-31 16:00:05.627  2845  2845 D MTK_KL  :  DEVICE=+usb:4-0:1.0
12-31 16:00:05.627  2845  2845 D MTK_KL  : 6,401,454918,-;hub 4-0:1.0: 1 port detected
12-31 16:00:05.627  2845  2845 D MTK_KL  :  SUBSYSTEM=usb
12-31 16:00:05.627  2845  2845 D MTK_KL  :  DEVICE=+usb:4-0:1.0
12-31 16:00:05.627  2845  2845 D MTK_KL  : 6,402,455173,-;Mstar-ehci: Mstar-STR, No [Mstar-ehci] defined in dts
12-31 16:00:05.627  2845  2845 D MTK_KL  : 6,403,455176,-;Mstar-ehci: Mstar-STR, use default setting
12-31 16:00:05.627  2845  2845 D MTK_KL  : 6,404,455326,-;usbcore: registered new interface driver usb-storage
12-31 16:00:05.627  2845  2845 D MTK_KL  : 6,405,455419,-;usbcore: registered new interface driver usbserial
12-31 16:00:05.627  2845  2845 D MTK_KL  : 6,406,455459,-;usbcore: registered new interface driver ftdi_sio
12-31 16:00:05.627  2845  2845 D MTK_KL  : 6,407,455491,-;usbserial: USB Serial support registered for FTDI USB Serial Device
12-31 16:00:05.627  2845  2845 D MTK_KL  : 6,408,455613,-;usbcore: registered new interface driver pl2303
12-31 16:00:05.627  2845  2845 D MTK_KL  : 6,409,455644,-;usbserial: USB Serial support registered for pl2303
12-31 16:00:05.627  2845  2845 D MTK_KL  : 4,410,455687,-;MSTAR UDC INIT
12-31 16:00:05.627  2845  2845 D MTK_KL  : 4,411,455689,-;udc_init
12-31 16:00:05.627  2845  2845 D MTK_KL  : 4,412,455937,-;[UDC]pullup_i:0x0
12-31 16:00:05.627  2845  2845 D MTK_KL  : 4,413,455940,-;[UDC]meet ep
12-31 16:00:05.627  2845  2845 D MTK_KL  : 6,414,456083,-;[USB] Mstar-udc irq --> 201
12-31 16:00:05.627  2845  2845 D MTK_KL  : 4,415,456228,-;+USBInit\x0d
12-31 16:00:05.627  2845  2845 D MTK_KL  : 4,416,456233,-;[UDC] config miu select [f0] [ef] [ef] ][ef]
12-31 16:00:05.627  2845  2845 D MTK_KL  : 4,417,456236,-;[UDC] init squelch level 0x6e before CA
12-31 16:00:05.627  2845  2845 D MTK_KL  : 4,418,466228,-;+UTMI
12-31 16:00:05.627  2845  2845 D MTK_KL  : 4,419,466232,-;-UTMI
12-31 16:00:05.627  2845  2845 D MTK_KL  : 4,420,466241,-;HIGH SPEED
12-31 16:00:05.627  2845  2845 D MTK_KL  : 4,421,466253,-;[UDC]timer init
12-31 16:00:05.627  2845  2845 D MTK_KL  : 4,422,466255,-;[UDC]timer init
12-31 16:00:05.627  2845  2845 D MTK_KL  : 6,423,466295,-;Mstar-udc: Mstar-STR, No [Mstar-udc] defined in dts
12-31 16:00:05.627  2845  2845 D MTK_KL  : 6,424,466298,-;Mstar-udc: Mstar-STR, use default setting
12-31 16:00:05.627  2845  2845 D MTK_KL  : 4,425,466304,-;end porbe
12-31 16:00:05.627  2845  2845 D MTK_KL  : 6,426,466364,-;[usbci][    1,     1] usb_cimodule_init():1755: shm_pages alloc success\x0d
12-31 16:00:05.627  2845  2845 D MTK_KL  : 6,427,466421,-;usbcore: registered new interface driver usbcimodule
12-31 16:00:05.627  2845  2845 D MTK_KL  : 6,428,466498,-;IR NEC protocol handler initialized
12-31 16:00:05.627  2845  2845 D MTK_KL  : 6,429,466500,-;IR RC5(x/sz) protocol handler initialized
12-31 16:00:05.627  2845  2845 D MTK_KL  : 6,430,466503,-;IR RC6 protocol handler initialized
12-31 16:00:05.627  2845  2845 D MTK_KL  : 6,431,466505,-;IR JVC protocol handler initialized
12-31 16:00:05.627  2845  2845 D MTK_KL  : 6,432,466508,-;IR Sony protocol handler initialized
12-31 16:00:05.627  2845  2845 D MTK_KL  : 6,433,466510,-;IR SANYO protocol handler initialized
12-31 16:00:05.627  2845  2845 D MTK_KL  : 6,434,466513,-;IR Sharp protocol handler initialized
12-31 16:00:05.627  2845  2845 D MTK_KL  : 6,435,466515,-;IR MCE Keyboard/mouse protocol handler initialized
12-31 16:00:05.627  2845  2845 D MTK_KL  : 6,436,466518,-;IR XMP protocol handler initialized
12-31 16:00:05.627  2845  2845 D MTK_KL  : 6,437,466592,-;usbcore: registered new interface driver uvcvideo
12-31 16:00:05.632  2845  2845 D MTK_KL  : 6,438,466594,-;USB Video Class driver (1.1.1)
12-31 16:00:05.632  2845  2845 D MTK_KL  : 4,439,466915,-;__power_supply_register: Expected proper parent device for 'test_ac'
12-31 16:00:05.632  2845  2845 D MTK_KL  : 4,440,467020,-;__power_supply_register: Expected proper parent device for 'test_battery'
12-31 16:00:05.632  2845  2845 D MTK_KL  : 4,441,467249,-;__power_supply_register: Expected proper parent device for 'test_usb'
12-31 16:00:05.632  2845  2845 D MTK_KL  : 6,442,467579,-;device-mapper: uevent: version 1.0.3
12-31 16:00:05.632  2845  2845 D MTK_KL  : 6,443,467825,-;device-mapper: ioctl: 4.35.0-ioctl (2016-06-23) initialised: dm-devel@redhat.com
12-31 16:00:05.632  2845  2845 D MTK_KL  : 6,444,468486,-;mmcblk: Mstar-STR, [suspend-stage1] register to [suspend_noirq]
12-31 16:00:05.632  2845  2845 D MTK_KL  : 6,445,468490,-;mmcblk: Mstar-STR, [resume-stage1] register to [resume_noirq]
12-31 16:00:05.632  2845  2845 D MTK_KL  : 6,446,468494,-;mmcblk: Mstar-STR, No [suspend-stage2] defined in dts
12-31 16:00:05.632  2845  2845 D MTK_KL  : 6,447,468497,-;mmcblk: Mstar-STR, No [resume-stage2] defined in dts
12-31 16:00:05.632  2845  2845 D MTK_KL  : 6,448,468500,-;mmcblk: Mstar-STR, No [policy] defined in dts
12-31 16:00:05.632  2845  2845 D MTK_KL  : 6,449,468503,-;mmcblk: Mstar-STR, No [suspend-stage1-waitfor] defined in dts
12-31 16:00:05.632  2845  2845 D MTK_KL  : 6,450,468506,-;mmcblk: Mstar-STR, No [resume-stage1-waitfor] defined in dts
12-31 16:00:05.632  2845  2845 D MTK_KL  : 6,451,468509,-;mmcblk: Mstar-STR, No [suspend-stage2-waitfor] defined in dts
12-31 16:00:05.632  2845  2845 D MTK_KL  : 6,452,468512,-;mmcblk: Mstar-STR, No [resume-stage2-waitfor] defined in dts
12-31 16:00:05.632  2845  2845 D MTK_KL  : 4,453,468673,-;[switch-gpio] name: h2w, gpio: 999, inverse: 0
12-31 16:00:05.632  2845  2845 D MTK_KL  : 4,454,468676,-;[switch-gpio] Unknown GPIO Number, Please check gpio pad
12-31 16:00:05.632  2845  2845 D MTK_KL  : 4,455,468684,-;switch-gpio: probe of switch_gpio failed with error -16
12-31 16:00:05.632  2845  2845 D MTK_KL  : 6,456,468766,-;hidraw: raw HID events driver (C) Jiri Kosina
12-31 16:00:05.632  2845  2845 D MTK_KL  : 6,457,471052,-;usbcore: registered new interface driver usbhid
12-31 16:00:05.632  2845  2845 D MTK_KL  : 6,458,471055,-;usbhid: USB HID core driver
12-31 16:00:05.632  2845  2845 D MTK_KL  : 6,459,471324,-;ashmem: initialized
12-31 16:00:05.632  2845  2845 D MTK_KL  : 7,460,472012,-;[Debug] Initialize MZC 
12-31 16:00:05.632  2845  2845 D MTK_KL  : 4,461,472136,-;[kswi2c] mstar_iic_drv_init_module
12-31 16:00:05.632  2845  2845 D MTK_KL  : 4,462,472390,-;[IIC][01249] [ki2c] mstar_iic_drv_probe
12-31 16:00:05.632  2845  2845 D MTK_KL  : 4,463,472402,-;[IIC][01215] [SWI2C]index: 0, retries: 5, sda:55, scl:54, speed_khz:100 def_delay:100
12-31 16:00:05.632  2845  2845 D MTK_KL  : 4,464,472404,-;[IIC][01292] [HWI2C Mode]
12-31 16:00:05.632  2845  2845 D MTK_KL  : 4,465,472409,-;[IIC][01294] [HWI2C]index: 0, retries: 5, reg:3, padmux:25, speed_khz:100 def_delay:100
12-31 16:00:05.632  2845  2845 D MTK_KL  : 4,466,472412,-;[IIC][01172] [mstar_hwi2c_init]i2c_dev->retries = 5 i2c_dev->bus_index= 0
12-31 16:00:05.632  2845  2845 D MTK_KL  : 6,467,472515,-;Mstar-iic i2c@0: Init mstar i2c is done
12-31 16:00:05.632  2845  2845 D MTK_KL  :  SUBSYSTEM=platform
12-31 16:00:05.632  2845  2845 D MTK_KL  :  DEVICE=+platform:i2c@0
12-31 16:00:05.632  2845  2845 D MTK_KL  : 4,468,472518,-;mod_iic_init is invoked
12-31 16:00:05.632  2845  2845 D MTK_KL  : 4,469,472535,-;[IIC][01249] [ki2c] mstar_iic_drv_probe
12-31 16:00:05.632  2845  2845 D MTK_KL  : 4,470,472544,-;[IIC][01215] [SWI2C]index: 1, retries: 5, sda:143, scl:142, speed_khz:100 def_delay:100
12-31 16:00:05.632  2845  2845 D MTK_KL  : 4,471,472546,-;[IIC][01298] [SWI2C Mode]
12-31 16:00:05.632  2845  2845 D MTK_KL  : 4,472,472551,-;[IIC][01300] [SWI2C]index: 1, retries: 5, sda:143, clk:142, speed_khz:100 def_delay:100
12-31 16:00:05.632  2845  2845 D MTK_KL  : 4,473,472561,-;[IIC][01157] [mstar_swi2c_init]i2c_dev->retries = 5 i2c_dev->bus_index= 1
12-31 16:00:05.632  2845  2845 D MTK_KL  : 6,474,478605,-;Mstar-iic i2c@1: Init mstar i2c is done
12-31 16:00:05.632  2845  2845 D MTK_KL  :  SUBSYSTEM=platform
12-31 16:00:05.632  2845  2845 D MTK_KL  :  DEVICE=+platform:i2c@1
12-31 16:00:05.632  2845  2845 D MTK_KL  : 6,475,478994,-;mstar-rtc probe
12-31 16:00:05.632  2845  2845 D MTK_KL  : 6,476,479034,-;mstar-rtc: DTS
12-31 16:00:05.632  2845  2845 D MTK_KL  : 0,477,479039,-;==RTC== MDrv_RTC_Init, 86
12-31 16:00:05.632  2845  2845 D MTK_KL  : 6,478,479074,-;==RTC== MHAL_RTC_GetCounter, 244, time:0x386d4380, val:0x23, cnt:1
12-31 16:00:05.632  2845  2845 D MTK_KL  : 6,479,479088,-;==RTC== MHAL_RTC_GetCounter, 244, time:0x386d4380, val:0x23, cnt:1
12-31 16:00:05.632  2845  2845 D MTK_KL  : 6,480,479098,-;==RTC== MHAL_RTC_GetCounter, 244, time:0x386d4380, val:0x23, cnt:1
12-31 16:00:05.632  2845  2845 D MTK_KL  : 6,481,479230,-;mstar-rtc mstar-rtc@0: rtc core: registered mstar-rtc as rtc0
12-31 16:00:05.632  2845  2845 D MTK_KL  :  SUBSYSTEM=platform
12-31 16:00:05.632  2845  2845 D MTK_KL  :  DEVICE=+platform:mstar-rtc@0
12-31 16:00:05.632  2845  2845 D MTK_KL  : 6,482,479246,-;mstar-rtc: rtc0 registered
12-31 16:00:05.632  2845  2845 D MTK_KL  : 7,483,479249,-;mstar-rtc: control word = 12000000
12-31 16:00:05.632  2845  2845 D MTK_KL  : 7,484,479297,-;mstar-rtc: init done
12-31 16:00:05.632  2845  2845 D MTK_KL  : 4,485,479459,-;Mstar_emac: alloRAM_VA_BASE = 0xcf180000 alloRAM_PA_BASE= 0x3a600000  alloRAM_SIZE= 0x100000
12-31 16:00:05.633  2845  2845 D MTK_KL  : 4,486,479691,-;Mstar_emac: RAM_VA_BASE       = 0xcf180000
12-31 16:00:05.633  2845  2845 D MTK_KL  : 4,487,479694,-;Mstar_emac: RAM_PA_BASE       = 0x3a600000
12-31 16:00:05.633  2845  2845 D MTK_KL  : 4,488,479696,-;Mstar_emac: RAM_VA_PA_OFFSET  = 0x94b80000
12-31 16:00:05.633  2845  2845 D MTK_KL  : 4,489,479698,-;Mstar_emac: RX_DESC_BASE      = 0x3a600000
12-31 16:00:05.633  2845  2845 D MTK_KL  : 4,490,479701,-;Mstar_emac: RX_BUFFER_BASE    = 0x3a600800
12-31 16:00:05.633  2845  2845 D MTK_KL  : 4,491,479703,-;Mstar_emac: TX_BUFFER_BASE    = 0x3a680800
12-31 16:00:05.633  2845  2845 D MTK_KL  : 4,492,479874,-;Mstar_emac: [ PHY Addr ] ==> :0
12-31 16:00:05.633  2845  2845 D MTK_KL  : 4,493,479877,-;Mstar_emac: SA1_Valid!!!
12-31 16:00:05.633  2845  2845 D MTK_KL  : 4,494,480611,-;##### Mstar IR Cdev Init start #####
12-31 16:00:05.633  2845  2845 D MTK_KL  : 4,495,480713,-;##### Mstar IR Cdev Init end #####
