12-31 16:00:05.633  2845  2845 D MTK_KL  : 4,496,480760,-;ir power key disable timer:20
12-31 16:00:05.633  2845  2845 D MTK_KL  : 6,497,481294,-;input: MStar Smart TV IR Receiver as /devices/ir/input/input0
12-31 16:00:05.633  2845  2845 D MTK_KL  : 4,498,481355,-;##### Mstar IR HW Full Decode Config #####
12-31 16:00:05.633  2845  2845 D MTK_KL  : 6,499,481823,-;Mstar-mbx: Mstar-STR, No [Mstar-mbx] defined in dts
12-31 16:00:05.633  2845  2845 D MTK_KL  : 6,500,481826,-;Mstar-mbx: Mstar-STR, use default setting
12-31 16:00:05.633  2845  2845 D MTK_KL  : 6,501,481879,-;fusion_init()
12-31 16:00:05.633  2845  2845 D MTK_KL  : 6,502,481885,-;  -> initializing shared area at cd7e8000
12-31 16:00:05.633  2845  2845 D MTK_KL  : 3,503,481892,-;fusion: unable to register major 250. Registered 248 instead
12-31 16:00:05.633  2845  2845 D MTK_KL  : 1,504,482913,-;[_MDrv_GFLIPIO_ModuleInit,1519][pid:1][name:swapper/0]_devGFLIP.refCnt=0
12-31 16:00:05.633  2845  2845 D MTK_KL  : 4,505,483101,-;\x1b[0;36m mstar_fb_fix.smem_start = 0x7400000 \x1b[m 
12-31 16:00:05.633  2845  2845 D MTK_KL  : 6,506,484656,-;Console: switching to colour frame buffer device 240x67
12-31 16:00:05.633  2845  2845 D MTK_KL  : 4,507,485782,-;\x1b[0;36m  fb0: Mstar frame buffer device \x1b[m 
12-31 16:00:05.633  2845  2845 D MTK_KL  : 4,508,485788,-;[kpwm] mtk_pwm_init_module
12-31 16:00:05.633  2845  2845 D MTK_KL  : 6,509,486139,-;pwm_backlight_probe
12-31 16:00:05.633  2845  2845 D MTK_KL  : 6,510,486144,-;backlight control using gpio pin #201
12-31 16:00:05.633  2845  2845 D MTK_KL  : 6,511,486150,-;vcc control using gpio pin #7, invert: 0
12-31 16:00:05.633  2845  2845 D MTK_KL  : 6,512,486154,-;cvte rm mtk dts led ctrl!
12-31 16:00:05.633  2845  2845 D MTK_KL  : 6,513,486156,-;CVT_EN_BL_ON_INV : 0 .
12-31 16:00:05.633  2845  2845 D MTK_KL  : 6,514,486159,-;backlight control using gpio pin as invert 0
12-31 16:00:05.633  2845  2845 D MTK_KL  : 6,515,486161,-;backlight: not support led pwm control
12-31 16:00:05.633  2845  2845 D MTK_KL  : 4,516,486234,-;backlight backlight: invalid default brightness level: 255, using 1
12-31 16:00:05.633  2845  2845 D MTK_KL  :  SUBSYSTEM=platform
12-31 16:00:05.633  2845  2845 D MTK_KL  :  DEVICE=+platform:backlight
12-31 16:00:05.633  2845  2845 D MTK_KL  : 4,517,486384,-;[4294667780][MAD_ALSA][002728]     \x016Linux Kernel Version : 4.9.118
12-31 16:00:05.633  2845  2845 D MTK_KL  : 4,518,486388,-;[4294667780][MAD_ALSA][002730]     \x016ALSA Kernel Version : XX.XX.XX
12-31 16:00:05.633  2845  2845 D MTK_KL  : 4,519,486392,-;[4294667780][MAD_ALSA][002734]     \x016MStar ALSA Driver Version : 3.1.42
12-31 16:00:05.633  2845  2845 D MTK_KL  : 4,520,486395,-;[4294667780][MAD_ALSA][002735]     \x016Initiate MStar ALSA driver engine
12-31 16:00:05.633  2845  2845 D MTK_KL  : 4,521,486399,-;[4294667780][MAD_ALSA][002617]     \x016Go to register MStar ALSA driver 0
12-31 16:00:05.633  2845  2845 D MTK_KL  : 4,522,486452,-;[4294667784][MAD_ALSA][002617]     \x016Go to register MStar ALSA driver 1
12-31 16:00:05.633  2845  2845 D MTK_KL  : 4,523,486674,-;[4294667784][MAD_ALSA][005884]     \x016Initiate MStar ALSA core driver
12-31 16:00:05.633  2845  2845 D MTK_KL  : 4,524,486680,-;[4294667784][MAD_ALSA][000518]     \x016MStar Core Version : 3.1.95
12-31 16:00:05.633  2845  2845 D MTK_KL  : 4,525,486683,-;[4294667784][MAD_ALSA][000520]     \x016MStar Card number : 0
12-31 16:00:05.633  2845  2845 D MTK_KL  : 4,526,487709,-;[4294667784][MAD_ALSA][000579]     \x016MStar ALSA driver is registered to slot 0
12-31 16:00:05.633  2845  2845 D MTK_KL  : 4,527,488108,-;\x1b[35mFunction = init_glob_miu_kranges, Line = 3769, Insert KProtect for LX @ MIU: 0\x1b[m
12-31 16:00:05.633  2845  2845 D MTK_KL  : 4,528,488113,-;\x1b[35mFunction = init_glob_miu_kranges, Line = 3778, [INIT] for LX0 kprotect: from 0x20200000 to 0x3A600000, using block 0\x1b[m
12-31 16:00:05.633  2845  2845 D MTK_KL  : 4,529,488128,-;\x1b[35mFunction = init_glob_miu_kranges, Line = 3791, Insert KProtect for LX2 @ MIU: 0\x1b[m
12-31 16:00:05.641  2845  2845 D MTK_KL  : 4,643,520600,-;\x1b[35mFunction = cpufreq_online, Line = 1285, do cpufreq_driver->init\x1b[m
12-31 16:00:05.641  2845  2845 D MTK_KL  : 4,644,521437,-;\x1b[35mFunction = cpufreq_set_policy, Line = 2361, re-assign governor\x1b[m
12-31 16:00:05.641  2845  2845 D MTK_KL  : 5,645,522014,-;cpufreq_interactive: [eval_target_freq][412] warning: delta_time = 0 cpu=0
12-31 16:00:05.641  2845  2845 D MTK_KL  : 6,646,524188,-;[mtktv-regulaotr] regulator type: pwm
12-31 16:00:05.641  2845  2845 D MTK_KL  : 6,647,524191,-;[mtktv-regulator] channel = 0,scale = 1950
12-31 16:00:05.641  2845  2845 D MTK_KL  : 6,648,524194,-;[mtktv-regulator] PWM DAC INIT
12-31 16:00:05.641  2845  2845 D MTK_KL  : 4,649,536167,-;[mtktv-regulator] PWM DAC DONE
12-31 16:00:05.641  2845  2845 D MTK_KL  : 3,650,542278,-;eMMC: HS400 5.1 200MHz 
12-31 16:00:05.641  2845  2845 D MTK_KL  : 3,651,542283,-;\x0a Irwin: Reg(0x123F1A):0035h, Reg(0x123F45):00FFh, Reg(0x123F46):0000h
12-31 16:00:05.641  2845  2845 D MTK_KL  : 6,652,542333,-;mmc0: new HS400 Enhanced strobe MMC card at address 0001
12-31 16:00:05.641  2845  2845 D MTK_KL  : 6,653,542699,-;mmcblk0: mmc0:0001 8GTF4R 7.28 GiB 
12-31 16:00:05.641  2845  2845 D MTK_KL  : 6,654,542823,-;mmcblk0boot0: mmc0:0001 8GTF4R partition 1 4.00 MiB
12-31 16:00:05.641  2845  2845 D MTK_KL  : 6,655,546937,-;mmcblk0boot1: mmc0:0001 8GTF4R partition 2 4.00 MiB
12-31 16:00:05.644  2845  2845 D MTK_KL  : 4,706,552028,-;Start_block=3327616, block_count=1843200
12-31 16:00:05.644  2845  2845 D MTK_KL  : 4,707,552031,-;Start_block=5170816, block_count=2097152
12-31 16:00:05.644  2845  2845 D MTK_KL  : 4,708,552034,-;Start_block=7267968, block_count=286720
12-31 16:00:05.644  2845  2845 D MTK_KL  : 4,709,552153,-;Start_block=7554688, block_count=10240
12-31 16:00:05.644  2845  2845 D MTK_KL  : 4,710,552157,-;Start_block=7564928, block_count=7024640
12-31 16:00:05.644  2845  2845 D MTK_KL  : 4,711,552160,-;
12-31 16:00:05.644  2845  2845 D MTK_KL  : 6,712,552163,-; mmcblk0: p1 p2 p3 p4 p5 p6 p7 p8 p9 p10 p11 p12 p13 p14 p15 p16 p17 p18 p19 p20 p21 p22 p23 p24 p25 p26 p27 p28 p29 p30 p31 p32 p33
12-31 16:00:05.644  2845  2845 D MTK_KL  : 3,713,556542,-;EXT4-fs (mmcblk0p28): couldn't mount as ext3 due to feature incompatibilities
12-31 16:00:05.644  2845  2845 D MTK_KL  : 6,714,558937,-;EXT4-fs (mmcblk0p28): mounted filesystem without journal. Opts: (null)
12-31 16:00:05.644  2845  2845 D MTK_KL  : 6,715,558959,-;VFS: Mounted root (ext4 filesystem) readonly on device 179:28.
12-31 16:00:05.644  2845  2845 D MTK_KL  : 6,716,559175,-;devtmpfs: mounted
12-31 16:00:05.644  2845  2845 D MTK_KL  : 1,717,559357,-;[AT][KR][start init][2365]
12-31 16:00:05.644  2845  2845 D MTK_KL  : 1,718,559360,-;[AutoTest][Kernel][start Initprocess][2365]
12-31 16:00:05.644  2845  2845 D MTK_KL  : 5,719,565048,-;random: init: uninitialized urandom read (40 bytes read)
12-31 16:00:05.644  2845  2845 D MTK_KL  : 14,720,572345,-;init: init first stage started!
12-31 16:00:05.644  2845  2845 D MTK_KL  : 14,721,573082,-;init: Using Android DT directory /proc/device-tree/firmware/android/
12-31 16:00:05.644  2845  2845 D MTK_KL  : 14,722,575565,-;init: [libfs_mgr]fs_mgr_read_fstab_default(): failed to find device default fstab
12-31 16:00:05.644  2845  2845 D MTK_KL  : 6,723,587309,-;EXT4-fs (mmcblk0p30): mounted filesystem without journal. Opts: (null)
12-31 16:00:05.644  2845  2845 D MTK_KL  : 14,724,587393,-;init: [libfs_mgr]__mount(source=/dev/block/platform/mstar_mci.0/by-name/vendor,target=/vendor,type=ext4)=0: Success
12-31 16:00:05.644  2845  2845 D MTK_KL  : 14,725,587568,-;init: Skipped setting INIT_AVB_VERSION (not in recovery mode)
12-31 16:00:05.644  2845  2845 D MTK_KL  : 14,726,587955,-;init: Loading SELinux policy
12-31 16:00:05.644  2845  2845 D MTK_KL  : 7,727,597740,-;SELinux: 8192 avtab hash slots, 30193 rules.
12-31 16:00:05.644  2845  2845 D MTK_KL  : 7,728,612636,-;SELinux: 8192 avtab hash slots, 30193 rules.
12-31 16:00:05.644  2845  2845 D MTK_KL  : 7,729,612647,-;SELinux:  1 users, 4 roles, 1906 types, 0 bools, 1 sens, 1024 cats
12-31 16:00:05.644  2845  2845 D MTK_KL  : 7,730,612653,-;SELinux:  93 classes, 30193 rules
12-31 16:00:05.644  2845  2845 D MTK_KL  : 7,731,615827,-;SELinux:  Completing initialization.
12-31 16:00:05.644  2845  2845 D MTK_KL  : 7,732,615831,-;SELinux:  Setting up existing superblocks.
12-31 16:00:05.644  2845  2845 D MTK_KL  : 4,733,618441,-;[OTG] Info: ms_otg_work++, active = 1
12-31 16:00:05.644  2845  2845 D MTK_KL  : 4,734,618446,-;[OTG] change from state undefined to a_idle
12-31 16:00:05.644  2845  2845 D MTK_KL  : 6,735,618448,-;[OTG] Warning: call ms_otg_reset
12-31 16:00:05.644  2845  2845 D MTK_KL  : 4,736,618451,-;[OTG] change from state a_idle to a_wait_vrise
12-31 16:00:05.645  2845  2845 D MTK_KL  : 6,737,618453,-;[OTG] ms_otg_set_vbus
12-31 16:00:05.645  2845  2845 D MTK_KL  : 4,738,618455,-;[OTG] vbus:1
12-31 16:00:05.645  2845  2845 D MTK_KL  : 5,739,647164,-;audit: type=1403 audit(946684800.627:2): policy loaded auid=4294967295 ses=4294967295
12-31 16:00:05.645  2845  2845 D MTK_KL  : 14,740,647337,-;selinux: SELinux: Loaded policy from /vendor/etc/selinux/precompiled_sepolicy\x0a
12-31 16:00:05.645  2845  2845 D MTK_KL  : 5,741,647963,-;audit: type=1404 audit(946684800.627:3): enforcing=1 old_enforcing=0 auid=4294967295 ses=4294967295
12-31 16:00:05.645  2845  2845 D MTK_KL  : 14,742,668360,-;selinux: SELinux: Loaded file_contexts\x0a
12-31 16:00:05.645  2845  2845 D MTK_KL  : 5,743,669372,-;random: init: uninitialized urandom read (40 bytes read)
12-31 16:00:05.645  2845  2845 D MTK_KL  : 14,744,671835,-;init: init second stage started!
12-31 16:00:05.645  2845  2845 D MTK_KL  : 14,745,697220,-;init: Using Android DT directory /proc/device-tree/firmware/android/
12-31 16:00:05.645  2845  2845 D MTK_KL  : 14,746,703760,-;selinux: SELinux: Loaded file_contexts\x0a
12-31 16:00:05.645  2845  2845 D MTK_KL  : 14,747,703779,-;init: Running restorecon...
12-31 16:00:05.645  2845  2845 D MTK_KL  : 11,748,711756,-;init: waitid failed: No child processes
12-31 16:00:05.645  2845  2845 D MTK_KL  : 12,749,714478,-;init: Couldn't load property file '/odm/default.prop': open() failed: No such file or directory: No such file or directory
12-31 16:00:05.645  2845  2845 D MTK_KL  : 14,750,715532,-;init: Created socket '/dev/socket/property_service', mode 666, user 0, group 0
12-31 16:00:05.645  2845  2845 D MTK_KL  : 14,751,716119,-;init: Forked subcontext for 'u:r:vendor_init:s0' with pid 1594
12-31 16:00:05.645  2845  2845 D MTK_KL  : 14,752,716568,-;init: Forked subcontext for 'u:r:vendor_init:s0' with pid 1595
12-31 16:00:05.645  2845  2845 D MTK_KL  : 14,753,716725,-;init: Parsing file /init.rc...
12-31 16:00:05.645  2845  2845 D MTK_KL  : 5,754,717353,-;random: init: uninitialized urandom read (40 bytes read)
12-31 16:00:05.645  2845  2845 D MTK_KL  : 14,755,717891,-;init: Added '/init.environ.rc' to import list
12-31 16:00:05.645  2845  2845 D MTK_KL  : 14,756,717913,-;init: Added '/init.usb.rc' to import list
12-31 16:00:05.645  2845  2845 D MTK_KL  : 14,757,717940,-;init: Added '/init.mt5862.rc' to import list
12-31 16:00:05.645  2845  2845 D MTK_KL  : 14,758,717969,-;init: Added '/vendor/etc/init/hw/init.mt5862.rc' to import list
12-31 16:00:05.645  2845  2845 D MTK_KL  : 14,759,717987,-;init: Added '/init.usb.configfs.rc' to import list
12-31 16:00:05.645  2845  2845 D MTK_KL  : 14,760,718010,-;init: Added '/init.zygote32.rc' to import list
12-31 16:00:05.645  2845  2845 D MTK_KL  : 14,761,718031,-;init: Added '/init.cvteat.rc' to import list
12-31 16:00:05.645  2845  2845 D MTK_KL  : 14,762,720370,-;init: Parsing file /init.environ.rc...
12-31 16:00:05.645  2845  2845 D MTK_KL  : 14,763,720845,-;init: Parsing file /init.usb.rc...
12-31 16:00:05.645  2845  2845 D MTK_KL  : 14,764,721757,-;init: Parsing file /init.mt5862.rc...
12-31 16:00:05.645  2845  2845 D MTK_KL  : 11,765,721788,-;init: Unable to read config file '/init.mt5862.rc': open() failed: No such file or directory
12-31 16:00:05.645  2845  2845 D MTK_KL  : 11,766,721809,-;init: /init.rc: 9: Could not import file '/init.mt5862.rc': No such file or directory
12-31 16:00:05.645  2845  2845 D MTK_KL  : 14,767,722256,-;init: Parsing file /vendor/etc/init/hw/init.mt5862.rc...
12-31 16:00:05.645  2845  2845 D MTK_KL  : 14,768,722664,-;init: Added '/vendor/etc/init/hw/init.mt5862.usb.rc' to import list
12-31 16:00:05.645  2845  2845 D MTK_KL  : 14,769,722682,-;init: Added '/vendor/etc/init/hw/init.xbug.rc' to import list
12-31 16:00:05.645  2845  2845 D MTK_KL  : 14,770,722699,-;init: Added '/vendor/etc/init/hw/init.rtk8761.rc' to import list
12-31 16:00:05.645  2845  2845 D MTK_KL  : 14,771,722714,-;init: Added '/vendor/etc/init/hw/init.aic8800D.rc' to import list
12-31 16:00:05.645  2845  2845 D MTK_KL  : 14,772,722731,-;init: Added '/vendor/etc/init/hw/init.root_shell_tool.rc' to import list
12-31 16:00:05.645  2845  2845 D MTK_KL  : 11,773,723042,-;init: /vendor/etc/init/hw/init.mt5862.rc: 116: ParseTriggers() failed: unexported property tigger found: init.svc.bootanim
12-31 16:00:05.645  2845  2845 D MTK_KL  : 11,774,723357,-;init: /vendor/etc/init/hw/init.mt5862.rc: 222: Invalid keyword '//CVTE'
12-31 16:00:05.645  2845  2845 D MTK_KL  : 11,775,723389,-;init: /vendor/etc/init/hw/init.mt5862.rc: 223: Invalid keyword '//service'
12-31 16:00:05.645  2845  2845 D MTK_KL  : 11,776,723413,-;init: /vendor/etc/init/hw/init.mt5862.rc: 224: Invalid keyword '//CVTE'
12-31 16:00:05.649  2702  2702 D ServiceManager: #00 pc 000306e9  /system/lib/vndk-28/libbinder.so (android::BpServiceManager::getService(android::String16 const&) const+380)
12-31 16:00:05.650  2702  2702 D ServiceManager: #01 pc 00001b37  /vendor/lib/libtrapezoidClient.so (_ZN7android10getServiceINS_24ITrapezoidCorrectServiceEEEiRKNS_8String16EPNS_2spIT_EE+38)
12-31 16:00:05.650  2702  2702 D ServiceManager: #02 pc 00001ac3  /vendor/lib/libtrapezoidClient.so (android::TrapezoidClient::getTrapezoidService()+46)
12-31 16:00:05.650  2702  2702 D ServiceManager: #03 pc 000014e1  /vendor/bin/trapezoidTest (main+56)
12-31 16:00:05.650  2702  2702 D ServiceManager: #04 pc 00087e31  /system/lib/libc.so (__libc_init+48)
12-31 16:00:05.650  2702  2702 D ServiceManager: #05 pc 00001487  /vendor/bin/trapezoidTest (_start_main+38)
12-31 16:00:05.650  2702  2702 D ServiceManager: #06 pc 00000306  <anonymous:b674f000>
12-31 16:00:05.660  2845  2845 D MTK_KL  : 14,1081,1942236,-;init: processing action (fs) from (/init.cvteat.rc:16)
12-31 16:00:05.668  2828  2828 D         : voice_conf_parse_config
12-31 16:00:05.668  2845  2845 D MTK_KL  : 14,1082,1942751,-;init: starting service 'at_early'...
12-31 16:00:05.668  2828  2828 D         : voice_conf_parse_config line:[Rcu]
12-31 16:00:05.668  2828  2828 I         : voice_conf_parse_config Find Group[Rcu]
12-31 16:00:05.668  2828  2828 D         : voice_conf_parse_config line:Vid=005d
12-31 16:00:05.668  2845  2845 D MTK_KL  : 5,1083,1944043,-;audit: type=1400 audit(946684801.923:4): avc:  denied  { entrypoint } for  pid=2341 comm="init" path="/system/bin/at_early" dev="mmcblk0p28" ino=2026 scontext=u:r:at_common:s0 tcontext=u:object_r:system_file:s0 tclass=file permissive=1
12-31 16:00:05.668  2828  2828 I         : voice_conf_parse_config Find Item[Rcu:Vid=005d]
12-31 16:00:05.668  2845  2845 D MTK_KL  : 5,1084,1945126,-;audit: type=1400 audit(946684801.923:5): avc:  denied  { read execute } for  pid=2341 comm="at_early" path="/system/bin/sh" dev="mmcblk0p28" ino=2031 scontext=u:r:at_common:s0 tcontext=u:object_r:shell_exec:s0 tclass=file permissive=1
12-31 16:00:05.668  2828  2828 D         : voice_conf_parse_config line:Pid=0002
12-31 16:00:05.668  2845  2845 D MTK_KL  : 5,1085,1946521,-;audit: type=1400 audit(946684801.927:6): avc:  denied  { getattr } for  pid=2341 comm="at_early" path="/system/bin/sh" dev="mmcblk0p28" ino=2031 scontext=u:r:at_common:s0 tcontext=u:object_r:shell_exec:s0 tclass=file permissive=1
12-31 16:00:05.668  2828  2828 I         : voice_conf_parse_config Find Item[Rcu:Pid=0002]
12-31 16:00:05.668  2845  2845 D MTK_KL  : 5,1086,1956076,-;audit: type=1400 audit(946684801.935:7): avc:  denied  { dac_override } for  pid=2341 comm="at_early" capability=1  scontext=u:r:at_common:s0 tcontext=u:r:at_common:s0 tclass=capability permissive=1
12-31 16:00:05.668  2828  2828 D         : voice_conf_parse_config line:Ver=0000
12-31 16:00:05.668  2845  2845 D MTK_KL  : 5,1087,1956199,-;audit: type=1400 audit(946684801.935:8): avc:  denied  { write } for  pid=2341 comm="at_early" name="boottime" dev="proc" ino=4026533269 scontext=u:r:at_common:s0 tcontext=u:object_r:proc:s0 tclass=file permissive=1
12-31 16:00:05.669  2828  2828 I         : voice_conf_parse_config Find Item[Rcu:Ver=0000]
12-31 16:00:05.669  2828  2828 D         : voice_conf_parse_config line:[ReportID]
12-31 16:00:05.669  2845  2845 D MTK_KL  : 5,1088,1956217,-;audit: type=1400 audit(946684801.935:9): avc:  denied  { open } for  pid=2341 comm="at_early" path="/proc/boottime" dev="proc" ino=4026533269 scontext=u:r:at_common:s0 tcontext=u:object_r:proc:s0 tclass=file permissive=1
12-31 16:00:05.669  2828  2828 I         : voice_conf_parse_config Find Group[ReportID]
12-31 16:00:05.669  2828  2828 D         : voice_conf_parse_config line:Key=1
12-31 16:00:05.669  2845  2845 D MTK_KL  : 5,1089,1957055,-;audit: type=1400 audit(946684801.935:10): avc:  denied  { execute_no_trans } for  pid=2342 comm="at_early" path="/system/bin/panel_replace" dev="mmcblk0p28" ino=2236 scontext=u:r:at_common:s0 tcontext=u:object_r:system_file:s0 tclass=file permissive=1
12-31 16:00:05.669  2828  2828 I         : voice_conf_parse_config Find Item[ReportID:Key=1]
12-31 16:00:05.669  2845  2845 D MTK_KL  : 14,1090,2105120,-;init: wait for '/cache/at_early_done' took 161ms
12-31 16:00:05.669  2828  2828 D         : voice_conf_parse_config line:Data=5a
12-31 16:00:05.669  2828  2828 I         : voice_conf_parse_config Find Item[ReportID:Data=5a]
12-31 16:00:05.669  2845  2845 D MTK_KL  : 14,1091,2105164,-;init: Command 'wait /cache/at_early_done 10' action=fs (/init.cvteat.rc:19) took 161ms and succeeded
12-31 16:00:05.669  2828  2828 D         : voice_conf_parse_config line:Cmd=5a
12-31 16:00:05.669  2845  2845 D MTK_KL  : 14,1092,2105239,-;init: Service 'at_early' (pid 2341) exited with status 0
12-31 16:00:05.669  2828  2828 I         : voice_conf_parse_config Find Item[ReportID:Cmd=5a]
12-31 16:00:05.669  2828  2828 D         : voice_conf_parse_config line:[ReportValue]
12-31 16:00:05.669  2845  2845 D MTK_KL  : 14,1093,2105448,-;init: processing action (fs) from (/system/etc/init/logd.rc:18)
12-31 16:00:05.669  2828  2828 I         : voice_conf_parse_config Find Group[ReportValue]
12-31 16:00:05.669  2845  2845 D MTK_KL  : 14,1094,2105925,-;init: processing action (fs) from (/system/etc/init/wifi-events.rc:17)
12-31 16:00:05.669  2828  2828 D         : voice_conf_parse_config line:KeyDownLen=8
12-31 16:00:05.669  2828  2828 I         : voice_conf_parse_config Find Item[ReportValue:KeyDownLen=8]
12-31 16:00:05.669  2845  2845 D MTK_KL  : 14,1095,2105983,-;init: processing action (fs) from (/vendor/etc/init/init.fusion.rc:14)
12-31 16:00:05.669  2828  2828 D         : voice_conf_parse_config line:KeyDown=0,0,3e,0,0,0,0,0;
12-31 16:00:05.669  2845  2845 D MTK_KL  : 14,1096,2110371,-;init: processing action (fs) from (/vendor/etc/init/hw/init.boottime_trace.rc:13)
12-31 16:00:05.669  2828  2828 I         : voice_conf_parse_config Find Item[ReportValue:KeyDown=0,0,3e,0,0,0,0,0;]
12-31 16:00:05.669  2845  2845 D MTK_KL  : 14,1097,2110733,-;init: processing action (misystem) from (/vendor/etc/init/init.fusion.rc:86)
12-31 16:00:05.669  2828  2828 D         : voice_conf_parse_config line:KeyUpLen=8
12-31 16:00:05.669  2828  2828 I         : voice_conf_parse_config Find Item[ReportValue:KeyUpLen=8]
12-31 16:00:05.669  2845  2845 D MTK_KL  : 14,1098,2111304,-;init: starting service 'console'...
12-31 16:00:05.669  2828  2828 D         : voice_conf_parse_config line:KeyUp=0,0,0,0,0,0,0,0;
12-31 16:00:05.669  2845  2845 D MTK_KL  : 11,1099,2112100,-;init: setpgid failed for console: Operation not permitted
12-31 16:00:05.669  2828  2828 I         : voice_conf_parse_config Find Item[ReportValue:KeyUp=0,0,0,0,0,0,0,0;]
12-31 16:00:05.669  2828  2828 D         : voice_conf_parse_config line:[Settings]
12-31 16:00:05.669  2845  2845 D MTK_KL  : 14,1100,2112715,-;init: starting service 'optee'...
12-31 16:00:05.669  2828  2828 I         : voice_conf_parse_config Find Group[Settings]
12-31 16:00:05.669  2845  2845 D MTK_KL  : 14,1101,2113775,-;init: starting service 'intertaca'...
12-31 16:00:05.669  2828  2828 D         : voice_conf_parse_config line:DecodeType=1
12-31 16:00:05.669  2828  2828 I         : voice_conf_parse_config Find Item[Settings:DecodeType=1]
12-31 16:00:05.669  2845  2845 D MTK_KL  : 14,1102,2123066,-;init: starting service 'servicemanager'...
12-31 16:00:05.669  2828  2828 D         : voice_conf_parse_config line:DataMask=1
12-31 16:00:05.669  2845  2845 D MTK_KL  : 14,1103,2124752,-;init: starting service 'hwservicemanager'...
12-31 16:00:05.669  2828  2828 I         : voice_conf_parse_config Find Item[Settings:DataMask=1]
12-31 16:00:05.669  2845  2845 D MTK_KL  : 14,1104,2126267,-;init: starting service 'vndservicemanager'...
12-31 16:00:05.669  2828  2828 D         : voice_conf_parse_config line:AutoCmd=1
12-31 16:00:05.669  2828  2828 I         : voice_conf_parse_config Find Item[Settings:AutoCmd=1]
12-31 16:00:05.669  2845  2845 D MTK_KL  : 14,1105,2144278,-;init: starting service 'midaemon'...
12-31 16:00:05.669  2845  2845 D MTK_KL  : 11,1106,2145392,-;init: setpgid failed for midaemon: Operation not permitted
12-31 16:00:05.669  2828  2828 D         : use config VID: 005d
12-31 16:00:05.669  2845  2845 D MTK_KL  : 14,1107,2145429,-;init: processing action (pre-bspko) from (/vendor/etc/init/init.fusion.rc:41)
12-31 16:00:05.669  2828  2828 D         : use config PID: 0002
12-31 16:00:05.669  2845  2845 D MTK_KL  : 6,1108,2146787,-;optee2: tee-supplicant optee_open 
12-31 16:00:05.669  2828  2828 D         : use config version: 0000
12-31 16:00:05.669  2828  2828 D         : use config key report id: 01
12-31 16:00:05.669  2845  2845 D MTK_KL  : 4,1109,2152787,-;kdrv_platform: loading out-of-tree module taints kernel.
12-31 16:00:05.669  2828  2828 D         : use config data report id: 5a
12-31 16:00:05.669  2845  2845 D MTK_KL  : 4,1110,2209289,-;[IR config]no section named Hwdec
12-31 16:00:05.669  2828  2828 D         : use config cmd report id: 5a
12-31 16:00:05.669  2828  2828 D         : use config keydown len: 8
12-31 16:00:05.669  2845  2845 D MTK_KL  : 4,1111,2209295,-;[IR config]no no keys in section Hwdec
12-31 16:00:05.669  2828  2828 D         : key down data:
12-31 16:00:05.669  2845  2845 D MTK_KL  : 4,1112,2209306,-;[IR config]Protocol value:0x01
12-31 16:00:05.669  2828  2828 D         : data[0] = 00
12-31 16:00:05.669  2845  2845 D MTK_KL  : 4,1113,2209310,-;[IR config]Header code:0x807f
12-31 16:00:05.669  2828  2828 D         : data[1] = 00
12-31 16:00:05.669  2828  2828 D         : data[2] = 3e
12-31 16:00:05.669  2845  2845 D MTK_KL  : 4,1114,2209312,-;[IR config]Speed:0x0
12-31 16:00:05.669  2828  2828 D         : data[3] = 00
12-31 16:00:05.669  2845  2845 D MTK_KL  : 4,1115,2209380,-;[IR config]register config:KIR_IR1 with Header code 0x807f
12-31 16:00:05.669  2828  2828 D         : data[4] = 00
12-31 16:00:05.669  2828  2828 D         : data[5] = 00
12-31 16:00:05.669  2845  2845 D MTK_KL  : 4,1116,2209383,-;[IR config]register keymap:KIR_IR1_Keymap
12-31 16:00:05.669  2828  2828 D         : data[6] = 00
12-31 16:00:05.669  2845  2845 D MTK_KL  : 4,1117,2209387,-;[IR config]Protocol value:0x01
12-31 16:00:05.669  2828  2828 D         : data[7] = 00
12-31 16:00:05.669  2845  2845 D MTK_KL  : 4,1118,2209389,-;[IR config]Header code:0x8f7
12-31 16:00:05.669  2828  2828 D         : use config keyup len: 8
12-31 16:00:05.669  2828  2828 D         : key up data:
12-31 16:00:05.669  2845  2845 D MTK_KL  : 4,1119,2209391,-;[IR config]Speed:0x0
12-31 16:00:05.669  2828  2828 D         : data[0] = 00
12-31 16:00:05.669  2845  2845 D MTK_KL  : 4,1120,2209767,-;[IR config]register config:KIR_IR2 with Header code 0x8f7
12-31 16:00:05.669  2828  2828 D         : data[1] = 00
12-31 16:00:05.669  2828  2828 D         : data[2] = 00
12-31 16:00:05.669  2845  2845 D MTK_KL  : 4,1121,2209769,-;[IR config]register keymap:KIR_IR2_Keymap
12-31 16:00:05.669  2828  2828 D         : data[3] = 00
12-31 16:00:05.669  2845  2845 D MTK_KL  : 4,1122,2209772,-;[IR config]Protocol value:0x01
12-31 16:00:05.669  2828  2828 D         : data[4] = 00
12-31 16:00:05.669  2828  2828 D         : data[5] = 00
12-31 16:00:05.669  2845  2845 D MTK_KL  : 4,1123,2209774,-;[IR config]Header code:0x8890
12-31 16:00:05.669  2828  2828 D         : data[6] = 00
12-31 16:00:05.669  2845  2845 D MTK_KL  : 4,1124,2209776,-;[IR config]Speed:0x0
12-31 16:00:05.669  2828  2828 D         : data[7] = 00
12-31 16:00:05.669  2845  2845 D MTK_KL  : 4,1125,2210110,-;[IR config]register config:KIR_IRFAC with Header code 0x8890
12-31 16:00:05.669  2828  2828 D         : use config decode type: 1
12-31 16:00:05.669  2828  2828 D         : use config data mask: 1
12-31 16:00:05.669  2845  2845 D MTK_KL  : 4,1126,2210112,-;[IR config]register keymap:KIR_IRFAC_Keymap
12-31 16:00:05.669  2828  2828 D         : use config autocmd status: 1
12-31 16:00:05.669  2845  2845 D MTK_KL  : 4,1127,2210115,-;##### Mstar IR HW RAW Decode Config #####
12-31 16:00:05.669  2845  2845 D MTK_KL  : 4,1128,2210147,-;[IR config]Protocol value:0x01
12-31 16:00:05.669  2845  2845 D MTK_KL  : 4,1129,2210149,-;[IR config]Header code:0x807f
12-31 16:00:05.669  2845  2845 D MTK_KL  : 4,1130,2210152,-;[IR config]PowerKey code:0x58
12-31 16:00:05.669  2828  2828 D         : UIPC_Init(L566): UIPC_Init
12-31 16:00:05.669  2845  2845 D MTK_KL  : 4,1131,2210155,-;[IR config]Protocol value:0x01
12-31 16:00:05.669  2828  2828 D         : uipc_main_init(L200): ### uipc_main_init ###
12-31 16:00:05.669  2845  2845 D MTK_KL  : 4,1132,2210157,-;[IR config]Header code:0x8f7
12-31 16:00:05.669  2845  2845 D MTK_KL  : 4,1133,2210159,-;[IR config]PowerKey code:0xd7
12-31 16:00:05.669  2845  2845 D MTK_KL  : 4,1134,2210162,-;[IR config]Protocol value:0x01
12-31 16:00:05.669  2845  2845 D MTK_KL  : 4,1135,2210164,-;[IR config]Header code:0x8890
12-31 16:00:05.669  2845  2845 D MTK_KL  : 4,1136,2210166,-;[IR config]PowerKey code:0x1
12-31 16:00:05.669  2845  2845 D MTK_KL  : 4,1137,2222137,-;kdrv_alg: no symbol version for KDrv_XC_RegisterALGInterface
12-31 16:00:05.669  2845  2845 D MTK_KL  : 6,1138,2614568,-;[utpa2k] support STR
12-31 16:00:05.669  2845  2845 D MTK_KL  : 6,1139,2617178,-;Utopia2k-STR: no module pm cb register to stage 2!
12-31 16:00:05.669  2845  2845 D MTK_KL  : 6,1140,2617184,-;PM-UTPA: register STR callback bdmastr at 0
12-31 16:00:05.669  2845  2845 D MTK_KL  : 6,1141,2620075,-;PM-UTPA: register STR callback dscmbstr at 1
12-31 16:00:05.669  2845  2845 D MTK_KL  : 6,1142,2622734,-;PM-UTPA: register STR callback pcmciastr at 2
12-31 16:00:05.669  2845  2845 D MTK_KL  : 6,1143,2625654,-;PM-UTPA: register STR callback gopstr at 3
12-31 16:00:05.669  2845  2845 D MTK_KL  : 6,1144,2628417,-;PM-UTPA: register STR callback gfxstr at 4
12-31 16:00:05.669  2845  2845 D MTK_KL  : 6,1145,2631007,-;PM-UTPA: register STR callback vestr at 5
12-31 16:00:05.669  2845  2845 D MTK_KL  : 6,1146,2633694,-;PM-UTPA: register STR callback xcstr at 6
12-31 16:00:05.669  2845  2845 D MTK_KL  : 6,1147,2636804,-;PM-UTPA: register STR callback pnlstr at 7
12-31 16:00:05.669  2845  2845 D MTK_KL  : 6,1148,2639518,-;PM-UTPA: register STR callback vbistr at 8
12-31 16:00:05.669  2828  2828 D         : UIPC_Open(L591): UIPC_Open : ch_id 0, p_cback 0x3843085
12-31 16:00:05.669  2845  2845 D MTK_KL  : 6,1149,2642097,-;PM-UTPA: register STR callback acestr at 9
12-31 16:00:05.669  2828  2828 D         : uipc_setup_server_locked(L328): SETUP CHANNEL SERVER 0
12-31 16:00:05.669  2845  2845 D MTK_KL  : 6,1150,2644891,-;PM-UTPA: register STR callback dlcstr at 10
12-31 16:00:05.669  2845  2845 D MTK_KL  : 6,1151,2647495,-;PM-UTPA: register STR callback miustr at 11
12-31 16:00:05.669  2828  2828 I         : create_server_socket(L134): create_server_socket /data/misc/bluedroid/.voice_ctrl
12-31 16:00:05.669  2845  2845 D MTK_KL  : 6,1152,2650249,-;PM-UTPA: register STR callback pwsstr at 12
12-31 16:00:05.669  2828  2828 I         : create_server_socket(L150): created socket fd 6
12-31 16:00:05.669  2845  2845 D MTK_KL  : 7,1153,2650376,-;<UTPA_DEBUG>[Utopia][PWS]: \x1b[35mFunction = PWSRegisterToUtopia, Line = 1134, PWS Register finished\x1b[m
12-31 16:00:05.669  2828  2828 D         : uipc_setup_server_locked(L344): ADD SERVER FD TO ACTIVE SET 6
12-31 16:00:05.669  2845  2845 D MTK_KL  : 6,1154,2653185,-;PM-UTPA: register STR callback vdec_exstr at 13
12-31 16:00:05.669  2828  2828 I         : uipc_wakeup_locked(L320): UIPC SEND WAKE UP
12-31 16:00:05.669  2845  2845 D MTK_KL  : 6,1155,2655868,-;PM-UTPA: register STR callback mvopstr at 14
12-31 16:00:05.669  2828  2828 D         : UIPC_Open(L591): UIPC_Open : ch_id 1, p_cback 0x384366d
12-31 16:00:05.669  2845  2845 D MTK_KL  : 6,1156,2658660,-;PM-UTPA: register STR callback avdstr at 15
12-31 16:00:05.669  2828  2828 D         : uipc_setup_server_locked(L328): SETUP CHANNEL SERVER 1
12-31 16:00:05.669  2845  2845 D MTK_KL  : 6,1157,2661262,-;PM-UTPA: register STR callback dmxstr at 16
12-31 16:00:05.669  2828  2828 I         : create_server_socket(L134): create_server_socket /data/misc/bluedroid/.voice_data
12-31 16:00:05.669  2845  2845 D MTK_KL  : 6,1158,2663942,-;PM-UTPA: register STR callback hwiicstr at 17
12-31 16:00:05.669  2828  2828 I         : create_server_socket(L150): created socket fd 7
12-31 16:00:05.669  2845  2845 D MTK_KL  : 6,1159,2666666,-;PM-UTPA: register STR callback pwmstr at 18
12-31 16:00:05.669  2828  2828 D         : uipc_setup_server_locked(L344): ADD SERVER FD TO ACTIVE SET 7
12-31 16:00:05.670  2828  2828 I         : uipc_wakeup_locked(L320): UIPC SEND WAKE UP
12-31 16:00:05.670  2845  2845 D MTK_KL  : 6,1160,2669530,-;PM-UTPA: register STR callback jpegstr at 19
12-31 16:00:05.670  2845  2845 D MTK_KL  : 6,1161,2672414,-;PM-UTPA: register STR callback mfestr at 20
12-31 16:00:05.670  2845  2845 D MTK_KL  : 6,1162,2675201,-;PM-UTPA: register STR callback cecstr at 21
12-31 16:00:05.670  2845  2845 D MTK_KL  : 6,1163,2677782,-;PM-UTPA: register STR callback hdmirxstr at 22
12-31 16:00:05.680  2723  2723 D MTK_MW  : {CMPB} API [946684805.584]:[_IMtkPb_Ctrl_RM_Util_Init:#1405],begin 
12-31 16:00:05.691  2845  2845 D MTK_KL  : 4,1446,3501283,-;bHDuplicate       0
12-31 16:00:05.691  2845  2845 D MTK_KL  : 4,1451,3501293,-;GetVTotal         0
12-31 16:00:05.691  2845  2845 D MTK_KL  : 4,1452,3501295,-;GetVerticalFreq   Error
12-31 16:00:05.691  2845  2845 D MTK_KL  : 4,1453,3501297,-;GetHsyncEdge      0
12-31 16:00:05.691  2845  2845 D MTK_KL  : 4,1454,3501299,-;IsSyncLocked      0
12-31 16:00:05.691  2845  2845 D MTK_KL  : 4,1455,3501301,-;IsInterlaced      0
12-31 16:00:05.691  2845  2845 D MTK_KL  : 4,1456,3501303,-;IsColorOn         0
12-31 16:00:05.691  2845  2845 D MTK_KL  : 4,1457,3501306,-;GetReg 0x1035_D6/CE  0x0 0x0
12-31 16:00:05.691  2845  2845 D MTK_KL  : 4,1458,3501308,-;GetReg 0x1035_D8/39  0x0 0x0
12-31 16:00:05.691  2845  2845 D MTK_KL  : 4,1459,3501310,-;GetReg 0x1035_CD/CC  0x0 0x0
12-31 16:00:05.691  2845  2845 D MTK_KL  : 7,1461,3501490,-;<UTPA_DEBUG>[Utopia][Utopia]: *** MDrv_MVOP_SubInit_V2: SUB MVOP UNSUPPORTED!!
12-31 16:00:05.691  2845  2845 D MTK_KL  : 7,1462,3501589,-;<UTPA_DEBUG>[Utopia][Utopia]: *** MDrv_MVOP_SubInit_V2: SUB MVOP UNSUPPORTED!!
12-31 16:00:05.691  2845  2845 D MTK_KL  : 2,1463,3502455,-;[devnode] devnode_init: start
12-31 16:00:05.691  2845  2845 D MTK_KL  : 2,1465,3503018,-;[devnode] devnode_init: end
12-31 16:00:05.691  2845  2845 D MTK_KL  : 2,1467,3503749,-;[devnode] uevent_node: broadcast uevent done
12-31 16:00:05.692  2845  2845 D MTK_KL  : 4,1468,3504481,-;PEIFEN   [_MDrv_GFLIPIO_Init][280] u16Idx=0,u16AllocIdx=64 ; u32GopIdx=0 
12-31 16:00:05.692  2845  2845 D MTK_KL  : 4,1470,3509363,-;[VE info] VE open
12-31 16:00:05.692  2723  2723 E cutils-trace: Error opening trace file: No such file or directory (2)
12-31 16:00:05.700  2845  2845 D MTK_KL  : 14,1649,4087654,-;e2fsck: Pass 1: Checking inodes, blocks, and sizes\x0a
12-31 16:00:05.709  2845  2845 D MTK_KL  : 14,1650,4087660,-;e2fsck: Pass 2: Checking directory structure\x0a
12-31 16:00:05.709  2845  2845 D MTK_KL  : 14,1651,4087666,-;e2fsck: Pass 3: Checking directory connectivity\x0a
12-31 16:00:05.709  2845  2845 D MTK_KL  : 14,1652,4087672,-;e2fsck: Pass 4: Checking reference counts\x0a
12-31 16:00:05.710  2845  2845 D MTK_KL  : 14,1653,4087677,-;e2fsck: Pass 5: Checking group summary information\x0a
12-31 16:00:05.710  2845  2845 D MTK_KL  : 14,1654,4087684,-;e2fsck: /dev/block/platform/mstar_mci.0/by-name/3rd_rw: 35/1920 files (11.4% non-contiguous), 1750/7680 blocks\x0a
12-31 16:00:05.710  2845  2845 D MTK_KL  : 6,1655,4092517,-;EXT4-fs (mmcblk0p18): mounted filesystem with ordered data mode. Opts: (null)
12-31 16:00:05.710  2845  2845 D MTK_KL  : 14,1656,4092660,-;init: [libfs_mgr]__mount(source=/dev/block/platform/mstar_mci.0/by-name/3rd_rw,target=/data/vendor/3rd_rw,type=ext4)=0: Success
12-31 16:00:05.710  2845  2845 D MTK_KL  : 11,1657,4093821,-;init: Init cannot set 'ro.boottime.init.mount_all.default' to '112': Read-only property was already set
12-31 16:00:05.710  2845  2845 D MTK_KL  : 11,1658,4093873,-;init: Init cannot set 'ro.crypto.state' to 'unsupported': Read-only property was already set
12-31 16:00:05.710  2845  2845 D MTK_KL  : 14,1659,4093923,-;init: Command 'mount_all /vendor/etc/fstab_late.mt5862' action=early-boot (/vendor/etc/init/init.fusion.rc:133) took 112ms and succeeded
12-31 16:00:05.710  2845  2845 D MTK_KL  : 6,1660,4098295,-;<MI3_INFO><<<MI_IIC_Init[1052]MI_IIC_Init:0x2
12-31 16:00:05.710  2845  2845 D MTK_KL  : 14,1661,4098642,-;init: Command 'write /proc/APPCOMPACTION_DIR/default_policy 0' action=early-boot (/vendor/etc/init/init.fusion.rc:150) took 0ms and failed: Unable to write to file '/proc/APPCOMPACTION_DIR/default_policy': Unable to write file contents: Bad address
12-31 16:00:05.710  2845  2845 D MTK_KL  : 4,1662,4099028,-;[MI_AEXTIN_Init:2228][2503] AextinInitCnt:2
12-31 16:00:05.710  2845  2845 D MTK_KL  : 4,1663,4099035,-;[MI_AEXTIN_Init:2294][2503] eErrCode:0x2
12-31 16:00:05.710  2845  2845 D MTK_KL  : 14,1664,4099730,-;init: Command 'write /proc/APPCOMPACTION_DIR/app_compaction_enable 1' action=early-boot (/vendor/etc/init/init.fusion.rc:152) took 0ms and failed: Unable to write to file '/proc/APPCOMPACTION_DIR/app_compaction_enable': Unable to write file contents: Bad address
12-31 16:00:05.710  2845  2845 D MTK_KL  : 14,1665,4101629,-;init: processing action (early-boot) from (/vendor/etc/init/hw/init.boottime_trace.rc:28)
12-31 16:00:05.710  2845  2845 D MTK_KL  : 14,1666,4102048,-;init: processing action (early-boot) from (/vendor/etc/init/hw/init.cvt_usb_utils.rc:9)
12-31 16:00:05.710  2845  2845 D MTK_KL  : 14,1667,4102302,-;init: starting service 'cvt_usb_utils'...
12-31 16:00:05.710  2845  2845 D MTK_KL  : 14,1668,4103216,-;init: processing action (boot) from (/init.rc:593)
12-31 16:00:05.710  2845  2845 D MTK_KL  : 14,1669,4109298,-;init: starting service 'trapezoidServer'...
12-31 16:00:05.710  2845  2845 D MTK_KL  : 14,1670,4110233,-;init: starting service 'trapezoidTest'...
12-31 16:00:05.710  2845  2845 D MTK_KL  : 3,1671,4110695,-;<MI3_ERR>_MI_VENC_Init[2640]: [MI VENC] No available encoder buffer, MMAP size is 0!
12-31 16:00:05.710  2845  2845 D MTK_KL  : 6,1672,4111108,-;<MI3_INFO><<<MI_SAR_Init[1945]MI_SAR_Init:0x2
12-31 16:00:05.710  2845  2845 D MTK_KL  : 4,1673,4114613,-;<MI3_WARN>_MI_SVP_Init: Module has been inited!
12-31 16:00:05.710  2845  2845 D MTK_KL  : 14,1674,4127055,-;init: starting service 'hidl_memory'...
12-31 16:00:05.710  2845  2845 D MTK_KL  : 14,1675,4128368,-;init: starting service 'cameraserver'...
12-31 16:00:05.710  2845  2845 D MTK_KL  : 14,1676,4129703,-;init: starting service 'vendor.bluetooth-1-0'...
12-31 16:00:05.710  2845  2845 D MTK_KL  : 11,1677,4131045,-;init: couldn't write 2705 to /dev/cpuset/camera-daemon/tasks: No such file or directory
12-31 16:00:05.710  2845  2845 D MTK_KL  : 14,1678,4131606,-;init: starting service 'vendor.camera-provider-2-4'...
12-31 16:00:05.710  2845  2845 D MTK_KL  : 14,1679,4132837,-;init: starting service 'vendor.cas-hal-1-0'...
12-31 16:00:05.710  2845  2845 D MTK_KL  : 14,1680,4134149,-;init: starting service 'vendor.configstore-hal'...
12-31 16:00:05.710  2845  2845 D MTK_KL  : 11,1681,4136200,-;init: couldn't write 2707 to /dev/cpuset/camera-daemon/tasks: No such file or directory
12-31 16:00:05.710  2845  2845 D MTK_KL  : 14,1682,4137798,-;init: starting service 'vendor.drm-hal-1-0'...
12-31 16:00:05.710  2845  2845 D MTK_KL  : 14,1683,4139977,-;init: starting service 'vendor.drm-clearkey-hal-1-1'...
12-31 16:00:05.710  2845  2845 D MTK_KL  : 14,1684,4141233,-;init: starting service 'vendor.drm-widevine-hal-1-1'...
12-31 16:00:05.710  2845  2845 D MTK_KL  : 14,1685,4143352,-;init: starting service 'vendor.gatekeeper-1-0'...
12-31 16:00:05.710  2845  2845 D MTK_KL  : 14,1686,4144718,-;init: starting service 'vendor.gralloc-2-0'...
12-31 16:00:05.710  2845  2845 D MTK_KL  : 14,1687,4145975,-;init: starting service 'vendor.health-hal-2-0'...
12-31 16:00:05.710  2845  2845 D MTK_KL  : 14,1688,4149920,-;init: starting service 'vendor.memtrack-hal-1-0'...
12-31 16:00:05.710  2845  2845 D MTK_KL  : 14,1689,4151527,-;init: Opened file '/dev/kmsg', flags 1
12-31 16:00:05.710  2845  2845 D MTK_KL  : 14,1690,4158844,-;init: starting service 'vendor.cec-hal-1-0'...
12-31 16:00:05.710  2845  2845 D MTK_KL  : 14,1691,4160290,-;init: starting service 'tv-input-1-0'...
12-31 16:00:05.710  2845  2845 D MTK_KL  : 14,1692,4161548,-;init: starting service 'vendor.wifi_hal_legacy'...
12-31 16:00:05.711  2835  2835 I installd: installd firing up
12-31 16:00:05.740  2852  2852 I /system/bin/tombstoned: tombstoned successfully initialized
12-31 16:00:05.750  2702  2702 I ServiceManager: Waiting for vendor service TrapezoidCorrect...
12-31 16:00:05.751  2723  2723 E gralloc : Arm Module v1.0
12-31 16:00:05.753  2723  2723 D hwcomposer: HWCDisplayDevice::addConfig: initConfigs new config 0: 1920 x 1080 @ 60.0 Hz, DPI: 77.0 x 77.0
12-31 16:00:05.753  2723  2723 D hwcomposer: HWComposerDevice::initPrimaryDevice: callHotplug called, but no valid callback registered, storing display
12-31 16:00:05.753  2723  2723 D hwcomposer: HWComposerDevice::HWComposerDevice: create event work thread
12-31 16:00:05.753  2723  2723 D hwcomposer: HWComposerDevice::getFunctionImpl: doGetFunction: getFunctionImpl function descriptor: 1 (AcceptDisplayChanges)
12-31 16:00:05.753  2723  2723 D hwcomposer: HWComposerDevice::getFunctionImpl: doGetFunction: getFunctionImpl function descriptor: 2 (CreateLayer)
12-31 16:00:05.753  2723  2723 D hwcomposer: HWComposerDevice::getFunctionImpl: doGetFunction: getFunctionImpl function descriptor: 3 (CreateVirtualDisplay)
12-31 16:00:05.753  2723  2723 D hwcomposer: HWComposerDevice::getFunctionImpl: doGetFunction: getFunctionImpl function descriptor: 4 (DestroyLayer)
12-31 16:00:05.753  2723  2723 D hwcomposer: HWComposerDevice::getFunctionImpl: doGetFunction: getFunctionImpl function descriptor: 5 (DestroyVirtualDisplay)
12-31 16:00:05.753  2723  2723 D hwcomposer: HWComposerDevice::getFunctionImpl: doGetFunction: getFunctionImpl function descriptor: 6 (Dump)
12-31 16:00:05.753  2723  2723 D hwcomposer: HWComposerDevice::getFunctionImpl: doGetFunction: getFunctionImpl function descriptor: 7 (GetActiveConfig)
12-31 16:00:05.753  2723  2723 D hwcomposer: HWComposerDevice::getFunctionImpl: doGetFunction: getFunctionImpl function descriptor: 8 (GetChangedCompositionTypes)
12-31 16:00:05.753  2723  2723 D hwcomposer: HWComposerDevice::getFunctionImpl: doGetFunction: getFunctionImpl function descriptor: 9 (GetClientTargetSupport)
12-31 16:00:05.753  2723  2723 D hwcomposer: HWComposerDevice::getFunctionImpl: doGetFunction: getFunctionImpl function descriptor: 10 (GetColorModes)
12-31 16:00:05.753  2723  2723 D hwcomposer: HWComposerDevice::getFunctionImpl: doGetFunction: getFunctionImpl function descriptor: 11 (GetDisplayAttribute)
12-31 16:00:05.753  2723  2723 D hwcomposer: HWComposerDevice::getFunctionImpl: doGetFunction: getFunctionImpl function descriptor: 12 (GetDisplayConfigs)
12-31 16:00:05.753  2723  2723 D hwcomposer: HWComposerDevice::getFunctionImpl: doGetFunction: getFunctionImpl function descriptor: 13 (GetDisplayName)
12-31 16:00:05.753  2723  2723 D hwcomposer: HWComposerDevice::getFunctionImpl: doGetFunction: getFunctionImpl function descriptor: 14 (GetDisplayRequests)
12-31 16:00:05.753  2723  2723 D hwcomposer: HWComposerDevice::getFunctionImpl: doGetFunction: getFunctionImpl function descriptor: 15 (GetDisplayType)
12-31 16:00:05.753  2723  2723 D hwcomposer: HWComposerDevice::getFunctionImpl: doGetFunction: getFunctionImpl function descriptor: 16 (GetDozeSupport)
12-31 16:00:05.753  2723  2723 D hwcomposer: HWComposerDevice::getFunctionImpl: doGetFunction: getFunctionImpl function descriptor: 17 (GetHdrCapabilities)
12-31 16:00:05.753  2723  2723 D hwcomposer: HWComposerDevice::getFunctionImpl: doGetFunction: getFunctionImpl function descriptor: 18 (GetMaxVirtualDisplayCount)
12-31 16:00:05.753  2723  2723 D hwcomposer: HWComposerDevice::getFunctionImpl: doGetFunction: getFunctionImpl function descriptor: 19 (GetReleaseFences)
12-31 16:00:05.753  2723  2723 D hwcomposer: HWComposerDevice::getFunctionImpl: doGetFunction: getFunctionImpl function descriptor: 20 (PresentDisplay)
12-31 16:00:05.753  2723  2723 D hwcomposer: HWComposerDevice::getFunctionImpl: doGetFunction: getFunctionImpl function descriptor: 21 (RegisterCallback)
12-31 16:00:05.753  2723  2723 D hwcomposer: HWComposerDevice::getFunctionImpl: doGetFunction: getFunctionImpl function descriptor: 22 (SetActiveConfig)
12-31 16:00:05.753  2723  2723 D hwcomposer: HWComposerDevice::getFunctionImpl: doGetFunction: getFunctionImpl function descriptor: 23 (SetClientTarget)
12-31 16:00:05.753  2723  2723 D hwcomposer: HWComposerDevice::getFunctionImpl: doGetFunction: getFunctionImpl function descriptor: 24 (SetColorMode)
12-31 16:00:05.753  2723  2723 D hwcomposer: HWComposerDevice::getFunctionImpl: doGetFunction: getFunctionImpl function descriptor: 25 (SetColorTransform)
12-31 16:00:05.753  2723  2723 D hwcomposer: HWComposerDevice::getFunctionImpl: doGetFunction: getFunctionImpl function descriptor: 26 (SetCursorPosition)
12-31 16:00:05.753  2723  2723 D hwcomposer: HWComposerDevice::getFunctionImpl: doGetFunction: getFunctionImpl function descriptor: 27 (SetLayerBlendMode)
12-31 16:00:05.753  2723  2723 D hwcomposer: HWComposerDevice::getFunctionImpl: doGetFunction: getFunctionImpl function descriptor: 28 (SetLayerBuffer)
12-31 16:00:05.753  2723  2723 D hwcomposer: HWComposerDevice::getFunctionImpl: doGetFunction: getFunctionImpl function descriptor: 29 (SetLayerColor)
12-31 16:00:05.753  2723  2723 D hwcomposer: HWComposerDevice::getFunctionImpl: doGetFunction: getFunctionImpl function descriptor: 30 (SetLayerCompositionType)
12-31 16:00:05.753  2723  2723 D hwcomposer: HWComposerDevice::getFunctionImpl: doGetFunction: getFunctionImpl function descriptor: 31 (SetLayerDataspace)
12-31 16:00:05.753  2723  2723 D hwcomposer: HWComposerDevice::getFunctionImpl: doGetFunction: getFunctionImpl function descriptor: 32 (SetLayerDisplayFrame)
12-31 16:00:05.753  2723  2723 D hwcomposer: HWComposerDevice::getFunctionImpl: doGetFunction: getFunctionImpl function descriptor: 33 (SetLayerPlaneAlpha)
12-31 16:00:05.753  2723  2723 D hwcomposer: HWComposerDevice::getFunctionImpl: doGetFunction: getFunctionImpl function descriptor: 34 (SetLayerSidebandStream)
12-31 16:00:05.753  2723  2723 D hwcomposer: HWComposerDevice::getFunctionImpl: doGetFunction: getFunctionImpl function descriptor: 35 (SetLayerSourceCrop)
12-31 16:00:05.753  2723  2723 D hwcomposer: HWComposerDevice::getFunctionImpl: doGetFunction: getFunctionImpl function descriptor: 36 (SetLayerSurfaceDamage)
12-31 16:00:05.753  2723  2723 D hwcomposer: HWComposerDevice::getFunctionImpl: doGetFunction: getFunctionImpl function descriptor: 37 (SetLayerTransform)
12-31 16:00:05.753  2723  2723 D hwcomposer: HWComposerDevice::getFunctionImpl: doGetFunction: getFunctionImpl function descriptor: 38 (SetLayerVisibleRegion)
12-31 16:00:05.753  2723  2723 D hwcomposer: HWComposerDevice::getFunctionImpl: doGetFunction: getFunctionImpl function descriptor: 39 (SetLayerZOrder)
12-31 16:00:05.753  2723  2723 D hwcomposer: HWComposerDevice::getFunctionImpl: doGetFunction: getFunctionImpl function descriptor: 40 (SetOutputBuffer)
12-31 16:00:05.753  2723  2723 D hwcomposer: HWComposerDevice::getFunctionImpl: doGetFunction: getFunctionImpl function descriptor: 41 (SetPowerMode)
12-31 16:00:05.753  2723  2723 D hwcomposer: HWComposerDevice::getFunctionImpl: doGetFunction: getFunctionImpl function descriptor: 42 (SetVsyncEnabled)
12-31 16:00:05.753  2723  2723 D hwcomposer: HWComposerDevice::getFunctionImpl: doGetFunction: getFunctionImpl function descriptor: 43 (ValidateDisplay)
12-31 16:00:05.753  2723  2723 D hwcomposer: HWComposerDevice::getFunctionImpl: doGetFunction: getFunctionImpl function descriptor: 44 (SetLayerFloatColor)
12-31 16:00:05.753  2723  2723 D hwcomposer: HWComposerDevice::getFunctionImpl: doGetFunction: getFunctionImpl function descriptor: 45 (SetLayerPerFrameMetadata)
12-31 16:00:05.753  2723  2723 D hwcomposer: HWComposerDevice::getFunctionImpl: doGetFunction: getFunctionImpl function descriptor: 46 (GetPerFrameMetadataKeys)
12-31 16:00:05.753  2723  2723 D hwcomposer: HWComposerDevice::getFunctionImpl: doGetFunction: getFunctionImpl function descriptor: 47 (SetReadbackBuffer)
12-31 16:00:05.753  2723  2723 D hwcomposer: HWComposerDevice::getFunctionImpl: doGetFunction: getFunctionImpl function descriptor: 48 (GetReadbackBufferAttributes)
12-31 16:00:05.753  2723  2723 D hwcomposer: HWComposerDevice::getFunctionImpl: doGetFunction: getFunctionImpl function descriptor: 49 (GetReadbackBufferFence)
12-31 16:00:05.753  2723  2723 D hwcomposer: HWComposerDevice::getFunctionImpl: doGetFunction: getFunctionImpl function descriptor: 50 (GetRenderIntents)
12-31 16:00:05.753  2723  2723 D hwcomposer: HWComposerDevice::getFunctionImpl: doGetFunction: getFunctionImpl function descriptor: 51 (SetColorModeWithRenderIntent)
12-31 16:00:05.753  2723  2723 D hwcomposer: HWComposerDevice::getFunctionImpl: doGetFunction: getFunctionImpl function descriptor: 52 (GetDataspaceSaturationMatrix)
12-31 16:00:05.753  2723  2723 D hwcomposer: HWComposerDevice::getFunctionImpl: doGetFunction: getFunctionImpl function descriptor: 55 (get3DTransform)
12-31 16:00:05.753  2723  2723 D hwcomposer: HWComposerDevice::getFunctionImpl: doGetFunction: getFunctionImpl function descriptor: 56 (getCurrentTiming)
12-31 16:00:05.753  2723  2723 D hwcomposer: HWComposerDevice::getFunctionImpl: doGetFunction: getFunctionImpl function descriptor: 57 (isStbTarget)
12-31 16:00:05.753  2723  2723 D hwcomposer: HWComposerDevice::getFunctionImpl: doGetFunction: getFunctionImpl function descriptor: 58 (getOsdWidth)
12-31 16:00:05.753  2723  2723 D hwcomposer: HWComposerDevice::getFunctionImpl: doGetFunction: getFunctionImpl function descriptor: 59 (getOsdHeight)
12-31 16:00:05.753  2723  2723 D hwcomposer: HWComposerDevice::getFunctionImpl: doGetFunction: getFunctionImpl function descriptor: 60 (getMirrorMode)
12-31 16:00:05.753  2723  2723 D hwcomposer: HWComposerDevice::getFunctionImpl: doGetFunction: getFunctionImpl function descriptor: 61 (getRefreshPeriod)
12-31 16:00:05.753  2723  2723 D hwcomposer: HWComposerDevice::getFunctionImpl: doGetFunction: getFunctionImpl function descriptor: 62 (captureScreen)
12-31 16:00:05.753  2723  2723 D hwcomposer: HWComposerDevice::getFunctionImpl: doGetFunction: getFunctionImpl function descriptor: 63 (releaseCaptureScreenMemory)
12-31 16:00:05.753  2723  2723 D hwcomposer: HWComposerDevice::getFunctionImpl: doGetFunction: getFunctionImpl function descriptor: 66 (setClientTargetDisplayFrame)
12-31 16:00:05.753  2723  2723 D hwcomposer: HWComposerDevice::getFunctionImpl: doGetFunction: getFunctionImpl function descriptor: 53 (SetLayerName)
12-31 16:00:05.754  2723  2723 D hwcomposer: HWComposerDevice::getFunctionImpl: doGetFunction: getFunctionImpl function descriptor: 54 (getVendorUsage)
12-31 16:00:05.754  2723  2723 E ComposerHal: ltdebug hal is 0x0xaefb43c0
12-31 16:00:05.754  2723  2723 E ComposerHal: composer2.3 is0x0x0
12-31 16:00:05.754  2723  2723 I ServiceManagement: Removing namespace from process name mstar.hardware.hwcomposer.composer@2.3-service to composer@2.3-service.
12-31 16:00:05.798  2702  2702 D ServiceManager: #00 pc 000306e9  /system/lib/vndk-28/libbinder.so (android::BpServiceManager::getService(android::String16 const&) const+380)
12-31 16:00:05.798  2702  2702 D ServiceManager: #01 pc 00001b37  /vendor/lib/libtrapezoidClient.so (_ZN7android10getServiceINS_24ITrapezoidCorrectServiceEEEiRKNS_8String16EPNS_2spIT_EE+38)
12-31 16:00:05.798  2702  2702 D ServiceManager: #02 pc 00001ac3  /vendor/lib/libtrapezoidClient.so (android::TrapezoidClient::getTrapezoidService()+46)
12-31 16:00:05.798  2702  2702 D ServiceManager: #03 pc 000014e1  /vendor/bin/trapezoidTest (main+56)
