12-31 16:00:09.444  2783  2783 D MTK_KL  : 4,2968,9460008,-;[<d012e5b3>] (mtal_ioctl [dtv_driver]) from [<c020501f>] (do_vfs_ioctl+0x87/0x684)
12-31 16:00:09.445  2783  2783 D MTK_KL  : 4,2969,9460019,-;[<c020501f>] (do_vfs_ioctl) from [<c0205665>] (SyS_ioctl+0x49/0x54)
12-31 16:00:09.445  2783  2783 D MTK_KL  : 4,2970,9460027,-;[<c0205665>] (SyS_ioctl) from [<c0106721>] (ret_fast_syscall+0x1/0x54)
12-31 16:00:09.446  2783  2783 D MTK_KL  : 4,2971,9460171,-;[SGLUE_AUD][INFO][_AudMiChannelMute][6355]: path = 5, mute = 1
12-31 16:00:09.446  2783  2783 D MTK_KL  : 4,2972,9460180,-;CPU: 3 PID: 2995 Comm: init_thread Tainted: P           O    4.9.118+ #1
12-31 16:00:09.447  2783  2783 D MTK_KL  : 4,2973,9460182,-;Hardware name: mt5862
12-31 16:00:09.447  2783  2783 D MTK_KL  : 4,2974,9460192,-;[<c010df8d>] (unwind_backtrace) from [<c010a213>] (show_stack+0xb/0xc)
12-31 16:00:09.447  2783  2783 D MTK_KL  : 4,2975,9460201,-;[<c010a213>] (show_stack) from [<c0346d2f>] (dump_stack+0x6b/0x78)
12-31 16:00:09.447  2783  2783 D MTK_KL  : 4,2976,9460531,-;[<c0346d2f>] (dump_stack) from [<d019cc01>] (_AtvDetPollingThread+0x2a0/0x578 [dtv_driver])
12-31 16:00:09.447  2783  2783 D MTK_KL  : 4,2977,9461160,-;[<d019cc01>] (_AtvDetPollingThread [dtv_driver]) from [<d01af317>] (MTGADEC_MTAUD_AudSet+0x2cce/0x4ce4 [dtv_driver])
12-31 16:00:09.447  2783  2783 D MTK_KL  : 4,2978,9461775,-;[<d01af317>] (MTGADEC_MTAUD_AudSet [dtv_driver]) from [<d014a16d>] (mtal_ioctl_mtauddec+0x1f48/0x28f8 [dtv_driver])
12-31 16:00:09.447  2783  2783 D MTK_KL  : 4,2979,9462380,-;[<d014a16d>] (mtal_ioctl_mtauddec [dtv_driver]) from [<d012e5b3>] (mtal_ioctl+0x296/0x2b0 [dtv_driver])
12-31 16:00:09.447  2783  2783 D MTK_KL  : 4,2980,9462698,-;[<d012e5b3>] (mtal_ioctl [dtv_driver]) from [<c020501f>] (do_vfs_ioctl+0x87/0x684)
12-31 16:00:09.447  2783  2783 D MTK_KL  : 4,2981,9462708,-;[<c020501f>] (do_vfs_ioctl) from [<c0205665>] (SyS_ioctl+0x49/0x54)
12-31 16:00:09.447  2783  2783 D MTK_KL  : 4,2982,9462717,-;[<c0205665>] (SyS_ioctl) from [<c0106721>] (ret_fast_syscall+0x1/0x54)
12-31 16:00:09.448  2783  2783 D MTK_KL  : 4,2983,9462828,-;[SGLUE_AUD][INFO][_AudMiChannelMute][6355]: path = 4, mute = 1
12-31 16:00:09.448  2783  2783 D MTK_KL  : 4,2984,9462835,-;CPU: 3 PID: 2995 Comm: init_thread Tainted: P           O    4.9.118+ #1
12-31 16:00:09.448  2783  2783 D MTK_KL  : 4,2985,9462837,-;Hardware name: mt5862
12-31 16:00:09.448  2783  2783 D MTK_KL  : 4,2986,9462847,-;[<c010df8d>] (unwind_backtrace) from [<c010a213>] (show_stack+0xb/0xc)
12-31 16:00:09.448  2783  2783 D MTK_KL  : 4,2987,9462854,-;[<c010a213>] (show_stack) from [<c0346d2f>] (dump_stack+0x6b/0x78)
12-31 16:00:09.448  2783  2783 D MTK_KL  : 4,2988,9463194,-;[<c0346d2f>] (dump_stack) from [<d019cc01>] (_AtvDetPollingThread+0x2a0/0x578 [dtv_driver])
12-31 16:00:09.448  2783  2783 D MTK_KL  : 4,2989,9463844,-;[<d019cc01>] (_AtvDetPollingThread [dtv_driver]) from [<d01af31f>] (MTGADEC_MTAUD_AudSet+0x2cd6/0x4ce4 [dtv_driver])
12-31 16:00:09.448  2783  2783 D MTK_KL  : 4,2990,9464461,-;[<d01af31f>] (MTGADEC_MTAUD_AudSet [dtv_driver]) from [<d014a16d>] (mtal_ioctl_mtauddec+0x1f48/0x28f8 [dtv_driver])
12-31 16:00:09.448  2783  2783 D MTK_KL  : 4,2991,9465068,-;[<d014a16d>] (mtal_ioctl_mtauddec [dtv_driver]) from [<d012e5b3>] (mtal_ioctl+0x296/0x2b0 [dtv_driver])
12-31 16:00:09.448  2783  2783 D MTK_KL  : 4,2992,9465385,-;[<d012e5b3>] (mtal_ioctl [dtv_driver]) from [<c020501f>] (do_vfs_ioctl+0x87/0x684)
12-31 16:00:09.448  2783  2783 D MTK_KL  : 4,2993,9465397,-;[<c020501f>] (do_vfs_ioctl) from [<c0205665>] (SyS_ioctl+0x49/0x54)
12-31 16:00:09.448  2783  2783 D MTK_KL  : 4,2994,9465406,-;[<c0205665>] (SyS_ioctl) from [<c0106721>] (ret_fast_syscall+0x1/0x54)
12-31 16:00:09.448  2783  2783 D MTK_KL  : 4,2995,9465527,-;[SGLUE_AUD][INFO][_AudMiChannelMute][6355]: path = 5, mute = 1
12-31 16:00:09.480  2677  2677 I zygote  : VMRuntime.preloadDexCaches strings total=350541 before=14052 after=14052
12-31 16:00:09.480  2677  2677 I zygote  : VMRuntime.preloadDexCaches types total=33156 before=8150 after=8151
12-31 16:00:09.480  2677  2677 I zygote  : VMRuntime.preloadDexCaches fields total=145629 before=9221 after=9221
12-31 16:00:09.480  2677  2677 I zygote  : VMRuntime.preloadDexCaches methods total=259369 before=13386 after=13386
12-31 16:00:09.480  2677  2677 I zygote  : VMRuntime.preloadDexCaches finished
12-31 16:00:09.480  2677  2677 D Zygote32Timing: PreloadClasses took to complete: 1302ms
12-31 16:00:09.488  2783  2783 D MTK_KL  : 6,2996,9504170,-;capability: warning: `main' uses 32-bit capabilities (legacy support in use)
12-31 16:00:09.514  2781  2953 I ServiceManager: Waiting for service package_native...
12-31 16:00:09.540  2697  2697 I ServiceManager: Waiting for vendor service TrapezoidCorrect...
12-31 16:00:09.555  2697  2697 D ServiceManager: #00 pc 000306e9  /system/lib/vndk-28/libbinder.so (android::BpServiceManager::getService(android::String16 const&) const+380)
12-31 16:00:09.555  2697  2697 D ServiceManager: #01 pc 00001b37  /vendor/lib/libtrapezoidClient.so (_ZN7android10getServiceINS_24ITrapezoidCorrectServiceEEEiRKNS_8String16EPNS_2spIT_EE+38)
12-31 16:00:09.555  2697  2697 D ServiceManager: #02 pc 00001ac3  /vendor/lib/libtrapezoidClient.so (android::TrapezoidClient::getTrapezoidService()+46)
12-31 16:00:09.555  2697  2697 D ServiceManager: #03 pc 000014e1  /vendor/bin/trapezoidTest (main+56)
12-31 16:00:09.555  2697  2697 D ServiceManager: #04 pc 00087e31  /system/lib/libc.so (__libc_init+48)
12-31 16:00:09.555  2697  2697 D ServiceManager: #05 pc 00001487  /vendor/bin/trapezoidTest (_start_main+38)
12-31 16:00:09.555  2697  2697 D ServiceManager: #06 pc 00000306  <anonymous:b6013000>
12-31 16:00:09.601  2677  2677 D Zygote32Timing: PreloadResources took to complete: 121ms
12-31 16:00:09.656  2697  2697 I ServiceManager: Waiting for vendor service TrapezoidCorrect...
12-31 16:00:09.671  2697  2697 D ServiceManager: #00 pc 000306e9  /system/lib/vndk-28/libbinder.so (android::BpServiceManager::getService(android::String16 const&) const+380)
12-31 16:00:09.671  2697  2697 D ServiceManager: #01 pc 00001b37  /vendor/lib/libtrapezoidClient.so (_ZN7android10getServiceINS_24ITrapezoidCorrectServiceEEEiRKNS_8String16EPNS_2spIT_EE+38)
12-31 16:00:09.671  2697  2697 D ServiceManager: #02 pc 00001ac3  /vendor/lib/libtrapezoidClient.so (android::TrapezoidClient::getTrapezoidService()+46)
12-31 16:00:09.671  2697  2697 D ServiceManager: #03 pc 000014e1  /vendor/bin/trapezoidTest (main+56)
12-31 16:00:09.671  2697  2697 D ServiceManager: #04 pc 00087e31  /system/lib/libc.so (__libc_init+48)
12-31 16:00:09.671  2697  2697 D ServiceManager: #05 pc 00001487  /vendor/bin/trapezoidTest (_start_main+38)
12-31 16:00:09.671  2697  2697 D ServiceManager: #06 pc 00000306  <anonymous:b6013000>
12-31 16:00:09.687  2677  2677 D libEGL  : loaded /vendor/lib/egl/libGLES_mali.so
12-31 16:00:09.711  2783  2783 D MTK_KL  : 4,2997,9726595,-;[_MTGPMX_EventHandlerTask][166] MI_DISPOUT_PowerOn OK
12-31 16:00:09.771  2697  2697 I ServiceManager: Waiting for vendor service TrapezoidCorrect...
12-31 16:00:09.786  2697  2697 D ServiceManager: #00 pc 000306e9  /system/lib/vndk-28/libbinder.so (android::BpServiceManager::getService(android::String16 const&) const+380)
12-31 16:00:09.786  2697  2697 D ServiceManager: #01 pc 00001b37  /vendor/lib/libtrapezoidClient.so (_ZN7android10getServiceINS_24ITrapezoidCorrectServiceEEEiRKNS_8String16EPNS_2spIT_EE+38)
12-31 16:00:09.786  2697  2697 D ServiceManager: #02 pc 00001ac3  /vendor/lib/libtrapezoidClient.so (android::TrapezoidClient::getTrapezoidService()+46)
12-31 16:00:09.786  2697  2697 D ServiceManager: #03 pc 000014e1  /vendor/bin/trapezoidTest (main+56)
12-31 16:00:09.786  2697  2697 D ServiceManager: #04 pc 00087e31  /system/lib/libc.so (__libc_init+48)
12-31 16:00:09.786  2697  2697 D ServiceManager: #05 pc 00001487  /vendor/bin/trapezoidTest (_start_main+38)
12-31 16:00:09.786  2697  2697 D ServiceManager: #06 pc 00000306  <anonymous:b6013000>
12-31 16:00:09.794  2677  2677 I Zygote  : Preloading shared libraries...
12-31 16:00:09.805  2677  2677 I Zygote  : Uninstalled ICU cache reference pinning...
12-31 16:00:09.806  2677  2677 I Zygote  : Installed AndroidKeyStoreProvider in 1ms.
12-31 16:00:09.827  2677  2677 I Zygote  : Warmed up JCA providers in 21ms.
12-31 16:00:09.827  2677  2677 D Zygote  : end preload
12-31 16:00:09.828  2677  2677 D Zygote32Timing: ZygotePreload took to complete: 1706ms
12-31 16:00:09.828  2677  2677 I zygote  : Waiting for a blocking GC Explicit
12-31 16:00:09.841  2677  2677 I zygote  : WaitForGcToComplete blocked Explicit on None for 12.972ms
12-31 16:00:09.860  2783  2783 D MTK_KL  : 3,2998,9876855,-;[HVD][ERR]MDrv_HVD_EX_GetCodecProfileCapInfo:
12-31 16:00:09.860  2783  2783 D MTK_KL  : 3,2999,9876861,-;GetCodecProfileCapInfo CodecSuportByHashKey fail!! (4 0)
12-31 16:00:09.860  2783  2783 D MTK_KL  : 3,3000,9876865,-;[HVD][ERR]MDrv_HVD_EX_GetCodecProfileCapInfo:
12-31 16:00:09.860  2783  2783 D MTK_KL  : 3,3001,9876868,-;GetCodecProfileCapInfo CodecSuportByHashKey fail!! (5 0)
12-31 16:00:09.861  2783  2783 D MTK_KL  : 3,3002,9876872,-;[HVD][ERR]MDrv_HVD_EX_GetCodecProfileCapInfo:
12-31 16:00:09.861  2783  2783 D MTK_KL  : 3,3003,9876875,-;GetCodecProfileCapInfo CodecSuportByHashKey fail!! (9 0)
12-31 16:00:09.861  2783  2783 D MTK_KL  : 3,3004,9876877,-;[HVD][ERR]MDrv_HVD_EX_GetCodecProfileCapInfo:
12-31 16:00:09.861  2783  2783 D MTK_KL  : 3,3005,9876880,-;GetCodecProfileCapInfo CodecSuportByHashKey fail!! (10 0)
12-31 16:00:09.861  2783  2783 D MTK_KL  : 3,3006,9876886,-;[HVD][ERR]MDrv_HVD_EX_GetCodecProfileCapInfo:
12-31 16:00:09.861  2783  2783 D MTK_KL  : 3,3007,9876888,-;GetCodecProfileCapInfo CodecSuportByHashKey fail!! (15 0)
12-31 16:00:09.861  2783  2783 D MTK_KL  : 3,3008,9876891,-;[HVD][ERR]MDrv_HVD_EX_GetCodecProfileCapInfo:
12-31 16:00:09.861  2783  2783 D MTK_KL  : 3,3009,9876894,-;GetCodecProfileCapInfo CodecSuportByHashKey fail!! (17 0)
12-31 16:00:09.861  2783  2783 D MTK_KL  : 3,3010,9876896,-;[HVD][ERR]MDrv_HVD_EX_GetCodecProfileCapInfo:
12-31 16:00:09.861  2783  2783 D MTK_KL  : 3,3011,9876899,-;GetCodecProfileCapInfo CodecSuportByHashKey fail!! (18 0)
12-31 16:00:09.861  2783  2783 D MTK_KL  : 3,3012,9876901,-;[HVD][ERR]MDrv_HVD_EX_GetCodecProfileCapInfo:
12-31 16:00:09.861  2783  2783 D MTK_KL  : 3,3013,9876904,-;GetCodecProfileCapInfo CodecSuportByHashKey fail!! (19 0)
12-31 16:00:09.861  2783  2783 D MTK_KL  : 3,3014,9876907,-;[HVD][ERR]MDrv_HVD_EX_GetCodecProfileCapInfo:
12-31 16:00:09.861  2783  2783 D MTK_KL  : 3,3015,9876910,-;GetCodecProfileCapInfo CodecSuportByHashKey fail!! (21 0)
12-31 16:00:09.861  2783  2783 D MTK_KL  : 3,3016,9876913,-;[HVD][ERR]MDrv_HVD_EX_GetCodecProfileCapInfo:
12-31 16:00:09.861  2783  2783 D MTK_KL  : 3,3017,9876915,-;GetCodecProfileCapInfo CodecSuportByHashKey fail!! (11 1)
12-31 16:00:09.861  2783  2783 D MTK_KL  : 4,3018,9876923,c;[VDEC]MTGVDEC_ChkCodecCap 4501 0x5139ce i4Ret 0
12-31 16:00:09.861  2783  2783 D MTK_KL  : 4,3019,9876980,+;[VDEC]Set ucEsId 0 no data timeout 16000
12-31 16:00:09.864  2783  2783 D MTK_KL  : 4,3020,9879988,-;e_get_type = TUNER_GET_TYPE_DIG_ATTRIBUTE\x0d
12-31 16:00:09.875  2783  2783 D MTK_KL  : 6,3021,9890469,-;<MI3_INFO><<<mi_disp_NviewGetDmsWinId[1632]DMS win hasn't been created yet!
12-31 16:00:09.875  2783  2783 D MTK_KL  : 6,3022,9890484,-;<MI3_INFO><<<mi_disp_NviewGetDmsWinId[1632]DMS win hasn't been created yet!
12-31 16:00:09.875  2783  2783 D MTK_KL  : 6,3023,9890495,-;<MI3_INFO><<<mi_disp_NviewGetDmsWinId[1632]DMS win hasn't been created yet!
12-31 16:00:09.875  2783  2783 D MTK_KL  : 4,3024,9890505,-;[MI][_MI_DISP_ApplySetting][7355]: First flip not ready, set window and laod PQ later.
12-31 16:00:09.876  2677  2677 I zygote  : Explicit concurrent copying GC freed 5332(260KB) AllocSpace objects, 0(0B) LOS objects, 24% free, 2MB/2MB, paused 58us total 35.510ms
12-31 16:00:09.886  2697  2697 W ServiceManager: Service TrapezoidCorrect didn't start. Returning NULL
12-31 16:00:09.886  2697  2697 E         : Can not getTrapezoidService!!!!
12-31 16:00:09.886  2697  2697 E         : Trapezoid:: getTrapezoidService fail!
12-31 16:00:09.888  2783  2783 D MTK_KL  : 14,3025,9905827,-;init: Service 'trapezoidTest' (pid 2697) exited with status 255
12-31 16:00:09.900  2783  2783 D MTK_KL  : 4,3026,9914693,-;[MI][_MTGVDO_OutputRectChangeCheck][7283]:Output rect{0, 0, 0, 0}. Panel{0, 0, 1920, 1080}
12-31 16:00:09.910  2677  2677 I zygote  : Explicit concurrent copying GC freed 5(32KB) AllocSpace objects, 0(0B) LOS objects, 24% free, 2MB/2MB, paused 55us total 33.724ms
12-31 16:00:09.911  2677  2677 D Zygote32Timing: PostZygoteInitGC took to complete: 83ms
12-31 16:00:09.911  2677  2677 D Zygote32Timing: ZygoteInit took to complete: 1790ms
12-31 16:00:10.012  2677  2677 I Zygote  : System server process 3202 has been created
12-31 16:00:10.013  2677  2677 I Zygote  : Accepting command socket connections
12-31 16:00:10.045  3202  3202 I system_server: The ClassLoaderContext is a special shared library.
12-31 16:00:10.063  3202  3202 I chatty  : uid=1000 system_server identical 2 lines
12-31 16:00:10.066  3202  3202 I system_server: The ClassLoaderContext is a special shared library.
12-31 16:00:10.087  3202  3202 I SystemServer: InitBeforeStartServices
12-31 16:00:10.090  3202  3202 I SystemServer: Entered the Android system server!
12-31 16:00:10.200  2783  2783 D MTK_KL  : 4,3027,10214634,-;e_get_type = TUNER_GET_TYPE_DIG_ATTRIBUTE\x0d
12-31 16:00:10.200  2783  2783 D MTK_KL  : 4,3028,10215508,-;e_get_type = TUNER_GET_TYPE_DIG_ATTRIBUTE\x0d
12-31 16:00:10.201  2783  2783 D MTK_KL  : 4,3029,10216033,-;e_get_type = TUNER_GET_TYPE_DIG_ATTRIBUTE\x0d
12-31 16:00:10.201  2783  2783 D MTK_KL  : 4,3030,10216729,-;[SGLUE_AUD][INFO][MTGADEC_MTAUD_AudSet][15448]: set AC4 Lang: eng
12-31 16:00:10.201  2783  2783 D MTK_KL  : 4,3031,10216735,-;[SGLUE_AUD][INFO][GlueSetAc4Lang][13745]: u1DecId = 0, Lang = eng
12-31 16:00:10.244  2783  2783 D MTK_KL  : 4,3032,10260699,-;[MTPMX][_MI_Dispout_GetPanelConfig][503]parser panel name: /vendor/tvconfig/config/panel/PNL_CUSTOMER_DEFAULT.ini.
12-31 16:00:10.268  2783  2783 D MTK_KL  : 4,3033,10284587,-;[MTPMX][_MI_Dispout_GetPanelConfig][527]parser panel parameters panel:m_wPanelWidth,1920.
12-31 16:00:10.269  2783  2783 D MTK_KL  : 4,3034,10285026,-;Get panel width value : 1920.
12-31 16:00:10.291  3202  3202 E UsbAlsaJackDetectorJNI: Can't register UsbAlsaJackDetector native methods
12-31 16:00:10.301  3202  3202 D SystemServerTiming: InitBeforeStartServices took to complete: 214ms
12-31 16:00:10.301  3202  3202 I SystemServer: StartServices
12-31 16:00:10.301  3202  3202 I SystemServer: Reading configuration...
12-31 16:00:10.301  3202  3202 I SystemServer: ReadingSystemConfig
12-31 16:00:10.303  3202  3202 D SystemServerTiming: ReadingSystemConfig took to complete: 1ms
12-31 16:00:10.303  3202  3202 I SystemServer: StartInstaller
12-31 16:00:10.303  3202  3202 I SystemServiceManager: Starting com.android.server.pm.Installer
12-31 16:00:10.303  3202  3217 D SystemServerInitThreadPool: Started executing ReadingSystemConfig
12-31 16:00:10.306  2774  2813 D installd: Found quota mount /dev/block/platform/mstar_mci.0/by-name/userdata at /data
12-31 16:00:10.306  3202  3202 D SystemServerTiming: StartInstaller took to complete: 3ms
12-31 16:00:10.306  3202  3202 I SystemServer: DeviceIdentifiersPolicyService
12-31 16:00:10.306  3202  3202 I SystemServiceManager: Starting com.android.server.os.DeviceIdentifiersPolicyService
12-31 16:00:10.307  3202  3202 D SystemServerTiming: DeviceIdentifiersPolicyService took to complete: 1ms
12-31 16:00:10.307  3202  3202 I SystemServer: StartActivityManager
12-31 16:00:10.307  3202  3202 I SystemServiceManager: Starting com.android.server.am.ActivityManagerService$Lifecycle
12-31 16:00:10.312  2783  2783 D MTK_KL  : 4,3035,10328188,-;[MTPMX][_MI_Dispout_GetPanelConfig][503]parser panel name: /vendor/tvconfig/config/panel/PNL_CUSTOMER_DEFAULT.ini.
12-31 16:00:10.364  3202  3217 D SystemServerInitThreadPool: Finished executing ReadingSystemConfig
12-31 16:00:10.517  2781  2953 I ServiceManager: Waiting for service package_native...
12-31 16:00:10.520  2783  2783 D MTK_KL  : 4,3036,10534730,-;[MTPMX][_MI_Dispout_GetPanelConfig][527]parser panel parameters panel:m_wPanelHeight,1080.
12-31 16:00:10.520  2783  2783 D MTK_KL  : 4,3037,10535234,-;Get panel height value : 1080.
12-31 16:00:10.530  3202  3202 I ActivityManager: Memory class: 128
12-31 16:00:10.544  3202  3202 D BatteryStatsImpl: Reading daily items from /data/system/batterystats-daily.xml
12-31 16:00:10.550  3202  3225 E BluetoothAdapter: Bluetooth binder is null
12-31 16:00:10.553  3202  3225 E BatteryExternalStatsWorker: no controller energy info supplied for telephony
12-31 16:00:10.554  3202  3225 I KernelUidCpuFreqTimeReader: mPerClusterTimesAvailable=false
12-31 16:00:10.560  2783  2783 D MTK_KL  : 4,3038,10577988,-;[MTPMX][_MI_Dispout_GetPanelConfig][503]parser panel name: /vendor/tvconfig/config/panel/PNL_CUSTOMER_DEFAULT.ini.
12-31 16:00:10.570  3202  3225 W KernelCpuProcReader: File not exist: /proc/uid_cpupower/time_in_state
12-31 16:00:10.570  3202  3225 W KernelCpuProcReader: File not exist: /proc/uid_cpupower/concurrent_active_time
12-31 16:00:10.571  3202  3225 W KernelCpuProcReader: File not exist: /proc/uid_cpupower/concurrent_policy_time
12-31 16:00:10.571  3202  3225 E KernelCpuSpeedReader: Failed to read cpu-freq: /sys/devices/system/cpu/cpu0/cpufreq/stats/time_in_state (No such file or directory)
12-31 16:00:10.574  3202  3225 I PowerManagerService-JNI: Loaded power HAL 1.0 service
12-31 16:00:10.575  2720  2720 D PowerHAL: (power_get_number_of_platform_modes: enter)
12-31 16:00:10.575  2720  2720 D PowerHAL: (power_get_voter_list: enter)
12-31 16:00:10.575  2720  2720 D PowerHAL: (power_get_platform_low_power_stats: enter)
12-31 16:00:10.589  2783  2783 D MTK_KL  : 4,3039,10598545,-;[MTPMX][_MI_Dispout_GetPanelConfig][527]parser panel parameters panel:m_dwPanelDCLK,150.
12-31 16:00:10.589  2783  2783 D MTK_KL  : 4,3040,10600562,-;Get panel DClk value : 150.
12-31 16:00:10.624  2783  2783 D MTK_KL  : 4,3041,10642184,-;[MTPMX][_MI_Dispout_GetPanelConfig][503]parser panel name: /vendor/tvconfig/config/panel/PNL_CUSTOMER_DEFAULT.ini.
12-31 16:00:10.644  2783  2783 D MTK_KL  : 4,3042,10659185,-;[MTPMX][_MI_Dispout_GetPanelConfig][527]parser panel parameters panel:m_dwPanelMaxDCLK,164.
12-31 16:00:10.684  2783  2783 D MTK_KL  : 4,3043,10700602,-;[MTPMX][_MI_Dispout_GetPanelConfig][503]parser panel name: /vendor/tvconfig/config/panel/PNL_CUSTOMER_DEFAULT.ini.
12-31 16:00:10.687  3202  3202 W AppOps  : Unknown attribute in 'op' tag: n
12-31 16:00:10.697  3202  3202 I chatty  : uid=1000 system_server identical 83 lines
12-31 16:00:10.697  3202  3202 W AppOps  : Unknown attribute in 'op' tag: n
12-31 16:00:10.701  2783  2783 D MTK_KL  : 4,3044,10717920,-;[MTPMX][_MI_Dispout_GetPanelConfig][527]parser panel parameters panel:m_wPanelMaxHTotal,2360.
12-31 16:00:10.704  3202  3202 I ActivityManager: packages xml empty
12-31 16:00:10.706  3202  3202 I IntentFirewall: Read new rules (A:0 B:0 S:0)
12-31 16:00:10.709  3202  3202 D ActivityManager: ############first:/system/etc/factory_app_list.inifile exists...
12-31 16:00:10.710  3202  3202 D ActivityManager: /system/etc/factory_app_list.ini: #####line = com.cvte.factory.at
12-31 16:00:10.710  3202  3202 D ActivityManager: /system/etc/factory_app_list.ini: #####line = com.cvte.factory.service
12-31 16:00:10.710  3202  3202 D ActivityManager: /system/etc/factory_app_list.ini: #####line = com.cvte.tv.tools
12-31 16:00:10.710  3202  3202 D ActivityManager: /system/etc/factory_app_list.ini: #####line = com.cvte.fac.menu
12-31 16:00:10.710  3202  3202 D ActivityManager: /system/etc/factory_app_list.ini: #####line = com.scch.factory.at
12-31 16:00:10.710  3202  3202 D ActivityManager: /system/etc/factory_app_list.ini: #####line = com.panda.factory.at
12-31 16:00:10.710  3202  3202 D ActivityManager: /system/etc/factory_app_list.ini: ########size==== 6
12-31 16:00:10.711  3202  3202 D TestIniFileReader: read ini file ,sectionName is startup
12-31 16:00:10.712  3202  3202 D TestIniFileReader: read ini file ,sectionName is cache
12-31 16:00:10.713  3202  3202 D TestIniFileReader: read ini file ,sectionName is persistent
12-31 16:00:10.714  3202  3202 D TestIniFileReader: read ini file ,sectionName is keeplive
12-31 16:00:10.715  3202  3202 D TestIniFileReader: read ini file ,sectionName is showucfunnelad
12-31 16:00:10.725  3202  3202 W libprocessgroup: Failed to remove /acct/uid_1040/pid_2777: Device or resource busy
12-31 16:00:10.725  3202  3202 W libprocessgroup: Failed to remove /acct/uid_1040: Permission denied
12-31 16:00:10.725  3202  3202 W libprocessgroup: Failed to remove /acct/uid_1002/pid_2703: Device or resource busy
12-31 16:00:10.725  3202  3202 W libprocessgroup: Failed to remove /acct/uid_1002: Permission denied
12-31 16:00:10.726  3202  3202 W libprocessgroup: Failed to remove /acct/uid_1010/pid_2764: Device or resource busy
12-31 16:00:10.726  3202  3202 W libprocessgroup: Failed to remove /acct/uid_1010/pid_2716: Device or resource busy
12-31 16:00:10.726  3202  3202 W libprocessgroup: Failed to remove /acct/uid_1010: Permission denied
12-31 16:00:10.726  3202  3202 W libprocessgroup: Failed to remove /acct/uid_1067/pid_2773: Device or resource busy
12-31 16:00:10.726  3202  3202 W libprocessgroup: Failed to remove /acct/uid_1067: Permission denied
12-31 16:00:10.726  3202  3202 W libprocessgroup: Failed to remove /acct/uid_1000/pid_2351: Device or resource busy
12-31 16:00:10.726  3202  3202 W libprocessgroup: Failed to remove /acct/uid_1000/pid_2738: Device or resource busy
12-31 16:00:10.726  3202  3202 W libprocessgroup: Failed to remove /acct/uid_1000/pid_2728: Device or resource busy
12-31 16:00:10.726  3202  3202 W libprocessgroup: Failed to remove /acct/uid_1000/pid_2726: Device or resource busy
12-31 16:00:10.726  3202  3202 W libprocessgroup: Failed to remove /acct/uid_1000/pid_2706: Device or resource busy
12-31 16:00:10.726  3202  3202 W libprocessgroup: Failed to remove /acct/uid_1000/pid_2734: Device or resource busy
12-31 16:00:10.727  3202  3202 W libprocessgroup: Failed to remove /acct/uid_1000/pid_2724: Device or resource busy
12-31 16:00:10.727  3202  3202 W libprocessgroup: Failed to remove /acct/uid_1000/pid_2714: Device or resource busy
12-31 16:00:10.727  3202  3202 W libprocessgroup: Failed to remove /acct/uid_1000/pid_2563: Device or resource busy
12-31 16:00:10.727  3202  3202 W libprocessgroup: Failed to remove /acct/uid_1000/pid_2722: Device or resource busy
12-31 16:00:10.727  3202  3202 W libprocessgroup: Failed to remove /acct/uid_1000/pid_2712: Device or resource busy
12-31 16:00:10.727  3202  3202 W libprocessgroup: Failed to remove /acct/uid_1000/pid_2787: Device or resource busy
12-31 16:00:10.727  3202  3202 W libprocessgroup: Failed to remove /acct/uid_1000/pid_2720: Device or resource busy
12-31 16:00:10.727  3202  3202 W libprocessgroup: Failed to remove /acct/uid_1000/pid_2710: Device or resource busy
12-31 16:00:10.727  3202  3202 W libprocessgroup: Failed to remove /acct/uid_1000/pid_2352: Device or resource busy
12-31 16:00:10.727  3202  3202 W libprocessgroup: Failed to remove /acct/uid_1000/pid_2729: Device or resource busy
12-31 16:00:10.727  3202  3202 W libprocessgroup: Failed to remove /acct/uid_1000/pid_2719: Device or resource busy
12-31 16:00:10.727  3202  3202 W libprocessgroup: Failed to remove /acct/uid_1000/pid_2350: Device or resource busy
12-31 16:00:10.727  3202  3202 W libprocessgroup: Failed to remove /acct/uid_1000/pid_2727: Device or resource busy
12-31 16:00:10.727  3202  3202 W libprocessgroup: Failed to remove /acct/uid_1000/pid_2349: Device or resource busy
12-31 16:00:10.727  3202  3202 W libprocessgroup: Failed to remove /acct/uid_1000/pid_2735: Device or resource busy
12-31 16:00:10.727  3202  3202 W libprocessgroup: Failed to remove /acct/uid_1000/pid_2725: Device or resource busy
12-31 16:00:10.727  3202  3202 W libprocessgroup: Failed to remove /acct/uid_1000/pid_2715: Device or resource busy
12-31 16:00:10.727  3202  3202 W libprocessgroup: Failed to remove /acct/uid_1000/pid_2723: Device or resource busy
12-31 16:00:10.728  3202  3202 W libprocessgroup: Failed to remove /acct/uid_1000/pid_2713: Device or resource busy
12-31 16:00:10.728  3202  3202 W libprocessgroup: Failed to remove /acct/uid_1000/pid_2721: Device or resource busy
12-31 16:00:10.728  3202  3202 W libprocessgroup: Failed to remove /acct/uid_1000/pid_2711: Device or resource busy
12-31 16:00:10.728  3202  3202 W libprocessgroup: Failed to remove /acct/uid_1000/pid_2701: Device or resource busy
12-31 16:00:10.728  3202  3202 W libprocessgroup: Failed to remove /acct/uid_1000: Permission denied
12-31 16:00:10.728  3202  3202 W libprocessgroup: Failed to remove /acct/uid_1019/pid_2772: Device or resource busy
12-31 16:00:10.728  3202  3202 W libprocessgroup: Failed to remove /acct/uid_1019: Permission denied
12-31 16:00:10.728  3202  3202 W libprocessgroup: Failed to remove /acct/uid_1047/pid_2704: Device or resource busy
12-31 16:00:10.728  3202  3202 W libprocessgroup: Failed to remove /acct/uid_1047/pid_2702: Device or resource busy
12-31 16:00:10.728  3202  3202 W libprocessgroup: Failed to remove /acct/uid_1047: Permission denied
12-31 16:00:10.728  3202  3202 W libprocessgroup: Failed to remove /acct/uid_1017/pid_2775: Device or resource busy
12-31 16:00:10.728  3202  3202 W libprocessgroup: Failed to remove /acct/uid_1017: Permission denied
12-31 16:00:10.728  3202  3202 W libprocessgroup: Failed to remove /acct/uid_1013/pid_2776: Device or resource busy
12-31 16:00:10.728  3202  3202 W libprocessgroup: Failed to remove /acct/uid_1013/pid_2708: Device or resource busy
12-31 16:00:10.728  3202  3202 W libprocessgroup: Failed to remove /acct/uid_1013/pid_2779: Device or resource busy
12-31 16:00:10.728  3202  3202 W libprocessgroup: Failed to remove /acct/uid_1013/pid_2709: Device or resource busy
12-31 16:00:10.728  3202  3202 W libprocessgroup: Failed to remove /acct/uid_1013/pid_2707: Device or resource busy
12-31 16:00:10.729  3202  3202 W libprocessgroup: Failed to remove /acct/uid_1013/pid_2705: Device or resource busy
12-31 16:00:10.729  3202  3202 W libprocessgroup: Failed to remove /acct/uid_1013/pid_2778: Device or resource busy
12-31 16:00:10.729  3202  3202 W libprocessgroup: Failed to remove /acct/uid_1013: Permission denied
12-31 16:00:10.729  3202  3202 W libprocessgroup: Failed to remove /acct/uid_1041/pid_2718: Device or resource busy
12-31 16:00:10.729  3202  3202 W libprocessgroup: Failed to remove /acct/uid_1041/pid_2732: Device or resource busy
12-31 16:00:10.729  3202  3202 W libprocessgroup: Failed to remove /acct/uid_1041: Permission denied
12-31 16:00:10.729  3202  3202 W libprocessgroup: Failed to remove /acct/uid_1003: Permission denied
12-31 16:00:10.729  3202  3202 W libprocessgroup: Failed to remove /acct/uid_1058/pid_2789: Device or resource busy
12-31 16:00:10.729  3202  3202 W libprocessgroup: Failed to remove /acct/uid_1058: Permission denied
12-31 16:00:10.729  3202  3202 W libprocessgroup: Failed to remove /acct/uid_1066/pid_2780: Device or resource busy
12-31 16:00:10.729  3202  3202 W libprocessgroup: Failed to remove /acct/uid_1066: Permission denied
12-31 16:00:10.729  3202  3202 W libprocessgroup: Failed to remove /acct/uid_1046/pid_2782: Device or resource busy
12-31 16:00:10.729  3202  3202 W libprocessgroup: Failed to remove /acct/uid_1046: Permission denied
12-31 16:00:10.729  3202  3202 W libprocessgroup: Failed to remove /acct/uid_1036/pid_2561: Device or resource busy
12-31 16:00:10.729  3202  3202 W libprocessgroup: Failed to remove /acct/uid_1036: Permission denied
12-31 16:00:10.730  3202  3202 W libprocessgroup: Failed to remove /acct/uid_2000/pid_2347: Device or resource busy
12-31 16:00:10.730  3202  3202 W libprocessgroup: Failed to remove /acct/uid_2000: Permission denied
12-31 16:00:10.730  3202  3202 W libprocessgroup: Failed to remove /acct/uid_0/pid_2786: Device or resource busy
12-31 16:00:10.730  3202  3202 W libprocessgroup: Failed to remove /acct/uid_0/pid_2766: Device or resource busy
12-31 16:00:10.730  3202  3202 W libprocessgroup: Failed to remove /acct/uid_0/pid_2784: Device or resource busy
12-31 16:00:10.730  3202  3202 W libprocessgroup: Failed to remove /acct/uid_0/pid_2774: Device or resource busy
12-31 16:00:10.730  3202  3202 W libprocessgroup: Failed to remove /acct/uid_0/pid_2736: Device or resource busy
12-31 16:00:10.730  3202  3202 W libprocessgroup: Failed to remove /acct/uid_0/pid_2348: Device or resource busy
12-31 16:00:10.730  3202  3202 W libprocessgroup: Failed to remove /acct/uid_0/pid_2678: Device or resource busy
12-31 16:00:10.730  3202  3202 W libprocessgroup: Failed to remove /acct/uid_0/pid_2770: Device or resource busy
12-31 16:00:10.730  3202  3202 W libprocessgroup: Failed to remove /acct/uid_0/pid_2730: Device or resource busy
12-31 16:00:10.730  3202  3202 W libprocessgroup: Failed to remove /acct/uid_0/pid_2485: Device or resource busy
12-31 16:00:10.730  3202  3202 W libprocessgroup: Failed to remove /acct/uid_0/pid_1595: Device or resource busy
12-31 16:00:10.730  3202  3202 W libprocessgroup: Failed to remove /acct/uid_0/pid_2737: Device or resource busy
12-31 16:00:10.731  3202  3202 W libprocessgroup: Failed to remove /acct/uid_0/pid_2783: Device or resource busy
12-31 16:00:10.731  3202  3202 W libprocessgroup: Failed to remove /acct/uid_0/pid_2781: Device or resource busy
12-31 16:00:10.731  3202  3202 W libprocessgroup: Failed to remove /acct/uid_0/pid_2564: Device or resource busy
12-31 16:00:10.731  3202  3202 W libprocessgroup: Failed to remove /acct/uid_0/pid_2771: Device or resource busy
12-31 16:00:10.731  3202  3202 W libprocessgroup: Failed to remove /acct/uid_0/pid_2733: Device or resource busy
12-31 16:00:10.731  3202  3202 W libprocessgroup: Failed to remove /acct/uid_0/pid_2677: Device or resource busy
12-31 16:00:10.731  3202  3202 W libprocessgroup: Failed to remove /acct/uid_0/pid_2788: Device or resource busy
12-31 16:00:10.733  3202  3202 W libprocessgroup: Failed to remove /acct/uid_0/pid_2353: Device or resource busy
12-31 16:00:10.733  3202  3202 W libprocessgroup: Failed to remove /acct/uid_0/pid_2768: Device or resource busy
12-31 16:00:10.733  3202  3202 W libprocessgroup: Failed to remove /acct/uid_0: Permission denied
12-31 16:00:10.734  3202  3202 D AppOps  : AppOpsService published
12-31 16:00:10.736  3202  3202 D SystemServerTiming: StartActivityManager took to complete: 429ms
12-31 16:00:10.736  3202  3202 I SystemServer: StartPowerManager
12-31 16:00:10.736  3202  3202 I SystemServiceManager: Starting com.android.server.power.PowerManagerService
12-31 16:00:10.753  2783  2783 D MTK_KL  : 4,3045,10770205,-;[MTPMX][_MI_Dispout_GetPanelConfig][503]parser panel name: /vendor/tvconfig/config/panel/PNL_CUSTOMER_DEFAULT.ini.
12-31 16:00:10.759  3202  3210 W System  : A resource was acquired at attached stack trace but never released. See java.io.Closeable for information on avoiding resource leaks.
12-31 16:00:10.765  3202  3210 W System  : java.lang.Throwable: Explicit termination method 'close' not called
12-31 16:00:10.765  3202  3210 W System  : 	at dalvik.system.CloseGuard.open(CloseGuard.java:221)
12-31 16:00:10.765  3202  3210 W System  : 	at java.io.FileInputStream.<init>(FileInputStream.java:168)
12-31 16:00:10.765  3202  3210 W System  : 	at com.android.server.am.CompatModePackages.parsePackagesList(CompatModePackages.java:487)
12-31 16:00:10.765  3202  3210 W System  : 	at com.android.server.am.CompatModePackages.<init>(CompatModePackages.java:158)
12-31 16:00:10.765  3202  3210 W System  : 	at com.android.server.am.ActivityManagerService.<init>(ActivityManagerService.java:3203)
12-31 16:00:10.765  3202  3210 W System  : 	at com.android.server.am.ActivityManagerService$Lifecycle.<init>(ActivityManagerService.java:2954)
12-31 16:00:10.765  3202  3210 W System  : 	at java.lang.reflect.Constructor.newInstance0(Native Method)
12-31 16:00:10.765  3202  3210 W System  : 	at java.lang.reflect.Constructor.newInstance(Constructor.java:343)
12-31 16:00:10.765  3202  3210 W System  : 	at com.android.server.SystemServiceManager.startService(SystemServiceManager.java:98)
12-31 16:00:10.765  3202  3210 W System  : 	at com.android.server.SystemServer.startBootstrapServices(SystemServer.java:566)
12-31 16:00:10.765  3202  3210 W System  : 	at com.android.server.SystemServer.run(SystemServer.java:436)
12-31 16:00:10.765  3202  3210 W System  : 	at com.android.server.SystemServer.main(SystemServer.java:296)
12-31 16:00:10.765  3202  3210 W System  : 	at java.lang.reflect.Method.invoke(Native Method)
12-31 16:00:10.765  3202  3210 W System  : 	at com.android.internal.os.RuntimeInit$MethodAndArgsCaller.run(RuntimeInit.java:493)
12-31 16:00:10.765  3202  3210 W System  : 	at com.android.internal.os.ZygoteInit.main(ZygoteInit.java:846)
12-31 16:00:10.772  2783  2783 D MTK_KL  : 4,3046,10787332,-;[MTPMX][_MI_Dispout_GetPanelConfig][527]parser panel parameters panel:m_wPanelMaxVTotal,1200.
12-31 16:00:10.772  2783  2783 D MTK_KL  : 4,3047,10787814,-;Get panel MaxDClk : 164, MaxHTotal : 2360, MaxVTotl : 1200.
12-31 16:00:10.772  2783  2783 D MTK_KL  : 4,3048,10787817,-;Get panel VClkMax value : 57.
12-31 16:00:10.777  2720  2720 D PowerHAL: E_MI_VOC_ATTR_TYPE_NOTIFY_POWER_STATE 1..
12-31 16:00:10.777  2720  2720 D PowerHAL: write off to /sys/power/autosleep
12-31 16:00:10.777  3202  3202 D PowerManagerService-JNI: Excessive delay in setInteractive(true) while turning screen on
12-31 16:00:10.778  3202  3202 D SystemServerTiming: StartPowerManager took to complete: 42ms
12-31 16:00:10.778  3202  3202 I SystemServer: InitPowerManagement
12-31 16:00:10.781  3202  3202 D SystemServerTiming: InitPowerManagement took to complete: 2ms
12-31 16:00:10.781  3202  3202 I SystemServer: StartRecoverySystemService
12-31 16:00:10.781  3202  3202 I SystemServiceManager: Starting com.android.server.RecoverySystemService
12-31 16:00:10.782  3202  3202 D SystemServerTiming: StartRecoverySystemService took to complete: 1ms
12-31 16:00:10.782  3202  3202 I SystemServer: StartLightsService
12-31 16:00:10.783  3202  3202 I SystemServiceManager: Starting com.android.server.lights.LightsService
12-31 16:00:10.785  3202  3202 D SystemServerTiming: StartLightsService took to complete: 2ms
12-31 16:00:10.785  3202  3202 I SystemServer: StartSidekickService
12-31 16:00:10.785  3202  3202 D SystemServerTiming: StartSidekickService took to complete: 0ms
12-31 16:00:10.785  3202  3202 I SystemServer: StartDisplayManager
12-31 16:00:10.785  3202  3202 I SystemServiceManager: Starting com.android.server.display.DisplayManagerService
12-31 16:00:10.794  3202  3202 D SystemServerTiming: StartDisplayManager took to complete: 9ms
12-31 16:00:10.794  3202  3202 I SystemServer: WaitForDisplay
12-31 16:00:10.794  3202  3202 I SystemServiceManager: Starting phase 100
12-31 16:00:10.804  3202  3230 I DisplayManagerService: Display device added: DisplayDeviceInfo{"Built-in Screen": uniqueId="local:0", 1920 x 1080, modeId 1, defaultModeId 1, supportedModes [{id=1, width=1920, height=1080, fps=60.000004}], colorMode 0, supportedColorModes [0], HdrCapabilities android.view.Display$HdrCapabilities@413e3a39, density 240, 77.0 x 77.0 dpi, appVsyncOff 2000000, presDeadline 11666666, touch INTERNAL, rotation 0, type BUILT_IN, state UNKNOWN, FLAG_DEFAULT_DISPLAY, FLAG_ROTATES_WITH_CONTENT, FLAG_SECURE, FLAG_SUPPORTS_PROTECTED_BUFFERS}
12-31 16:00:10.805  2734  2734 D SurfaceFlinger: Set power mode=2, type=0 flinger=0xb0e32000
12-31 16:00:10.808  2719  2719 D LightsHAL: [STR check point]: enableBacklight
12-31 16:00:10.809  2719  2719 D LightsHAL: E_MI_VOC_ATTR_TYPE_CURRECT_STATE 8..
12-31 16:00:10.810  3202  3230 I DisplayManagerService: Display device changed state: "Built-in Screen", ON
12-31 16:00:10.810  3202  3202 D SystemServerTiming: WaitForDisplay took to complete: 17ms
12-31 16:00:10.811  3202  3202 I SystemServer: StartPackageManagerService
12-31 16:00:10.812  2783  2783 D MTK_KL  : 9,3049,10795018,-;[AT][AN][DC finish boot]\x0a: 
12-31 16:00:10.812  2783  2783 D MTK_KL  : 7,3050,10826998,-;\x1b[35mFunction = CMA_Pool_ioctl, Line = 3193, copy_from_user: 40 bytes, cmd is 0xC0285005\x1b[m
12-31 16:00:10.812  2783  2783 D MTK_KL  : 3,3051,10827374,-;<MI3_ERR>_MI_DISPOUT_PanelPowerOnOff[6105]: DEVICE_PANEL _MI_DISPOUT_PanelPowerOnOff[6105]  Panel Driver STR resume Done 
12-31 16:00:10.812  2783  2783 D MTK_KL  : 4,3052,10829885,-;[MTPMX][_MI_Dispout_GetPanelConfig][503]parser panel name: /vendor/tvconfig/config/panel/PNL_CUSTOMER_DEFAULT.ini.
12-31 16:00:10.824  3202  3202 D TestIniFileReader: read ini file ,sectionName is permission
12-31 16:00:10.832  2783  2783 D MTK_KL  : 4,3053,10846944,-;[MTPMX][_MI_Dispout_GetPanelConfig][527]parser panel parameters panel:m_dwPanelMinDCLK,120.
12-31 16:00:10.835  3202  3202 D SELinuxMMAC: Using policy file /system/etc/selinux/plat_mac_permissions.xml
12-31 16:00:10.839  3202  3202 D SELinuxMMAC: Using policy file /vendor/etc/selinux/vendor_mac_permissions.xml
12-31 16:00:10.841  3202  3202 D FallbackCategoryProvider: Found 1 fallback categories
12-31 16:00:10.872  2783  2783 D MTK_KL  : 4,3054,10889695,-;[MTPMX][_MI_Dispout_GetPanelConfig][503]parser panel name: /vendor/tvconfig/config/panel/PNL_CUSTOMER_DEFAULT.ini.
12-31 16:00:10.892  2783  2783 D MTK_KL  : 4,3055,10906914,-;[MTPMX][_MI_Dispout_GetPanelConfig][527]parser panel parameters panel:m_wPanelMinHTotal,2020.
12-31 16:00:10.932  2783  2783 D MTK_KL  : 4,3056,10948185,-;[MTPMX][_MI_Dispout_GetPanelConfig][503]parser panel name: /vendor/tvconfig/config/panel/PNL_CUSTOMER_DEFAULT.ini.
12-31 16:00:10.948  2783  2783 D MTK_KL  : 4,3057,10964950,-;[MTPMX][_MI_Dispout_GetPanelConfig][527]parser panel parameters panel:m_wPanelMinVTotal,1090.
12-31 16:00:10.948  2783  2783 D MTK_KL  : 4,3058,10965430,-;Get panel MinDClk : 120, MinHTotal : 2020, MinVTotl : 1090.
12-31 16:00:10.948  2783  2783 D MTK_KL  : 4,3059,10965433,-;Get panel VClkMin value : 54.
12-31 16:00:10.948  2783  2783 D MTK_KL  : 6,3060,10965806,-;<MI3_INFO><<<MI_DISP_SetPictureParam[28840]
12-31 16:00:10.952  2783  2783 D MTK_KL  : 3,3061,10967529,-;[HVD][ERR]MDrv_HVD_EX_GetCodecProfileCapInfo:
12-31 16:00:10.952  2783  2783 D MTK_KL  : 3,3062,10967535,-;GetCodecProfileCapInfo CodecSuportByHashKey fail!! (4 0)
12-31 16:00:10.952  2783  2783 D MTK_KL  : 3,3063,10967539,-;[HVD][ERR]MDrv_HVD_EX_GetCodecProfileCapInfo:
12-31 16:00:10.952  2783  2783 D MTK_KL  : 3,3064,10967541,-;GetCodecProfileCapInfo CodecSuportByHashKey fail!! (5 0)
12-31 16:00:10.952  2783  2783 D MTK_KL  : 3,3065,10967546,-;[HVD][ERR]MDrv_HVD_EX_GetCodecProfileCapInfo:
12-31 16:00:10.953  2783  2783 D MTK_KL  : 3,3066,10967548,-;GetCodecProfileCapInfo CodecSuportByHashKey fail!! (9 0)
12-31 16:00:10.953  2783  2783 D MTK_KL  : 3,3067,10967550,-;[HVD][ERR]MDrv_HVD_EX_GetCodecProfileCapInfo:
12-31 16:00:10.953  2783  2783 D MTK_KL  : 3,3068,10967553,-;GetCodecProfileCapInfo CodecSuportByHashKey fail!! (10 0)
12-31 16:00:10.953  2783  2783 D MTK_KL  : 3,3069,10967558,-;[HVD][ERR]MDrv_HVD_EX_GetCodecProfileCapInfo:
12-31 16:00:10.953  2783  2783 D MTK_KL  : 3,3070,10967561,-;GetCodecProfileCapInfo CodecSuportByHashKey fail!! (15 0)
12-31 16:00:10.953  2783  2783 D MTK_KL  : 3,3071,10967564,-;[HVD][ERR]MDrv_HVD_EX_GetCodecProfileCapInfo:
12-31 16:00:10.953  2783  2783 D MTK_KL  : 3,3072,10967566,-;GetCodecProfileCapInfo CodecSuportByHashKey fail!! (17 0)
12-31 16:00:10.953  2783  2783 D MTK_KL  : 3,3073,10967569,-;[HVD][ERR]MDrv_HVD_EX_GetCodecProfileCapInfo:
12-31 16:00:10.953  2783  2783 D MTK_KL  : 3,3074,10967571,-;GetCodecProfileCapInfo CodecSuportByHashKey fail!! (18 0)
12-31 16:00:10.953  2783  2783 D MTK_KL  : 3,3075,10967573,-;[HVD][ERR]MDrv_HVD_EX_GetCodecProfileCapInfo:
12-31 16:00:10.953  2783  2783 D MTK_KL  : 3,3076,10967576,-;GetCodecProfileCapInfo CodecSuportByHashKey fail!! (19 0)
12-31 16:00:10.953  2783  2783 D MTK_KL  : 3,3077,10967579,-;[HVD][ERR]MDrv_HVD_EX_GetCodecProfileCapInfo:
12-31 16:00:10.953  2783  2783 D MTK_KL  : 3,3078,10967581,-;GetCodecProfileCapInfo CodecSuportByHashKey fail!! (21 0)
12-31 16:00:10.953  2783  2783 D MTK_KL  : 3,3079,10967584,-;[HVD][ERR]MDrv_HVD_EX_GetCodecProfileCapInfo:
12-31 16:00:10.953  2783  2783 D MTK_KL  : 3,3080,10967587,-;GetCodecProfileCapInfo CodecSuportByHashKey fail!! (11 1)
12-31 16:00:10.953  2783  2783 D MTK_KL  : 4,3081,10967594,c;[VDEC]MTGVDEC_ChkCodecCap 4501 0x5139ce i4Ret 0
12-31 16:00:10.953  2783  2783 D MTK_KL  : 4,3082,10967653,+;[VDEC]Set ucEsId 0 no data timeout 16000
12-31 16:00:10.996  2783  2783 D MTK_KL  : 3,3083,11013233,-;<MI3_ERR>_MI_KER_ReadWriteFile[1538]: Open file fail:/application/mi_env_data_backup.dat
12-31 16:00:10.996  2783  2783 D MTK_KL  : 3,3084,11013239,-;<MI3_ERR>_MI_KER_Emmc_StoreEnv[2237]: Backup file is damaged
12-31 16:00:10.996  2783  2783 D MTK_KL  : 3,3085,11013277,-;<MI3_ERR>_MI_FLASH_Close[4828]: Module handle still used
12-31 16:00:11.003  2783  2783 D MTK_KL  : 6,3086,11019363,-;unsupported type:98 in _MTGDRVCUST_InitQuery
12-31 16:00:11.003  2783  2783 D MTK_KL  : 4,3087,11019370,-;error mtal ioctl(-1): (NAME: MTAL_IOCTYPE_MTDRVCUST DIR: 00000003 SIZE: 00000010 TYPE: 00000021 NR: 00000002)
12-31 16:00:11.004  2783  2783 D MTK_KL  : 4,3088,11022155,-;MDrv_LDM_SetUcdEnable,1
12-31 16:00:11.004  2783  2783 D MTK_KL  : 4,3089,11022161,-;[UTOPIA]:[LDM ERROR]: MDrv_LDM_SetUcdEnable: 698: 
12-31 16:00:11.004  2783  2783 D MTK_KL  : 4,3090,11022164,-;LDM bypass!!! chip not support LDM!!!!!!!
12-31 16:00:11.008  2783  2783 D MTK_KL  : 6,3091,11023132,-;<MI3_INFO><<<mi_disp_NviewGetDmsWinId[1632]DMS win hasn't been created yet!
12-31 16:00:11.008  2783  2783 D MTK_KL  : 6,3092,11023138,-;<MI3_INFO><<<_MI_DISP_SetBlueStretch[25898]
12-31 16:00:11.008  2783  2783 D MTK_KL  : 6,3093,11023141,-;<MI3_INFO><<<MI_DISP_SetPictureParam[28840]
12-31 16:00:11.008  2783  2783 D MTK_KL  : 6,3094,11024537,-;<MI3_INFO><<<MI_DISP_SetPictureParam[28840]
12-31 16:00:11.008  2783  2783 D MTK_KL  : 4,3095,11025025,-;\x1b[1;34mCurrent stream is SDR format\x1b[0m
12-31 16:00:11.009  2783  2783 D MTK_KL  : 4,3096,11026101,-;\x1b[1;34mCurrent stream is SDR format\x1b[0m
12-31 16:00:11.012  2783  2783 D MTK_KL  : 4,3097,11027457,-;\x1b[1;34mCurrent stream is SDR format\x1b[0m
12-31 16:00:11.012  2783  2783 D MTK_KL  : 4,3098,11028462,-;\x1b[1;34mCurrent stream is SDR format\x1b[0m
12-31 16:00:11.012  2783  2783 D MTK_KL  : 4,3099,11029452,-;\x1b[1;34mCurrent stream is SDR format\x1b[0m
12-31 16:00:11.016  2783  2783 D MTK_KL  : 6,3100,11031324,-;<MI3_INFO><<<mi_disp_NviewGetDmsWinId[1632]DMS win hasn't been created yet!
12-31 16:00:11.016  2783  2783 D MTK_KL  : 6,3101,11031330,-;<MI3_INFO><<<_MI_DISP_SetHsyColorModel[26583]
12-31 16:00:11.016  2783  2783 D MTK_KL  : 6,3102,11031343,-;<MI3_INFO><<<MI_DISP_SetPictureParam[28840]
12-31 16:00:11.017  2783  2783 D MTK_KL  : 6,3103,11031393,-;<MI3_INFO><<<mi_disp_NviewGetDmsWinId[1632]DMS win hasn't been created yet!
12-31 16:00:11.017  2783  2783 D MTK_KL  : 6,3104,11031407,-;<MI3_INFO><<<_MI_DISP_SetHsyColorModel[26583]
12-31 16:00:11.017  2783  2783 D MTK_KL  : 6,3105,11031419,-;<MI3_INFO><<<MI_DISP_SetPictureParam[28840]
12-31 16:00:11.017  2783  2783 D MTK_KL  : 6,3106,11033284,-;<MI3_INFO><<<mi_disp_NviewGetDmsWinId[1632]DMS win hasn't been created yet!
12-31 16:00:11.017  2783  2783 D MTK_KL  : 6,3107,11033290,-;<MI3_INFO><<<_MI_DISP_SetHsyColorModel[26583]
12-31 16:00:11.017  2783  2783 D MTK_KL  : 6,3108,11033294,-;<MI3_INFO><<<MI_DISP_SetPictureParam[28840]
12-31 16:00:11.017  2783  2783 D MTK_KL  : 6,3109,11033322,-;<MI3_INFO><<<mi_disp_NviewGetDmsWinId[1632]DMS win hasn't been created yet!
12-31 16:00:11.017  2783  2783 D MTK_KL  : 6,3110,11033325,-;<MI3_INFO><<<_MI_DISP_SetHsyColorModel[26583]
12-31 16:00:11.017  2783  2783 D MTK_KL  : 6,3111,11033328,-;<MI3_INFO><<<MI_DISP_SetPictureParam[28840]
12-31 16:00:11.017  2783  2783 D MTK_KL  : 6,3112,11033652,-;<MI3_INFO><<<mi_disp_NviewGetDmsWinId[1632]DMS win hasn't been created yet!
12-31 16:00:11.017  2783  2783 D MTK_KL  : 6,3113,11033655,-;<MI3_INFO><<<_MI_DISP_SetHsyColorModel[26583]
12-31 16:00:11.017  2783  2783 D MTK_KL  : 6,3114,11033657,-;<MI3_INFO><<<MI_DISP_SetPictureParam[28840]
12-31 16:00:11.017  2783  2783 D MTK_KL  : 6,3115,11033686,-;<MI3_INFO><<<mi_disp_NviewGetDmsWinId[1632]DMS win hasn't been created yet!
12-31 16:00:11.017  2783  2783 D MTK_KL  : 6,3116,11033689,-;<MI3_INFO><<<_MI_DISP_SetHsyColorModel[26583]
12-31 16:00:11.017  2783  2783 D MTK_KL  : 6,3117,11033691,-;<MI3_INFO><<<MI_DISP_SetPictureParam[28840]
12-31 16:00:11.017  2783  2783 D MTK_KL  : 4,3118,11034131,-;[_MTGVDECEX_GetExtinSourceType][448]Parameter is null
12-31 16:00:11.017  2783  2783 D MTK_KL  : 4,3119,11034134,-;Fail to _MTGVDECEX_GetExtinSourceType
12-31 16:00:11.024  2783  2783 D MTK_KL  : 6,3120,11038955,-;<MI3_INFO><<<mi_disp_NviewGetDmsWinId[1632]DMS win hasn't been created yet!
12-31 16:00:11.024  2783  2783 D MTK_KL  : 6,3121,11038972,-;<MI3_INFO><<<mi_disp_NviewGetDmsWinId[1632]DMS win hasn't been created yet!
12-31 16:00:11.024  2783  2783 D MTK_KL  : 6,3122,11038985,-;<MI3_INFO><<<mi_disp_NviewGetDmsWinId[1632]DMS win hasn't been created yet!
12-31 16:00:11.024  2783  2783 D MTK_KL  : 4,3123,11038989,-;[MI][_MI_DISP_ApplySetting][7355]: First flip not ready, set window and laod PQ later.
12-31 16:00:11.024  2783  2783 D MTK_KL  : 6,3124,11041443,-;<MI3_INFO><<<mi_disp_NviewGetDmsWinId[1632]DMS win hasn't been created yet!
12-31 16:00:11.025  2783  2783 D MTK_KL  : 6,3125,11041450,-;<MI3_INFO><<<_MI_DISP_SetHsyColorModel[26583]
12-31 16:00:11.025  2783  2783 D MTK_KL  : 6,3126,11041454,-;<MI3_INFO><<<MI_DISP_SetPictureParam[28840]
12-31 16:00:11.025  2783  2783 D MTK_KL  : 6,3127,11041481,-;<MI3_INFO><<<mi_disp_NviewGetDmsWinId[1632]DMS win hasn't been created yet!
12-31 16:00:11.025  2783  2783 D MTK_KL  : 6,3128,11041483,-;<MI3_INFO><<<_MI_DISP_SetHsyColorModel[26583]
12-31 16:00:11.025  2783  2783 D MTK_KL  : 6,3129,11041486,-;<MI3_INFO><<<MI_DISP_SetPictureParam[28840]
12-31 16:00:11.025  2783  2783 D MTK_KL  : 3,3130,11041840,-;[HVD][ERR]MDrv_HVD_EX_GetCodecProfileCapInfo:
12-31 16:00:11.025  2783  2783 D MTK_KL  : 3,3131,11041845,-;GetCodecProfileCapInfo CodecSuportByHashKey fail!! (4 0)
12-31 16:00:11.025  2783  2783 D MTK_KL  : 3,3132,11041847,-;[HVD][ERR]MDrv_HVD_EX_GetCodecProfileCapInfo:
12-31 16:00:11.025  2783  2783 D MTK_KL  : 3,3133,11041850,-;GetCodecProfileCapInfo CodecSuportByHashKey fail!! (5 0)
12-31 16:00:11.025  2783  2783 D MTK_KL  : 3,3134,11041854,-;[HVD][ERR]MDrv_HVD_EX_GetCodecProfileCapInfo:
12-31 16:00:11.025  2783  2783 D MTK_KL  : 3,3135,11041857,-;GetCodecProfileCapInfo CodecSuportByHashKey fail!! (9 0)
12-31 16:00:11.025  2783  2783 D MTK_KL  : 3,3136,11041859,-;[HVD][ERR]MDrv_HVD_EX_GetCodecProfileCapInfo:
12-31 16:00:11.025  2783  2783 D MTK_KL  : 3,3137,11041862,-;GetCodecProfileCapInfo CodecSuportByHashKey fail!! (10 0)
12-31 16:00:11.025  2783  2783 D MTK_KL  : 3,3138,11041867,-;[HVD][ERR]MDrv_HVD_EX_GetCodecProfileCapInfo:
12-31 16:00:11.025  2783  2783 D MTK_KL  : 3,3139,11041870,-;GetCodecProfileCapInfo CodecSuportByHashKey fail!! (15 0)
12-31 16:00:11.025  2783  2783 D MTK_KL  : 3,3140,11041873,-;[HVD][ERR]MDrv_HVD_EX_GetCodecProfileCapInfo:
12-31 16:00:11.025  2783  2783 D MTK_KL  : 3,3141,11041876,-;GetCodecProfileCapInfo CodecSuportByHashKey fail!! (17 0)
12-31 16:00:11.025  2783  2783 D MTK_KL  : 3,3142,11041878,-;[HVD][ERR]MDrv_HVD_EX_GetCodecProfileCapInfo:
12-31 16:00:11.025  2783  2783 D MTK_KL  : 3,3143,11041880,-;GetCodecProfileCapInfo CodecSuportByHashKey fail!! (18 0)
12-31 16:00:11.025  2783  2783 D MTK_KL  : 3,3144,11041882,-;[HVD][ERR]MDrv_HVD_EX_GetCodecProfileCapInfo:
12-31 16:00:11.025  2783  2783 D MTK_KL  : 3,3145,11041885,-;GetCodecProfileCapInfo CodecSuportByHashKey fail!! (19 0)
12-31 16:00:11.025  2783  2783 D MTK_KL  : 3,3146,11041888,-;[HVD][ERR]MDrv_HVD_EX_GetCodecProfileCapInfo:
12-31 16:00:11.025  2783  2783 D MTK_KL  : 3,3147,11041890,-;GetCodecProfileCapInfo CodecSuportByHashKey fail!! (21 0)
12-31 16:00:11.025  2783  2783 D MTK_KL  : 3,3148,11041893,-;[HVD][ERR]MDrv_HVD_EX_GetCodecProfileCapInfo:
12-31 16:00:11.025  2783  2783 D MTK_KL  : 3,3149,11041896,-;GetCodecProfileCapInfo CodecSuportByHashKey fail!! (11 1)
12-31 16:00:11.025  2783  2783 D MTK_KL  : 4,3150,11041904,c;[VDEC]MTGVDEC_ChkCodecCap 4501 0x5139ce i4Ret 0
12-31 16:00:11.029  2783  2783 D MTK_KL  : 6,3151,11044461,-;<MI3_INFO><<<mi_disp_NviewGetDmsWinId[1632]DMS win hasn't been created yet!
12-31 16:00:11.029  2783  2783 D MTK_KL  : 6,3152,11044487,-;<MI3_INFO><<<mi_disp_NviewGetDmsWinId[1632]DMS win hasn't been created yet!
12-31 16:00:11.029  2783  2783 D MTK_KL  : 6,3153,11044513,-;<MI3_INFO><<<mi_disp_NviewGetDmsWinId[1632]DMS win hasn't been created yet!
12-31 16:00:11.029  2783  2783 D MTK_KL  : 4,3154,11044524,-;[MI][_MI_DISP_ApplySetting][7355]: First flip not ready, set window and laod PQ later.
12-31 16:00:11.029  2783  2783 D MTK_KL  : 6,3155,11046206,-;<MI3_INFO><<<mi_disp_NviewGetDmsWinId[1632]DMS win hasn't been created yet!
12-31 16:00:11.029  2783  2783 D MTK_KL  : 6,3156,11046222,-;<MI3_INFO><<<mi_disp_NviewGetDmsWinId[1632]DMS win hasn't been created yet!
12-31 16:00:11.029  2783  2783 D MTK_KL  : 6,3157,11046234,-;<MI3_INFO><<<mi_disp_NviewGetDmsWinId[1632]DMS win hasn't been created yet!
12-31 16:00:11.029  2783  2783 D MTK_KL  : 4,3158,11046239,-;[MI][_MI_DISP_ApplySetting][7355]: First flip not ready, set window and laod PQ later.
