12-31 16:00:06.323  2721  2721 D hwcomposer: HWComposerDevice::getFunctionImpl: doGetFunction: getFunctionImpl function descriptor: 42 (SetVsyncEnabled)
12-31 16:00:06.323  2721  2721 D hwcomposer: HWComposerDevice::getFunctionImpl: doGetFunction: getFunctionImpl function descriptor: 43 (ValidateDisplay)
12-31 16:00:06.323  2721  2721 D hwcomposer: HWComposerDevice::getFunctionImpl: doGetFunction: getFunctionImpl function descriptor: 44 (SetLayerFloatColor)
12-31 16:00:06.323  2721  2721 D hwcomposer: HWComposerDevice::getFunctionImpl: doGetFunction: getFunctionImpl function descriptor: 45 (SetLayerPerFrameMetadata)
12-31 16:00:06.323  2721  2721 D hwcomposer: HWComposerDevice::getFunctionImpl: doGetFunction: getFunctionImpl function descriptor: 46 (GetPerFrameMetadataKeys)
12-31 16:00:06.323  2721  2721 D hwcomposer: HWComposerDevice::getFunctionImpl: doGetFunction: getFunctionImpl function descriptor: 47 (SetReadbackBuffer)
12-31 16:00:06.323  2721  2721 D hwcomposer: HWComposerDevice::getFunctionImpl: doGetFunction: getFunctionImpl function descriptor: 48 (GetReadbackBufferAttributes)
12-31 16:00:06.323  2721  2721 D hwcomposer: HWComposerDevice::getFunctionImpl: doGetFunction: getFunctionImpl function descriptor: 49 (GetReadbackBufferFence)
12-31 16:00:06.323  2721  2721 D hwcomposer: HWComposerDevice::getFunctionImpl: doGetFunction: getFunctionImpl function descriptor: 50 (GetRenderIntents)
12-31 16:00:06.323  2721  2721 D hwcomposer: HWComposerDevice::getFunctionImpl: doGetFunction: getFunctionImpl function descriptor: 51 (SetColorModeWithRenderIntent)
12-31 16:00:06.323  2721  2721 D hwcomposer: HWComposerDevice::getFunctionImpl: doGetFunction: getFunctionImpl function descriptor: 52 (GetDataspaceSaturationMatrix)
12-31 16:00:06.323  2721  2721 D hwcomposer: HWComposerDevice::getFunctionImpl: doGetFunction: getFunctionImpl function descriptor: 55 (get3DTransform)
12-31 16:00:06.323  2721  2721 D hwcomposer: HWComposerDevice::getFunctionImpl: doGetFunction: getFunctionImpl function descriptor: 56 (getCurrentTiming)
12-31 16:00:06.323  2721  2721 D hwcomposer: HWComposerDevice::getFunctionImpl: doGetFunction: getFunctionImpl function descriptor: 57 (isStbTarget)
12-31 16:00:06.323  2721  2721 D hwcomposer: HWComposerDevice::getFunctionImpl: doGetFunction: getFunctionImpl function descriptor: 58 (getOsdWidth)
12-31 16:00:06.323  2721  2721 D hwcomposer: HWComposerDevice::getFunctionImpl: doGetFunction: getFunctionImpl function descriptor: 59 (getOsdHeight)
12-31 16:00:06.323  2721  2721 D hwcomposer: HWComposerDevice::getFunctionImpl: doGetFunction: getFunctionImpl function descriptor: 60 (getMirrorMode)
12-31 16:00:06.323  2721  2721 D hwcomposer: HWComposerDevice::getFunctionImpl: doGetFunction: getFunctionImpl function descriptor: 61 (getRefreshPeriod)
12-31 16:00:06.323  2721  2721 D hwcomposer: HWComposerDevice::getFunctionImpl: doGetFunction: getFunctionImpl function descriptor: 62 (captureScreen)
12-31 16:00:06.323  2721  2721 D hwcomposer: HWComposerDevice::getFunctionImpl: doGetFunction: getFunctionImpl function descriptor: 63 (releaseCaptureScreenMemory)
12-31 16:00:06.323  2721  2721 D hwcomposer: HWComposerDevice::getFunctionImpl: doGetFunction: getFunctionImpl function descriptor: 66 (setClientTargetDisplayFrame)
12-31 16:00:06.323  2721  2721 D hwcomposer: HWComposerDevice::getFunctionImpl: doGetFunction: getFunctionImpl function descriptor: 53 (SetLayerName)
12-31 16:00:06.323  2721  2721 D hwcomposer: HWComposerDevice::getFunctionImpl: doGetFunction: getFunctionImpl function descriptor: 54 (getVendorUsage)
12-31 16:00:06.323  2721  2721 E ComposerHal: ltdebug hal is 0x0xade343c0
12-31 16:00:06.323  2721  2721 E ComposerHal: composer2.3 is0x0x0
12-31 16:00:06.323  2721  2721 I ServiceManagement: Removing namespace from process name mstar.hardware.hwcomposer.composer@2.3-service to composer@2.3-service.
12-31 16:00:06.324  2783  2783 D MTK_KL  : 3,1991,6339139,-;<MI3_ERR>_MI_VENC_Init[2640]: [MI VENC] No available encoder buffer, MMAP size is 0!
12-31 16:00:06.324  2783  2783 D MTK_KL  : 6,1992,6339511,-;<MI3_INFO><<<MI_SAR_Init[1945]MI_SAR_Init:0x2
12-31 16:00:06.325  2783  2783 D MTK_KL  : 1,1993,6340220,-;[_MDrv_GFLIPIO_Open,1124][pid:2920][name:hwcVsyncThread]_devGFLIP.refCnt=0
12-31 16:00:06.327  2782  2782 W omx@1.0-service: type=1400 audit(0.0:48): avc: denied { search } for name="/" dev="mmcblk0p18" ino=2 scontext=u:r:mediacodec:s0 tcontext=u:object_r:third_rw_file:s0 tclass=dir permissive=0
12-31 16:00:06.327  2729  2729 W mtkrm@1.0-servi: type=1400 audit(0.0:49): avc: denied { search } for name="/" dev="mmcblk0p18" ino=2 scontext=u:r:hal_tv_mtkrm_default:s0 tcontext=u:object_r:third_rw_file:s0 tclass=dir permissive=0
12-31 16:00:06.327  2782  2782 I MSTAR_VDEC_API: Support IOMMU mode:0
12-31 16:00:06.327  2782  2782 D MSTAR_VDEC_API: GRM: CreateComponent lock
12-31 16:00:06.329  2783  2783 D MTK_KL  : 4,1994,6344590,-;<MI3_WARN>_MI_SVP_Init: Module has been inited!
12-31 16:00:06.329  2677  2677 I zygote  : option[0]=-Xzygote
12-31 16:00:06.329  2783  2783 D MTK_KL  : 36,1995,6345759,-;type=1400 audit(946684804.491:46): avc: granted { read open } for pid=1 comm="init" path="/dev/ttyS0" dev="tmpfs" ino=1127 scontext=u:r:init:s0 tcontext=u:object_r:serial_device:s0 tclass=chr_file
12-31 16:00:06.329  2783  2783 D MTK_KL  : 36,1996,6345794,-;type=1400 audit(946684806.323:47): avc: denied { search } for pid=2782 comm="omx@1.0-service" name="/" dev="mmcblk0p18" ino=2 scontext=u:r:mediacodec:s0 tcontext=u:object_r:third_rw_file:s0 tclass=dir permissive=0
12-31 16:00:06.329  2677  2677 I zygote  : option[1]=-Xusetombstonedtraces
12-31 16:00:06.329  2677  2677 I zygote  : option[2]=exit
12-31 16:00:06.329  2677  2677 I zygote  : option[3]=vfprintf
12-31 16:00:06.329  2677  2677 I zygote  : option[4]=sensitiveThread
12-31 16:00:06.329  2677  2677 I zygote  : option[5]=-verbose:gc
12-31 16:00:06.329  2677  2677 I zygote  : option[6]=-Xms8m
12-31 16:00:06.329  2677  2677 I zygote  : option[7]=-Xmx256m
12-31 16:00:06.329  2677  2677 I zygote  : option[8]=-XX:HeapGrowthLimit=128m
12-31 16:00:06.329  2677  2677 I zygote  : option[9]=-XX:HeapMinFree=512k
12-31 16:00:06.329  2677  2677 I zygote  : option[10]=-XX:HeapMaxFree=8m
12-31 16:00:06.329  2677  2677 I zygote  : option[11]=-XX:HeapTargetUtilization=0.75
12-31 16:00:06.329  2677  2677 I zygote  : option[12]=-Xusejit:true
12-31 16:00:06.329  2677  2677 I zygote  : option[13]=-Xjitsaveprofilinginfo
12-31 16:00:06.329  2677  2677 I zygote  : option[14]=-XX:LowMemoryMode
12-31 16:00:06.329  2677  2677 I zygote  : option[15]=-XjdwpOptions:suspend=n,server=y
12-31 16:00:06.329  2677  2677 I zygote  : option[16]=-XjdwpProvider:default
12-31 16:00:06.329  2677  2677 I zygote  : option[17]=-Xlockprofthreshold:500
12-31 16:00:06.329  2677  2677 I zygote  : option[18]=-Ximage-compiler-option
12-31 16:00:06.329  2677  2677 I zygote  : option[19]=--runtime-arg
12-31 16:00:06.329  2677  2677 I zygote  : option[20]=-Ximage-compiler-option
12-31 16:00:06.329  2677  2677 I zygote  : option[21]=-Xms64m
12-31 16:00:06.329  2677  2677 I zygote  : option[22]=-Ximage-compiler-option
12-31 16:00:06.329  2677  2677 I zygote  : option[23]=--runtime-arg
12-31 16:00:06.329  2677  2677 I zygote  : option[24]=-Ximage-compiler-option
12-31 16:00:06.329  2677  2677 I zygote  : option[25]=-Xmx64m
12-31 16:00:06.329  2677  2677 I zygote  : option[26]=-Ximage-compiler-option
12-31 16:00:06.329  2677  2677 I zygote  : option[27]=--profile-file=/system/etc/boot-image.prof
12-31 16:00:06.329  2677  2677 I zygote  : option[28]=-Ximage-compiler-option
12-31 16:00:06.329  2677  2677 I zygote  : option[29]=--compiler-filter=speed-profile
12-31 16:00:06.329  2677  2677 I zygote  : option[30]=-Xcompiler-option
12-31 16:00:06.329  2677  2677 I zygote  : option[31]=--runtime-arg
12-31 16:00:06.329  2677  2677 I zygote  : option[32]=-Xcompiler-option
12-31 16:00:06.329  2677  2677 I zygote  : option[33]=-Xms64m
12-31 16:00:06.329  2677  2677 I zygote  : option[34]=-Xcompiler-option
12-31 16:00:06.329  2677  2677 I zygote  : option[35]=--runtime-arg
12-31 16:00:06.329  2677  2677 I zygote  : option[36]=-Xcompiler-option
12-31 16:00:06.329  2677  2677 I zygote  : option[37]=-Xmx512m
12-31 16:00:06.329  2677  2677 I zygote  : option[38]=-Ximage-compiler-option
12-31 16:00:06.329  2677  2677 I zygote  : option[39]=--instruction-set-variant=cortex-a53
12-31 16:00:06.329  2677  2677 I zygote  : option[40]=-Xcompiler-option
12-31 16:00:06.330  2677  2677 I zygote  : option[41]=--instruction-set-variant=cortex-a53
12-31 16:00:06.330  2677  2677 I zygote  : option[42]=-Ximage-compiler-option
12-31 16:00:06.330  2677  2677 I zygote  : option[43]=--instruction-set-features=default
12-31 16:00:06.330  2677  2677 I zygote  : option[44]=-Xcompiler-option
12-31 16:00:06.330  2677  2677 I zygote  : option[45]=--instruction-set-features=default
12-31 16:00:06.330  2677  2677 I zygote  : option[46]=-Duser.locale=en-US
12-31 16:00:06.330  2677  2677 I zygote  : option[47]=--cpu-abilist=armeabi-v7a,armeabi
12-31 16:00:06.330  2677  2677 I zygote  : option[48]=-Xfingerprint:MediaTek/m7332_eu/m7332_eu:9/PPR2.180905.006.A1/builder06101951:userdebug/dev-keys
12-31 16:00:06.330  2729  2729 I GRM     : Create Component: MtkOmxVdec.Query
12-31 16:00:06.330  2729  2729 I GRM     : IMtkRmClientCreateComponent(41)
12-31 16:00:06.330  2729  2729 I GRM     : REG CB HNDLR RMResourceDemandReleaseCallback, 0x0xb1bb1fa9
12-31 16:00:06.331  2729  2729 I GRM     : <RPC> z_offs=196
12-31 16:00:06.331  2729  2729 I GRM     : <RPC> z_offs=240
12-31 16:00:06.333  2769  2922 I GRM     : MtkRmServiceCreateComponent.1989, create component MtkOmxVdec.Query(0xaf5ae000) exit...
12-31 16:00:06.333  2769  2922 I GRM     : MtkRmServiceCreateComponent.1998, create component exit...
12-31 16:00:06.333  2729  2729 I GRM     : IMtkRmClientCreateComponent.49, RET: 0
12-31 16:00:06.333  2729  2729 I GRM     : Return Component: thiz = 0x0xb1597420.
12-31 16:00:06.336  2783  2783 D MTK_KL  : 36,1997,6350867,-;type=1400 audit(946684806.327:48): avc: denied { search } for pid=2782 comm="omx@1.0-service" name="/" dev="mmcblk0p18" ino=2 scontext=u:r:mediacodec:s0 tcontext=u:object_r:third_rw_file:s0 tclass=dir permissive=0
12-31 16:00:06.336  2783  2783 D MTK_KL  : 36,1998,6350909,-;type=1400 audit(946684806.327:49): avc: denied { search } for pid=2729 comm="mtkrm@1.0-servi" name="/" dev="mmcblk0p18" ino=2 scontext=u:r:hal_tv_mtkrm_default:s0 tcontext=u:object_r:third_rw_file:s0 tclass=dir permissive=0
12-31 16:00:06.337  2729  2729 I GRM     : <RPC> z_offs=156
12-31 16:00:06.337  2729  2729 I GRM     : <RPC> z_offs=196
12-31 16:00:06.337  2769  2922 I GRM     : Get Resource(VideoDecoder) number(3) successful!
12-31 16:00:06.337  2729  2729 I GRM     : IMtkRmClientGetResourceNumber.79, RET: 0
12-31 16:00:06.337  2782  2782 D MSTAR_VDEC_API: GRM: GRMMaxVideoCnt: 3
12-31 16:00:06.337  2729  2729 I GRM     : MTKRmCallbackDone(643) thiz = 0x0xb1597420. 
12-31 16:00:06.337  2769  2922 I GRM     : (MtkOmxVdec.Query)Release All Resource(0xaf5ae000)
12-31 16:00:06.337  2769  2922 I GRM     : MtkRmServiceComponentReleaseAll(3886) resource empty
12-31 16:00:06.337  2729  2729 I GRM     : IMtkRmClientComponentReleaseAll.204, RET: 0
12-31 16:00:06.338  2769  2922 I GRM     : (MtkOmxVdec.Query)check the callback done or not(0xaf5ae000)
12-31 16:00:06.338  2769  2922 I GRM     : (MtkOmxVdec.Query)callback done(0xaf5ae000)
12-31 16:00:06.338  2729  2729 I GRM     : IMtkRmClientComponentCallbackDone.211, RET: 0
12-31 16:00:06.338  2729  2729 I GRM     : MTKRmCallbackDone ret=1.
12-31 16:00:06.338  2782  2782 D MSTAR_VDEC_API: GRM: DestroyComponent lock
12-31 16:00:06.338  2782  2782 D MSTAR_VDEC_API: GRM ReleaseAllResource in
12-31 16:00:06.338  2729  2729 I GRM     : MTKRmReleaseAllResource(617) thiz = 0x0xb1597420. 
12-31 16:00:06.338  2769  2922 I GRM     : (MtkOmxVdec.Query)Release All Resource(0xaf5ae000)
12-31 16:00:06.338  2769  2922 I GRM     : MtkRmServiceComponentReleaseAll(3886) resource empty
12-31 16:00:06.338  2729  2729 I GRM     : IMtkRmClientComponentReleaseAll.204, RET: 0
12-31 16:00:06.338  2729  2729 I GRM     : MTKRmReleaseAllResource ret=1.
12-31 16:00:06.338  2782  2782 D MSTAR_VDEC_API: GRM ReleaseAllResource out
12-31 16:00:06.338  2729  2729 I GRM     : Destroy Component!!! thiz = 0x0xb1597420
12-31 16:00:06.339  2769  2922 I GRM     : ============================Start==============================
12-31 16:00:06.339  2769  2922 I GRM     : Componet Name:MtkOmxVdec.Query, Pid:2782, priority:100, preempt:TRUE, fg:FALSE.
12-31 16:00:06.339  2769  2922 I GRM     : Resource List-->>>>
12-31 16:00:06.339  2769  2922 I GRM     : Resource List--<<<<
12-31 16:00:06.339  2769  2922 I GRM     : Component Count: 1
12-31 16:00:06.339  2769  2922 I GRM     : =============================End===============================
12-31 16:00:06.339  2769  2922 I GRM     : MtkRmServiceDestoryComponent(2146) destory component:MtkOmxVdec.Query
12-31 16:00:06.339  2769  2922 I GRM     : ============================Start==============================
12-31 16:00:06.339  2769  2922 I GRM     : Component Count: 0
12-31 16:00:06.339  2769  2922 I GRM     : =============================End===============================
12-31 16:00:06.339  2769  2922 I GRM     : MtkRmServiceDestoryComponent(2210) return
12-31 16:00:06.339  2729  2729 I GRM     : IMtkRmClientDestoryComponent.95, RET: 0
12-31 16:00:06.349  2782  2782 D MSTAR_VDEC_API: GRM: DestroyComponent unlock
12-31 16:00:06.349  2782  2782 I OMX_WRAPPER_MI3: Support mi_SVP mode:2
12-31 16:00:06.349  2782  2782 I OMX_WRAPPER_MI3: MI_SVP_Init done ret: 0
12-31 16:00:06.349  2782  2782 D OMX_WRAPPER_MI3: GetDolbyVisionSupportProfile: 0x0
12-31 16:00:06.349  2782  2782 I OMX_WRAPPER_MI3: Check support DV profiles: 0x0
12-31 16:00:06.352  2783  2783 D MTK_KL  : 4,1999,6367283,-;<MI3_WARN>_MI_SVP_Init: Module has been inited!
12-31 16:00:06.352  2783  2783 D MTK_KL  : 3,2000,6367370,-;[HVD][ERR]MDrv_HVD_EX_GetCodecProfileCapInfo:
12-31 16:00:06.353  2783  2783 D MTK_KL  : 3,2001,6367375,-;GetCodecProfileCapInfo CodecSuportByHashKey fail!! (4 0)
12-31 16:00:06.353  2783  2783 D MTK_KL  : 3,2002,6367378,-;[HVD][ERR]MDrv_HVD_EX_GetCodecProfileCapInfo:
12-31 16:00:06.353  2783  2783 D MTK_KL  : 3,2003,6367380,-;GetCodecProfileCapInfo CodecSuportByHashKey fail!! (5 0)
12-31 16:00:06.353  2783  2783 D MTK_KL  : 3,2004,6367385,-;[HVD][ERR]MDrv_HVD_EX_GetCodecProfileCapInfo:
12-31 16:00:06.353  2783  2783 D MTK_KL  : 3,2005,6367387,-;GetCodecProfileCapInfo CodecSuportByHashKey fail!! (9 0)
12-31 16:00:06.353  2783  2783 D MTK_KL  : 3,2006,6367389,-;[HVD][ERR]MDrv_HVD_EX_GetCodecProfileCapInfo:
12-31 16:00:06.353  2783  2783 D MTK_KL  : 3,2007,6367393,-;GetCodecProfileCapInfo CodecSuportByHashKey fail!! (10 0)
12-31 16:00:06.353  2783  2783 D MTK_KL  : 3,2008,6367399,-;[HVD][ERR]MDrv_HVD_EX_GetCodecProfileCapInfo:
12-31 16:00:06.353  2783  2783 D MTK_KL  : 3,2009,6367402,-;GetCodecProfileCapInfo CodecSuportByHashKey fail!! (15 0)
12-31 16:00:06.353  2783  2783 D MTK_KL  : 3,2010,6367405,-;[HVD][ERR]MDrv_HVD_EX_GetCodecProfileCapInfo:
12-31 16:00:06.353  2783  2783 D MTK_KL  : 3,2011,6367408,-;GetCodecProfileCapInfo CodecSuportByHashKey fail!! (17 0)
12-31 16:00:06.353  2783  2783 D MTK_KL  : 3,2012,6367410,-;[HVD][ERR]MDrv_HVD_EX_GetCodecProfileCapInfo:
12-31 16:00:06.353  2783  2783 D MTK_KL  : 3,2013,6367412,-;GetCodecProfileCapInfo CodecSuportByHashKey fail!! (18 0)
12-31 16:00:06.353  2783  2783 D MTK_KL  : 3,2014,6367415,-;[HVD][ERR]MDrv_HVD_EX_GetCodecProfileCapInfo:
12-31 16:00:06.353  2783  2783 D MTK_KL  : 3,2015,6367418,-;GetCodecProfileCapInfo CodecSuportByHashKey fail!! (19 0)
12-31 16:00:06.353  2783  2783 D MTK_KL  : 3,2016,6367421,-;[HVD][ERR]MDrv_HVD_EX_GetCodecProfileCapInfo:
12-31 16:00:06.353  2783  2783 D MTK_KL  : 3,2017,6367424,-;GetCodecProfileCapInfo CodecSuportByHashKey fail!! (21 0)
12-31 16:00:06.353  2783  2783 D MTK_KL  : 3,2018,6367427,-;[HVD][ERR]MDrv_HVD_EX_GetCodecProfileCapInfo:
12-31 16:00:06.353  2783  2783 D MTK_KL  : 3,2019,6367429,-;GetCodecProfileCapInfo CodecSuportByHashKey fail!! (11 1)
12-31 16:00:06.353  2783  2783 D MTK_KL  : 3,2020,6367442,-;[HVD][ERR]_MDrv_HVD_AUTH_IPCheck:
12-31 16:00:06.353  2783  2783 D MTK_KL  : 3,2021,6367444,-;[_MDrv_HVD_AUTH_IPCheck]User using invaild key !!!
12-31 16:00:06.358  2723  2925 E Utopia  : [MSOS][ERROR][MsOS_CreateMutex][2230]    [MsOS_CreateMutex][2230] Update max number of msos mutex: 256
12-31 16:00:06.360  2723  2925 I Utopia  : [MSOS][INFO][MsOS_SHM_Init][1097]     Mappd share memory: 0xtAED3D000
12-31 16:00:06.360  2723  2925 I Utopia  : [MSOS][INFO][_MsOS_InitEventGroup][4039]     Flag=MSOS_SHM_QUERY Addr=0xAED50AA8
12-31 16:00:06.360  2723  2925 I         : [utopia info] open: /vendor/etc/utopia.conf
12-31 16:00:06.361  2783  2783 D MTK_KL  : 4,2022,6376102,-;<MI3_WARN>Warning: MI_SYS_Init() already be inited!
12-31 16:00:06.361  2783  2783 D MTK_KL  : 3,2023,6378017,-;[MDrv_Queue_Init][773] Already inited.
12-31 16:00:06.361  2723  2926 I MI3     : MI_SYS_Init() without Parameter
12-31 16:00:06.370  2723  2925 D Utopia  : [PWS][35mFunction = void PWSRegisterToUtopia(FUtopiaOpen), Line = 1134, PWS Register finished[m
12-31 16:00:06.377  2723  2925 W Utopia  : [MSOS][WARN][MsOS_Init][5832]     Already inited.
12-31 16:00:06.377  2723  2925 I Utopia  : [[MsOS_MMA_Init]][000355] MsOS_MMA_Init size=49152
12-31 16:00:06.377  2723  2925 D Utopia  : [SYS][35mFunction = MS_U32 SYSOpen(void **, void *), Line = 1698, current resource pri_shm content is: 0[m
12-31 16:00:06.377  2723  2925 D Utopia  : [SYS][35mFunction = MS_U32 SYSOpen(void **, void *), Line = 1717, [SYS INFO] OPEN INSTANCE...[m
12-31 16:00:06.381  2783  2783 D MTK_KL  : 7,2024,6395293,-;<UTPA_DEBUG>[Utopia][MIU]: [MIU INFO] miu open
12-31 16:00:06.381  2783  2783 D MTK_KL  : 4,2025,6395484,-;--------->MBX DRIVER OPEN: cnt=5
12-31 16:00:06.381  2783  2783 D MTK_KL  : 4,2026,6395519,-;_MDrv_MBXIO_FASYNC is invoked
12-31 16:00:06.381  2783  2783 D MTK_KL  : 4,2027,6395522,-;_MDrv_MBXIO_FASYNC is ok
12-31 16:00:06.383  2677  2677 W zygote  : Could not reserve sentinel fault page
12-31 16:00:06.391  2723  2926 I MI3     : _MI_WRAPPER_SYS_SecurityAuthentication[754]: Invalid parameter!
12-31 16:00:06.391  2723  2926 I MI3     : _MI_WRAPPER_SYS_SecurityAuthentication[754]: pstInitParams is NULL.
12-31 16:00:06.391  2723  2926 I MI3     : MI_IIC_Init[164]: Error 0x2: failed to ioctl(MI_DEV_IOC_IIC_INIT)
12-31 16:00:06.391  2723  2926 I MI3     : _s32MikAextinFd: 40, aextin init result : 2  
12-31 16:00:06.391  2723  2926 I MI3     : _MI_WRAPPER_SYS_ModuleInit[1168]: Error 0x9: failed to MI_VENC_Init()!
12-31 16:00:06.391  2723  2926 I MI3     : Open MI_OSD kernel module successful
12-31 16:00:06.391  2723  2926 I MI3     : _s32MikCipherFd: 51, cipher init result : 0  
12-31 16:00:06.392  2783  2783 D MTK_KL  : 6,2028,6407989,-;<MI3_INFO><<<MI_IIC_Init[1052]MI_IIC_Init:0x2
12-31 16:00:06.392  2783  2783 D MTK_KL  : 4,2029,6408574,-;[MI_AEXTIN_Init:2228][2925] AextinInitCnt:8
12-31 16:00:06.392  2783  2783 D MTK_KL  : 4,2030,6408579,-;[MI_AEXTIN_Init:2294][2925] eErrCode:0x2
12-31 16:00:06.393  2783  2783 D MTK_KL  : 3,2031,6408795,-;<MI3_ERR>_MI_VENC_Init[2640]: [MI VENC] No available encoder buffer, MMAP size is 0!
12-31 16:00:06.393  2783  2783 D MTK_KL  : 6,2032,6409160,-;<MI3_INFO><<<MI_SAR_Init[1945]MI_SAR_Init:0x2
12-31 16:00:06.394  2697  2697 I ServiceManager: Waiting for vendor service TrapezoidCorrect...
12-31 16:00:06.395  2723  2723 W HwBinder:2723_1: type=1400 audit(0.0:50): avc: denied { search } for name="/" dev="mmcblk0p18" ino=2 scontext=u:r:hal_mmdisp_mstar:s0 tcontext=u:object_r:third_rw_file:s0 tclass=dir permissive=0
12-31 16:00:06.397  2723  2925 D vsyncbridge: GRM Create component, win: 0
12-31 16:00:06.399  2723  2723 W HwBinder:2723_1: type=1400 audit(0.0:51): avc: denied { search } for name="/" dev="mmcblk0p18" ino=2 scontext=u:r:hal_mmdisp_mstar:s0 tcontext=u:object_r:third_rw_file:s0 tclass=dir permissive=0
12-31 16:00:06.400  2783  2783 D MTK_KL  : 4,2033,6414832,-;<MI3_WARN>_MI_SVP_Init: Module has been inited!
12-31 16:00:06.401  2783  2783 D MTK_KL  : 36,2034,6417141,-;type=1400 audit(946684806.327:49): avc: denied { search } for pid=2729 comm="mtkrm@1.0-servi" name="/" dev="mmcblk0p18" ino=2 scontext=u:r:hal_tv_mtkrm_default:s0 tcontext=u:object_r:third_rw_file:s0 tclass=dir permissive=0
12-31 16:00:06.401  2783  2783 D MTK_KL  : 36,2035,6417187,-;type=1400 audit(946684806.395:50): avc: denied { search } for pid=2723 comm="HwBinder:2723_1" name="/" dev="mmcblk0p18" ino=2 scontext=u:r:hal_mmdisp_mstar:s0 tcontext=u:object_r:third_rw_file:s0 tclass=dir permissive=0
12-31 16:00:06.404  2723  2931 D vsyncbridge: enter Timer_thread
12-31 16:00:06.408  2723  2930 D vsyncbridge: enter handle_thread_mi
12-31 16:00:06.411  2729  2729 W mtkrm@1.0-servi: type=1400 audit(0.0:52): avc: denied { search } for name="/" dev="mmcblk0p18" ino=2 scontext=u:r:hal_tv_mtkrm_default:s0 tcontext=u:object_r:third_rw_file:s0 tclass=dir permissive=0
12-31 16:00:06.413  2729  2729 I GRM     : Create Component: Vsyncbridge.MM
12-31 16:00:06.413  2729  2729 I GRM     : IMtkRmClientCreateComponent(41)
12-31 16:00:06.413  2729  2729 I GRM     : Open client:IMtkRmClientCreateComponent #49 try to auto connect 
12-31 16:00:06.414  2729  2729 I GRM     : <RPC> z_offs=196
12-31 16:00:06.414  2729  2729 I GRM     : <RPC> z_offs=236
12-31 16:00:06.414  2710  2710 D MstGateKeeper: MStar Gatekeeper initialize done
12-31 16:00:06.416  2697  2697 D ServiceManager: #00 pc 000306e9  /system/lib/vndk-28/libbinder.so (android::BpServiceManager::getService(android::String16 const&) const+380)
12-31 16:00:06.416  2783  2783 D MTK_KL  : 36,2036,6431934,-;type=1400 audit(946684806.399:51): avc: denied { search } for pid=2723 comm="HwBinder:2723_1" name="/" dev="mmcblk0p18" ino=2 scontext=u:r:hal_mmdisp_mstar:s0 tcontext=u:object_r:third_rw_file:s0 tclass=dir permissive=0
12-31 16:00:06.416  2783  2783 D MTK_KL  : 36,2037,6431974,-;type=1400 audit(946684806.411:52): avc: denied { search } for pid=2729 comm="mtkrm@1.0-servi" name="/" dev="mmcblk0p18" ino=2 scontext=u:r:hal_tv_mtkrm_default:s0 tcontext=u:object_r:third_rw_file:s0 tclass=dir permissive=0
12-31 16:00:06.416  2769  2932 I GRM     : MtkRmServiceCreateComponent.1989, create component Vsyncbridge.MM(0xaf5ae000) exit...
12-31 16:00:06.417  2769  2932 I GRM     : MtkRmServiceCreateComponent.1998, create component exit...
12-31 16:00:06.417  2697  2697 D ServiceManager: #01 pc 00001b37  /vendor/lib/libtrapezoidClient.so (_ZN7android10getServiceINS_24ITrapezoidCorrectServiceEEEiRKNS_8String16EPNS_2spIT_EE+38)
12-31 16:00:06.417  2697  2697 D ServiceManager: #02 pc 00001ac3  /vendor/lib/libtrapezoidClient.so (android::TrapezoidClient::getTrapezoidService()+46)
12-31 16:00:06.417  2697  2697 D ServiceManager: #03 pc 000014e1  /vendor/bin/trapezoidTest (main+56)
12-31 16:00:06.417  2697  2697 D ServiceManager: #04 pc 00087e31  /system/lib/libc.so (__libc_init+48)
12-31 16:00:06.417  2697  2697 D ServiceManager: #05 pc 00001487  /vendor/bin/trapezoidTest (_start_main+38)
12-31 16:00:06.417  2697  2697 D ServiceManager: #06 pc 00000306  <anonymous:b6013000>
12-31 16:00:06.417  2729  2729 I GRM     : IMtkRmClientCreateComponent.49, RET: 0
12-31 16:00:06.417  2729  2729 I GRM     : Return Component: thiz = 0x0xb1597420.
12-31 16:00:06.418  2710  2710 I ServiceManagement: Removing namespace from process name android.hardware.gatekeeper@1.0-service to gatekeeper@1.0-service.
12-31 16:00:06.421  2710  2710 I android.hardware.gatekeeper@1.0-service: Registration complete for android.hardware.gatekeeper@1.0::IGatekeeper/default.
12-31 16:00:06.424  2783  2783 D MTK_KL  : 14,2038,6439006,-;init: Opened file '/d/mmc0/mmc0:0001/ext_csd', flags 0
12-31 16:00:06.427  2723  2723 W HwBinder:2723_1: type=1400 audit(0.0:53): avc: denied { search } for name="/" dev="mmcblk0p18" ino=2 scontext=u:r:hal_mmdisp_mstar:s0 tcontext=u:object_r:third_rw_file:s0 tclass=dir permissive=0
12-31 16:00:06.427  2729  2729 W mtkrm@1.0-servi: type=1400 audit(0.0:54): avc: denied { search } for name="/" dev="mmcblk0p18" ino=2 scontext=u:r:hal_tv_mtkrm_default:s0 tcontext=u:object_r:third_rw_file:s0 tclass=dir permissive=0
12-31 16:00:06.427  2701  2701 W AshmemAllocator: ashmem_create_region(840) returning hidl_memory(0xb5d16170, 840)
12-31 16:00:06.427  2701  2701 W AshmemAllocator: ashmem_create_region(840) returning hidl_memory(0xb5d16170, 840)
12-31 16:00:06.428  2701  2701 W AshmemAllocator: ashmem_create_region(64) returning hidl_memory(0xb5d16170, 64)
12-31 16:00:06.428  2782  2782 D vsyncbridge: mmDispInit Done
12-31 16:00:06.428  2782  2782 D vsyncbridge: MmDispWrapperInit : Regsiter hidl death notification[WinID 0] with pid = 2782 
12-31 16:00:06.430  2723  2925 D vsyncbridge: GRM Create component, win: 1
12-31 16:00:06.431  2729  2729 I GRM     : Create Component: Vsyncbridge.MM
12-31 16:00:06.431  2729  2729 I GRM     : IMtkRmClientCreateComponent(41)
12-31 16:00:06.431  2729  2729 I GRM     : <RPC> z_offs=196
12-31 16:00:06.431  2729  2729 I GRM     : <RPC> z_offs=236
12-31 16:00:06.431  2769  2932 I GRM     : MtkRmServiceCreateComponent.1989, create component Vsyncbridge.MM(0xaf5ae050) exit...
12-31 16:00:06.431  2769  2932 I GRM     : MtkRmServiceCreateComponent.1998, create component exit...
12-31 16:00:06.431  2729  2729 I GRM     : IMtkRmClientCreateComponent.49, RET: 0
12-31 16:00:06.431  2729  2729 I GRM     : Return Component: thiz = 0x0xb15974e0.
12-31 16:00:06.432  2783  2783 D MTK_KL  : 36,2039,6449006,-;type=1400 audit(946684806.411:52): avc: denied { search } for pid=2729 comm="mtkrm@1.0-servi" name="/" dev="mmcblk0p18" ino=2 scontext=u:r:hal_tv_mtkrm_default:s0 tcontext=u:object_r:third_rw_file:s0 tclass=dir permissive=0
12-31 16:00:06.432  2723  2935 D vsyncbridge: enter Timer_thread
12-31 16:00:06.432  2783  2783 D MTK_KL  : 36,2040,6449051,-;type=1400 audit(946684806.427:53): avc: denied { search } for pid=2723 comm="HwBinder:2723_1" name="/" dev="mmcblk0p18" ino=2 scontext=u:r:hal_mmdisp_mstar:s0 tcontext=u:object_r:third_rw_file:s0 tclass=dir permissive=0
12-31 16:00:06.436  2723  2934 D vsyncbridge: enter handle_thread_mi
12-31 16:00:06.438  2701  2701 W AshmemAllocator: ashmem_create_region(840) returning hidl_memory(0xb5d16170, 840)
12-31 16:00:06.439  2701  2701 W AshmemAllocator: ashmem_create_region(840) returning hidl_memory(0xb5d16170, 840)
12-31 16:00:06.439  2701  2701 W AshmemAllocator: ashmem_create_region(64) returning hidl_memory(0xb5d16170, 64)
12-31 16:00:06.439  2782  2782 D vsyncbridge: mmDispInit Done
12-31 16:00:06.439  2782  2782 D vsyncbridge: MmDispWrapperInit : Regsiter hidl death notification[WinID 1] with pid = 2782 
12-31 16:00:06.441  2783  2783 D MTK_KL  : 36,2041,6456062,-;type=1400 audit(946684806.427:53): avc: denied { search } for pid=2723 comm="HwBinder:2723_1" name="/" dev="mmcblk0p18" ino=2 scontext=u:r:hal_mmdisp_mstar:s0 tcontext=u:object_r:third_rw_file:s0 tclass=dir permissive=0
12-31 16:00:06.441  2783  2783 D MTK_KL  : 36,2042,6456102,-;type=1400 audit(946684806.427:54): avc: denied { search } for pid=2729 comm="mtkrm@1.0-servi" name="/" dev="mmcblk0p18" ino=2 scontext=u:r:hal_tv_mtkrm_default:s0 tcontext=u:object_r:third_rw_file:s0 tclass=dir permissive=0
12-31 16:00:06.442  2723  2925 D vsyncbridge: GRM Create component, win: 2
12-31 16:00:06.442  2729  2729 I GRM     : Create Component: Vsyncbridge.MM
12-31 16:00:06.442  2729  2729 I GRM     : IMtkRmClientCreateComponent(41)
12-31 16:00:06.442  2729  2729 I GRM     : <RPC> z_offs=196
12-31 16:00:06.442  2729  2729 I GRM     : <RPC> z_offs=236
12-31 16:00:06.442  2769  2932 I GRM     : MtkRmServiceCreateComponent.1989, create component Vsyncbridge.MM(0xaf5ae0a0) exit...
12-31 16:00:06.442  2769  2932 I GRM     : MtkRmServiceCreateComponent.1998, create component exit...
12-31 16:00:06.442  2729  2729 I GRM     : IMtkRmClientCreateComponent.49, RET: 0
12-31 16:00:06.442  2729  2729 I GRM     : Return Component: thiz = 0x0xb15975a0.
12-31 16:00:06.444  2723  2938 D vsyncbridge: enter Timer_thread
12-31 16:00:06.444  2783  2783 D MTK_KL  : 4,2043,6459855,-;audit_log_lost: 90 callbacks suppressed
12-31 16:00:06.445  2783  2783 D MTK_KL  : 4,2044,6459859,-;audit: audit_lost=31 audit_rate_limit=5 audit_backlog_limit=64
12-31 16:00:06.445  2783  2783 D MTK_KL  : 3,2045,6459863,-;audit: rate limit exceeded
12-31 16:00:06.446  2723  2937 D vsyncbridge: enter handle_thread_mi
12-31 16:00:06.448  2701  2701 W AshmemAllocator: ashmem_create_region(840) returning hidl_memory(0xb5d16170, 840)
12-31 16:00:06.448  2701  2701 W AshmemAllocator: ashmem_create_region(840) returning hidl_memory(0xb5d16170, 840)
12-31 16:00:06.448  2701  2701 W AshmemAllocator: ashmem_create_region(64) returning hidl_memory(0xb5d16170, 64)
12-31 16:00:06.449  2782  2782 D vsyncbridge: mmDispInit Done
12-31 16:00:06.449  2782  2782 D vsyncbridge: MmDispWrapperInit : Regsiter hidl death notification[WinID 2] with pid = 2782 
12-31 16:00:06.451  2723  2925 D vsyncbridge: GRM Create component, win: 3
12-31 16:00:06.451  2729  2729 I GRM     : Create Component: Vsyncbridge.MM
12-31 16:00:06.451  2729  2729 I GRM     : IMtkRmClientCreateComponent(41)
12-31 16:00:06.451  2729  2729 I GRM     : <RPC> z_offs=196
12-31 16:00:06.451  2729  2729 I GRM     : <RPC> z_offs=236
12-31 16:00:06.451  2769  2932 I GRM     : MtkRmServiceCreateComponent.1989, create component Vsyncbridge.MM(0xaf5ae0f0) exit...
12-31 16:00:06.451  2769  2932 I GRM     : MtkRmServiceCreateComponent.1998, create component exit...
12-31 16:00:06.451  2729  2729 I GRM     : IMtkRmClientCreateComponent.49, RET: 0
12-31 16:00:06.451  2729  2729 I GRM     : Return Component: thiz = 0x0xb1597660.
12-31 16:00:06.452  2723  2940 D vsyncbridge: enter Timer_thread
12-31 16:00:06.457  2723  2939 D vsyncbridge: enter handle_thread_mi
12-31 16:00:06.458  2701  2701 W AshmemAllocator: ashmem_create_region(840) returning hidl_memory(0xb5d16170, 840)
12-31 16:00:06.458  2701  2701 W AshmemAllocator: ashmem_create_region(840) returning hidl_memory(0xb5d16170, 840)
12-31 16:00:06.459  2701  2701 W AshmemAllocator: ashmem_create_region(64) returning hidl_memory(0xb5d16170, 64)
12-31 16:00:06.459  2782  2782 D vsyncbridge: mmDispInit Done
12-31 16:00:06.459  2782  2782 D vsyncbridge: MmDispWrapperInit : Regsiter hidl death notification[WinID 3] with pid = 2782 
12-31 16:00:06.461  2677  2677 I zygote  : VerifyImage: /system/bin/patchoat --input-image-location=/system/framework/boot.art --output-image-directory=/data/dalvik-cache/arm --instruction-set=arm --verify
12-31 16:00:06.461  2723  2925 D vsyncbridge: GRM Create component, win: 4
12-31 16:00:06.462  2729  2729 I GRM     : Create Component: Vsyncbridge.MM
12-31 16:00:06.462  2729  2729 I GRM     : IMtkRmClientCreateComponent(41)
12-31 16:00:06.462  2729  2729 I GRM     : <RPC> z_offs=196
12-31 16:00:06.462  2729  2729 I GRM     : <RPC> z_offs=236
12-31 16:00:06.462  2769  2932 I GRM     : MtkRmServiceCreateComponent.1989, create component Vsyncbridge.MM(0xaf5ae140) exit...
12-31 16:00:06.462  2769  2932 I GRM     : MtkRmServiceCreateComponent.1998, create component exit...
12-31 16:00:06.462  2729  2729 I GRM     : IMtkRmClientCreateComponent.49, RET: 0
12-31 16:00:06.462  2729  2729 I GRM     : Return Component: thiz = 0x0xb1597720.
12-31 16:00:06.466  2723  2941 D vsyncbridge: enter handle_thread_mi
12-31 16:00:06.466  2723  2942 D vsyncbridge: enter Timer_thread
12-31 16:00:06.468  2701  2701 W AshmemAllocator: ashmem_create_region(840) returning hidl_memory(0xb5d16170, 840)
12-31 16:00:06.470  2701  2701 W AshmemAllocator: ashmem_create_region(840) returning hidl_memory(0xb5d16170, 840)
12-31 16:00:06.470  2701  2701 W AshmemAllocator: ashmem_create_region(64) returning hidl_memory(0xb5d16170, 64)
12-31 16:00:06.471  2782  2782 D vsyncbridge: mmDispInit Done
12-31 16:00:06.471  2782  2782 D vsyncbridge: MmDispWrapperInit : Regsiter hidl death notification[WinID 4] with pid = 2782 
12-31 16:00:06.473  2723  2925 D vsyncbridge: GRM Create component, win: 5
12-31 16:00:06.473  2729  2729 I GRM     : Create Component: Vsyncbridge.MM
12-31 16:00:06.473  2729  2729 I GRM     : IMtkRmClientCreateComponent(41)
12-31 16:00:06.473  2729  2729 I GRM     : <RPC> z_offs=196
12-31 16:00:06.473  2729  2729 I GRM     : <RPC> z_offs=236
12-31 16:00:06.473  2769  2932 I GRM     : MtkRmServiceCreateComponent.1989, create component Vsyncbridge.MM(0xaf5ae190) exit...
12-31 16:00:06.473  2769  2932 I GRM     : MtkRmServiceCreateComponent.1998, create component exit...
12-31 16:00:06.473  2729  2729 I GRM     : IMtkRmClientCreateComponent.49, RET: 0
12-31 16:00:06.473  2729  2729 I GRM     : Return Component: thiz = 0x0xb15977e0.
12-31 16:00:06.476  2723  2945 D vsyncbridge: enter Timer_thread
12-31 16:00:06.478  2723  2944 D vsyncbridge: enter handle_thread_mi
12-31 16:00:06.479  2701  2701 W AshmemAllocator: ashmem_create_region(840) returning hidl_memory(0xb5d16170, 840)
12-31 16:00:06.480  2701  2701 W AshmemAllocator: ashmem_create_region(840) returning hidl_memory(0xb5d16170, 840)
12-31 16:00:06.480  2701  2701 W AshmemAllocator: ashmem_create_region(64) returning hidl_memory(0xb5d16170, 64)
12-31 16:00:06.480  2782  2782 D vsyncbridge: mmDispInit Done
12-31 16:00:06.480  2782  2782 D vsyncbridge: MmDispWrapperInit : Regsiter hidl death notification[WinID 5] with pid = 2782 
12-31 16:00:06.482  2723  2925 D vsyncbridge: GRM Create component, win: 6
12-31 16:00:06.483  2729  2729 I GRM     : Create Component: Vsyncbridge.MM
12-31 16:00:06.483  2729  2729 I GRM     : IMtkRmClientCreateComponent(41)
12-31 16:00:06.483  2729  2729 I GRM     : <RPC> z_offs=196
12-31 16:00:06.483  2729  2729 I GRM     : <RPC> z_offs=236
12-31 16:00:06.483  2769  2932 I GRM     : MtkRmServiceCreateComponent.1989, create component Vsyncbridge.MM(0xaf5ae1e0) exit...
12-31 16:00:06.483  2769  2932 I GRM     : MtkRmServiceCreateComponent.1998, create component exit...
12-31 16:00:06.483  2729  2729 I GRM     : IMtkRmClientCreateComponent.49, RET: 0
12-31 16:00:06.483  2729  2729 I GRM     : Return Component: thiz = 0x0xb15978a0.
12-31 16:00:06.484  2723  2947 D vsyncbridge: enter Timer_thread
12-31 16:00:06.488  2723  2946 D vsyncbridge: enter handle_thread_mi
12-31 16:00:06.493  2701  2701 W AshmemAllocator: ashmem_create_region(840) returning hidl_memory(0xb5d16170, 840)
12-31 16:00:06.494  2701  2701 W AshmemAllocator: ashmem_create_region(840) returning hidl_memory(0xb5d16170, 840)
12-31 16:00:06.494  2701  2701 W AshmemAllocator: ashmem_create_region(64) returning hidl_memory(0xb5d16170, 64)
12-31 16:00:06.494  2782  2782 D vsyncbridge: mmDispInit Done
12-31 16:00:06.494  2782  2782 D vsyncbridge: MmDispWrapperInit : Regsiter hidl death notification[WinID 6] with pid = 2782 
12-31 16:00:06.496  2723  2925 D vsyncbridge: GRM Create component, win: 7
12-31 16:00:06.497  2729  2729 I GRM     : Create Component: Vsyncbridge.MM
12-31 16:00:06.497  2729  2729 I GRM     : IMtkRmClientCreateComponent(41)
12-31 16:00:06.497  2729  2729 I GRM     : <RPC> z_offs=196
12-31 16:00:06.497  2729  2729 I GRM     : <RPC> z_offs=236
12-31 16:00:06.497  2769  2932 I GRM     : MtkRmServiceCreateComponent.1989, create component Vsyncbridge.MM(0xaf5ae230) exit...
12-31 16:00:06.497  2769  2932 I GRM     : MtkRmServiceCreateComponent.1998, create component exit...
12-31 16:00:06.497  2729  2729 I GRM     : IMtkRmClientCreateComponent.49, RET: 0
12-31 16:00:06.497  2729  2729 I GRM     : Return Component: thiz = 0x0xb1597960.
12-31 16:00:06.499  2723  2948 D vsyncbridge: enter handle_thread_mi
12-31 16:00:06.500  2723  2949 D vsyncbridge: enter Timer_thread
12-31 16:00:06.503  2943  2943 E cutils-trace: Error opening trace file: No such file or directory (2)
12-31 16:00:06.507  2943  2943 W patchoat: Could not reserve sentinel fault page
12-31 16:00:06.511  2701  2701 W AshmemAllocator: ashmem_create_region(840) returning hidl_memory(0xb5d16170, 840)
12-31 16:00:06.511  2701  2701 W AshmemAllocator: ashmem_create_region(840) returning hidl_memory(0xb5d16170, 840)
12-31 16:00:06.511  2701  2701 W AshmemAllocator: ashmem_create_region(64) returning hidl_memory(0xb5d16170, 64)
12-31 16:00:06.512  2782  2782 D vsyncbridge: mmDispInit Done
12-31 16:00:06.512  2782  2782 D vsyncbridge: MmDispWrapperInit : Regsiter hidl death notification[WinID 7] with pid = 2782 
12-31 16:00:06.517  2723  2925 D vsyncbridge: GRM Create component, win: 8
12-31 16:00:06.518  2729  2729 I GRM     : Create Component: Vsyncbridge.MM
12-31 16:00:06.518  2729  2729 I GRM     : IMtkRmClientCreateComponent(41)
12-31 16:00:06.518  2729  2729 I GRM     : <RPC> z_offs=196
12-31 16:00:06.518  2729  2729 I GRM     : <RPC> z_offs=236
12-31 16:00:06.518  2769  2932 I GRM     : MtkRmServiceCreateComponent.1989, create component Vsyncbridge.MM(0xaf5ae280) exit...
12-31 16:00:06.518  2769  2932 I GRM     : MtkRmServiceCreateComponent.1998, create component exit...
12-31 16:00:06.518  2729  2729 I GRM     : IMtkRmClientCreateComponent.49, RET: 0
12-31 16:00:06.518  2729  2729 I GRM     : Return Component: thiz = 0x0xb1597a20.
12-31 16:00:06.519  2723  2951 D vsyncbridge: enter Timer_thread
12-31 16:00:06.520  2697  2697 I ServiceManager: Waiting for vendor service TrapezoidCorrect...
12-31 16:00:06.524  2723  2950 D vsyncbridge: enter handle_thread_mi
12-31 16:00:06.526  2701  2701 W AshmemAllocator: ashmem_create_region(840) returning hidl_memory(0xb5d16170, 840)
12-31 16:00:06.526  2701  2701 W AshmemAllocator: ashmem_create_region(840) returning hidl_memory(0xb5d16170, 840)
12-31 16:00:06.527  2701  2701 W AshmemAllocator: ashmem_create_region(64) returning hidl_memory(0xb5d16170, 64)
12-31 16:00:06.527  2782  2782 D vsyncbridge: mmDispInit Done
12-31 16:00:06.527  2782  2782 D vsyncbridge: MmDispWrapperInit : Regsiter hidl death notification[WinID 8] with pid = 2782 
12-31 16:00:06.527  2782  2782 E MS_OMX_CORE: MsVdecSupportWaitHashkeyReady() == TRUE
12-31 16:00:06.527  2782  2782 I chatty  : uid=1046(mediacodec) omx@1.0-service identical 1 line
12-31 16:00:06.527  2782  2782 E MS_OMX_CORE: MsVdecSupportWaitHashkeyReady() == TRUE
12-31 16:00:06.527  2782  2782 D OMX_WRAPPER_MI3: Codec[4] not support, 0x5139ce.
12-31 16:00:06.527  2782  2782 E MS_OMX_CORE: MsVdecSupportWaitHashkeyReady() == TRUE
12-31 16:00:06.527  2782  2782 D OMX_WRAPPER_MI3: Codec[5] not support, 0x5139ce.
12-31 16:00:06.527  2782  2782 E MS_OMX_CORE: MsVdecSupportWaitHashkeyReady() == TRUE
12-31 16:00:06.527  2782  2782 I chatty  : uid=1046(mediacodec) omx@1.0-service identical 4 lines
12-31 16:00:06.527  2782  2782 E MS_OMX_CORE: MsVdecSupportWaitHashkeyReady() == TRUE
12-31 16:00:06.527  2782  2782 D OMX_WRAPPER_MI3: Codec[14] not support, 0x5139ce.
12-31 16:00:06.527  2782  2782 E MS_OMX_CORE: MsVdecSupportWaitHashkeyReady() == TRUE
12-31 16:00:06.527  2782  2782 I chatty  : uid=1046(mediacodec) omx@1.0-service identical 5 lines
12-31 16:00:06.527  2782  2782 E MS_OMX_CORE: MsVdecSupportWaitHashkeyReady() == TRUE
12-31 16:00:06.527  2782  2782 D OMX_WRAPPER_MI3: Codec[19] not support, 0x5139ce.
12-31 16:00:06.527  2782  2782 E MS_OMX_CORE: MsVdecSupportWaitHashkeyReady() == TRUE
12-31 16:00:06.528  2782  2782 D OMX_WRAPPER_MI3: Codec[19] not support, 0x5139ce.
12-31 16:00:06.528  2782  2782 E MS_OMX_CORE: MsVdecSupportWaitHashkeyReady() == TRUE
12-31 16:00:06.528  2782  2782 D OMX_WRAPPER_MI3: Codec[23] not support, 0x5139ce.
12-31 16:00:06.528  2782  2782 E MS_OMX_CORE: MsVdecSupportWaitHashkeyReady() == TRUE
12-31 16:00:06.528  2782  2782 I chatty  : uid=1046(mediacodec) omx@1.0-service identical 16 lines
12-31 16:00:06.528  2782  2782 E MS_OMX_CORE: MsVdecSupportWaitHashkeyReady() == TRUE
12-31 16:00:06.528  2782  2782 D OMX_WRAPPER_MI3: Codec[18] not support, 0x5139ce.
12-31 16:00:06.528  2782  2782 E MS_OMX_CORE: MsVdecSupportWaitHashkeyReady() == TRUE
12-31 16:00:06.528  2782  2782 D OMX_WRAPPER_MI3: Codec[18] not support, 0x5139ce.
12-31 16:00:06.528  2782  2782 E MS_OMX_CORE: MsVdecSupportWaitHashkeyReady() == TRUE
12-31 16:00:06.528  2782  2782 D OMX_WRAPPER_MI3: Codec[24] not support, 0x5139ce.
12-31 16:00:06.528  2782  2782 E MS_OMX_CORE: MsVdecSupportWaitHashkeyReady() == TRUE
12-31 16:00:06.528  2782  2782 I chatty  : uid=1046(mediacodec) omx@1.0-service identical 3 lines
12-31 16:00:06.528  2782  2782 E MS_OMX_CORE: MsVdecSupportWaitHashkeyReady() == TRUE
12-31 16:00:06.528  2782  2782 D OMX_WRAPPER_MI3: Codec[21] not support, 0x5139ce.
12-31 16:00:06.528  2782  2782 E MS_OMX_CORE: MsVdecSupportWaitHashkeyReady() == TRUE
12-31 16:00:06.528  2782  2782 D OMX_WRAPPER_MI3: Codec[10] not support, 0x5139ce.
12-31 16:00:06.528  2782  2782 E MS_OMX_CORE: MsVdecSupportWaitHashkeyReady() == TRUE
12-31 16:00:06.528  2782  2782 D OMX_WRAPPER_MI3: Codec[15] not support, 0x5139ce.
12-31 16:00:06.528  2782  2782 E MS_OMX_CORE: MsVdecSupportWaitHashkeyReady() == TRUE
12-31 16:00:06.528  2782  2782 D OMX_WRAPPER_MI3: Codec[17] not support, 0x5139ce.
12-31 16:00:06.528  2782  2782 E MS_OMX_CORE: MsVdecSupportWaitHashkeyReady() == TRUE
12-31 16:00:06.528  2782  2782 D OMX_WRAPPER_MI3: Codec[17] not support, 0x5139ce.
12-31 16:00:06.528  2782  2782 E MS_OMX_CORE: MsVdecSupportWaitHashkeyReady() == TRUE
12-31 16:00:06.529  2782  2782 I chatty  : uid=1046(mediacodec) omx@1.0-service identical 6 lines
12-31 16:00:06.529  2782  2782 E MS_OMX_CORE: MsVdecSupportWaitHashkeyReady() == TRUE
12-31 16:00:06.532  2782  2782 E MstarVencApi: E_MI_SYS_MMAP_ID_VIDEO_ENCODER has no layout
12-31 16:00:06.532  2782  2782 D MS_OMX_CORE: MS OMX Component List Begin
12-31 16:00:06.532  2782  2782 D MS_OMX_CORE: [0]VDEC:OMX.MS.AVS.Decoder: 1 Role(s):
12-31 16:00:06.532  2782  2782 D MS_OMX_CORE:   (0)video_decoder.avs
12-31 16:00:06.532  2782  2782 D MS_OMX_CORE: [1]VDEC:OMX.MS.AVS2.Decoder: 1 Role(s):
12-31 16:00:06.532  2782  2782 D MS_OMX_CORE:   (0)video_decoder.avs2
12-31 16:00:06.532  2782  2782 D MS_OMX_CORE: [2]VDEC:OMX.MS.FLV.Decoder: 1 Role(s):
12-31 16:00:06.532  2782  2782 D MS_OMX_CORE:   (0)video_decoder.flv
12-31 16:00:06.532  2782  2782 D MS_OMX_CORE: [3]VDEC:OMX.MS.VC1.Decoder: 1 Role(s):
12-31 16:00:06.532  2782  2782 D MS_OMX_CORE:   (0)video_decoder.vc1
12-31 16:00:06.532  2782  2782 D MS_OMX_CORE: [4]VDEC:OMX.MS.AVC.Decoder: 1 Role(s):
12-31 16:00:06.532  2782  2782 D MS_OMX_CORE:   (0)video_decoder.avc
12-31 16:00:06.532  2782  2782 D MS_OMX_CORE: [5]VDEC:OMX.MS.AVC.Decoder.secure: 1 Role(s):
12-31 16:00:06.532  2782  2782 D MS_OMX_CORE:   (0)video_decoder.avc
12-31 16:00:06.532  2782  2782 D MS_OMX_CORE: [6]VDEC:OMX.MS.AVC.Decoder.hdcp.secure: 1 Role(s):
12-31 16:00:06.532  2782  2782 D MS_OMX_CORE:   (0)video_decoder.avc
12-31 16:00:06.532  2782  2782 D MS_OMX_CORE: [7]VDEC:OMX.MS.HEVC.Decoder: 1 Role(s):
12-31 16:00:06.532  2782  2782 D MS_OMX_CORE:   (0)video_decoder.hevc
12-31 16:00:06.532  2782  2782 D MS_OMX_CORE: [8]VDEC:OMX.MS.HEVC.Decoder.secure: 1 Role(s):
12-31 16:00:06.532  2782  2782 D MS_OMX_CORE:   (0)video_decoder.hevc
12-31 16:00:06.532  2782  2782 D MS_OMX_CORE: [9]VDEC:OMX.MS.MPEG1.Decoder: 1 Role(s):
12-31 16:00:06.532  2782  2782 D MS_OMX_CORE:   (0)video_decoder.mpeg1
12-31 16:00:06.532  2782  2782 D MS_OMX_CORE: [10]VDEC:OMX.MS.MPEG2.Decoder: 1 Role(s):
12-31 16:00:06.532  2782  2782 D MS_OMX_CORE:   (0)video_decoder.mpeg2
12-31 16:00:06.532  2782  2782 D MS_OMX_CORE: [11]VDEC:OMX.MS.M4V.Decoder: 1 Role(s):
12-31 16:00:06.532  2782  2782 D MS_OMX_CORE:   (0)video_decoder.mpeg4
12-31 16:00:06.532  2782  2782 D MS_OMX_CORE: [12]VDEC:OMX.MS.H263.Decoder: 1 Role(s):
12-31 16:00:06.532  2782  2782 D MS_OMX_CORE:   (0)video_decoder.h263
12-31 16:00:06.532  2782  2782 D MS_OMX_CORE: [13]VDEC:OMX.MS.AV1.Decoder: 1 Role(s):
12-31 16:00:06.532  2782  2782 D MS_OMX_CORE:   (0)video_decoder.av1
12-31 16:00:06.532  2782  2782 D MS_OMX_CORE: [14]VDEC:OMX.MS.AV1.Decoder.secure: 1 Role(s):
12-31 16:00:06.532  2782  2782 D MS_OMX_CORE:   (0)video_decoder.av1
12-31 16:00:06.532  2782  2782 D MS_OMX_CORE: [15]ADEC:OMX.MS.AAC.Decoder: 2 Role(s):
12-31 16:00:06.532  2782  2782 D MS_OMX_CORE:   (0)audio_decoder.aac
12-31 16:00:06.532  2782  2782 D MS_OMX_CORE:   (1)audio_decoder.hwaac
12-31 16:00:06.532  2782  2782 D MS_OMX_CORE: [16]ADEC:OMX.MS.AAC.Decoder.secure: 2 Role(s):
12-31 16:00:06.532  2782  2782 D MS_OMX_CORE:   (0)audio_decoder.aac
12-31 16:00:06.532  2782  2782 D MS_OMX_CORE:   (1)audio_decoder.hwaac
12-31 16:00:06.532  2782  2782 D MS_OMX_CORE: [17]ADEC:OMX.MS.ADPCM.Decoder: 3 Role(s):
12-31 16:00:06.532  2782  2782 D MS_OMX_CORE:   (0)audio_decoder.adpcm
12-31 16:00:06.532  2782  2782 D MS_OMX_CORE:   (1)audio_decoder.adpcmms
12-31 16:00:06.532  2782  2782 D MS_OMX_CORE:   (2)audio_decoder.adpcmima
12-31 16:00:06.532  2782  2782 D MS_OMX_CORE: [18]ADEC:OMX.MS.DRA.Decoder: 1 Role(s):
12-31 16:00:06.532  2782  2782 D MS_OMX_CORE:   (0)audio_decoder.dra
12-31 16:00:06.532  2782  2782 D MS_OMX_CORE: [19]ADEC:OMX.MS.FLAC.Decoder: 1 Role(s):
12-31 16:00:06.532  2782  2782 D MS_OMX_CORE:   (0)audio_decoder.flac
12-31 16:00:06.532  2782  2782 D MS_OMX_CORE: [20]ADEC:OMX.MS.LPCM.Decoder: 1 Role(s):
12-31 16:00:06.532  2782  2782 D MS_OMX_CORE:   (0)audio_decoder.lpcm
12-31 16:00:06.532  2782  2782 D MS_OMX_CORE: [21]ADEC:OMX.MS.VORBIS.Decoder: 1 Role(s):
12-31 16:00:06.532  2782  2782 D MS_OMX_CORE:   (0)audio_decoder.vorbis
12-31 16:00:06.532  2782  2782 D MS_OMX_CORE: [22]VDEC:OMX.MS.MJPG.Decoder: 1 Role(s):
12-31 16:00:06.532  2782  2782 D MS_OMX_CORE:   (0)video_decoder.mjpeg
12-31 16:00:06.533  2782  2782 D MS_OMX_CORE: [23]VDEC:OMX.MS.WMV3.Decoder: 1 Role(s):
12-31 16:00:06.533  2782  2782 D MS_OMX_CORE:   (0)video_decoder.wmv
12-31 16:00:06.533  2782  2782 D MS_OMX_CORE: [24]ADEC:OMX.MS.Passthrough.Decoder: 1 Role(s):
12-31 16:00:06.533  2782  2782 D MS_OMX_CORE:   (0)audio_render.passthrough
12-31 16:00:06.533  2782  2782 D MS_OMX_CORE: [25]ADEC:OMX.MS.AC3.Decoder: 4 Role(s):
12-31 16:00:06.533  2782  2782 D MS_OMX_CORE:   (0)audio_decoder.ac3
12-31 16:00:06.533  2782  2782 D MS_OMX_CORE:   (1)audio_decoder.ac3p
12-31 16:00:06.533  2782  2782 D MS_OMX_CORE:   (2)audio_decoder.eac3
12-31 16:00:06.533  2782  2782 D MS_OMX_CORE:   (3)audio_decoder.eac3_joc
12-31 16:00:06.533  2782  2782 D MS_OMX_CORE: [26]ADEC:OMX.MS.AC3.Decoder.secure: 3 Role(s):
12-31 16:00:06.533  2782  2782 D MS_OMX_CORE:   (0)audio_decoder.ac3
12-31 16:00:06.533  2782  2782 D MS_OMX_CORE:   (1)audio_decoder.ac3p
12-31 16:00:06.533  2782  2782 D MS_OMX_CORE:   (2)audio_decoder.eac3
12-31 16:00:06.533  2782  2782 D MS_OMX_CORE: [27]ADEC:OMX.MS.MP1.Decoder: 3 Role(s):
12-31 16:00:06.533  2782  2782 D MS_OMX_CORE:   (0)audio_decoder.mp3
12-31 16:00:06.533  2782  2782 D MS_OMX_CORE:   (1)audio_decoder.mp2
12-31 16:00:06.533  2782  2782 D MS_OMX_CORE:   (2)audio_decoder.mp1
12-31 16:00:06.533  2782  2782 D MS_OMX_CORE: [28]ADEC:OMX.MS.MP2.Decoder: 3 Role(s):
12-31 16:00:06.533  2782  2782 D MS_OMX_CORE:   (0)audio_decoder.mp3
12-31 16:00:06.533  2782  2782 D MS_OMX_CORE:   (1)audio_decoder.mp2
12-31 16:00:06.533  2782  2782 D MS_OMX_CORE:   (2)audio_decoder.mp1
12-31 16:00:06.533  2782  2782 D MS_OMX_CORE: [29]ADEC:OMX.MS.MP3.Decoder: 3 Role(s):
12-31 16:00:06.533  2782  2782 D MS_OMX_CORE:   (0)audio_decoder.mp3
12-31 16:00:06.533  2782  2782 D MS_OMX_CORE:   (1)audio_decoder.mp2
12-31 16:00:06.533  2782  2782 D MS_OMX_CORE:   (2)audio_decoder.mp1
12-31 16:00:06.533  2782  2782 D MS_OMX_CORE: MS OMX Component List End
12-31 16:00:06.538  2782  2782 W MediaCodecsXmlParser: unable to open media codecs configuration xml file: /data/misc/media/media_codecs_profiling_results.xml
12-31 16:00:06.538  2782  2782 W MediaCodecsXmlParser: parseTopLevelXMLFile(/data/misc/media/media_codecs_profiling_results.xml) failed
12-31 16:00:06.539  2782  2782 I ServiceManagement: Removing namespace from process name android.hardware.media.omx@1.0-service to omx@1.0-service.
12-31 16:00:06.541  2782  2782 I media.codec: IOmx HAL service created.
12-31 16:00:06.547  2697  2697 D ServiceManager: #00 pc 000306e9  /system/lib/vndk-28/libbinder.so (android::BpServiceManager::getService(android::String16 const&) const+380)
12-31 16:00:06.547  2697  2697 D ServiceManager: #01 pc 00001b37  /vendor/lib/libtrapezoidClient.so (_ZN7android10getServiceINS_24ITrapezoidCorrectServiceEEEiRKNS_8String16EPNS_2spIT_EE+38)
12-31 16:00:06.547  2697  2697 D ServiceManager: #02 pc 00001ac3  /vendor/lib/libtrapezoidClient.so (android::TrapezoidClient::getTrapezoidService()+46)
12-31 16:00:06.547  2697  2697 D ServiceManager: #03 pc 000014e1  /vendor/bin/trapezoidTest (main+56)
12-31 16:00:06.547  2697  2697 D ServiceManager: #04 pc 00087e31  /system/lib/libc.so (__libc_init+48)
12-31 16:00:06.547  2697  2697 D ServiceManager: #05 pc 00001487  /vendor/bin/trapezoidTest (_start_main+38)
12-31 16:00:06.547  2697  2697 D ServiceManager: #06 pc 00000306  <anonymous:b6013000>
12-31 16:00:06.581  2781  2953 E cutils-trace: Error opening trace file: No such file or directory (2)
12-31 16:00:06.648  2697  2697 I ServiceManager: Waiting for vendor service TrapezoidCorrect...
12-31 16:00:06.665  2697  2697 D ServiceManager: #00 pc 000306e9  /system/lib/vndk-28/libbinder.so (android::BpServiceManager::getService(android::String16 const&) const+380)
12-31 16:00:06.665  2697  2697 D ServiceManager: #01 pc 00001b37  /vendor/lib/libtrapezoidClient.so (_ZN7android10getServiceINS_24ITrapezoidCorrectServiceEEEiRKNS_8String16EPNS_2spIT_EE+38)
12-31 16:00:06.665  2697  2697 D ServiceManager: #02 pc 00001ac3  /vendor/lib/libtrapezoidClient.so (android::TrapezoidClient::getTrapezoidService()+46)
12-31 16:00:06.665  2697  2697 D ServiceManager: #03 pc 000014e1  /vendor/bin/trapezoidTest (main+56)
