12-31 16:00:04.712  2768  2768 D         : voice_conf_parse_config line:Ver=0000
12-31 16:00:04.712  2768  2768 I         : voice_conf_parse_config Find Item[Rcu:Ver=0000]
12-31 16:00:04.712  2768  2768 D         : voice_conf_parse_config line:[ReportID]
12-31 16:00:04.712  2768  2768 I         : voice_conf_parse_config Find Group[ReportID]
12-31 16:00:04.712  2768  2768 D         : voice_conf_parse_config line:Key=1
12-31 16:00:04.712  2768  2768 I         : voice_conf_parse_config Find Item[ReportID:Key=1]
12-31 16:00:04.712  2768  2768 D         : voice_conf_parse_config line:Data=5a
12-31 16:00:04.712  2768  2768 I         : voice_conf_parse_config Find Item[ReportID:Data=5a]
12-31 16:00:04.712  2768  2768 D         : voice_conf_parse_config line:Cmd=5a
12-31 16:00:04.712  2768  2768 I         : voice_conf_parse_config Find Item[ReportID:Cmd=5a]
12-31 16:00:04.712  2768  2768 D         : voice_conf_parse_config line:[ReportValue]
12-31 16:00:04.712  2768  2768 I         : voice_conf_parse_config Find Group[ReportValue]
12-31 16:00:04.712  2768  2768 D         : voice_conf_parse_config line:KeyDownLen=8
12-31 16:00:04.712  2768  2768 I         : voice_conf_parse_config Find Item[ReportValue:KeyDownLen=8]
12-31 16:00:04.712  2768  2768 D         : voice_conf_parse_config line:KeyDown=0,0,3e,0,0,0,0,0;
12-31 16:00:04.712  2768  2768 I         : voice_conf_parse_config Find Item[ReportValue:KeyDown=0,0,3e,0,0,0,0,0;]
12-31 16:00:04.712  2768  2768 D         : voice_conf_parse_config line:KeyUpLen=8
12-31 16:00:04.712  2768  2768 I         : voice_conf_parse_config Find Item[ReportValue:KeyUpLen=8]
12-31 16:00:04.712  2768  2768 D         : voice_conf_parse_config line:KeyUp=0,0,0,0,0,0,0,0;
12-31 16:00:04.712  2768  2768 I         : voice_conf_parse_config Find Item[ReportValue:KeyUp=0,0,0,0,0,0,0,0;]
12-31 16:00:04.712  2768  2768 D         : voice_conf_parse_config line:[Settings]
12-31 16:00:04.712  2768  2768 I         : voice_conf_parse_config Find Group[Settings]
12-31 16:00:04.712  2768  2768 D         : voice_conf_parse_config line:DecodeType=1
12-31 16:00:04.712  2768  2768 I         : voice_conf_parse_config Find Item[Settings:DecodeType=1]
12-31 16:00:04.712  2768  2768 D         : voice_conf_parse_config line:DataMask=1
12-31 16:00:04.712  2768  2768 I         : voice_conf_parse_config Find Item[Settings:DataMask=1]
12-31 16:00:04.712  2768  2768 D         : voice_conf_parse_config line:AutoCmd=1
12-31 16:00:04.712  2768  2768 I         : voice_conf_parse_config Find Item[Settings:AutoCmd=1]
12-31 16:00:04.712  2768  2768 D         : use config VID: 005d
12-31 16:00:04.712  2768  2768 D         : use config PID: 0002
12-31 16:00:04.712  2768  2768 D         : use config version: 0000
12-31 16:00:04.712  2768  2768 D         : use config key report id: 01
12-31 16:00:04.712  2768  2768 D         : use config data report id: 5a
12-31 16:00:04.712  2768  2768 D         : use config cmd report id: 5a
12-31 16:00:04.712  2768  2768 D         : use config keydown len: 8
12-31 16:00:04.713  2768  2768 D         : key down data:
12-31 16:00:04.713  2768  2768 D         : data[0] = 00
12-31 16:00:04.713  2768  2768 D         : data[1] = 00
12-31 16:00:04.713  2768  2768 D         : data[2] = 3e
12-31 16:00:04.713  2768  2768 D         : data[3] = 00
12-31 16:00:04.713  2768  2768 D         : data[4] = 00
12-31 16:00:04.713  2768  2768 D         : data[5] = 00
12-31 16:00:04.713  2768  2768 D         : data[6] = 00
12-31 16:00:04.713  2768  2768 D         : data[7] = 00
12-31 16:00:04.713  2768  2768 D         : use config keyup len: 8
12-31 16:00:04.713  2768  2768 D         : key up data:
12-31 16:00:04.713  2768  2768 D         : data[0] = 00
12-31 16:00:04.713  2768  2768 D         : data[1] = 00
12-31 16:00:04.713  2768  2768 D         : data[2] = 00
12-31 16:00:04.713  2768  2768 D         : data[3] = 00
12-31 16:00:04.713  2768  2768 D         : data[4] = 00
12-31 16:00:04.713  2768  2768 D         : data[5] = 00
12-31 16:00:04.713  2768  2768 D         : data[6] = 00
12-31 16:00:04.713  2768  2768 D         : data[7] = 00
12-31 16:00:04.713  2768  2768 D         : use config decode type: 1
12-31 16:00:04.713  2768  2768 D         : use config data mask: 1
12-31 16:00:04.713  2768  2768 D         : use config autocmd status: 1
12-31 16:00:04.713  2768  2768 D         : UIPC_Init(L566): UIPC_Init
12-31 16:00:04.713  2768  2768 D         : uipc_main_init(L200): ### uipc_main_init ###
12-31 16:00:04.713  2768  2768 D         : UIPC_Open(L591): UIPC_Open : ch_id 0, p_cback 0x2ec0085
12-31 16:00:04.713  2768  2768 D         : uipc_setup_server_locked(L328): SETUP CHANNEL SERVER 0
12-31 16:00:04.713  2768  2768 I         : create_server_socket(L134): create_server_socket /data/misc/bluedroid/.voice_ctrl
12-31 16:00:04.713  2768  2768 I         : create_server_socket(L150): created socket fd 6
12-31 16:00:04.713  2768  2768 D         : uipc_setup_server_locked(L344): ADD SERVER FD TO ACTIVE SET 6
12-31 16:00:04.713  2768  2768 I         : uipc_wakeup_locked(L320): UIPC SEND WAKE UP
12-31 16:00:04.713  2768  2768 D         : UIPC_Open(L591): UIPC_Open : ch_id 1, p_cback 0x2ec066d
12-31 16:00:04.713  2768  2768 D         : uipc_setup_server_locked(L328): SETUP CHANNEL SERVER 1
12-31 16:00:04.713  2768  2768 I         : create_server_socket(L134): create_server_socket /data/misc/bluedroid/.voice_data
12-31 16:00:04.714  2769  2769 I GRM     : MTVDEC_Init Success.
12-31 16:00:04.714  2769  2769 E GRM     : MTB2R_Init Fail, ret = -1
12-31 16:00:04.715  2768  2768 I         : create_server_socket(L150): created socket fd 7
12-31 16:00:04.715  2768  2768 D         : uipc_setup_server_locked(L344): ADD SERVER FD TO ACTIVE SET 7
12-31 16:00:04.715  2768  2768 I         : uipc_wakeup_locked(L320): UIPC SEND WAKE UP
12-31 16:00:04.717  2783  2783 D MTK_KL  : 4,1842,4731974,c;[VDEC]MTGVDEC_Init 2494
12-31 16:00:04.717  2783  2783 D MTK_KL  : 4,1843,4732028,-;<MI3_WARN>_MI_SVP_Init: Module has been inited!
12-31 16:00:04.737  2783  2783 D MTK_KL  : 6,1844,4753663,-;Adding 511996k swap on /dev/block/zram0.  Priority:0 extents:1 across:511996k SS
12-31 16:00:04.742  2769  2769 D MTAL    : MTVENC_Init() fail, ret=-2
12-31 16:00:04.742  2769  2769 E GRM     : MTVENC_Init Fail, ret = -2
12-31 16:00:04.744  2783  2783 D MTK_KL  : 4,1845,4760195,-;un-supported mtal ioctl: (NAME: MTAL_IOCTYPE_MTVENC DIR: 00000001 SIZE: 00000004 TYPE: 00000029 NR: 00000000)
12-31 16:00:04.744  2783  2783 D MTK_KL  : 3,1846,4760383,-;[HVD][ERR]MDrv_HVD_EX_GetCodecProfileCapInfo:
12-31 16:00:04.744  2783  2783 D MTK_KL  : 3,1847,4760387,-;GetCodecProfileCapInfo CodecSuportByHashKey fail!! (4 0)
12-31 16:00:04.744  2783  2783 D MTK_KL  : 3,1848,4760390,-;[HVD][ERR]MDrv_HVD_EX_GetCodecProfileCapInfo:
12-31 16:00:04.744  2783  2783 D MTK_KL  : 3,1849,4760392,-;GetCodecProfileCapInfo CodecSuportByHashKey fail!! (5 0)
12-31 16:00:04.744  2783  2783 D MTK_KL  : 3,1850,4760397,-;[HVD][ERR]MDrv_HVD_EX_GetCodecProfileCapInfo:
12-31 16:00:04.744  2783  2783 D MTK_KL  : 3,1851,4760399,-;GetCodecProfileCapInfo CodecSuportByHashKey fail!! (9 0)
12-31 16:00:04.744  2783  2783 D MTK_KL  : 3,1852,4760402,-;[HVD][ERR]MDrv_HVD_EX_GetCodecProfileCapInfo:
12-31 16:00:04.744  2783  2783 D MTK_KL  : 3,1853,4760404,-;GetCodecProfileCapInfo CodecSuportByHashKey fail!! (10 0)
12-31 16:00:04.744  2783  2783 D MTK_KL  : 3,1854,4760410,-;[HVD][ERR]MDrv_HVD_EX_GetCodecProfileCapInfo:
12-31 16:00:04.744  2783  2783 D MTK_KL  : 3,1855,4760412,-;GetCodecProfileCapInfo CodecSuportByHashKey fail!! (15 0)
12-31 16:00:04.744  2783  2783 D MTK_KL  : 3,1856,4760416,-;[HVD][ERR]MDrv_HVD_EX_GetCodecProfileCapInfo:
12-31 16:00:04.744  2783  2783 D MTK_KL  : 3,1857,4760418,-;GetCodecProfileCapInfo CodecSuportByHashKey fail!! (17 0)
12-31 16:00:04.744  2783  2783 D MTK_KL  : 3,1858,4760421,-;[HVD][ERR]MDrv_HVD_EX_GetCodecProfileCapInfo:
12-31 16:00:04.744  2783  2783 D MTK_KL  : 3,1859,4760423,-;GetCodecProfileCapInfo CodecSuportByHashKey fail!! (18 0)
12-31 16:00:04.744  2783  2783 D MTK_KL  : 3,1860,4760426,-;[HVD][ERR]MDrv_HVD_EX_GetCodecProfileCapInfo:
12-31 16:00:04.744  2783  2783 D MTK_KL  : 3,1861,4760428,-;GetCodecProfileCapInfo CodecSuportByHashKey fail!! (19 0)
12-31 16:00:04.744  2783  2783 D MTK_KL  : 3,1862,4760431,-;[HVD][ERR]MDrv_HVD_EX_GetCodecProfileCapInfo:
12-31 16:00:04.744  2783  2783 D MTK_KL  : 3,1863,4760434,-;GetCodecProfileCapInfo CodecSuportByHashKey fail!! (21 0)
12-31 16:00:04.744  2783  2783 D MTK_KL  : 3,1864,4760437,-;[HVD][ERR]MDrv_HVD_EX_GetCodecProfileCapInfo:
12-31 16:00:04.744  2783  2783 D MTK_KL  : 3,1865,4760439,-;GetCodecProfileCapInfo CodecSuportByHashKey fail!! (11 1)
12-31 16:00:04.750  2790  2790 E cutils-trace: Error opening trace file: No such file or directory (2)
12-31 16:00:04.751  2351  2351 W hwservicemanager: getTransport: Cannot find entry android.hardware.usb.gadget@1.0::IUsbGadget/default in either framework or device manifest.
12-31 16:00:04.757  2790  2790 I usbd    : Usb HAL not found
12-31 16:00:04.761  2783  2783 D MTK_KL  : 14,1866,4777400,-;init: Service 'usbd' (pid 2790) exited with status 0
12-31 16:00:04.764  2783  2783 D MTK_KL  : 14,1867,4779573,-;init: Service 'zram-svc' (pid 2785) exited with status 0
12-31 16:00:04.795  2789  2789 I /system/bin/tombstoned: tombstoned successfully initialized
12-31 16:00:04.849  2722  2722 D mstarimgdisp_service: start mstarimgdisp service
12-31 16:00:04.851  2719  2719 D mstar.hardware.light@2.0-service: start mstar.hardware.light service
12-31 16:00:04.853  2720  2720 D mstar.hardware.power@1.1-service: start mstar.hardware.power service
12-31 16:00:04.854  2697  2697 I ServiceManager: Waiting for vendor service TrapezoidCorrect...
12-31 16:00:04.857  2705  2705 D android.hardware.cas@1.0-service: android.hardware.cas@1.0-service starting...
12-31 16:00:04.857  2705  2705 I ServiceManagement: Removing namespace from process name android.hardware.cas@1.0-service to cas@1.0-service.
12-31 16:00:04.858  2705  2705 E cutils-trace: Error opening trace file: No such file or directory (2)
12-31 16:00:04.861  2723  2723 D mstarmmdisp_service: start mstarmmdisp service
12-31 16:00:04.861  2707  2707 D android.hardware.drm@1.0-service: android.hardware.drm@1.0-service starting...
12-31 16:00:04.861  2707  2707 E cutils-trace: Error opening trace file: No such file or directory (2)
12-31 16:00:04.866  2769  2769 I GRM     : u4DrvVDecNum=3.
12-31 16:00:04.866  2769  2769 I GRM     : MTVDEC register RM callback Success.
12-31 16:00:04.867  2769  2769 I GRM     : REG OP HNDLR MtkRmServiceCreateComponent, 0x0x5bfb621
12-31 16:00:04.867  2769  2769 I GRM     : REG OP HNDLR MtkRmServiceSetComponentPriority, 0x0x5bfb899
12-31 16:00:04.867  2769  2769 I GRM     : REG OP HNDLR MtkRmServiceGetComponentPriority, 0x0x5bfb8e9
12-31 16:00:04.867  2769  2769 I GRM     : REG OP HNDLR MtkRmServiceGetResourceNumber, 0x0x5bfb939
12-31 16:00:04.867  2769  2769 I GRM     : REG OP HNDLR MtkRmServiceSetComponentPreemptEqual, 0x0x5bfb98d
12-31 16:00:04.867  2769  2769 I GRM     : REG OP HNDLR MtkRmServiceDestoryComponent, 0x0x5bfb9dd
12-31 16:00:04.867  2769  2769 I GRM     : REG OP HNDLR MtkRmServiceComponentAddResource, 0x0x5bfba29
12-31 16:00:04.867  2769  2769 I GRM     : REG OP HNDLR MtkRmServiceComponentRemoveResource, 0x0x5bfbadd
12-31 16:00:04.867  2769  2769 I GRM     : REG OP HNDLR MtkRmServiceComponentAddResourceEx, 0x0x5bfba81
12-31 16:00:04.867  2769  2769 I GRM     : REG OP HNDLR MtkRmServiceComponentRemoveResourceEx, 0x0x5bfbb31
12-31 16:00:04.867  2769  2769 I GRM     : REG OP HNDLR MtkRmServiceComponentAllocResource, 0x0x5bfbb85
12-31 16:00:04.867  2769  2769 I GRM     : REG OP HNDLR MtkRmServiceComponentAllocResourceWithPriority, 0x0x5bfbbd5
12-31 16:00:04.867  2769  2769 I GRM     : REG OP HNDLR MtkRmServiceComponentAskResourceWithName, 0x0x5bfbc25
12-31 16:00:04.867  2769  2769 I GRM     : REG OP HNDLR MtkRmServiceComponentReleaseResource, 0x0x5bfbc81
12-31 16:00:04.867  2769  2769 I GRM     : REG OP HNDLR MtkRmServiceComponentReleaseAll, 0x0x5bfbcd5
12-31 16:00:04.867  2769  2769 I GRM     : REG OP HNDLR MtkRmServiceComponentRemoveAll, 0x0x5bfbdc5
12-31 16:00:04.867  2769  2769 I GRM     : REG OP HNDLR MtkRmServiceComponentQueryResource, 0x0x5bfbe15
12-31 16:00:04.867  2769  2769 I GRM     : REG OP HNDLR MtkRmServiceComponentQuery, 0x0x5bfbe69
12-31 16:00:04.867  2769  2769 I GRM     : REG OP HNDLR MtkRmServiceAddNewResource, 0x0x5bfbeb9
12-31 16:00:04.867  2769  2769 I GRM     : REG OP HNDLR MtkRmServiceRemoveResource, 0x0x5bfbf05
12-31 16:00:04.867  2769  2769 I GRM     : REG OP HNDLR MtkRmServiceQueryResource, 0x0x5bfbf4d
12-31 16:00:04.867  2769  2769 I GRM     : REG OP HNDLR MtkRmServiceComponentCallbackDone, 0x0x5bfbd25
12-31 16:00:04.867  2769  2769 I GRM     : REG OP HNDLR MtkRmServiceRegisterGroup, 0x0x5bfbf99
12-31 16:00:04.867  2769  2769 I GRM     : REG OP HNDLR MtkRmServiceComponentChangeName, 0x0x5bfbd75
12-31 16:00:04.868  2783  2783 D MTK_KL  : 4,1868,4884362,c;[VDEC]MTGVDEC_GetDecoderNum 5238 u4DecNum 3
12-31 16:00:04.869  2708  2708 D android.hardware.drm@1.1-service.clearkey: android.hardware.drm@1.1-service.clearkey starting...
12-31 16:00:04.869  2708  2708 I ServiceManagement: Removing namespace from process name android.hardware.drm@1.1-service.clearkey to drm@1.1-service.clearkey.
12-31 16:00:04.870  2708  2708 E cutils-trace: Error opening trace file: No such file or directory (2)
12-31 16:00:04.871  2708  2708 I ServiceManagement: Removing namespace from process name android.hardware.drm@1.1-service.clearkey to drm@1.1-service.clearkey.
12-31 16:00:04.878  2697  2697 D ServiceManager: #00 pc 000306e9  /system/lib/vndk-28/libbinder.so (android::BpServiceManager::getService(android::String16 const&) const+380)
12-31 16:00:04.878  2697  2697 D ServiceManager: #01 pc 00001b37  /vendor/lib/libtrapezoidClient.so (_ZN7android10getServiceINS_24ITrapezoidCorrectServiceEEEiRKNS_8String16EPNS_2spIT_EE+38)
12-31 16:00:04.878  2697  2697 D ServiceManager: #02 pc 00001ac3  /vendor/lib/libtrapezoidClient.so (android::TrapezoidClient::getTrapezoidService()+46)
12-31 16:00:04.878  2697  2697 D ServiceManager: #03 pc 000014e1  /vendor/bin/trapezoidTest (main+56)
12-31 16:00:04.878  2697  2697 D ServiceManager: #04 pc 00087e31  /system/lib/libc.so (__libc_init+48)
12-31 16:00:04.878  2697  2697 D ServiceManager: #05 pc 00001487  /vendor/bin/trapezoidTest (_start_main+38)
12-31 16:00:04.878  2697  2697 D ServiceManager: #06 pc 00000306  <anonymous:b6013000>
12-31 16:00:04.883  2704  2704 I android.hardware.camera.provider@2.4-service: Camera provider Service is starting.
12-31 16:00:04.883  2704  2704 E cutils-trace: Error opening trace file: No such file or directory (2)
12-31 16:00:04.979  2697  2697 I ServiceManager: Waiting for vendor service TrapezoidCorrect...
12-31 16:00:04.981  2764  2764 I wificond: wificond is starting up...
12-31 16:00:04.984  2783  2783 D MTK_KL  : 4,1869,4999047,-;Process wificond granted CAP_NET_ADMIN from Android group net_admin.
12-31 16:00:04.985  2783  2783 D MTK_KL  : 4,1870,4999052,-;  Please update the .rc file to explictly set 'capabilities NET_ADMIN'
12-31 16:00:04.985  2783  2783 D MTK_KL  : 4,1871,4999054,-;  Implicit grants are deprecated and will be removed in the future.
12-31 16:00:04.985  2783  2783 D MTK_KL  : 4,1872,4999086,-;Process wificond granted CAP_NET_ADMIN from Android group net_admin.
12-31 16:00:04.985  2783  2783 D MTK_KL  : 4,1873,4999088,-;  Please update the .rc file to explictly set 'capabilities NET_ADMIN'
12-31 16:00:04.985  2783  2783 D MTK_KL  : 4,1874,4999090,-;  Implicit grants are deprecated and will be removed in the future.
12-31 16:00:05.000  2697  2697 D ServiceManager: #00 pc 000306e9  /system/lib/vndk-28/libbinder.so (android::BpServiceManager::getService(android::String16 const&) const+380)
12-31 16:00:05.000  2697  2697 D ServiceManager: #01 pc 00001b37  /vendor/lib/libtrapezoidClient.so (_ZN7android10getServiceINS_24ITrapezoidCorrectServiceEEEiRKNS_8String16EPNS_2spIT_EE+38)
12-31 16:00:05.000  2697  2697 D ServiceManager: #02 pc 00001ac3  /vendor/lib/libtrapezoidClient.so (android::TrapezoidClient::getTrapezoidService()+46)
12-31 16:00:05.000  2697  2697 D ServiceManager: #03 pc 000014e1  /vendor/bin/trapezoidTest (main+56)
12-31 16:00:05.000  2697  2697 D ServiceManager: #04 pc 00087e31  /system/lib/libc.so (__libc_init+48)
12-31 16:00:05.000  2697  2697 D ServiceManager: #05 pc 00001487  /vendor/bin/trapezoidTest (_start_main+38)
12-31 16:00:05.000  2697  2697 D ServiceManager: #06 pc 00000306  <anonymous:b6013000>
12-31 16:00:05.100  2787  2787 I gatekeeperd: Starting gatekeeperd...
12-31 16:00:05.101  2787  2787 E cutils-trace: Error opening trace file: No such file or directory (2)
12-31 16:00:05.104  2697  2697 I ServiceManager: Waiting for vendor service TrapezoidCorrect...
12-31 16:00:05.106  2787  2787 I ServiceManagement: getService: Trying again for android.hardware.gatekeeper@1.0::IGatekeeper/default...
12-31 16:00:05.108  2783  2783 D MTK_KL  : 14,1875,5124441,-;init: Received control message 'interface_start' for 'android.hardware.gatekeeper@1.0::IGatekeeper/default' from pid: 2351 (/system/bin/hwservicemanager)
12-31 16:00:05.108  2783  2783 D MTK_KL  : 11,1876,5124486,-;init: Could not find service hosting interface android.hardware.gatekeeper@1.0::IGatekeeper/default
12-31 16:00:05.108  2783  2783 D MTK_KL  : 14,1877,5124979,-;init: Received control message 'interface_start' for 'android.hardware.gatekeeper@1.0::IGatekeeper/default' from pid: 2351 (/system/bin/hwservicemanager)
12-31 16:00:05.109  2783  2783 D MTK_KL  : 11,1878,5125014,-;init: Could not find service hosting interface android.hardware.gatekeeper@1.0::IGatekeeper/default
12-31 16:00:05.120  2697  2697 D ServiceManager: #00 pc 000306e9  /system/lib/vndk-28/libbinder.so (android::BpServiceManager::getService(android::String16 const&) const+380)
12-31 16:00:05.120  2697  2697 D ServiceManager: #01 pc 00001b37  /vendor/lib/libtrapezoidClient.so (_ZN7android10getServiceINS_24ITrapezoidCorrectServiceEEEiRKNS_8String16EPNS_2spIT_EE+38)
12-31 16:00:05.120  2697  2697 D ServiceManager: #02 pc 00001ac3  /vendor/lib/libtrapezoidClient.so (android::TrapezoidClient::getTrapezoidService()+46)
12-31 16:00:05.120  2697  2697 D ServiceManager: #03 pc 000014e1  /vendor/bin/trapezoidTest (main+56)
12-31 16:00:05.121  2697  2697 D ServiceManager: #04 pc 00087e31  /system/lib/libc.so (__libc_init+48)
12-31 16:00:05.121  2697  2697 D ServiceManager: #05 pc 00001487  /vendor/bin/trapezoidTest (_start_main+38)
12-31 16:00:05.121  2697  2697 D ServiceManager: #06 pc 00000306  <anonymous:b6013000>
12-31 16:00:05.194  2709  2709 D android.hardware.drm@1.0-service.widevine: android.hardware.drm@1.1-service.widevine starting...
12-31 16:00:05.195  2709  2709 I ServiceManagement: Removing namespace from process name android.hardware.drm@1.1-service.widevine to drm@1.1-service.widevine.
12-31 16:00:05.195  2709  2709 E cutils-trace: Error opening trace file: No such file or directory (2)
12-31 16:00:05.197  2709  2709 I ServiceManagement: Removing namespace from process name android.hardware.drm@1.1-service.widevine to drm@1.1-service.widevine.
12-31 16:00:05.221  2697  2697 I ServiceManager: Waiting for vendor service TrapezoidCorrect...
12-31 16:00:05.236  2697  2697 D ServiceManager: #00 pc 000306e9  /system/lib/vndk-28/libbinder.so (android::BpServiceManager::getService(android::String16 const&) const+380)
12-31 16:00:05.236  2697  2697 D ServiceManager: #01 pc 00001b37  /vendor/lib/libtrapezoidClient.so (_ZN7android10getServiceINS_24ITrapezoidCorrectServiceEEEiRKNS_8String16EPNS_2spIT_EE+38)
12-31 16:00:05.236  2697  2697 D ServiceManager: #02 pc 00001ac3  /vendor/lib/libtrapezoidClient.so (android::TrapezoidClient::getTrapezoidService()+46)
12-31 16:00:05.236  2697  2697 D ServiceManager: #03 pc 000014e1  /vendor/bin/trapezoidTest (main+56)
12-31 16:00:05.236  2697  2697 D ServiceManager: #04 pc 00087e31  /system/lib/libc.so (__libc_init+48)
12-31 16:00:05.236  2697  2697 D ServiceManager: #05 pc 00001487  /vendor/bin/trapezoidTest (_start_main+38)
12-31 16:00:05.236  2697  2697 D ServiceManager: #06 pc 00000306  <anonymous:b6013000>
12-31 16:00:05.273  2783  2783 D MTK_KL  : 14,1879,5288809,-;init: Service 'xbugs_init' (pid 2767) exited with status 0
12-31 16:00:05.305  2716  2716 I android.hardware.wifi@1.0-service: Wifi Hal is booting up...
12-31 16:00:05.306  2716  2716 I ServiceManagement: Removing namespace from process name android.hardware.wifi@1.0-service to wifi@1.0-service.
12-31 16:00:05.306  2716  2716 E cutils-trace: Error opening trace file: No such file or directory (2)
12-31 16:00:05.339  2697  2697 I ServiceManager: Waiting for vendor service TrapezoidCorrect...
12-31 16:00:05.400  2697  2697 D ServiceManager: #00 pc 000306e9  /system/lib/vndk-28/libbinder.so (android::BpServiceManager::getService(android::String16 const&) const+380)
12-31 16:00:05.400  2697  2697 D ServiceManager: #01 pc 00001b37  /vendor/lib/libtrapezoidClient.so (_ZN7android10getServiceINS_24ITrapezoidCorrectServiceEEEiRKNS_8String16EPNS_2spIT_EE+38)
12-31 16:00:05.400  2697  2697 D ServiceManager: #02 pc 00001ac3  /vendor/lib/libtrapezoidClient.so (android::TrapezoidClient::getTrapezoidService()+46)
12-31 16:00:05.400  2697  2697 D ServiceManager: #03 pc 000014e1  /vendor/bin/trapezoidTest (main+56)
12-31 16:00:05.400  2697  2697 D ServiceManager: #04 pc 00087e31  /system/lib/libc.so (__libc_init+48)
12-31 16:00:05.400  2697  2697 D ServiceManager: #05 pc 00001487  /vendor/bin/trapezoidTest (_start_main+38)
12-31 16:00:05.400  2697  2697 D ServiceManager: #06 pc 00000306  <anonymous:b6013000>
12-31 16:00:05.457  2780  2780 W statsd  : statscompanion service unavailable!
12-31 16:00:05.490  2723  2723 I ServiceManagement: Removing namespace from process name mstar.hardware.mmdisp@1.0-service to mmdisp@1.0-service.
12-31 16:00:05.491  2723  2723 E cutils-trace: Error opening trace file: No such file or directory (2)
12-31 16:00:05.491  2720  2720 D PowerHAL: power_open: enter; name=power
12-31 16:00:05.491  2720  2720 D PowerHAL: power_open: exit 0
12-31 16:00:05.492  2727  2727 D vendor.mediatek.tv.mtkloadingequalizer@1.0-service: vendor.mediatek.tv.mtkloadingEqualizer service
12-31 16:00:05.492  2727  2727 I         : [HIDL]MtkLoadingEqualizer
12-31 16:00:05.492  2727  2727 I MtkLoadingEqualizer_Impl: a_mtkloadingequalizer_reg_callback
12-31 16:00:05.492  2727  2727 I ServiceManagement: Removing namespace from process name vendor.mediatek.tv.mtkloadingequalizer@1.0-service to mtkloadingequalizer@1.0-service.
12-31 16:00:05.493  2720  2852 I MI3     : MI_SYS_Init() with Parameter
12-31 16:00:05.493  2711  2711 E gralloc : Arm Module v1.0
12-31 16:00:05.493  2725  2725 E cutils-trace: Error opening trace file: No such file or directory (2)
12-31 16:00:05.495  2711  2711 I ServiceManagement: Removing namespace from process name android.hardware.graphics.allocator@2.0-service to allocator@2.0-service.
12-31 16:00:05.496  2695  2856 I MI3     : MI_SYS_Init() without Parameter
12-31 16:00:05.497  2727  2727 E cutils-trace: Error opening trace file: No such file or directory (2)
12-31 16:00:05.497  2723  2723 E mstarmmdisp_service: Couldn't set SCHED_FIFO: 1
12-31 16:00:05.498  2711  2711 I android.hardware.graphics.allocator@2.0-service: Registration complete for android.hardware.graphics.allocator@2.0::IAllocator/default.
12-31 16:00:05.499  2775  2775 E cutils-trace: Error opening trace file: No such file or directory (2)
12-31 16:00:05.500  2697  2697 I ServiceManager: Waiting for vendor service TrapezoidCorrect...
12-31 16:00:05.503  2780  2780 I statsd  : using statsd socket
12-31 16:00:05.503  2351  2351 W hwservicemanager: getTransport: Cannot find entry android.hardware.keymaster@4.0::IKeymasterDevice/default in either framework or device manifest.
12-31 16:00:05.509  2775  2775 I keystore: found android.hardware.keymaster@3.0::IKeymasterDevice with interface name default and seclevel TRUSTED_ENVIRONMENT
12-31 16:00:05.514  2778  2778 I mediametrics: ServiceManager: 0xb2c10100
12-31 16:00:05.514  2778  2778 D MediaAnalyticsService: MediaAnalyticsService created
12-31 16:00:05.518  2697  2697 D ServiceManager: #00 pc 000306e9  /system/lib/vndk-28/libbinder.so (android::BpServiceManager::getService(android::String16 const&) const+380)
12-31 16:00:05.518  2697  2697 D ServiceManager: #01 pc 00001b37  /vendor/lib/libtrapezoidClient.so (_ZN7android10getServiceINS_24ITrapezoidCorrectServiceEEEiRKNS_8String16EPNS_2spIT_EE+38)
12-31 16:00:05.518  2697  2697 D ServiceManager: #02 pc 00001ac3  /vendor/lib/libtrapezoidClient.so (android::TrapezoidClient::getTrapezoidService()+46)
12-31 16:00:05.518  2697  2697 D ServiceManager: #03 pc 000014e1  /vendor/bin/trapezoidTest (main+56)
12-31 16:00:05.518  2697  2697 D ServiceManager: #04 pc 00087e31  /system/lib/libc.so (__libc_init+48)
12-31 16:00:05.518  2697  2697 D ServiceManager: #05 pc 00001487  /vendor/bin/trapezoidTest (_start_main+38)
12-31 16:00:05.518  2697  2697 D ServiceManager: #06 pc 00000306  <anonymous:b6013000>
12-31 16:00:05.520  2776  2776 I mediaserver: ServiceManager: 0xadf10120
12-31 16:00:05.597  2702  2702 I cameraserver: ServiceManager: 0xb3590100
12-31 16:00:05.597  2702  2702 I CameraService: CameraService started (pid=2702)
12-31 16:00:05.597  2702  2702 I CameraService: CameraService process starting
12-31 16:00:05.597  2702  2702 W BatteryNotifier: batterystats service unavailable!
12-31 16:00:05.597  2702  2702 W BatteryNotifier: batterystats service unavailable!
12-31 16:00:05.598  2702  2702 E cutils-trace: Error opening trace file: No such file or directory (2)
12-31 16:00:05.608  2783  2783 D MTK_KL  : 14,1880,5625189,-;init: Received control message 'interface_start' for 'android.hardware.camera.provider@2.4::ICameraProvider/legacy/0' from pid: 2351 (/system/bin/hwservicemanager)
12-31 16:00:05.609  2783  2783 D MTK_KL  : 11,1881,5625247,-;init: Could not find service hosting interface android.hardware.camera.provider@2.4::ICameraProvider/legacy/0
12-31 16:00:05.609  2702  2702 I ServiceManagement: getService: Trying again for android.hardware.camera.provider@2.4::ICameraProvider/legacy/0...
12-31 16:00:05.613  2783  2783 D MTK_KL  : 14,1882,5630061,-;init: Received control message 'interface_start' for 'android.hardware.camera.provider@2.4::ICameraProvider/legacy/0' from pid: 2351 (/system/bin/hwservicemanager)
12-31 16:00:05.613  2783  2783 D MTK_KL  : 11,1883,5630101,-;init: Could not find service hosting interface android.hardware.camera.provider@2.4::ICameraProvider/legacy/0
12-31 16:00:05.637  2697  2697 I ServiceManager: Waiting for vendor service TrapezoidCorrect...
12-31 16:00:05.648  2783  2783 D MTK_KL  : 3,1884,5663744,-;<MI3_ERR>mi_gpio_GetGpioNumByName[1100]: GPIO Device_NameID = 39 not match GPIO_number!!!
12-31 16:00:05.649  2783  2783 D MTK_KL  : 3,1885,5663752,-;<MI3_ERR>_MI_DIPSOUT_PanelInit[5759]: _MI_DIPSOUT_PanelInit[5759]Do mi_gpio_GetGpioNumByName fail.
12-31 16:00:05.649  2783  2783 D MTK_KL  : 6,1886,5663764,-;<MI3_INFO><<<MI_GPIO_GetHandle[1246]The GPIO = 8 has not been opened !
12-31 16:00:05.649  2783  2783 D MTK_KL  : 6,1887,5663792,-;<MI3_INFO><<<MI_GPIO_GetHandle[1246]The GPIO = 202 has not been opened !
12-31 16:00:05.649  2783  2783 D MTK_KL  : 6,1888,5663819,-;<MI3_INFO><<<MI_GPIO_GetHandle[1233][GPIO]Invalid parameter: gpio = 0 invalid!
12-31 16:00:05.649  2783  2783 D MTK_KL  : 6,1889,5663830,-;<MI3_INFO><<<_MI_GPIO_Open[910]Invalid parameter: open gpio = 0 invalid!
12-31 16:00:05.649  2783  2783 D MTK_KL  : 6,1890,5663833,-;<MI3_INFO><<<MI_GPIO_Open[1194]MI_GPIO_Open:0x8
12-31 16:00:05.649  2783  2783 D MTK_KL  : 3,1891,5663837,-;<MI3_ERR>_MI_DIPSOUT_PanelInit[5795]: DEVICE_PANEL _MI_DIPSOUT_PanelInit[5795] MI_GPIO_Open fail! GpioNum = 0
12-31 16:00:05.649  2783  2783 D MTK_KL  : 6,1892,5663841,-;<MI3_INFO><<<MI_PM_GetHandle[5638]Not init PM module
12-31 16:00:05.649  2783  2783 D MTK_KL  : 6,1893,5663843,-;<MI3_INFO><<<MI_PM_Open[5510]Not init PM module
12-31 16:00:05.649  2783  2783 D MTK_KL  : 3,1894,5663847,-;<MI3_ERR>_MI_DIPSOUT_PanelInit[5807]: DEVICE_PANEL _MI_DIPSOUT_PanelInit[5807] MI_PM_Open fail! 
12-31 16:00:05.649  2783  2783 D MTK_KL  : 6,1895,5663868,-;<MI3_INFO><<<MI_PWM_GetHandle[479]The PWM 0 channel has not been opened !
12-31 16:00:05.657  2697  2697 D ServiceManager: #00 pc 000306e9  /system/lib/vndk-28/libbinder.so (android::BpServiceManager::getService(android::String16 const&) const+380)
12-31 16:00:05.657  2697  2697 D ServiceManager: #01 pc 00001b37  /vendor/lib/libtrapezoidClient.so (_ZN7android10getServiceINS_24ITrapezoidCorrectServiceEEEiRKNS_8String16EPNS_2spIT_EE+38)
12-31 16:00:05.657  2697  2697 D ServiceManager: #02 pc 00001ac3  /vendor/lib/libtrapezoidClient.so (android::TrapezoidClient::getTrapezoidService()+46)
12-31 16:00:05.657  2697  2697 D ServiceManager: #03 pc 000014e1  /vendor/bin/trapezoidTest (main+56)
12-31 16:00:05.657  2697  2697 D ServiceManager: #04 pc 00087e31  /system/lib/libc.so (__libc_init+48)
12-31 16:00:05.657  2697  2697 D ServiceManager: #05 pc 00001487  /vendor/bin/trapezoidTest (_start_main+38)
12-31 16:00:05.657  2697  2697 D ServiceManager: #06 pc 00000306  <anonymous:b6013000>
12-31 16:00:05.662  2695  2695 E Utopia  : [MSOS][ERROR][MsOS_CreateMutex][2230]    [MsOS_CreateMutex][2230] Update max number of msos mutex: 256
12-31 16:00:05.664  2695  2695 I Utopia  : [MSOS][INFO][MsOS_SHM_Init][1097]     Mappd share memory: 0xtB13A5000
12-31 16:00:05.665  2720  2720 E Utopia  : [MSOS][ERROR][MsOS_CreateMutex][2230]    [MsOS_CreateMutex][2230] Update max number of msos mutex: 256
12-31 16:00:05.665  2783  2783 D MTK_KL  : 4,1896,5680491,-;<MI3_WARN>Warning: MI_SYS_Init() already be inited!
12-31 16:00:05.665  2783  2783 D MTK_KL  : 4,1897,5682774,-;<MI3_WARN>Warning: MI_SYS_Init() already be inited!
12-31 16:00:05.666  2722  2722 I Utopia  : [MSOS][INFO][MsOS_SHM_Init][1097]     Mappd share memory: 0xtADC6D000
12-31 16:00:05.667  2720  2720 I Utopia  : [MSOS][INFO][MsOS_SHM_Init][1097]     Mappd share memory: 0xtAFB39000
12-31 16:00:05.673  2719  2719 E light   : light_open lights keyboard failed: -22
12-31 16:00:05.674  2719  2719 E light   : Light passthrough failed to load legacy HAL.
12-31 16:00:05.674  2719  2719 E light   : light_open lights buttons failed: -22
12-31 16:00:05.674  2719  2719 E light   : Light passthrough failed to load legacy HAL.
12-31 16:00:05.674  2719  2719 E light   : light_open lights battery failed: -22
12-31 16:00:05.674  2719  2719 E light   : Light passthrough failed to load legacy HAL.
12-31 16:00:05.674  2719  2719 E light   : light_open lights notifications failed: -22
12-31 16:00:05.674  2719  2719 E light   : Light passthrough failed to load legacy HAL.
12-31 16:00:05.675  2719  2719 E light   : light_open lights attention failed: -22
12-31 16:00:05.675  2719  2719 E light   : Light passthrough failed to load legacy HAL.
12-31 16:00:05.675  2719  2719 E light   : light_open lights bluetooth failed: -22
12-31 16:00:05.675  2719  2719 E light   : Light passthrough failed to load legacy HAL.
12-31 16:00:05.675  2719  2719 E light   : light_open lights wifi failed: -22
12-31 16:00:05.675  2719  2719 E light   : Light passthrough failed to load legacy HAL.
12-31 16:00:05.675  2719  2719 I ServiceManagement: Removing namespace from process name mstar.hardware.light@2.0-service to light@2.0-service.
12-31 16:00:05.676  2719  2719 E cutils-trace: Error opening trace file: No such file or directory (2)
12-31 16:00:05.677  2783  2783 D MTK_KL  : 0,1898,5690934,-;\x1b[1;32m [PNL] _MI_DISPOUT_GetPanelBacklightEnv get env *pu32PwmDuty = 0x167 \x1b[m
12-31 16:00:05.677  2783  2783 D MTK_KL  : 3,1899,5690974,-;<MI3_ERR>_MI_FLASH_Close[4828]: Module handle still used
12-31 16:00:05.681  2720  2720 I Utopia  : [MSOS][INFO][_MsOS_InitEventGroup][4023]     Flag=MSOS_SHM_CREATE Addr=0xAFB4CAA8
12-31 16:00:05.681  2720  2720 I         : [utopia info] open: /vendor/etc/utopia.conf
12-31 16:00:05.681  2722  2722 I Utopia  : [MSOS][INFO][_MsOS_InitEventGroup][4039]     Flag=MSOS_SHM_QUERY Addr=0xADC80AA8
12-31 16:00:05.682  2695  2695 I Utopia  : [MSOS][INFO][_MsOS_InitEventGroup][4039]     Flag=MSOS_SHM_QUERY Addr=0xB13B8AA8
12-31 16:00:05.684  2783  2783 D MTK_KL  : 3,1900,5698855,-;[MDrv_Queue_Init][773] Already inited.
12-31 16:00:05.685  2783  2783 D MTK_KL  : 3,1901,5699301,-;[MDrv_Queue_Init][773] Already inited.
12-31 16:00:05.685  2783  2783 D MTK_KL  : 3,1902,5699653,-;[MDrv_Queue_Init][773] Already inited.
12-31 16:00:05.694  2714  2714 I CEC_HAL : hdmi_cec_open_module
12-31 16:00:05.694  2714  2714 D CEC_HAL : hdmi_cec_open_module #940
12-31 16:00:05.694  2714  2714 D MTAL    : cec Init Mtal & Set Mw sts ready 
12-31 16:00:05.695  2721  2721 D hwcomposer: HWCDisplayDevice::HWCDisplayDevice: Hw display device mId = 0,mType = 1
12-31 16:00:05.695  2721  2721 D hwcomposer: HWCDisplayDevicePrimary::HWCDisplayDevicePrimary: Hw display device mId = 0,mType = 1
12-31 16:00:05.695  2715  2715 D TV_HAL  : tv_input_device_open #5839
12-31 16:00:05.697  2726  2726 I vendor.mediatek.tv.mtkdmservice@1.0-service: [MTKDM] Try to register MtkDmCommon as service
12-31 16:00:05.697  2726  2726 I ServiceManagement: Removing namespace from process name vendor.mediatek.tv.mtkdmservice@1.0-service to mtkdmservice@1.0-service.
12-31 16:00:05.697  2724  2724 I ServiceManagement: Removing namespace from process name vendor.mediatek.hardware.tv.networkproxy@1.0-service to networkproxy@1.0-service.
12-31 16:00:05.697  2783  2783 D MTK_KL  : 4,1903,5712636,-;Mtal opened!
12-31 16:00:05.698  2724  2724 E cutils-trace: Error opening trace file: No such file or directory (2)
12-31 16:00:05.698  2715  2715 I ServiceManagement: Removing namespace from process name android.hardware.tv.input@1.0-service-mediatek to input@1.0-service-mediatek.
12-31 16:00:05.699  2726  2726 E cutils-trace: Error opening trace file: No such file or directory (2)
12-31 16:00:05.699  2714  2874 D MTAL    : _cbThd: sched_setscheduler error -1
12-31 16:00:05.701  2715  2715 I android.hardware.tv_input@1.0-service: Registration complete for android.hardware.tv.input@1.0::ITvInput/default.
12-31 16:00:05.702  2726  2726 I vendor.mediatek.tv.mtkdmservice@1.0-service: [MTKDM] register MtkDmCommon as service
12-31 16:00:05.705  2734  2734 E cutils-trace: Error opening trace file: No such file or directory (2)
12-31 16:00:05.706  2714  2714 I ServiceManagement: Removing namespace from process name android.hardware.tv.cec@1.0-service to cec@1.0-service.
12-31 16:00:05.708  2714  2714 I android.hardware.tv.cec@1.0-service: Registration complete for android.hardware.tv.cec@1.0::IHdmiCec/default.
12-31 16:00:05.708  2783  2783 D MTK_KL  : 4,1904,5723013,c;$$$ Thread PID not root(1000) ignore
12-31 16:00:05.709  2734  2734 I ConfigStore: android::hardware::configstore::V1_0::ISurfaceFlingerConfigs::startGraphicsAllocatorService retrieved: 0
12-31 16:00:05.709  2734  2734 I SurfaceFlinger: Using HWComposer service: 'default'
12-31 16:00:05.709  2734  2734 I SurfaceFlinger: SurfaceFlinger is starting
12-31 16:00:05.710  2730  2730 I ServiceManagement: Removing namespace from process name vendor.mediatek.tv.mtktvfactory@1.0-service to mtktvfactory@1.0-service.
12-31 16:00:05.710  2730  2730 E cutils-trace: Error opening trace file: No such file or directory (2)
12-31 16:00:05.712  2730  2730 I ServiceManagement: Removing namespace from process name vendor.mediatek.tv.mtktvfactory@1.0-service to mtktvfactory@1.0-service.
12-31 16:00:05.721  2730  2730 I chatty  : uid=0(root) mtktvfactory@1. identical 6 lines
12-31 16:00:05.722  2730  2730 I ServiceManagement: Removing namespace from process name vendor.mediatek.tv.mtktvfactory@1.0-service to mtktvfactory@1.0-service.
12-31 16:00:05.724  2730  2730 E Utopia  : [MSOS][ERROR][MsOS_CreateMutex][2230]    [MsOS_CreateMutex][2230] Update max number of msos mutex: 256
12-31 16:00:05.726  2730  2730 I Utopia  : [MSOS][INFO][MsOS_SHM_Init][1097]     Mappd share memory: 0xtACD21000
12-31 16:00:05.726  2730  2730 I Utopia  : [MSOS][INFO][_MsOS_InitEventGroup][4039]     Flag=MSOS_SHM_QUERY Addr=0xACD34AA8
12-31 16:00:05.727  2783  2783 D MTK_KL  : 4,1905,5742551,-;<MI3_WARN>Warning: MI_SYS_Init() already be inited!
12-31 16:00:05.727  2783  2783 D MTK_KL  : 3,1906,5743910,-;[MDrv_Queue_Init][773] Already inited.
12-31 16:00:05.727  2730  2878 I MI3     : MI_SYS_Init() without Parameter
12-31 16:00:05.740  2734  2734 I ConfigStore: android::hardware::configstore::V1_0::ISurfaceFlingerConfigs::vsyncEventPhaseOffsetNs retrieved: 2000000
12-31 16:00:05.740  2734  2734 I ConfigStore: android::hardware::configstore::V1_0::ISurfaceFlingerConfigs::vsyncSfEventPhaseOffsetNs retrieved: 6000000
12-31 16:00:05.740  2734  2734 I ConfigStore: android::hardware::configstore::V1_0::ISurfaceFlingerConfigs::hasSyncFramework retrieved: 1
12-31 16:00:05.741  2734  2734 I ConfigStore: android::hardware::configstore::V1_0::ISurfaceFlingerConfigs::presentTimeOffsetFromVSyncNs retrieved: 0
12-31 16:00:05.741  2734  2734 I ConfigStore: android::hardware::configstore::V1_0::ISurfaceFlingerConfigs::useHwcForRGBtoYUV retrieved: 0
12-31 16:00:05.741  2734  2734 I ConfigStore: android::hardware::configstore::V1_0::ISurfaceFlingerConfigs::maxVirtualDisplaySize retrieved: 0 (default)
12-31 16:00:05.741  2734  2734 I ConfigStore: android::hardware::configstore::V1_0::ISurfaceFlingerConfigs::useVrFlinger retrieved: 0 (default)
12-31 16:00:05.741  2734  2734 I ConfigStore: android::hardware::configstore::V1_0::ISurfaceFlingerConfigs::hasWideColorDisplay retrieved: 0
12-31 16:00:05.744  2734  2734 I ConfigStore: android::hardware::configstore::V1_1::ISurfaceFlingerConfigs::primaryDisplayOrientation retrieved: ORIENTATION_0 (default)
12-31 16:00:05.744  2734  2734 I SurfaceFlinger: Enabling HWC virtual displays
12-31 16:00:05.744  2734  2734 I SurfaceFlinger: Disabling Triple Buffering
12-31 16:00:05.744  2734  2734 I SurfaceFlinger: Treble testing override: 'false'
12-31 16:00:05.744  2734  2734 I SurfaceFlinger: SurfaceFlinger's main thread ready to run. Initializing graphics H/W...
12-31 16:00:05.744  2734  2734 I SurfaceFlinger: Phase offest NS: 2000000
12-31 16:00:05.757  2697  2697 I ServiceManager: Waiting for vendor service TrapezoidCorrect...
12-31 16:00:05.789  2697  2697 D ServiceManager: #00 pc 000306e9  /system/lib/vndk-28/libbinder.so (android::BpServiceManager::getService(android::String16 const&) const+380)
12-31 16:00:05.789  2697  2697 D ServiceManager: #01 pc 00001b37  /vendor/lib/libtrapezoidClient.so (_ZN7android10getServiceINS_24ITrapezoidCorrectServiceEEEiRKNS_8String16EPNS_2spIT_EE+38)
12-31 16:00:05.789  2697  2697 D ServiceManager: #02 pc 00001ac3  /vendor/lib/libtrapezoidClient.so (android::TrapezoidClient::getTrapezoidService()+46)
12-31 16:00:05.789  2697  2697 D ServiceManager: #03 pc 000014e1  /vendor/bin/trapezoidTest (main+56)
12-31 16:00:05.789  2697  2697 D ServiceManager: #04 pc 00087e31  /system/lib/libc.so (__libc_init+48)
12-31 16:00:05.789  2697  2697 D ServiceManager: #05 pc 00001487  /vendor/bin/trapezoidTest (_start_main+38)
12-31 16:00:05.789  2697  2697 D ServiceManager: #06 pc 00000306  <anonymous:b6013000>
12-31 16:00:05.849  2721  2721 D HWComposerOSD: Load dfbrc.ini from path /vendor/tvconfig/config/dfbrc.ini
12-31 16:00:05.849  2721  2721 D hwcomposer: HWComposerOSD::init: bootlogo gop status bGopClosed [0],frame [3]
12-31 16:00:05.849  2721  2721 D hwcomposer: HWComposerOSD::init: the MSTAR_FAKE_VSYNC_FREQ is 60
12-31 16:00:05.849  2721  2721 D hwcomposer: HWComposerOSD::init: DisplayDevice Xdpi = 77000,Ydpi = 77000
12-31 16:00:05.849  2721  2721 D hwcomposer: HWComposerOSD::init: DisplayDevice after get ini Xdpi = 77000,Ydpi = 77000
12-31 16:00:05.849  2721  2721 D hwcomposer: HWComposerOSD::init: the device is NOT for STB
12-31 16:00:05.851  2721  2721 D hwcomposer: HWComposerOSD::init: MStar graphic Config:
12-31 16:00:05.851  2721  2721 D hwcomposer: HWComposerOSD::init: OSD WIDTH    : 1920
12-31 16:00:05.851  2721  2721 D hwcomposer: HWComposerOSD::init: OSD HEIGHT   : 1080
12-31 16:00:05.851  2721  2721 D hwcomposer: HWComposerOSD::init: PANEL WIDTH  : 1920
12-31 16:00:05.851  2721  2721 D hwcomposer: HWComposerOSD::init: PANEL HEIGHT : 1080
12-31 16:00:05.851  2721  2721 D hwcomposer: HWComposerOSD::init: DISP WIDTH   : 1920
12-31 16:00:05.851  2721  2721 D hwcomposer: HWComposerOSD::init: DISP HEIGHT  : 1080
12-31 16:00:05.851  2721  2721 D hwcomposer: HWComposerOSD::init: MIRROE MODE  H : 0,V : 0
12-31 16:00:05.851  2721  2721 D hwcomposer: HWComposerOSD::init: URSA VERSION : 0
12-31 16:00:05.851  2721  2721 D hwcomposer: HWComposerOSD::init: PanelHdrSupport : 2
12-31 16:00:05.852  2721  2721 E Utopia  : [MSOS][ERROR][MsOS_CreateMutex][2230]    [MsOS_CreateMutex][2230] Update max number of msos mutex: 256
12-31 16:00:05.853  2783  2783 D MTK_KL  : 4,1907,5870048,-;<MI3_WARN>Warning: MI_SYS_Init() already be inited!
12-31 16:00:05.853  2721  2721 I Utopia  : [MSOS][INFO][MsOS_SHM_Init][1097]     Mappd share memory: 0xtAA9F9000
12-31 16:00:05.855  2721  2721 I Utopia  : [MSOS][INFO][_MsOS_InitEventGroup][4039]     Flag=MSOS_SHM_QUERY Addr=0xAAA0CAA8
12-31 16:00:05.856  2721  2884 I MI3     : MI_SYS_Init() without Parameter
12-31 16:00:05.856  2783  2783 D MTK_KL  : 3,1908,5873104,-;[MDrv_Queue_Init][773] Already inited.
12-31 16:00:05.897  2697  2697 I ServiceManager: Waiting for vendor service TrapezoidCorrect...
12-31 16:00:05.920  2697  2697 D ServiceManager: #00 pc 000306e9  /system/lib/vndk-28/libbinder.so (android::BpServiceManager::getService(android::String16 const&) const+380)
12-31 16:00:05.920  2697  2697 D ServiceManager: #01 pc 00001b37  /vendor/lib/libtrapezoidClient.so (_ZN7android10getServiceINS_24ITrapezoidCorrectServiceEEEiRKNS_8String16EPNS_2spIT_EE+38)
12-31 16:00:05.920  2697  2697 D ServiceManager: #02 pc 00001ac3  /vendor/lib/libtrapezoidClient.so (android::TrapezoidClient::getTrapezoidService()+46)
12-31 16:00:05.920  2697  2697 D ServiceManager: #03 pc 000014e1  /vendor/bin/trapezoidTest (main+56)
12-31 16:00:05.920  2697  2697 D ServiceManager: #04 pc 00087e31  /system/lib/libc.so (__libc_init+48)
12-31 16:00:05.920  2697  2697 D ServiceManager: #05 pc 00001487  /vendor/bin/trapezoidTest (_start_main+38)
12-31 16:00:05.920  2697  2697 D ServiceManager: #06 pc 00000306  <anonymous:b6013000>
12-31 16:00:05.966  2782  2782 I media.codec: mediacodecservice starting
12-31 16:00:05.977  2777  2777 V MediaUtils: physMem: 943333376
12-31 16:00:05.977  2777  2777 V MediaUtils: requested limit: 188666660
12-31 16:00:05.977  2777  2777 V MediaUtils: actual limit: 536870912
12-31 16:00:05.977  2777  2777 V MediaUtils: original limits: 4294967295/4294967295
12-31 16:00:05.977  2777  2777 V MediaUtils: new limits: 536870912/4294967295
12-31 16:00:05.984  2707  2707 I ServiceManagement: Removing namespace from process name android.hardware.drm@1.0-service to drm@1.0-service.
12-31 16:00:05.987  2707  2707 I android.hardware.drm@1.0-service: Registration complete for android.hardware.drm@1.0::IDrmFactory/default.
12-31 16:00:05.989  2718  2718 E cutils-trace: Error opening trace file: No such file or directory (2)
12-31 16:00:05.990  2707  2707 I ServiceManagement: Removing namespace from process name android.hardware.drm@1.0-service to drm@1.0-service.
12-31 16:00:05.993  2707  2707 I android.hardware.drm@1.0-service: Registration complete for android.hardware.drm@1.0::ICryptoFactory/default.
12-31 16:00:06.003  2782  2782 W media.codec: libminijail[2782]: failed to get path of fd 4: No such file or directory
12-31 16:00:06.003  2782  2782 W media.codec: libminijail[2782]: allowing syscall: clock_gettime
12-31 16:00:06.004  2782  2782 W media.codec: libminijail[2782]: allowing syscall: connect
12-31 16:00:06.004  2782  2782 W media.codec: libminijail[2782]: allowing syscall: fcntl64
12-31 16:00:06.004  2782  2782 W media.codec: libminijail[2782]: allowing syscall: socket
12-31 16:00:06.004  2782  2782 W media.codec: libminijail[2782]: allowing syscall: writev
12-31 16:00:06.005  2777  2777 W /system/bin/mediaextractor: libminijail[2777]: failed to get path of fd 4: No such file or directory
12-31 16:00:06.005  2777  2777 W /system/bin/mediaextractor: libminijail[2777]: allowing syscall: clock_gettime
12-31 16:00:06.005  2777  2777 W /system/bin/mediaextractor: libminijail[2777]: allowing syscall: connect
12-31 16:00:06.005  2777  2777 W /system/bin/mediaextractor: libminijail[2777]: allowing syscall: fcntl64
12-31 16:00:06.005  2777  2777 W /system/bin/mediaextractor: libminijail[2777]: allowing syscall: socket
12-31 16:00:06.005  2777  2777 W /system/bin/mediaextractor: libminijail[2777]: allowing syscall: writev
12-31 16:00:06.025  2697  2697 I ServiceManager: Waiting for vendor service TrapezoidCorrect...
12-31 16:00:06.026  2777  2777 W /system/bin/mediaextractor: libminijail[2777]: logging seccomp filter failures
12-31 16:00:06.026  2782  2782 W media.codec: libminijail[2782]: logging seccomp filter failures
12-31 16:00:06.060  2697  2697 D ServiceManager: #00 pc 000306e9  /system/lib/vndk-28/libbinder.so (android::BpServiceManager::getService(android::String16 const&) const+380)
12-31 16:00:06.060  2697  2697 D ServiceManager: #01 pc 00001b37  /vendor/lib/libtrapezoidClient.so (_ZN7android10getServiceINS_24ITrapezoidCorrectServiceEEEiRKNS_8String16EPNS_2spIT_EE+38)
12-31 16:00:06.060  2697  2697 D ServiceManager: #02 pc 00001ac3  /vendor/lib/libtrapezoidClient.so (android::TrapezoidClient::getTrapezoidService()+46)
12-31 16:00:06.060  2697  2697 D ServiceManager: #03 pc 000014e1  /vendor/bin/trapezoidTest (main+56)
12-31 16:00:06.060  2697  2697 D ServiceManager: #04 pc 00087e31  /system/lib/libc.so (__libc_init+48)
12-31 16:00:06.060  2697  2697 D ServiceManager: #05 pc 00001487  /vendor/bin/trapezoidTest (_start_main+38)
12-31 16:00:06.060  2697  2697 D ServiceManager: #06 pc 00000306  <anonymous:b6013000>
12-31 16:00:06.069  2720  2720 D Utopia  : [PWS][35mFunction = void PWSRegisterToUtopia(FUtopiaOpen), Line = 1134, PWS Register finished[m
12-31 16:00:06.091  2718  2718 I audiohalservice: Registration complete for android.hardware.audio@4.0::IDevicesFactory/default.
12-31 16:00:06.103  2782  2782 W MediaCodecsXmlParser: unable to open media codecs configuration xml file: /data/misc/media/media_codecs_profiling_results.xml
12-31 16:00:06.103  2782  2782 W MediaCodecsXmlParser: parseTopLevelXMLFile(/data/misc/media/media_codecs_profiling_results.xml) failed
12-31 16:00:06.103  2782  2782 E MediaCodecsXmlParser: Cannot find the role for a decoder of type audio/adpcm
12-31 16:00:06.103  2782  2782 E MediaCodecsXmlParser: Cannot find the role for a decoder of type audio/dts
12-31 16:00:06.103  2782  2782 E MediaCodecsXmlParser: Cannot find the role for a decoder of type audio/dts-hd
12-31 16:00:06.103  2782  2782 E MediaCodecsXmlParser: Cannot find the role for a decoder of type audio/dts-lbr
12-31 16:00:06.104  2782  2782 E MediaCodecsXmlParser: Cannot find the role for a decoder of type audio/lpcm
12-31 16:00:06.106  2787  2787 W ServiceManagement: Waited one second for android.hardware.gatekeeper@1.0::IGatekeeper/default. Waiting another...
12-31 16:00:06.106  2782  2782 I ServiceManagement: Removing namespace from process name android.hardware.media.omx@1.0-service to omx@1.0-service.
12-31 16:00:06.107  2782  2782 E cutils-trace: Error opening trace file: No such file or directory (2)
12-31 16:00:06.120  2704  2704 I MtkCamera3/Factory: [1;36misFakeCameraEmulationOn: ro.vendor.camera.support = 0x31[m
12-31 16:00:06.120  2704  2704 I MtkCamera3/Factory: [1;36mThe Android project support camera.
12-31 16:00:06.120  2704  2704 I MtkCamera3/Factory: [m
12-31 16:00:06.120  2704  2704 I MtkCamera3/Factory: [1;36misFakeCameraEmulationOn: Camera is SUPPORT[m
12-31 16:00:06.120  2704  2704 V MtkCamera3/FakeCamera3: [0;32;34m+[Initialize][m
12-31 16:00:06.120  2704  2704 V MtkCamera3/Camera: [0;32;34m+[Initialize][m
12-31 16:00:06.120  2704  2704 V MtkCamera3/Camera: [0;32;34m-[Initialize][m
12-31 16:00:06.120  2704  2704 V MtkCamera3/FakeCamera3: [0;32;34m-[Initialize][m
12-31 16:00:06.120  2704  2704 E MtkCamera3/Factory: [0;32;31mCameraNumber = 0.[m
12-31 16:00:06.120  2704  2704 I CamProvider@2.4-impl: Loaded "Mtk Camera Module" camera module
12-31 16:00:06.120  2704  2704 I CamProvider@2.4-impl: setUpVendorTags: No vendor tags defined for this device.
12-31 16:00:06.120  2704  2704 V MtkHotplugStatus: [0;32;34m+[setCallbacks][m
12-31 16:00:06.120  2704  2704 V MtkHotplugStatus: [0;32;34m-[setCallbacks][m
12-31 16:00:06.120  2704  2704 E MtkCamera3/Factory: [0;32;31mCameraNumber = 0.[m
12-31 16:00:06.121  2704  2896 V MtkHotplugStatus: [0;32;34m+[hotplugThreadWrapper][m
12-31 16:00:06.121  2704  2896 D MtkHotplugStatus: [1;34m(null): do not do callback for newStatus = 9[m
12-31 16:00:06.121  2704  2704 I ServiceManagement: Removing namespace from process name android.hardware.camera.provider@2.4-service to provider@2.4-service.
12-31 16:00:06.123  2704  2704 I android.hardware.camera.provider@2.4-service: Registration complete for android.hardware.camera.provider@2.4::ICameraProvider/legacy/0.
12-31 16:00:06.124  2702  2702 I CameraProviderManager: Connecting to new camera provider: legacy/0, isRemote? 1
12-31 16:00:06.124  2702  2702 I CameraProviderManager: Camera provider legacy/0 ready with 0 camera devices
12-31 16:00:06.126  2351  2351 W hwservicemanager: getTransport: Cannot find entry android.hardware.camera.provider@2.4::ICameraProvider/external/0 in either framework or device manifest.
12-31 16:00:06.126  2702  2867 W CameraProviderManager: addProviderLocked: Camera provider HAL with name 'legacy/0' already registered
