12-31 16:00:07.669  2783  2783 D MTK_KL  : 4,2595,7683711,-;06: 4C 1E 5A 1E 00 0A 20 20 20 20 20 20 00 00 00 FC
12-31 16:00:07.669  2783  2783 D MTK_KL  : 4,2596,7683716,-;07: 00 41 41 41 0A 20 20 20 20 20 20 20 20 20 01 2A
12-31 16:00:07.669  2783  2783 D MTK_KL  : 4,2597,7683721,-;08: 02 03 2A 71 50 90 05 04 03 07 02 06 01 1F 14 13
12-31 16:00:07.669  2783  2783 D MTK_KL  : 4,2598,7683727,-;09: 12 16 11 15 20 29 09 07 03 15 07 50 57 07 00 66
12-31 16:00:07.669  2783  2783 D MTK_KL  : 4,2599,7683732,-;0A: 03 0C 00 20 00 00 83 01 00 00 01 1D 00 72 51 D0
12-31 16:00:07.669  2783  2783 D MTK_KL  : 4,2600,7683737,-;0B: 1E 20 6E 28 55 00 C4 8E 21 00 00 1E 01 1D 80 18
12-31 16:00:07.669  2783  2783 D MTK_KL  : 4,2601,7683743,-;0C: 71 1C 16 20 58 2C 25 00 C4 8E 21 00 00 9E 8C 0A
12-31 16:00:07.669  2783  2783 D MTK_KL  : 4,2602,7683748,-;0D: D0 8A 20 E0 2D 10 10 3E 96 00 13 8E 21 00 00 18
12-31 16:00:07.669  2783  2783 D MTK_KL  : 4,2603,7683753,-;0E: 00 00 00 00 00 00 00 00 00 00 00 00 00 00 00 00
12-31 16:00:07.669  2783  2783 D MTK_KL  : 4,2604,7683758,-;0F: 00 00 00 00 00 00 00 00 00 00 00 00 00 00 00 08
12-31 16:00:07.669  2783  2783 D MTK_KL  : 6,2605,7686041,-;\x1b[0m[HDCP2X] Enter HDCP2_SetMsOSObtainMutexCB() function ((HDCP2_SetMsOSObtainMutexCB:1676))\x1b[0m
12-31 16:00:07.669  2783  2783 D MTK_KL  : 6,2606,7686047,-;\x1b[0m[HDCP2X] Leave HDCP2_SetMsOSObtainMutexCB() function ((HDCP2_SetMsOSObtainMutexCB:1678))\x1b[0m
12-31 16:00:07.669  2783  2783 D MTK_KL  : 6,2607,7686051,-;\x1b[0m[HDCP2X] Enter HDCP2_SetMsOSReleaseMutexCB() function ((HDCP2_SetMsOSReleaseMutexCB:1683))\x1b[0m
12-31 16:00:07.669  2783  2783 D MTK_KL  : 6,2608,7686055,-;\x1b[0m[HDCP2X] Leave HDCP2_SetMsOSReleaseMutexCB() function ((HDCP2_SetMsOSReleaseMutexCB:1685))\x1b[0m
12-31 16:00:07.669  2783  2783 D MTK_KL  : 6,2609,7686059,-;\x1b[0m[HDCP2X] Enter HDCP2_SetMsOSCreateTaskCB() function ((HDCP2_SetMsOSCreateTaskCB:1648))\x1b[0m
12-31 16:00:07.669  2783  2783 D MTK_KL  : 6,2610,7686063,-;\x1b[0m[HDCP2X] Leave HDCP2_SetMsOSCreateTaskCB() function ((HDCP2_SetMsOSCreateTaskCB:1650))\x1b[0m
12-31 16:00:07.669  2783  2783 D MTK_KL  : 6,2611,7686067,-;\x1b[0m[HDCP2X] Enter HDCP2_SetMsOSDeleteTaskCB() function ((HDCP2_SetMsOSDeleteTaskCB:1655))\x1b[0m
12-31 16:00:07.669  2783  2783 D MTK_KL  : 6,2612,7686071,-;\x1b[0m[HDCP2X] Leave HDCP2_SetMsOSDeleteTaskCB() function ((HDCP2_SetMsOSDeleteTaskCB:1657))\x1b[0m
12-31 16:00:07.669  2783  2783 D MTK_KL  : 6,2613,7686075,-;\x1b[0m[HDCP2X] Enter HDCP2_SetMsOSCreateMutexCB() function ((HDCP2_SetMsOSCreateMutexCB:1662))\x1b[0m
12-31 16:00:07.669  2783  2783 D MTK_KL  : 6,2614,7686078,-;\x1b[0m[HDCP2X] Leave HDCP2_SetMsOSCreateMutexCB() function ((HDCP2_SetMsOSCreateMutexCB:1664))\x1b[0m
12-31 16:00:07.669  2783  2783 D MTK_KL  : 6,2615,7686082,-;\x1b[0m[HDCP2X] Enter HDCP2_SetMsOSDeleteMutexCB() function ((HDCP2_SetMsOSDeleteMutexCB:1669))\x1b[0m
12-31 16:00:07.670  2783  2783 D MTK_KL  : 6,2616,7686086,-;\x1b[0m[HDCP2X] Leave HDCP2_SetMsOSDeleteMutexCB() function ((HDCP2_SetMsOSDeleteMutexCB:1671))\x1b[0m
12-31 16:00:07.670  2783  2783 D MTK_KL  : 6,2617,7686090,-;\x1b[0m[HDCP2X] Enter HDCP2_SetMsOSCreateEventGroupCB() function ((HDCP2_SetMsOSCreateEventGroupCB:1690))\x1b[0m
12-31 16:00:07.670  2783  2783 D MTK_KL  : 6,2618,7686094,-;\x1b[0m[HDCP2X] Leave HDCP2_SetMsOSCreateEventGroupCB() function ((HDCP2_SetMsOSCreateEventGroupCB:1692))\x1b[0m
12-31 16:00:07.670  2783  2783 D MTK_KL  : 6,2619,7686098,-;\x1b[0m[HDCP2X] Enter HDCP2_SetMsOSDeleteEventGroupCB() function ((HDCP2_SetMsOSDeleteEventGroupCB:1697))\x1b[0m
12-31 16:00:07.670  2783  2783 D MTK_KL  : 6,2620,7686102,-;\x1b[0m[HDCP2X] Leave HDCP2_SetMsOSDeleteEventGroupCB() function ((HDCP2_SetMsOSDeleteEventGroupCB:1699))\x1b[0m
12-31 16:00:07.670  2783  2783 D MTK_KL  : 6,2621,7686106,-;\x1b[0m[HDCP2X] Enter HDCP2_SetMsOSSetEventCB() function ((HDCP2_SetMsOSSetEventCB:1704))\x1b[0m
12-31 16:00:07.670  2783  2783 D MTK_KL  : 6,2622,7686110,-;\x1b[0m[HDCP2X] Leave HDCP2_SetMsOSSetEventCB() function ((HDCP2_SetMsOSSetEventCB:1706))\x1b[0m
12-31 16:00:07.670  2783  2783 D MTK_KL  : 6,2623,7686114,-;\x1b[0m[HDCP2X] Enter HDCP2_SetMsOSWaitEventCB() function ((HDCP2_SetMsOSWaitEventCB:1711))\x1b[0m
12-31 16:00:07.670  2783  2783 D MTK_KL  : 6,2624,7686118,-;\x1b[0m[HDCP2X] Leave HDCP2_SetMsOSWaitEventCB() function ((HDCP2_SetMsOSWaitEventCB:1713))\x1b[0m
12-31 16:00:07.670  2783  2783 D MTK_KL  : 4,2625,7686122,-;\x1b[0m[HDCP2X] Enter HDCP2_LoadKey() function ((HDCP2_LoadKey:1305))\x1b[0m
12-31 16:00:07.670  2783  2783 D MTK_KL  : 6,2626,7686130,-;\x1b[0m[HDCP2X] Enter initHdcpTeeService() function ((initHdcpTeeService:338))\x1b[0m
12-31 16:00:07.670  2783  2783 D MTK_KL  : 6,2627,7686134,-;\x1b[0m[HDCP2X] hdcp tee service was already initialized ((initHdcpTeeService:345))\x1b[0m
12-31 16:00:07.670  2783  2783 D MTK_KL  : 6,2628,7686137,-;\x1b[0m[HDCP2X] Leave initHdcpTeeService() function ((initHdcpTeeService:364))\x1b[0m
12-31 16:00:07.670  2783  2783 D MTK_KL  : 6,2629,7686141,-;\x1b[0m[HDCP2X] Enter loadHdcpKey() function ((loadHdcpKey:486))\x1b[0m
12-31 16:00:07.670  2783  2783 D MTK_KL  : 4,2630,7686145,-;\x1b[0m[HDCP2X] HDCP Rx Key is read before, trigger re-load key ~ ((loadHdcpKey:497))\x1b[0m
12-31 16:00:07.670  2783  2783 D MTK_KL  : 6,2631,7686150,-;\x1b[0m[HDCP2X] HCS_SecureReadDeviceKey start ((trace_str_log:270))\x1b[0m
12-31 16:00:07.670  2783  2783 D MTK_KL  : 6,2632,7686155,-;\x1b[0m[HDCP2X] Enter HCS_SecureReadDeviceKey() function ((HCS_SecureReadDeviceKey:491))\x1b[0m
12-31 16:00:07.670  2783  2783 D MTK_KL  : 6,2633,7686159,-;\x1b[1;33m[HDCP2X] pszFilePath: /certificate/hdcp2_key.bin ((HCS_SecureReadDeviceKey:523))\x1b[0m
12-31 16:00:07.670  2783  2783 D MTK_KL  : 6,2634,7686163,-;\x1b[1;33m[HDCP2X] nKeyPathLength: 26 ((HCS_SecureReadDeviceKey:524))\x1b[0m
12-31 16:00:07.675  2697  2697 D ServiceManager: #00 pc 000306e9  /system/lib/vndk-28/libbinder.so (android::BpServiceManager::getService(android::String16 const&) const+380)
12-31 16:00:07.675  2697  2697 D ServiceManager: #01 pc 00001b37  /vendor/lib/libtrapezoidClient.so (_ZN7android10getServiceINS_24ITrapezoidCorrectServiceEEEiRKNS_8String16EPNS_2spIT_EE+38)
12-31 16:00:07.675  2697  2697 D ServiceManager: #02 pc 00001ac3  /vendor/lib/libtrapezoidClient.so (android::TrapezoidClient::getTrapezoidService()+46)
12-31 16:00:07.675  2697  2697 D ServiceManager: #03 pc 000014e1  /vendor/bin/trapezoidTest (main+56)
12-31 16:00:07.675  2697  2697 D ServiceManager: #04 pc 00087e31  /system/lib/libc.so (__libc_init+48)
12-31 16:00:07.675  2697  2697 D ServiceManager: #05 pc 00001487  /vendor/bin/trapezoidTest (_start_main+38)
12-31 16:00:07.675  2697  2697 D ServiceManager: #06 pc 00000306  <anonymous:b6013000>
12-31 16:00:07.680  2783  2783 D MTK_KL  : 4,2635,7694491,-;\x1b[1;33m[HDCP2X] Finish secure read for HDCP Rx key. ((HCS_SecureReadDeviceKey:535))\x1b[0m
12-31 16:00:07.680  2783  2783 D MTK_KL  : 6,2636,7694500,-;\x1b[0m[HDCP2X] Leave HCS_SecureReadDeviceKey() function ((HCS_SecureReadDeviceKey:542))\x1b[0m
12-31 16:00:07.680  2783  2783 D MTK_KL  : 6,2637,7694504,-;\x1b[0m[HDCP2X] HCS_SecureReadDeviceKey end ((trace_str_log:270))\x1b[0m
12-31 16:00:07.681  2783  2783 D MTK_KL  : 6,2638,7694510,-;\x1b[0m[HDCP2X] Enter updateHdcpKeyData() function ((updateHdcpKeyData:1841))\x1b[0m
12-31 16:00:07.681  2783  2783 D MTK_KL  : 4,2639,7694514,-;\x1b[0;32;32m[HDCP2X] update hdcp key data due to re-load key process invoked ((updateHdcpKeyData:1843))\x1b[0m
12-31 16:00:07.681  2783  2783 D MTK_KL  : 6,2640,7694517,-;\x1b[0m[HDCP2X] Enter HCS_GetRxCert() function ((HCS_GetRxCert:555))\x1b[0m
12-31 16:00:07.681  2783  2783 D MTK_KL  : 6,2641,7694703,-;\x1b[0m[HDCP2X] Leave HCS_GetRxCert() function ((HCS_GetRxCert:586))\x1b[0m
12-31 16:00:07.681  2783  2783 D MTK_KL  : 6,2642,7694708,-;\x1b[0m[HDCP2X] Leave updateHdcpKeyData() function ((updateHdcpKeyData:1879))\x1b[0m
12-31 16:00:07.681  2783  2783 D MTK_KL  : 6,2643,7694713,-;\x1b[0m[HDCP2X] Leave loadHdcpKey() function ((loadHdcpKey:640))\x1b[0m
12-31 16:00:07.681  2783  2783 D MTK_KL  : 4,2644,7694717,-;\x1b[0m[HDCP2X] Leave HDCP2_LoadKey() function ((HDCP2_LoadKey:1367))\x1b[0m
12-31 16:00:07.681  2783  2783 D MTK_KL  : 4,2645,7694721,-;[MI][IMPL][MI_DISP_IMPL_XC_SetHDMIRxHDCPKey][32325]:[HDCP14Rx] Not support Hdcp14 Gen Key flow
12-31 16:00:07.681  2783  2783 D MTK_KL  : 4,2646,7694841,-; Set HDMI EDID:1 
12-31 16:00:07.681  2783  2783 D MTK_KL  : 0,2647,7694860,-;[IMPL] Set EDID Port:1, Type:1, Version:0
12-31 16:00:07.681  2783  2783 D MTK_KL  : 4,2648,7694881,-;\x0aHDMI Port:0 EDID:
12-31 16:00:07.681  2783  2783 D MTK_KL  : 4,2649,7694887,-;00: 00 FF FF FF FF FF FF 00 63 18 00 00 00 00 00 00
12-31 16:00:07.681  2783  2783 D MTK_KL  : 4,2650,7694892,-;01: 06 1A 01 03 80 00 00 78 0A D7 A5 A2 59 4A 96 24
12-31 16:00:07.681  2783  2783 D MTK_KL  : 4,2651,7694897,-;02: 14 50 54 A3 08 00 D1 C0 B3 00 81 00 81 80 81 40
12-31 16:00:07.681  2783  2783 D MTK_KL  : 4,2652,7694903,-;03: 81 C0 01 01 01 01 02 3A 80 18 71 38 2D 40 58 2C
12-31 16:00:07.681  2783  2783 D MTK_KL  : 4,2653,7694908,-;04: 45 00 3F 43 21 00 00 1A 02 3A 80 18 71 38 2D 40
12-31 16:00:07.681  2783  2783 D MTK_KL  : 4,2654,7694913,-;05: 58 2C 45 00 3F 43 21 00 00 1A 00 00 00 FD 00 1E
12-31 16:00:07.681  2783  2783 D MTK_KL  : 4,2655,7694919,-;06: 4C 1E 5A 1E 00 0A 20 20 20 20 20 20 00 00 00 FC
12-31 16:00:07.681  2783  2783 D MTK_KL  : 4,2656,7694924,-;07: 00 41 41 41 0A 20 20 20 20 20 20 20 20 20 01 2A
12-31 16:00:07.681  2783  2783 D MTK_KL  : 4,2657,7694929,-;08: 02 03 2A 71 50 90 05 04 03 07 02 06 01 1F 14 13
12-31 16:00:07.681  2783  2783 D MTK_KL  : 4,2658,7694935,-;09: 12 16 11 15 20 29 09 07 03 15 07 50 57 07 00 66
12-31 16:00:07.681  2783  2783 D MTK_KL  : 4,2659,7694940,-;0A: 03 0C 00 20 00 00 83 01 00 00 01 1D 00 72 51 D0
12-31 16:00:07.681  2783  2783 D MTK_KL  : 4,2660,7694945,-;0B: 1E 20 6E 28 55 00 C4 8E 21 00 00 1E 01 1D 80 18
12-31 16:00:07.681  2783  2783 D MTK_KL  : 4,2661,7694950,-;0C: 71 1C 16 20 58 2C 25 00 C4 8E 21 00 00 9E 8C 0A
12-31 16:00:07.681  2783  2783 D MTK_KL  : 4,2662,7694956,-;0D: D0 8A 20 E0 2D 10 10 3E 96 00 13 8E 21 00 00 18
12-31 16:00:07.681  2783  2783 D MTK_KL  : 4,2663,7694961,-;0E: 00 00 00 00 00 00 00 00 00 00 00 00 00 00 00 00
12-31 16:00:07.681  2783  2783 D MTK_KL  : 4,2664,7694966,-;0F: 00 00 00 00 00 00 00 00 00 00 00 00 00 00 00 08
12-31 16:00:07.681  2783  2783 D MTK_KL  : 4,2665,7694968,-;\x0aHDMI Port:0 EDID:
12-31 16:00:07.681  2783  2783 D MTK_KL  : 4,2666,7694973,-;00: 00 FF FF FF FF FF FF 00 63 18 00 00 00 00 00 00
12-31 16:00:07.681  2783  2783 D MTK_KL  : 4,2667,7694978,-;01: 06 1A 01 03 80 00 00 78 0A D7 A5 A2 59 4A 96 24
12-31 16:00:07.681  2783  2783 D MTK_KL  : 4,2668,7694984,-;02: 14 50 54 A3 08 00 D1 C0 B3 00 81 00 81 80 81 40
12-31 16:00:07.681  2783  2783 D MTK_KL  : 4,2669,7694989,-;03: 81 C0 01 01 01 01 02 3A 80 18 71 38 2D 40 58 2C
12-31 16:00:07.681  2783  2783 D MTK_KL  : 4,2670,7694995,-;04: 45 00 3F 43 21 00 00 1A 02 3A 80 18 71 38 2D 40
12-31 16:00:07.681  2783  2783 D MTK_KL  : 4,2671,7695000,-;05: 58 2C 45 00 3F 43 21 00 00 1A 00 00 00 FD 00 1E
12-31 16:00:07.681  2783  2783 D MTK_KL  : 4,2672,7695005,-;06: 4C 1E 5A 1E 00 0A 20 20 20 20 20 20 00 00 00 FC
12-31 16:00:07.681  2783  2783 D MTK_KL  : 4,2673,7695011,-;07: 00 41 41 41 0A 20 20 20 20 20 20 20 20 20 01 2A
12-31 16:00:07.681  2783  2783 D MTK_KL  : 4,2674,7695016,-;08: 02 03 2A 71 50 90 05 04 03 07 02 06 01 1F 14 13
12-31 16:00:07.681  2783  2783 D MTK_KL  : 4,2675,7695021,-;09: 12 16 11 15 20 29 09 07 03 15 07 50 57 07 00 66
12-31 16:00:07.681  2783  2783 D MTK_KL  : 4,2676,7695027,-;0A: 03 0C 00 20 00 00 83 01 00 00 01 1D 00 72 51 D0
12-31 16:00:07.681  2783  2783 D MTK_KL  : 4,2677,7695032,-;0B: 1E 20 6E 28 55 00 C4 8E 21 00 00 1E 01 1D 80 18
12-31 16:00:07.681  2783  2783 D MTK_KL  : 4,2678,7695037,-;0C: 71 1C 16 20 58 2C 25 00 C4 8E 21 00 00 9E 8C 0A
12-31 16:00:07.681  2783  2783 D MTK_KL  : 4,2679,7695043,-;0D: D0 8A 20 E0 2D 10 10 3E 96 00 13 8E 21 00 00 18
12-31 16:00:07.681  2783  2783 D MTK_KL  : 4,2680,7695048,-;0E: 00 00 00 00 00 00 00 00 00 00 00 00 00 00 00 00
12-31 16:00:07.681  2783  2783 D MTK_KL  : 4,2681,7695053,-;0F: 00 00 00 00 00 00 00 00 00 00 00 00 00 00 00 08
12-31 16:00:07.681  2783  2783 D MTK_KL  : 4,2682,7697293,-;\x0aHDMI Port:1 EDID:
12-31 16:00:07.681  2783  2783 D MTK_KL  : 4,2683,7697301,-;00: 00 FF FF FF FF FF FF 00 63 18 00 00 00 00 00 00
12-31 16:00:07.681  2783  2783 D MTK_KL  : 4,2684,7697306,-;01: 06 1A 01 03 80 00 00 78 0A D7 A5 A2 59 4A 96 24
12-31 16:00:07.681  2783  2783 D MTK_KL  : 4,2685,7697311,-;02: 14 50 54 A3 08 00 D1 C0 B3 00 81 00 81 80 81 40
12-31 16:00:07.681  2783  2783 D MTK_KL  : 4,2686,7697317,-;03: 81 C0 01 01 01 01 02 3A 80 18 71 38 2D 40 58 2C
12-31 16:00:07.681  2783  2783 D MTK_KL  : 4,2687,7697322,-;04: 45 00 3F 43 21 00 00 1A 02 3A 80 18 71 38 2D 40
12-31 16:00:07.681  2783  2783 D MTK_KL  : 4,2688,7697327,-;05: 58 2C 45 00 3F 43 21 00 00 1A 00 00 00 FD 00 1E
12-31 16:00:07.681  2783  2783 D MTK_KL  : 4,2689,7697333,-;06: 4C 1E 5A 1E 00 0A 20 20 20 20 20 20 00 00 00 FC
12-31 16:00:07.681  2783  2783 D MTK_KL  : 4,2690,7697338,-;07: 00 41 41 41 0A 20 20 20 20 20 20 20 20 20 01 2A
12-31 16:00:07.681  2783  2783 D MTK_KL  : 4,2691,7697343,-;08: 02 03 2A 71 50 90 05 04 03 07 02 06 01 1F 14 13
12-31 16:00:07.681  2783  2783 D MTK_KL  : 4,2692,7697348,-;09: 12 16 11 15 20 29 09 07 03 15 07 50 57 07 00 66
12-31 16:00:07.681  2783  2783 D MTK_KL  : 4,2693,7697354,-;0A: 03 0C 00 10 00 00 83 01 00 00 01 1D 00 72 51 D0
12-31 16:00:07.681  2783  2783 D MTK_KL  : 4,2694,7697359,-;0B: 1E 20 6E 28 55 00 C4 8E 21 00 00 1E 01 1D 80 18
12-31 16:00:07.681  2783  2783 D MTK_KL  : 4,2695,7697364,-;0C: 71 1C 16 20 58 2C 25 00 C4 8E 21 00 00 9E 8C 0A
12-31 16:00:07.681  2783  2783 D MTK_KL  : 4,2696,7697370,-;0D: D0 8A 20 E0 2D 10 10 3E 96 00 13 8E 21 00 00 18
12-31 16:00:07.681  2783  2783 D MTK_KL  : 4,2697,7697375,-;0E: 00 00 00 00 00 00 00 00 00 00 00 00 00 00 00 00
12-31 16:00:07.681  2783  2783 D MTK_KL  : 4,2698,7697380,-;0F: 00 00 00 00 00 00 00 00 00 00 00 00 00 00 00 18
12-31 16:00:07.681  2783  2783 D MTK_KL  : 4,2699,7697382,-;\x0aHDMI Port:1 EDID:
12-31 16:00:07.681  2783  2783 D MTK_KL  : 4,2700,7697387,-;00: 00 FF FF FF FF FF FF 00 63 18 00 00 00 00 00 00
12-31 16:00:07.681  2783  2783 D MTK_KL  : 4,2701,7697392,-;01: 06 1A 01 03 80 00 00 78 0A D7 A5 A2 59 4A 96 24
12-31 16:00:07.681  2783  2783 D MTK_KL  : 4,2702,7697398,-;02: 14 50 54 A3 08 00 D1 C0 B3 00 81 00 81 80 81 40
12-31 16:00:07.681  2783  2783 D MTK_KL  : 4,2703,7697403,-;03: 81 C0 01 01 01 01 02 3A 80 18 71 38 2D 40 58 2C
12-31 16:00:07.681  2783  2783 D MTK_KL  : 4,2704,7697408,-;04: 45 00 3F 43 21 00 00 1A 02 3A 80 18 71 38 2D 40
12-31 16:00:07.681  2783  2783 D MTK_KL  : 4,2705,7697414,-;05: 58 2C 45 00 3F 43 21 00 00 1A 00 00 00 FD 00 1E
12-31 16:00:07.681  2783  2783 D MTK_KL  : 4,2706,7697419,-;06: 4C 1E 5A 1E 00 0A 20 20 20 20 20 20 00 00 00 FC
12-31 16:00:07.681  2783  2783 D MTK_KL  : 4,2707,7697424,-;07: 00 41 41 41 0A 20 20 20 20 20 20 20 20 20 01 2A
12-31 16:00:07.682  2783  2783 D MTK_KL  : 4,2708,7697430,-;08: 02 03 2A 71 50 90 05 04 03 07 02 06 01 1F 14 13
12-31 16:00:07.682  2783  2783 D MTK_KL  : 4,2709,7697435,-;09: 12 16 11 15 20 29 09 07 03 15 07 50 57 07 00 66
12-31 16:00:07.682  2783  2783 D MTK_KL  : 4,2710,7697440,-;0A: 03 0C 00 10 00 00 83 01 00 00 01 1D 00 72 51 D0
12-31 16:00:07.682  2783  2783 D MTK_KL  : 4,2711,7697445,-;0B: 1E 20 6E 28 55 00 C4 8E 21 00 00 1E 01 1D 80 18
12-31 16:00:07.682  2783  2783 D MTK_KL  : 4,2712,7697451,-;0C: 71 1C 16 20 58 2C 25 00 C4 8E 21 00 00 9E 8C 0A
12-31 16:00:07.682  2783  2783 D MTK_KL  : 4,2713,7697456,-;0D: D0 8A 20 E0 2D 10 10 3E 96 00 13 8E 21 00 00 18
12-31 16:00:07.682  2783  2783 D MTK_KL  : 4,2714,7697461,-;0E: 00 00 00 00 00 00 00 00 00 00 00 00 00 00 00 00
12-31 16:00:07.682  2783  2783 D MTK_KL  : 4,2715,7697466,-;0F: 00 00 00 00 00 00 00 00 00 00 00 00 00 00 00 18
12-31 16:00:07.684  2783  2783 D MTK_KL  : 4,2716,7701187,-;\x1b[1;31miniparser_load[1201]: 
12-31 16:00:07.684  2783  2783 D MTK_KL  : 4,2717,7701192,-;iniparser: cannot open /vendor/tvconfig/config/HSY/Color.ini
12-31 16:00:07.684  2783  2783 D MTK_KL  : 4,2718,7701195,-;\x1b[0m
12-31 16:00:07.684  2783  2783 D MTK_KL  : 4,2719,7701205,-;[MTVDO][_MTVDO_ParseHSY][1501] MI_SYS_OpenConfigFile: MTVDO_HSY_INI_PATH failed.
12-31 16:00:07.688  2783  2783 D MTK_KL  : 4,2720,7702591,-;\x1b[1;31miniparser_load[1201]: 
12-31 16:00:07.688  2783  2783 D MTK_KL  : 4,2721,7702596,-;iniparser: cannot open /vendor/tvconfig/config/gamma/gammatable_1.ini
12-31 16:00:07.689  2783  2783 D MTK_KL  : 4,2722,7702599,-;\x1b[0m
12-31 16:00:07.689  2783  2783 D MTK_KL  : 4,2723,7702690,-;[_MTVDO_ParsePanelGammaTable] Dbg: panel ini path = /vendor/tvconfig/config/panel/PNL_CUSTOMER_DEFAULT.ini 
12-31 16:00:07.712  2783  2783 D MTK_KL  : 4,2724,7727128,-;[MTVDO][_MTVDO_ParsePanelGammaTable][2228] fail to _MTVDO_ParseGammaTableInfo[1].
12-31 16:00:07.713  2783  2783 D MTK_KL  : 4,2725,7727256,-;[MTGVDO_Init] Parsing Panel ini Gamma Failed! 
12-31 16:00:07.713  2783  2783 D MTK_KL  : 4,2726,7728506,c;[VDEC]Already initialized MTGVDEC module
12-31 16:00:07.713  2783  2783 D MTK_KL  : 4,2727,7728666,-;MTGDMX_Init 993
12-31 16:00:07.713  2783  2783 D MTK_KL  : 4,2728,7728668,-;MTGDMX_Init 997
12-31 16:00:07.713  2783  2783 D MTK_KL  : 4,2729,7728841,c;[SWDMX]_SWDMX_Init()
12-31 16:00:07.713  2783  2783 D MTK_KL  : 4,2730,7729271,+;[SWDMX]Swdmx Init OK
12-31 16:00:07.713  2783  2783 D MTK_KL  : 6,2731,7730096,-;MI_VBI_SetDebugLevel(Level = 32)
12-31 16:00:07.713  2783  2783 D MTK_KL  : 7,2732,7730287,-;<UTPA_DEBUG>[Utopia][SYS]: [ERROR][HAL_SYS_Query][966]Unknown query!
12-31 16:00:07.717  2783  2783 D MTK_KL  : 6,2733,7731555,-;MI VBI Semaphore: 1985216609
12-31 16:00:07.717  2783  2783 D MTK_KL  : 4,2734,7734762,-;[MI][_MTGVDO_OutputRectChangeCheck][7283]:Output rect{0, 0, 1920, 1080}. Panel{0, 0, 1920, 1080}
12-31 16:00:07.717  2783  2783 D MTK_KL  : 4,2735,7734787,-;[MI][_MTGVDO_OutputRectChangeCheck][7283]:Output rect{0, 0, 1920, 1080}. Panel{0, 0, 1920, 1080}
12-31 16:00:07.738  2732  2732 D APM::AudioPolicyEngine/Stream: set: 0x1 for Stream 
12-31 16:00:07.739  2732  2732 D APM::AudioPolicyEngine/Stream: set: 0x0 for Stream 
12-31 16:00:07.739  2732  2732 D APM::AudioPolicyEngine/Stream: set: 0x0 for Stream 
12-31 16:00:07.739  2732  2732 D APM::AudioPolicyEngine/Stream: set: 0x1 for Stream 
12-31 16:00:07.739  2732  2732 D APM::AudioPolicyEngine/Stream: set: 0x2 for Stream 
12-31 16:00:07.739  2732  2732 D APM::AudioPolicyEngine/Stream: set: 0x2 for Stream 
12-31 16:00:07.739  2732  2732 D APM::AudioPolicyEngine/Stream: set: 0x0 for Stream 
12-31 16:00:07.739  2732  2732 D APM::AudioPolicyEngine/Stream: set: 0x3 for Stream 
12-31 16:00:07.739  2732  2732 D APM::AudioPolicyEngine/Stream: set: 0x2 for Stream 
12-31 16:00:07.739  2732  2732 D APM::AudioPolicyEngine/Stream: set: 0x4 for Stream 
12-31 16:00:07.739  2732  2732 D APM::AudioPolicyEngine/Stream: set: 0x3 for Stream 
12-31 16:00:07.739  2732  2732 D APM::AudioPolicyEngine/Stream: set: 0x5 for Stream 
12-31 16:00:07.739  2732  2732 D APM::AudioPolicyEngine/Stream: set: 0x1 for Stream 
12-31 16:00:07.739  2732  2732 D APM::AudioPolicyEngine/Stream: set: 0x6 for Stream 
12-31 16:00:07.739  2732  2732 D APM::AudioPolicyEngine/Stream: set: 0x5 for Stream 
12-31 16:00:07.739  2732  2732 D APM::AudioPolicyEngine/Stream: set: 0x7 for Stream 
12-31 16:00:07.739  2732  2732 D APM::AudioPolicyEngine/Stream: set: 0x4 for Stream 
12-31 16:00:07.740  2732  2732 D APM::AudioPolicyEngine/Stream: set: 0x8 for Stream 
12-31 16:00:07.740  2732  2732 D APM::AudioPolicyEngine/Stream: set: 0x6 for Stream 
12-31 16:00:07.740  2732  2732 D APM::AudioPolicyEngine/Stream: set: 0x9 for Stream 
12-31 16:00:07.740  2732  2732 D APM::AudioPolicyEngine/Stream: set: 0x7 for Stream 
12-31 16:00:07.740  2732  2732 D APM::AudioPolicyEngine/Stream: set: 0xA for Stream 
12-31 16:00:07.740  2732  2732 D APM::AudioPolicyEngine/Stream: set: 0x8 for Stream 
12-31 16:00:07.740  2732  2732 D APM::AudioPolicyEngine/Stream: set: 0xB for Stream 
12-31 16:00:07.740  2732  2732 D APM::AudioPolicyEngine/Stream: set: 0x0 for Stream 
12-31 16:00:07.740  2732  2732 D APM::AudioPolicyEngine/Stream: set: 0xC for Stream 
12-31 16:00:07.740  2732  2732 E APM::AudioPolicyEngine/Strategy: set: trying to set an invalid device 0x0 for strategy Media
12-31 16:00:07.740  2732  2732 D APM::AudioPolicyEngine/Strategy: set: 0x2 for strategy Phone
12-31 16:00:07.740  2732  2732 E APM::AudioPolicyEngine/Strategy: set: trying to set an invalid device 0x0 for strategy Sonification
12-31 16:00:07.740  2732  2732 E APM::AudioPolicyEngine/Strategy: set: trying to set an invalid device 0x0 for strategy SonificationRespectful
12-31 16:00:07.740  2732  2732 E APM::AudioPolicyEngine/Strategy: set: trying to set an invalid device 0x0 for strategy Dtmf
12-31 16:00:07.740  2732  2732 E APM::AudioPolicyEngine/Strategy: set: trying to set an invalid device 0x0 for strategy EnforcedAudible
12-31 16:00:07.740  2732  2732 D APM::AudioPolicyEngine/Strategy: set: 0x4 for strategy TransmittedThroughSpeaker
12-31 16:00:07.740  2732  2732 E APM::AudioPolicyEngine/Strategy: set: trying to set an invalid device 0x0 for strategy Accessibility
12-31 16:00:07.740  2732  2732 E APM::AudioPolicyEngine/Strategy: set: trying to set an invalid device 0x0 for strategy Rerouting
12-31 16:00:07.740  2732  2732 E APM::AudioPolicyEngine/InputSource: set: trying to set an invalid device 0x0 for input source Default
12-31 16:00:07.740  2732  2732 E APM::AudioPolicyEngine/InputSource: set: trying to set an invalid device 0x0 for input source Mic
12-31 16:00:07.740  2732  2732 E APM::AudioPolicyEngine/InputSource: set: trying to set an invalid device 0x0 for input source VoiceUplink
12-31 16:00:07.740  2732  2732 E APM::AudioPolicyEngine/InputSource: set: trying to set an invalid device 0x0 for input source VoiceDownlink
12-31 16:00:07.740  2732  2732 E APM::AudioPolicyEngine/InputSource: set: trying to set an invalid device 0x0 for input source VoiceCall
12-31 16:00:07.740  2732  2732 E APM::AudioPolicyEngine/InputSource: set: trying to set an invalid device 0x0 for input source Camcorder
12-31 16:00:07.740  2732  2732 E APM::AudioPolicyEngine/InputSource: set: trying to set an invalid device 0x0 for input source VoiceRecognition
12-31 16:00:07.740  2732  2732 D APM::AudioPolicyEngine/InputSource: set: 0x80000004 for input source VoiceCommunication
12-31 16:00:07.740  2732  2732 E APM::AudioPolicyEngine/InputSource: set: trying to set an invalid device 0x0 for input source RemoteSubmix
12-31 16:00:07.740  2732  2732 E APM::AudioPolicyEngine/InputSource: set: trying to set an invalid device 0x0 for input source Unprocessed
12-31 16:00:07.741  2732  2732 E APM::AudioPolicyEngine/InputSource: set: trying to set an invalid device 0x0 for input source FmTuner
12-31 16:00:07.741  2732  2732 E APM::AudioPolicyEngine/InputSource: set: trying to set an invalid device 0x0 for input source Hotword
12-31 16:00:07.741  2732  2732 D APM::AudioPolicyEngine/Usage: set: 0 for Usage Unknown
12-31 16:00:07.741  2732  2732 D APM::AudioPolicyEngine/Usage: set: 0 for Usage Media
12-31 16:00:07.741  2732  2732 D APM::AudioPolicyEngine/Usage: set: 1 for Usage VoiceCommunication
12-31 16:00:07.741  2732  2732 D APM::AudioPolicyEngine/Usage: set: 4 for Usage VoiceCommunicationSignalling
12-31 16:00:07.741  2732  2732 D APM::AudioPolicyEngine/Usage: set: 2 for Usage Alarm
12-31 16:00:07.741  2732  2732 D APM::AudioPolicyEngine/Usage: set: 3 for Usage Notification
12-31 16:00:07.741  2732  2732 D APM::AudioPolicyEngine/Usage: set: 2 for Usage NotificationTelephonyRingtone
12-31 16:00:07.741  2732  2732 D APM::AudioPolicyEngine/Usage: set: 3 for Usage NotificationCommunicationRequest
12-31 16:00:07.741  2732  2732 D APM::AudioPolicyEngine/Usage: set: 3 for Usage NotificationCommunicationInstant
12-31 16:00:07.741  2732  2732 D APM::AudioPolicyEngine/Usage: set: 3 for Usage NotificationCommunicationDelated
12-31 16:00:07.741  2732  2732 D APM::AudioPolicyEngine/Usage: set: 3 for Usage NotificationEvent
12-31 16:00:07.741  2732  2732 D APM::AudioPolicyEngine/Usage: set: 7 for Usage AssistanceAccessibility
12-31 16:00:07.741  2732  2732 D APM::AudioPolicyEngine/Usage: set: 0 for Usage AssistanceNavigationGuidance
12-31 16:00:07.741  2732  2732 D APM::AudioPolicyEngine/Usage: set: 0 for Usage AssistanceSonification
12-31 16:00:07.741  2732  2732 D APM::AudioPolicyEngine/Usage: set: 0 for Usage BluetoothSco
12-31 16:00:07.741  2732  2732 D APM::AudioPolicyEngine/Usage: set: 0 for Usage Assistant
12-31 16:00:07.742  2732  2732 D APM::AudioPolicyEngine/PFWWrapper: start: Policy PFW successfully started!
12-31 16:00:07.744  2783  2783 D MTK_KL  : 6,2736,7758519,-;<MI3_INFO><<<MI_EXTIN_SetAttr[3438]MI_EXTIN_SetAttr fail! hExtin: 0x43ffffff eAttrType: 32781
12-31 16:00:07.775  2697  2697 I ServiceManager: Waiting for vendor service TrapezoidCorrect...
12-31 16:00:07.791  2697  2697 D ServiceManager: #00 pc 000306e9  /system/lib/vndk-28/libbinder.so (android::BpServiceManager::getService(android::String16 const&) const+380)
12-31 16:00:07.791  2697  2697 D ServiceManager: #01 pc 00001b37  /vendor/lib/libtrapezoidClient.so (_ZN7android10getServiceINS_24ITrapezoidCorrectServiceEEEiRKNS_8String16EPNS_2spIT_EE+38)
12-31 16:00:07.791  2697  2697 D ServiceManager: #02 pc 00001ac3  /vendor/lib/libtrapezoidClient.so (android::TrapezoidClient::getTrapezoidService()+46)
12-31 16:00:07.791  2697  2697 D ServiceManager: #03 pc 000014e1  /vendor/bin/trapezoidTest (main+56)
12-31 16:00:07.791  2697  2697 D ServiceManager: #04 pc 00087e31  /system/lib/libc.so (__libc_init+48)
12-31 16:00:07.791  2697  2697 D ServiceManager: #05 pc 00001487  /vendor/bin/trapezoidTest (_start_main+38)
12-31 16:00:07.791  2697  2697 D ServiceManager: #06 pc 00000306  <anonymous:b6013000>
12-31 16:00:07.794  2718  2967 I audio_hw_primary: adev_open
12-31 16:00:07.795  2718  3068 I MI3     : MI_SYS_Init() without Parameter
12-31 16:00:07.795  2718  2967 E Utopia  : [MSOS][ERROR][MsOS_CreateMutex][2230]    [MsOS_CreateMutex][2230] Update max number of msos mutex: 256
12-31 16:00:07.797  2783  2783 D MTK_KL  : 4,2737,7813562,-;<MI3_WARN>Warning: MI_SYS_Init() already be inited!
12-31 16:00:07.797  2718  2967 I Utopia  : [MSOS][INFO][MsOS_SHM_Init][1097]     Mappd share memory: 0xtB01AD000
12-31 16:00:07.797  2718  2967 I Utopia  : [MSOS][INFO][_MsOS_InitEventGroup][4039]     Flag=MSOS_SHM_QUERY Addr=0xB01C0AA8
12-31 16:00:07.797  2718  2967 I         : [utopia info] open: /vendor/etc/utopia.conf
12-31 16:00:07.801  2783  2783 D MTK_KL  : 3,2738,7815001,-;[MDrv_Queue_Init][773] Already inited.
12-31 16:00:07.801  2718  2967 D Utopia  : [PWS][35mFunction = void PWSRegisterToUtopia(FUtopiaOpen), Line = 1134, PWS Register finished[m
12-31 16:00:07.807  2718  2967 W Utopia  : [MSOS][WARN][MsOS_Init][5832]     Already inited.
12-31 16:00:07.807  2718  2967 I Utopia  : [[MsOS_MMA_Init]][000355] MsOS_MMA_Init size=49152
12-31 16:00:07.808  2718  2967 D Utopia  : [SYS][35mFunction = MS_U32 SYSOpen(void **, void *), Line = 1698, current resource pri_shm content is: 0[m
12-31 16:00:07.808  2718  2967 D Utopia  : [SYS][35mFunction = MS_U32 SYSOpen(void **, void *), Line = 1717, [SYS INFO] OPEN INSTANCE...[m
12-31 16:00:07.809  2783  2783 D MTK_KL  : 7,2739,7825795,-;<UTPA_DEBUG>[Utopia][MIU]: [MIU INFO] miu open
12-31 16:00:07.809  2783  2783 D MTK_KL  : 4,2740,7825992,-;--------->MBX DRIVER OPEN: cnt=6
12-31 16:00:07.809  2783  2783 D MTK_KL  : 4,2741,7826025,-;_MDrv_MBXIO_FASYNC is invoked
12-31 16:00:07.809  2783  2783 D MTK_KL  : 4,2742,7826029,-;_MDrv_MBXIO_FASYNC is ok
12-31 16:00:07.818  2718  3068 I MI3     : _MI_WRAPPER_SYS_SecurityAuthentication[754]: Invalid parameter!
12-31 16:00:07.818  2718  3068 I MI3     : _MI_WRAPPER_SYS_SecurityAuthentication[754]: pstInitParams is NULL.
12-31 16:00:07.818  2718  3068 I MI3     : MI_IIC_Init[164]: Error 0x2: failed to ioctl(MI_DEV_IOC_IIC_INIT)
12-31 16:00:07.820  2783  2783 D MTK_KL  : 6,2743,7836521,-;<MI3_INFO><<<MI_IIC_Init[1052]MI_IIC_Init:0x2
12-31 16:00:07.821  2783  2783 D MTK_KL  : 6,2744,7838470,-;Exit VBI monitor Task
12-31 16:00:07.821  2783  2783 D MTK_KL  : 4,2745,7838489,-;[MsOS_DeleteTask][1230] MsOS_DeleteTask is not supported
12-31 16:00:07.821  2783  2783 D MTK_KL  : 3,2746,7838575,-;<UTPA_ERR>[Utopia][VBI]: VBI already Opened
12-31 16:00:07.824  2783  2783 D MTK_KL  : 7,2747,7838650,-;<UTPA_DEBUG>[Utopia][SYS]: [ERROR][HAL_SYS_Query][966]Unknown query!
12-31 16:00:07.824  2783  2783 D MTK_KL  : 4,2748,7838656,-;[MSOS][MsOS_AttachInterrupt][3556] Already attach interrupt enum = 0x1C.
12-31 16:00:07.824  2783  2783 D MTK_KL  : 4,2749,7841436,-;ATBM253 I2c read Fail, SlaveAddr=0xe0 ,ePort =9,pData =0
12-31 16:00:07.824  2783  2783 D MTK_KL  : 4,2750,7841441,-;[ATBM253)] Read chip ID fail with slave ID 0xe0
12-31 16:00:07.824  2783  2783 D MTK_KL  : 4,2751,7841446,-; MDrv_Tuner_ATBM253_CheckExist pI2CInfo->u8SlaveID = 232 !!
12-31 16:00:07.873  2734  2986 W SurfaceFlinger: Timed out waiting for hw vsync; faking it
12-31 16:00:07.881  2718  3068 I MI3     : _s32MikAextinFd: 35, aextin init result : 2  
12-31 16:00:07.881  2718  3068 I MI3     : _MI_WRAPPER_SYS_ModuleInit[1168]: Error 0x9: failed to MI_VENC_Init()!
12-31 16:00:07.881  2718  3068 I MI3     : Open MI_OSD kernel module successful
12-31 16:00:07.882  2718  3068 I MI3     : _s32MikCipherFd: 46, cipher init result : 0  
12-31 16:00:07.885  2783  2783 D MTK_KL  : 4,2752,7898833,-;[MI_AEXTIN_Init:2228][2967] AextinInitCnt:11
12-31 16:00:07.885  2783  2783 D MTK_KL  : 4,2753,7898838,-;[MI_AEXTIN_Init:2294][2967] eErrCode:0x2
12-31 16:00:07.885  2783  2783 D MTK_KL  : 3,2754,7899068,-;<MI3_ERR>_MI_VENC_Init[2640]: [MI VENC] No available encoder buffer, MMAP size is 0!
12-31 16:00:07.885  2783  2783 D MTK_KL  : 6,2755,7899461,-;<MI3_INFO><<<MI_SAR_Init[1945]MI_SAR_Init:0x2
12-31 16:00:07.885  2718  2967 I audio_hw_primary: mi_device_init: MI_SYS_Init success, ret=0x0
12-31 16:00:07.886  2718  2967 I audio_hw_primary: mi_device_open: output device info already exists, device speaker, MI_AOUT handle=0x17000004, path=SPEAKER !!
12-31 16:00:07.886  2718  2967 I audio_hw_primary: mi_device_open: output device info already exists, device headphone, MI_AOUT handle=0x17000005, path=HEADPHONE !!
12-31 16:00:07.886  2718  2967 I audio_hw_primary: mi_device_open: output device info already exists, device 0x200000, MI_AOUT handle=0x17000006, path=LINEOUT !!
12-31 16:00:07.886  2718  2967 I audio_hw_primary: mi_device_open: output device info already exists, device spdif, MI_AOUT handle=0x17000002, path=SPDIF !!
12-31 16:00:07.886  2718  2967 I audio_hw_primary: mi_device_open: output device info already exists, device hdmi-arc, MI_AOUT handle=0x17000007, path=HDMI_ARC !!
12-31 16:00:07.886  2718  2967 I audio_hw_primary: mi_device_open: output device info already exists, device 0x400, MI_AOUT handle=0x17000003, path=HDMI_TX !!
12-31 16:00:07.886  2718  2967 W audio_hw_primary: mi_device_init: MI_AEXTIN_Init failed, ret=0x2 !!
12-31 16:00:07.886  2718  2967 I audio_hw_primary: mi_device_init: dolby version 2.
12-31 16:00:07.889  2783  2783 D MTK_KL  : 4,2756,7903159,-;<MI3_WARN>_MI_SVP_Init: Module has been inited!
12-31 16:00:07.891  2718  2967 I Utopia  : [MSOS][INFO][MsOS_SHM_Init][1070]     Already inited.
12-31 16:00:07.891  2718  2967 I Utopia  : [MSOS][INFO][MsOS_SHM_Init][1070]     Already inited.
12-31 16:00:07.891  2718  2967 D SynchronizerHAL: HW Sync Mutex 0 create OK
12-31 16:00:07.891  2718  2967 D SynchronizerHAL: HW Sync Mutex 1 create OK
12-31 16:00:07.891  2718  2967 I audio_hw_primary: mi_device_set: mode(auto), codec(NONE) 
12-31 16:00:07.892  2718  3068 I MI3     : MI_OS_GetShareMem[865]: MI_OS_GetShareMem failed 
12-31 16:00:07.892  2697  2697 I ServiceManager: Waiting for vendor service TrapezoidCorrect...
12-31 16:00:07.908  2718  3068 I MI3     : I/O warning : failed to load external entity "/odm/etc/default_volume_tables.xml"
12-31 16:00:07.909  2697  2697 D ServiceManager: #00 pc 000306e9  /system/lib/vndk-28/libbinder.so (android::BpServiceManager::getService(android::String16 const&) const+380)
12-31 16:00:07.909  2697  2697 D ServiceManager: #01 pc 00001b37  /vendor/lib/libtrapezoidClient.so (_ZN7android10getServiceINS_24ITrapezoidCorrectServiceEEEiRKNS_8String16EPNS_2spIT_EE+38)
12-31 16:00:07.909  2697  2697 D ServiceManager: #02 pc 00001ac3  /vendor/lib/libtrapezoidClient.so (android::TrapezoidClient::getTrapezoidService()+46)
12-31 16:00:07.909  2697  2697 D ServiceManager: #03 pc 000014e1  /vendor/bin/trapezoidTest (main+56)
12-31 16:00:07.909  2697  2697 D ServiceManager: #04 pc 00087e31  /system/lib/libc.so (__libc_init+48)
12-31 16:00:07.909  2697  2697 D ServiceManager: #05 pc 00001487  /vendor/bin/trapezoidTest (_start_main+38)
12-31 16:00:07.909  2697  2697 D ServiceManager: #06 pc 00000306  <anonymous:b6013000>
12-31 16:00:07.912  2718  2967 I audio_hw_primary: utils_parse_volume_curve: Parse /vendor/etc/default_volume_tables.xml.
12-31 16:00:07.912  2718  2967 I audio_hw_primary: utils_parse_volume_curve: referenceName MM found
12-31 16:00:07.912  2718  2967 I audio_hw_primary: utils_parse_volume_curve: referenceName DTV found
12-31 16:00:07.913  2718  2967 I audio_hw_primary: utils_parse_volume_curve: referenceName ATV found
12-31 16:00:07.913  2718  2967 I audio_hw_primary: utils_parse_volume_curve: referenceName HDMI found
12-31 16:00:07.913  2718  2967 I audio_hw_primary: utils_parse_volume_curve: referenceName CVBS found
12-31 16:00:07.914  2718  2967 I audio_hw_primary: utils_parse_volume_curve: All volume curve table are parsed.
12-31 16:00:07.915  2718  2967 I audio_hw_primary: mi_device_open: output device info already exists, device spdif, MI_AOUT handle=0x17000002, path=SPDIF !!
12-31 16:00:07.915  2718  2967 I audio_hw_primary: mi_device_open: output device info already exists, device speaker, MI_AOUT handle=0x17000004, path=SPEAKER !!
12-31 16:00:07.915  2718  2967 I audio_hw_primary: mi_device_open: output device info already exists, device headphone, MI_AOUT handle=0x17000005, path=HEADPHONE !!
12-31 16:00:07.915  2718  2967 I audio_hw_primary: mi_device_open: output device info already exists, device 0x200000, MI_AOUT handle=0x17000006, path=LINEOUT !!
12-31 16:00:07.916  2718  2967 I audio_hw_primary: mi_device_open: output device info already exists, device hdmi-arc, MI_AOUT handle=0x17000007, path=HDMI_ARC !!
12-31 16:00:07.932  2783  2783 D MTK_KL  : 6,2757,7946465,-;Exit VBI monitor Task
12-31 16:00:07.932  2783  2783 D MTK_KL  : 4,2758,7946501,-;[MsOS_DeleteTask][1230] MsOS_DeleteTask is not supported
12-31 16:00:07.933  2783  2783 D MTK_KL  : 6,2759,7946548,-;[FUSION]modify pgprot to NC
12-31 16:00:07.933  2783  2783 D MTK_KL  : 6,2760,7946764,-;<MI3_INFO><<<MI_DISP_OpenController[16865]
12-31 16:00:07.933  2783  2783 D MTK_KL  : 4,2761,7946768,-;MI_DISP_OpenController failed!, try to get controller handle.
12-31 16:00:07.933  2783  2783 D MTK_KL  : 4,2762,7947160,-;_MTGPMX_CreateEventHandlerTask() succeeded
12-31 16:00:07.937  2734  2734 D SurfaceFlinger: shader cache generated - 24 shaders in 1063.156128 ms
12-31 16:00:07.940  2783  2783 D MTK_KL  : 14,2763,7956802,-;init: Received control message 'start' for 'bootanim' from pid: 2734 (/system/bin/surfaceflinger)
12-31 16:00:07.941  2783  2783 D MTK_KL  : 14,2764,7957276,-;init: starting service 'bootanim'...
12-31 16:00:07.941  2734  2734 D SurfaceFlinger: Set power mode=2, type=0 flinger=0xb0e32000
12-31 16:00:07.941  2721  2721 D hwcomposer: HWCDisplayDevice::setPowerMode: Device[0] setPowerMode(On)
12-31 16:00:07.941  2734  2734 D SurfaceFlinger: Finished set power mode=2, type=0
12-31 16:00:07.943  2721  2990 D hwcomposer: HWCDisplayDevice::setColorTransform: Device[0] setColorTransform(0)
12-31 16:00:07.943  2734  2734 W HwcComposer: command 0x2000000 generated error 8
12-31 16:00:07.944  2721  2907 E hwcomposer: HWComposerDisplayHalMiOsd::hwcMiDisplay: MI_OSD_LayerSetAttr E_MI_OSD_ATTR_TYPE_AUTO_DETECT_BUFFER failed, handle: 0, Error[0x7]: MI_ERR_INVALID_HANDLE !!!, line=[1121].
12-31 16:00:07.945  2718  2967 I bt_a2dp_hw: adev_open:  adev_open in A2dp_hw module
12-31 16:00:07.945  2718  2967 D audio_hw_primary: utils_loadAudioInterface: if_name a2dp, dev 0xa5883000
12-31 16:00:07.945  2718  2967 I audio_hw_primary: adev_open: a2dp dev 0xa5883000
12-31 16:00:07.948  2718  2967 D audio_hw_primary: utils_loadAudioInterface: if_name usb, dev 0xb2765000
12-31 16:00:07.948  2718  2967 I audio_hw_primary: adev_open: usb dev 0xb2765000
12-31 16:00:07.948  2718  2967 I audio_hw_primary: adev_open: END
12-31 16:00:07.949  2718  2967 W DeviceHAL: Error from HAL Device in function get_master_volume: Function not implemented
12-31 16:00:07.949  2718  2967 W DeviceHAL: Error from HAL Device in function get_master_mute: Function not implemented
12-31 16:00:07.949  2718  2967 I audio_hw_primary: adev_set_master_volume: volume 1.000000
12-31 16:00:07.950  2718  2967 W DeviceHAL: Error from HAL Device in function set_master_mute: Function not implemented
12-31 16:00:07.950  2732  2732 I AudioFlinger: loadHwModule() Loaded primary audio interface, handle 10
12-31 16:00:07.950  2732  2732 I AudioFlinger: openOutput() this 0xad43c000, module 10 Device 0x2, SamplingRate 48000, Format 0x000001, Channels 0x3, flags 0x2
12-31 16:00:07.950  2718  2967 I audio_hw_primary: adev_open_output_stream: handle:13 dev:speaker fmt/chn/sr 0x00000001/2/48000, flag 0x00000002
12-31 16:00:07.950  2718  2967 I audio_hw_primary: adev_open_output_stream: out=0xb2729300, isAvDelaySet=1
12-31 16:00:07.951  2718  2718 D audio_hw_primary: out_common_get_buffer_size: BufferSize=3456 !
12-31 16:00:07.951  2732  2732 I AudioFlinger: HAL output buffer size 864 frames, normal sink buffer size 1152 frames
12-31 16:00:07.974  2732  2732 I BufferProvider: found effect "Multichannel Downmix To Stereo" from The Android Open Source Project
12-31 16:00:07.974  2718  2718 D audio_hw_primary: out_common_get_buffer_size: BufferSize=3456 !
12-31 16:00:07.975  2732  2732 I AudioFlinger: Using module 10 as the primary audio interface
12-31 16:00:07.975  2718  2718 D audio_hw_primary: adev_set_voice_volume: volume 0.000000, not implement!
12-31 16:00:07.977  2732  2732 W AudioFlinger: moveEffects() bad srcOutput 0
12-31 16:00:07.977  2732  3088 I AudioFlinger: AudioFlinger's thread 0xacaa3280 tid=3088 ready to run
12-31 16:00:07.977  2732  3088 W AudioFlinger: no wake lock to update, system not ready yet
12-31 16:00:07.977  2718  2718 D audio_hw_primary: out_standby: handle=13
12-31 16:00:07.977  2718  2718 E audio_hw_primary: mi_common_pcm_close: common pcm was not opened.
12-31 16:00:07.979  2732  3088 W AudioFlinger: no wake lock to update, system not ready yet
12-31 16:00:07.979  2718  2967 I audio_hw_primary: adev_create_audio_patch: mix->device:speaker
12-31 16:00:07.979  2718  2967 I audio_hw_primary: adev_create_audio_patch: create audio_patch 0xb276a000, handle 1
12-31 16:00:07.979  2718  2967 I audio_hw_primary: mi_device_set: set volume: device speaker, un-mute. ePath 4, handle 0x17000004, ret 0
12-31 16:00:07.980  2718  2967 I audio_hw_primary: mi_device_set: set volume: device hdmi-arc, mute. ePath 7, handle 0x17000007, ret 0
12-31 16:00:07.980  2718  2967 I audio_hw_primary: mi_device_set: set volume: device headphone, mute. ePath 5, handle 0x17000005, ret 0
12-31 16:00:07.981  2783  2783 D MTK_KL  : 4,2765,7997514,-;[_MI_AOUT_SetMultiMute:2891][2967] ePath:4, pszMuteName:audio_hal, bMute:0, u32AutoUnmuteTimer:0, u32AoutMuteFlag:0x0
12-31 16:00:07.981  2783  2783 D MTK_KL  : 4,2766,7997575,-;[_MI_AOUT_SetMultiMute:2891][2967] ePath:7, pszMuteName:audio_hal, bMute:1, u32AutoUnmuteTimer:0, u32AoutMuteFlag:0x1
12-31 16:00:07.981  2783  2783 D MTK_KL  : 4,2767,7997582,-;[_MI_AOUT_ApplyMute:2597][2967] ePath:7, apply bMuteStatus:FALSE
12-31 16:00:07.981  2783  2783 D MTK_KL  : 4,2768,7997667,-;[_MI_AOUT_SetMultiMute:2891][2967] ePath:5, pszMuteName:audio_hal, bMute:1, u32AutoUnmuteTimer:0, u32AoutMuteFlag:0x1
12-31 16:00:07.981  2783  2783 D MTK_KL  : 4,2769,7997671,-;[_MI_AOUT_ApplyMute:2597][2967] ePath:5, apply bMuteStatus:FALSE
12-31 16:00:07.981  2732  2732 W APM_AudioPolicyManager: Input profile contains no device on module primary
12-31 16:00:07.981  2718  3089 I audio_hw_primary: adev_open_input_stream: handle:14 dev:tv fmt/chn/sr 1/2/48000
12-31 16:00:07.981  2718  3089 I audio_hw_primary: adev_open_input_stream: handle:14 dev:tv, aec is disabled, aec level 3
12-31 16:00:07.981  2718  3089 I audio_hw_primary: register_wrapper: register mi_common_capture wrapper !!
12-31 16:00:07.984  2783  2783 D MTK_KL  : 4,2770,8000602,-;ATBM253 I2c read Fail, SlaveAddr=0xe8 ,ePort =9,pData =0
12-31 16:00:07.984  2783  2783 D MTK_KL  : 4,2771,8000618,-;[ATBM253)] Read chip ID fail with slave ID 0xe8
12-31 16:00:07.985  2783  2783 D MTK_KL  : 4,2772,8000621,-; MDrv_Tuner_ATBM253_CheckExist pI2CInfo->u8SlaveID = 248 !!
12-31 16:00:07.985  2732  3091 I AudioFlinger: AudioFlinger's thread 0xacb830c0 tid=3091 ready to run
12-31 16:00:07.985  2732  3090 E FastThread: did not receive expected priority boost on time
12-31 16:00:07.987  2732  2732 W APM_AudioPolicyManager: Input profile contains no device on module primary
12-31 16:00:07.987  2732  2732 W APM_AudioPolicyManager: Input profile contains no device on module primary
12-31 16:00:07.988  2718  2967 I audio_hw_primary: adev_close_input_stream: handle:14
12-31 16:00:07.988  2718  2967 E audio_hw_primary: mi_common_capture_close: audio capture was not opened.
12-31 16:00:07.990  2718  2718 D vf_audio_hw: adev_open >>>
12-31 16:00:07.991  2718  2718 D vf_audio_hw: vf_get_voice_buffer_size
12-31 16:00:07.991  2718  2718 D         : voice_loadconfig(/system/etc/hidraw_setting) load!
12-31 16:00:07.991  2718  2718 D         : voice_loadconfig(/vendor/etc/hidraw_setting) load!
12-31 16:00:07.991  2718  2718 D         : voice_loadconfig(/vendor/etc/hidraw_setting) size=200!
12-31 16:00:07.991  2718  2718 D         : voice_conf_parse_config
12-31 16:00:07.991  2718  2718 D         : voice_conf_parse_config line:[Rcu]
12-31 16:00:07.991  2718  2718 I         : voice_conf_parse_config Find Group[Rcu]
12-31 16:00:07.991  2718  2718 D         : voice_conf_parse_config line:Vid=005d
12-31 16:00:07.991  2718  2718 I         : voice_conf_parse_config Find Item[Rcu:Vid=005d]
12-31 16:00:07.991  2718  2718 D         : voice_conf_parse_config line:Pid=0002
12-31 16:00:07.991  2718  2718 I         : voice_conf_parse_config Find Item[Rcu:Pid=0002]
12-31 16:00:07.991  2718  2718 D         : voice_conf_parse_config line:Ver=0000
12-31 16:00:07.991  2718  2718 I         : voice_conf_parse_config Find Item[Rcu:Ver=0000]
12-31 16:00:07.991  2718  2718 D         : voice_conf_parse_config line:[ReportID]
12-31 16:00:07.991  2718  2718 I         : voice_conf_parse_config Find Group[ReportID]
12-31 16:00:07.991  2718  2718 D         : voice_conf_parse_config line:Key=1
12-31 16:00:07.991  2718  2718 I         : voice_conf_parse_config Find Item[ReportID:Key=1]
12-31 16:00:07.991  2718  2718 D         : voice_conf_parse_config line:Data=5a
12-31 16:00:07.991  2718  2718 I         : voice_conf_parse_config Find Item[ReportID:Data=5a]
12-31 16:00:07.991  2718  2718 D         : voice_conf_parse_config line:Cmd=5a
12-31 16:00:07.991  2718  2718 I         : voice_conf_parse_config Find Item[ReportID:Cmd=5a]
12-31 16:00:07.991  2718  2718 D         : voice_conf_parse_config line:[ReportValue]
12-31 16:00:07.991  2718  2718 I         : voice_conf_parse_config Find Group[ReportValue]
12-31 16:00:07.991  2718  2718 D         : voice_conf_parse_config line:KeyDownLen=8
12-31 16:00:07.991  2718  2718 I         : voice_conf_parse_config Find Item[ReportValue:KeyDownLen=8]
12-31 16:00:07.991  2718  2718 D         : voice_conf_parse_config line:KeyDown=0,0,3e,0,0,0,0,0;
12-31 16:00:07.991  2718  2718 I         : voice_conf_parse_config Find Item[ReportValue:KeyDown=0,0,3e,0,0,0,0,0;]
12-31 16:00:07.991  2718  2718 D         : voice_conf_parse_config line:KeyUpLen=8
12-31 16:00:07.991  2718  2718 I         : voice_conf_parse_config Find Item[ReportValue:KeyUpLen=8]
12-31 16:00:07.991  2718  2718 D         : voice_conf_parse_config line:KeyUp=0,0,0,0,0,0,0,0;
12-31 16:00:07.991  2718  2718 I         : voice_conf_parse_config Find Item[ReportValue:KeyUp=0,0,0,0,0,0,0,0;]
12-31 16:00:07.991  2718  2718 D         : voice_conf_parse_config line:[Settings]
12-31 16:00:07.991  2718  2718 I         : voice_conf_parse_config Find Group[Settings]
12-31 16:00:07.991  2718  2718 D         : voice_conf_parse_config line:DecodeType=1
12-31 16:00:07.991  2718  2718 I         : voice_conf_parse_config Find Item[Settings:DecodeType=1]
12-31 16:00:07.991  2718  2718 D         : voice_conf_parse_config line:DataMask=1
12-31 16:00:07.991  2718  2718 I         : voice_conf_parse_config Find Item[Settings:DataMask=1]
12-31 16:00:07.991  2718  2718 D         : voice_conf_parse_config line:AutoCmd=1
12-31 16:00:07.991  2718  2718 I         : voice_conf_parse_config Find Item[Settings:AutoCmd=1]
12-31 16:00:07.991  2718  2718 D vf_audio_hw: use config decode type: 1
12-31 16:00:07.991  2718  2718 D vf_audio_hw: use config data mask: 1
12-31 16:00:07.991  2718  2718 D vf_audio_hw: use config autocmd status: 1
12-31 16:00:07.991  2718  2718 D vf_audio_hw: vf_get_voice_buffer_size : buffer_size = 240
12-31 16:00:07.992  2732  2732 I AudioFlinger: loadHwModule() Loaded vx_bee_hidraw audio interface, handle 18
12-31 16:00:07.993  2718  3092 D vf_audio_hw: adev_open_input_stream >>>
12-31 16:00:07.993  2718  3092 W vf_audio_hw: jim@adev_open_input_stream: time length is 9
12-31 16:00:07.993  2718  3092 W vf_audio_hw: decode file: /data/vr/DEC_84807
12-31 16:00:07.993  2718  3092 W vf_audio_hw: read file: /data/vr/READ_84807
12-31 16:00:07.993  2718  3092 W vf_audio_hw: failed to open decode file No such file or directory
12-31 16:00:07.993  2718  3092 W vf_audio_hw: failed to open read file No such file or directory
12-31 16:00:07.993  2718  3092 D vf_audio_hw: adev_open_input_stream <<<
12-31 16:00:07.994  2718  3092 D vf_audio_hw: in_get_buffer_size: 240
12-31 16:00:07.994  2718  3093 W vf_audio_hw: data chan socket connect ok
12-31 16:00:07.994  2718  3092 D vf_audio_hw: in_get_buffer_size: 240
12-31 16:00:07.994  2768  2809 D         : uipc_check_fd_locked(L270): INCOMING CONNECTION ON CH 1
12-31 16:00:07.994  2768  2809 I         : accept_server_socket(L161): accept fd 7
12-31 16:00:07.994  2768  2809 D         : uipc_check_fd_locked(L274): NEW FD 9
12-31 16:00:07.994  2768  2809 D         : uipc_check_fd_locked(L280): ADD FD 9 TO ACTIVE SET
12-31 16:00:07.994  2768  2809 D         : data_socket_cb(L1096): data_socket_cb
12-31 16:00:07.994  2768  2809 D         : data_socket_cb(L1100): Jim@data_socket_cb: sending hid status msg upon open
12-31 16:00:07.994  2718  3094 W vf_audio_hw: ctrl chan socket connect ok
12-31 16:00:07.994  2768  2809 D         : uipc_check_fd_locked(L270): INCOMING CONNECTION ON CH 0
12-31 16:00:07.994  2768  2809 I         : accept_server_socket(L161): accept fd 6
12-31 16:00:07.994  2768  2809 D         : uipc_check_fd_locked(L274): NEW FD 10
12-31 16:00:07.994  2768  2809 D         : uipc_check_fd_locked(L280): ADD FD 10 TO ACTIVE SET
12-31 16:00:07.994  2768  2809 D         : ctrl_socket_cb(L1070): Jim@control_socket_cb: sending hid status msg upon open
12-31 16:00:07.994  2732  3096 I AudioFlinger: AudioFlinger's thread 0xacb83480 tid=3096 ready to run
12-31 16:00:07.994  2732  3095 E FastThread: did not receive expected priority boost on time
12-31 16:00:07.996  2718  3092 D vf_audio_hw: adev_close_input_stream >>>
12-31 16:00:07.996  2718  3092 W vf_audio_hw: jim@adev_close_input_stream: close encode & decode files
12-31 16:00:07.996  2718  3092 D vf_audio_hw: adev_close_input_stream <<<
12-31 16:00:07.996  2732  2732 E vndksupport: Could not load /vendor/lib/hw/audio.a2dp.default.so from sphal namespace: dlopen failed: library "libevent.so" not found.
12-31 16:00:07.996  2732  2732 E HAL     : load: module=/vendor/lib/hw/audio.a2dp.default.so
12-31 16:00:07.996  2732  2732 E HAL     : unknown
12-31 16:00:07.996  2732  2732 E DevicesFactoryHalLocal: load_audio_interface couldn't load audio hw module audio.a2dp (Invalid argument)
12-31 16:00:07.996  2732  2732 E AudioFlinger: loadHwModule() error -22 loading module a2dp
12-31 16:00:07.996  2732  2732 W APM_AudioPolicyManager: could not open HW module a2dp
12-31 16:00:07.997  2732  2732 I AudioFlinger: loadHwModule() Loaded usb audio interface, handle 26
12-31 16:00:08.005  2718  3092 I r_submix: adev_open(name=audio_hw_if)
12-31 16:00:08.006  2718  3092 I r_submix: adev_init_check()
12-31 16:00:08.006  2718  3092 W DeviceHAL: Error from HAL Device in function set_master_mute: Function not implemented
12-31 16:00:08.006  2732  2732 I AudioFlinger: loadHwModule() Loaded r_submix audio interface, handle 34
12-31 16:00:08.006  2718  3092 D r_submix: adev_open_input_stream(addr=0)
12-31 16:00:08.006  2718  3092 D r_submix: submix_audio_device_create_pipe_l(addr=0, idx=9)
12-31 16:00:08.006  2718  3092 D r_submix:   now using address 0 for route 9
12-31 16:00:08.007  2732  3097 I AudioFlinger: AudioFlinger's thread 0xacb83a80 tid=3097 ready to run
12-31 16:00:08.007  2718  3092 D r_submix: adev_close_input_stream()
12-31 16:00:08.007  2718  3092 D r_submix: submix_audio_device_release_pipe_l(idx=9) addr=0
12-31 16:00:08.007  2718  3092 D r_submix: submix_audio_device_destroy_pipe_l(): pipe destroyed
12-31 16:00:08.009  2697  2697 I ServiceManager: Waiting for vendor service TrapezoidCorrect...
