02-20 17:22:54.378  3286  3329 D OkHttp  : {"apps":[{"appPackageName":"com.android.providers.downloads.ui","appVersionCode":28},{"appPackageName":"com.android.pacprocessor","appVersionCode":28},{"appPackageName":"com.android.simappdialog","appVersionCode":28},{"appPackageName":"com.android.internal.display.cutout.emulation.tall","appVersionCode":1},{"appPackageName":"com.cvte.factory.at","appVersionCode":44},{"appPackageName":"com.cvte.tv.pictorial","appVersionCode":228},{"appPackageName":"android","appVersionCode":28},{"appPackageName":"com.android.mtp","appVersionCode":28},{"appPackageName":"com.android.backupconfirm","appVersionCode":28},{"appPackageName":"com.android.statementservice","appVersionCode":1},{"appPackageName":"com.cvte.tv.launcher.fall.skin","appVersionCode":1},{"appPackageName":"com.android.settings.intelligence","appVersionCode":28},{"appPackageName":"com.android.systemui.theme.dark","appVersionCode":1},{"appPackageName":"com.cvte.tv.media","appVersionCode":1129},{"appPackageName":"com.cvte.tv.tools","appVersionCode":16},{"appPackageName":"com.android.providers.settings","appVersionCode":28},{"appPackageName":"com.android.sharedstoragebackup","appVersionCode":28},{"appPackageName":"com.cvte.tv.provision","appVersionCode":374},{"appPackageName":"com.android.webview","appVersionCode":1},{"appPackageName":"com.android.inputdevices","appVersionCode":28}],"chip":"TP.SK508.PB801","hw":"bigfish","language":"en","model":"MD_CVTE_OVERSEA_HI3751ARBCV3510N0N_9_1_1G_STARKOS","sdk":"9"}
02-20 17:22:54.378  3286  3329 D OkHttp  : --> END POST (1474-byte body)
02-20 17:22:54.380  3286  3331 D OkHttp  : {"apps":[{"appPackageName":"com.cvte.tv.launcher.fall","appVersionCode":133},{"appPackageName":"com.android.bips","appVersionCode":28},{"appPackageName":"com.cvte.tv.globalui","appVersionCode":483},{"appPackageName":"com.cvte.tv.remotedebug","appVersionCode":1569409787},{"appPackageName":"android.ext.shared","appVersionCode":1},{"appPackageName":"com.android.onetimeinitializer","appVersionCode":28},{"appPackageName":"com.cvte.license.at","appVersionCode":5},{"appPackageName":"com.android.keychain","appVersionCode":28},{"appPackageName":"android.ext.services","appVersionCode":1},{"appPackageName":"com.stark.store","appVersionCode":904},{"appPackageName":"com.android.packageinstaller","appVersionCode":28},{"appPackageName":"com.android.proxyhandler","appVersionCode":28},{"appPackageName":"com.android.inputmethod.latin","appVersionCode":28},{"appPackageName":"com.cvte.tvservice","appVersionCode":178},{"appPackageName":"com.hisilicon.miracast","appVersionCode":1000},{"appPackageName":"com.ecloud.emedia","appVersionCode":65},{"appPackageName":"com.cvte.fac.menu","appVersionCode":391},{"appPackageName":"com.android.storagemanager","appVersionCode":28},{"appPackageName":"com.ecloud.eairplay","appVersionCode":164},{"appPackageName":"com.android.bookmarkprovider","appVersionCode":28}],"chip":"TP.SK508.PB801","hw":"bigfish","language":"en","model":"MD_CVTE_OVERSEA_HI3751ARBCV3510N0N_9_1_1G_STARKOS","sdk":"9"}
02-20 17:22:54.380  3286  3331 D OkHttp  : --> END POST (1422-byte body)
02-20 17:22:54.381  1929  2073 I WindowManager: cvteInterceptKeyBeforeDispatching Go in event =23;mHotkeyService=com.cvte.tv.hotkey.IHotkeyService$Stub$Proxy@7909f7
02-20 17:22:54.382  2179  3263 D HotkeyService: [processKeyEvents]########## KEYCODE = 23   #########!!!
02-20 17:22:54.382  2179  3263 D Evan    : onGlobalKeyEvent keycode=23
02-20 17:22:54.386  3286  3328 D OkHttp  : --> POST http://appstore.cvtapi.com/tvweb-rest/api/v1/groot/app/update
02-20 17:22:54.386  3286  3328 D OkHttp  : Content-Type: application/json; charset=UTF-8
02-20 17:22:54.386  3286  3328 D OkHttp  : Content-Length: 1535
02-20 17:22:54.387  2179  3263 D hotkey  : [HotkeyManager.java::handleMapKeyEvent:467]: KeyEvent { action=ACTION_UP, keyCode=KEYCODE_DPAD_CENTER, scanCode=28, metaState=0, flags=0x8, repeatCount=0, eventTime=527807, downTime=527680, deviceId=2, source=0x701 }
02-20 17:22:54.387  2179  3263 D tvapi   : [TVApiSystemSleepTimeImpl.java::handle:69]: TVApiSystemSleepTimeImpl handle KeyEvent { action=ACTION_UP, keyCode=KEYCODE_DPAD_CENTER, scanCode=28, metaState=0, flags=0x8, repeatCount=0, eventTime=527807, downTime=527680, deviceId=2, source=0x701 }
02-20 17:22:54.389  2179  3263 I HiMW_SourceManagerImpl: [36m[getCurSourceId:183] mainWindow:0, SourceId:13[0m
02-20 17:22:54.389  2179  3263 D tvapi   : [TVApiSystemSignalImpl.java::resetTime:120]: resetTime source = 13 ======= mNoSignalTime = 900
02-20 17:22:54.390  3286  3328 D OkHttp  : {"apps":[{"appPackageName":"com.example.user.myapplication","appVersionCode":1},{"appPackageName":"com.android.cts.priv.ctsshim","appVersionCode":27},{"appPackageName":"com.android.internal.display.cutout.emulation.corner","appVersionCode":1},{"appPackageName":"com.cvte.tv.setting","appVersionCode":20700002},{"appPackageName":"com.android.internal.display.cutout.emulation.double","appVersionCode":1},{"appPackageName":"com.android.providers.media","appVersionCode":900},{"appPackageName":"com.android.documentsui","appVersionCode":28},{"appPackageName":"com.cvte.factory.service","appVersionCode":162},{"appPackageName":"com.cvte.tv.steward","appVersionCode":229},{"appPackageName":"com.android.externalstorage","appVersionCode":28},{"appPackageName":"com.android.htmlviewer","appVersionCode":28},{"appPackageName":"com.android.companiondevicemanager","appVersionCode":28},{"appPackageName":"com.hisilicon.rmservice","appVersionCode":1},{"appPackageName":"com.android.providers.downloads","appVersionCode":28},{"appPackageName":"com.android.providers.tv","appVersionCode":28},{"appPackageName":"com.ecloud.eshare.server","appVersionCode":20190820},{"appPackageName":"com.android.browser","appVersionCode":28},{"appPackageName":"com.hisilicon.higallery","appVersionCode":1},{"appPackageName":"com.android.soundrecorder","appVersionCode":28},{"appPackageName":"com.android.defcontainer","appVersionCode":28}],"chip":"TP.SK508.PB801","hw":"bigfish","language":"en","model":"MD_CVTE_OVERSEA_HI3751ARBCV3510N0N_9_1_1G_STARKOS","sdk":"9"}
02-20 17:22:54.390  2179  3263 D tvapi   : [TVApiSystemNoActionAutoPowerOffImpl.java::handle:50]: KeyEvnetListener Reset counter
02-20 17:22:54.390  3286  3328 D OkHttp  : --> END POST (1535-byte body)
02-20 17:22:54.390  2179  3263 D tvapi   : [TVApiSystemNoActionAutoPowerOffImpl.java::stopTimer:90]: stopTimer: KeyEventListener
02-20 17:22:54.394  2489  2503 D CLog    : [null:26::a]: time = -1
02-20 17:22:54.394  2489  2503 D CLog    : [null:4::onTvNotify]: notifySystemSleepTimeTimeRemaining
02-20 17:22:54.395  2489  2503 D CLog    : [null:0::onTvNotify]: notifySystemSleepTimeTimeRemaining
02-20 17:22:54.401  2179  3263 D tvapi   : [TVApiSystemNoActionAutoPowerOffImpl.java::createTimer:86]: createTimer, delay: 14100000  period: 1000
02-20 17:22:54.402  2489  2503 D Evan    : handleKeyEvent:23
02-20 17:22:54.408  3286  3286 D UserAppPresenter: onKey: 
02-20 17:22:54.415  1929  2401 I ActivityManager: START u0 {act=android.intent.action.MAIN cat=[android.intent.category.LAUNCHER] flg=0x10000000 pkg=com.hisilicon.miracast cmp=com.hisilicon.miracast/.activity.WelcomeActivity} from uid 10041
02-20 17:22:54.586  3336  3336 I Zygote  : seccomp disabled by setenforce 0
02-20 17:22:54.586  1929  2015 W ActivityManager: Slow operation: 53ms so far, now at startProcess: returned from zygote!
02-20 17:22:54.586  1929  2015 W ActivityManager: Slow operation: 53ms so far, now at startProcess: done updating battery stats
02-20 17:22:54.587  1929  2015 W ActivityManager: Slow operation: 53ms so far, now at startProcess: building log message
02-20 17:22:54.587  1929  2015 I ActivityManager: Start proc 3336:com.hisilicon.miracast/1000 for activity com.hisilicon.miracast/.activity.WelcomeActivity
02-20 17:22:54.587  1929  2015 W ActivityManager: Slow operation: 53ms so far, now at startProcess: starting to update pids map
02-20 17:22:54.587  1929  2015 W ActivityManager: Slow operation: 54ms so far, now at startProcess: done updating pids map
02-20 17:22:54.602  3336  3336 W ilicon.miracas: Using default instruction set features for ARM CPU variant (cortex-a9) using conservative defaults
02-20 17:22:54.644  1929  2401 I WindowManager: Rotate the screen 0 degree
02-20 17:22:54.701  1707  1910 D PermissionCache: checking android.permission.READ_FRAME_BUFFER for uid=1000 => granted (2562 us)
02-20 17:22:54.719  1707  1707 D SurfaceFlinger: u32PhyAddr phyaddr = 0xa89000  
02-20 17:22:54.768  1703  1703 D ScreenCap: setTdeConvert HI_TDE2_Open :s32Ret = 0 
02-20 17:22:54.810  2158  2185 W Bitmap  : failed to create hardware bitmap from graphic buffer
02-20 17:22:54.844  2158  2185 W Bitmap  : failed to create hardware bitmap from graphic buffer
02-20 17:22:54.846  2158  2158 W Bitmap  : failed to create hardware bitmap from graphic buffer
02-20 17:22:54.851  2158  2158 I chatty  : uid=10024(com.android.systemui) identical 4 lines
02-20 17:22:54.851  2158  2158 W Bitmap  : failed to create hardware bitmap from graphic buffer
02-20 17:22:54.878  3336  3336 V com.hisilicon.miracast.activity.WelcomeActivity: onCreate L35
02-20 17:22:54.884  3336  3336 W ContextImpl: Calling a method in the system process without a qualified user: android.app.ContextImpl.sendBroadcast:1005 android.content.ContextWrapper.sendBroadcast:444 com.hisilicon.miracast.activity.base.BaseActivity.stopBackgroundMusic:29 com.hisilicon.miracast.activity.WelcomeActivity.onCreate:40 android.app.Activity.performCreate:7136 
02-20 17:22:54.886  1929  2405 E ActivityManager: Sending non-protected broadcast com.android.music.musicservicecommand from system 3336:com.hisilicon.miracast/1000 pkg com.hisilicon.miracast
02-20 17:22:54.886  1929  2405 E ActivityManager: java.lang.Throwable
02-20 17:22:54.886  1929  2405 E ActivityManager: 	at com.android.server.am.ActivityManagerService.checkBroadcastFromSystem(ActivityManagerService.java:21389)
02-20 17:22:54.886  1929  2405 E ActivityManager: 	at com.android.server.am.ActivityManagerService.broadcastIntentLocked(ActivityManagerService.java:22020)
02-20 17:22:54.886  1929  2405 E ActivityManager: 	at com.android.server.am.ActivityManagerService.broadcastIntent(ActivityManagerService.java:22162)
02-20 17:22:54.886  1929  2405 E ActivityManager: 	at android.app.IActivityManager$Stub.onTransact$broadcastIntent$(IActivityManager.java:10171)
02-20 17:22:54.886  1929  2405 E ActivityManager: 	at android.app.IActivityManager$Stub.onTransact(IActivityManager.java:167)
02-20 17:22:54.886  1929  2405 E ActivityManager: 	at com.android.server.am.ActivityManagerService.onTransact(ActivityManagerService.java:3358)
02-20 17:22:54.886  1929  2405 E ActivityManager: 	at android.os.Binder.execTransact(Binder.java:731)
02-20 17:22:54.895  3336  3336 W ContextImpl: Calling a method in the system process without a qualified user: android.app.ContextImpl.sendBroadcast:1005 android.content.ContextWrapper.sendBroadcast:444 com.hisilicon.miracast.activity.base.BaseActivity.stopBackgroundMusic:33 com.hisilicon.miracast.activity.WelcomeActivity.onCreate:40 android.app.Activity.performCreate:7136 
02-20 17:22:54.905  3336  3336 W ContextImpl: Calling a method in the system process without a qualified user: android.app.ContextImpl.sendBroadcast:1005 android.content.ContextWrapper.sendBroadcast:444 com.hisilicon.miracast.activity.base.BaseActivity.stopBackgroundMusic:37 com.hisilicon.miracast.activity.WelcomeActivity.onCreate:40 android.app.Activity.performCreate:7136 
02-20 17:22:54.898  1929  2405 E ActivityManager: Sending non-protected broadcast com.android.music.musicservicecommand from system 3336:com.hisilicon.miracast/1000 pkg com.hisilicon.miracast
02-20 17:22:54.898  1929  2405 E ActivityManager: java.lang.Throwable
02-20 17:22:54.898  1929  2405 E ActivityManager: 	at com.android.server.am.ActivityManagerService.checkBroadcastFromSystem(ActivityManagerService.java:21389)
02-20 17:22:54.898  1929  2405 E ActivityManager: 	at com.android.server.am.ActivityManagerService.broadcastIntentLocked(ActivityManagerService.java:22020)
02-20 17:22:54.898  1929  2405 E ActivityManager: 	at com.android.server.am.ActivityManagerService.broadcastIntent(ActivityManagerService.java:22162)
02-20 17:22:54.898  1929  2405 E ActivityManager: 	at android.app.IActivityManager$Stub.onTransact$broadcastIntent$(IActivityManager.java:10171)
02-20 17:22:54.898  1929  2405 E ActivityManager: 	at android.app.IActivityManager$Stub.onTransact(IActivityManager.java:167)
02-20 17:22:54.898  1929  2405 E ActivityManager: 	at com.android.server.am.ActivityManagerService.onTransact(ActivityManagerService.java:3358)
02-20 17:22:54.898  1929  2405 E ActivityManager: 	at android.os.Binder.execTransact(Binder.java:731)
02-20 17:22:54.913  1929  2405 E ActivityManager: Sending non-protected broadcast com.hisilicon.android.music.musicservicecommand from system 3336:com.hisilicon.miracast/1000 pkg com.hisilicon.miracast
02-20 17:22:54.913  1929  2405 E ActivityManager: java.lang.Throwable
02-20 17:22:54.913  1929  2405 E ActivityManager: 	at com.android.server.am.ActivityManagerService.checkBroadcastFromSystem(ActivityManagerService.java:21389)
02-20 17:22:54.913  1929  2405 E ActivityManager: 	at com.android.server.am.ActivityManagerService.broadcastIntentLocked(ActivityManagerService.java:22020)
02-20 17:22:54.913  1929  2405 E ActivityManager: 	at com.android.server.am.ActivityManagerService.broadcastIntent(ActivityManagerService.java:22162)
02-20 17:22:54.913  1929  2405 E ActivityManager: 	at android.app.IActivityManager$Stub.onTransact$broadcastIntent$(IActivityManager.java:10171)
02-20 17:22:54.913  1929  2405 E ActivityManager: 	at android.app.IActivityManager$Stub.onTransact(IActivityManager.java:167)
02-20 17:22:54.913  1929  2405 E ActivityManager: 	at com.android.server.am.ActivityManagerService.onTransact(ActivityManagerService.java:3358)
02-20 17:22:54.913  1929  2405 E ActivityManager: 	at android.os.Binder.execTransact(Binder.java:731)
02-20 17:22:54.949  3336  3336 V com.hisilicon.miracast.activity.WelcomeActivity: onStart L47
02-20 17:22:54.952  3336  3336 V com.hisilicon.miracast.activity.WelcomeActivity: onResume L61
02-20 17:22:54.954  3336  3336 W ContextImpl: Calling a method in the system process without a qualified user: android.app.ContextImpl.sendBroadcast:1005 android.content.ContextWrapper.sendBroadcast:444 android.app.ActivityThread.performResumeActivity:3796 android.app.ActivityThread.handleResumeActivity:3829 android.app.servertransaction.ResumeActivityItem.execute:51 
02-20 17:22:54.957  3336  3336 D OpenGLRenderer: HWUI GL Pipeline
02-20 17:22:54.958  2239  2239 I HiRMS_SystemMonitor: HiSystemMonitor.dispatchMessages:what = 1 msg = com.hisilicon.miracast
02-20 17:22:54.958  2239  2239 E HiRMS_CtsListener: CtsListener.notify: what=1 msg=com.hisilicon.miracast
02-20 17:22:54.962  2239  2239 I HiMW_SourceManagerImpl: [36m[getCurSourceId:183] mainWindow:0, SourceId:13[0m
02-20 17:22:54.962  1584  1584 E HiMW_logic_tv_player: [31m[getTimming:619] getStreamVideoInfo fail, ret:0xffffffff[0m
02-20 17:22:54.962  1584  1584 I HiMW_logic_source_module: [36m[GetTimmingInfo:170] width:0, height:0, u32FrameRate:0, bInterlace:0, enFormatHDMI:0, enFormat3d:0, enColorSpace:0, bMHL:0, ret:-1[0m
02-20 17:22:54.964  2239  2239 I HiMW_SourceManagerImpl: [36m[getTimingInfo:277] TimingInfo [iWidth=0, iHeight=0, iFrame=0, bInterlace=false, iHDMIFmt=0, i3dFmt=0, bMHL=false], execute failed   ret = -1[0m
02-20 17:22:54.968  2239  2239 D HiRMS_RamManager: updateSceneType: msg = com.hisilicon.miracast:3336 scene = 1
02-20 17:22:55.023  1582  1754 I hwsysmanager@1.0: HwSysManager write cgroup: /sys/fs/cgroup/memory/cgroup.procs:3286
02-20 17:22:55.026  1929  2401 I ActivityManager: START u0 {cmp=com.hisilicon.miracast/.activity.SettingActivity} from uid 1000
02-20 17:22:55.051  1582  1754 I hwsysmanager@1.0: HwSysManager write cgroup: /sys/fs/cgroup/memory/topapp/cgroup.procs:3336
02-20 17:22:55.055  2239  2378 D HiRMS_RamManager: keep ram statu level
02-20 17:22:55.055  2239  2378 D HiRMS_RamManager: updateRamStatus total:991316KB Avail:479964KB free:294092KB cache:150432KB
02-20 17:22:55.055  2239  2378 W HiRMS_RamController: Ignore this reclaim: ramStatusLevel = 3 isLauncher = false
02-20 17:22:55.226  1707  1707 D SurfaceFlinger: duplicate layer name: changing Splash Screen com.hisilicon.miracast to Splash Screen com.hisilicon.miracast#1
02-20 17:22:55.260  3336  3336 V com.hisilicon.miracast.activity.WelcomeActivity: onPause L68
02-20 17:22:55.263  3336  3354 I ConfigStore: android::hardware::configstore::V1_0::ISurfaceFlingerConfigs::hasWideColorDisplay retrieved: 0
02-20 17:22:55.264  3336  3354 I ConfigStore: android::hardware::configstore::V1_0::ISurfaceFlingerConfigs::hasHDRDisplay retrieved: 0
02-20 17:22:55.264  3336  3354 I OpenGLRenderer: Initialized EGL, version 1.4
02-20 17:22:55.264  3336  3354 D OpenGLRenderer: Swap behavior 2
02-20 17:22:55.287  1929  2110 W Bitmap  : failed to create hardware bitmap from graphic buffer
02-20 17:22:55.287  1929  2110 E WindowManager: Invalid task snapshot hw bitmap
02-20 17:22:55.311  1929  2401 I WindowManager: Rotate the screen 0 degree
02-20 17:22:55.373  1929  2013 W system_server: Long monitor contention with owner Binder:1929_8 (2401) at void com.android.server.am.ActivityManagerService.activityPaused(android.os.IBinder)(ActivityManagerService.java:8308) waiters=0 in void com.android.server.am.ActivityStackSupervisor$ActivityStackSupervisorHandler.activityIdleInternal(com.android.server.am.ActivityRecord, boolean) for 110ms
02-20 17:22:55.405  3336  3354 E ion     : ioctl c0044901 failed with code -1: Invalid argument
02-20 17:22:55.415  3336  3336 W ActivityThread: handleWindowVisibility: no activity for token android.os.BinderProxy@95cbd18
02-20 17:22:55.446  3336  3336 V com.hisilicon.miracast.activity.SettingActivity: onCreate L68
02-20 17:22:55.452  2158  2185 W Bitmap  : failed to create hardware bitmap from graphic buffer
02-20 17:22:55.506  2158  2185 W Bitmap  : failed to create hardware bitmap from graphic buffer
02-20 17:22:55.569  3336  3336 D com.hisilicon.miracast.activity.SettingActivity: initReceiver L239
02-20 17:22:55.581  3336  3336 W ContextImpl: Calling a method in the system process without a qualified user: android.app.ContextImpl.bindService:1611 android.content.ContextWrapper.bindService:698 com.hisilicon.miracast.activity.SettingActivity.bindWfdService:279 com.hisilicon.miracast.activity.SettingActivity.onCreate:75 android.app.Activity.performCreate:7136 
02-20 17:22:55.591  3336  3336 V com.hisilicon.miracast.activity.SettingActivity: onStart L81
02-20 17:22:55.593  3336  3336 V com.hisilicon.miracast.activity.SettingActivity: onResume L96
02-20 17:22:55.595  3336  3336 W ContextImpl: Calling a method in the system process without a qualified user: android.app.ContextImpl.sendBroadcast:1005 android.content.ContextWrapper.sendBroadcast:444 android.app.ActivityThread.performResumeActivity:3796 android.app.ActivityThread.handleResumeActivity:3829 android.app.servertransaction.ResumeActivityItem.execute:51 
02-20 17:22:55.599  2239  2239 I HiRMS_SystemMonitor: HiSystemMonitor.dispatchMessages:what = 1 msg = com.hisilicon.miracast
02-20 17:22:55.599  2239  2239 E HiRMS_CtsListener: CtsListener.notify: what=1 msg=com.hisilicon.miracast
02-20 17:22:55.603  2239  2239 I HiMW_SourceManagerImpl: [36m[getCurSourceId:183] mainWindow:0, SourceId:13[0m
02-20 17:22:55.604  1584  1584 E HiMW_logic_tv_player: [31m[getTimming:619] getStreamVideoInfo fail, ret:0xffffffff[0m
02-20 17:22:55.604  1584  1584 I HiMW_logic_source_module: [36m[GetTimmingInfo:170] width:0, height:0, u32FrameRate:0, bInterlace:0, enFormatHDMI:0, enFormat3d:0, enColorSpace:0, bMHL:0, ret:-1[0m
02-20 17:22:55.606  2239  2239 I HiMW_SourceManagerImpl: [36m[getTimingInfo:277] TimingInfo [iWidth=0, iHeight=0, iFrame=0, bInterlace=false, iHDMIFmt=0, i3dFmt=0, bMHL=false], execute failed   ret = -1[0m
02-20 17:22:55.607  2239  2239 D HiRMS_RamManager: updateSceneType: msg = com.hisilicon.miracast:3336 scene = 1
02-20 17:22:55.611  2239  2378 D HiRMS_RamManager: keep ram statu level
02-20 17:22:55.611  2239  2378 D HiRMS_RamManager: updateRamStatus total:991316KB Avail:467976KB free:281756KB cache:150324KB
02-20 17:22:55.611  2239  2378 W HiRMS_RamController: Ignore this reclaim: ramStatusLevel = 3 isLauncher = false
02-20 17:22:55.631  3336  3336 V com.hisilicon.miracast.service.WfdService: onCreate L172
02-20 17:22:55.642  3286  3303 D OkHttp  : <-- 200 OK http://appstore.cvtapi.com/tvweb-rest/api/v1/groot/app/whiteList?chip=TP.SK508.PB801&language=en&model=MD_CVTE_OVERSEA_HI3751ARBCV3510N0N_9_1_1G_STARKOS&sdk=9&version=50&hw=bigfish (5225ms)
02-20 17:22:55.643  3286  3303 D OkHttp  : Date: Thu, 20 Feb 2020 14:22:55 GMT
02-20 17:22:55.643  3286  3303 D OkHttp  : Content-Type: application/json;charset=UTF-8
02-20 17:22:55.643  3286  3303 D OkHttp  : Transfer-Encoding: chunked
02-20 17:22:55.643  3286  3303 D OkHttp  : Connection: keep-alive
02-20 17:22:55.643  3286  3303 D OkHttp  : Server: openresty
02-20 17:22:55.643  3286  3303 D OkHttp  : X-APM-Call-Target: tvweb-rest
02-20 17:22:55.644  3286  3303 D OkHttp  : X-APM-Call-Target-Version: -
02-20 17:22:55.644  3286  3303 D OkHttp  : X-Via: 1.1 PSzjhzjfxq204:8 (Cdn Cache Server V2.0), 1.1 gzhdx15:2 (Cdn Cache Server V2.0)
02-20 17:22:55.644  3286  3303 D OkHttp  : X-Ws-Request-Id: 5e4e963f_PS-CAN-01SCP55_2822-18775
02-20 17:22:55.647  3286  3303 D OkHttp  : {"data":{"version":"50"},"message":"success","status":200}
02-20 17:22:55.648  3286  3303 D OkHttp  : <-- END HTTP (58-byte body)
02-20 17:22:55.692  3286  3303 D OkHttp  : --> GET http://appstore.cvtapi.com/tvweb-rest/api/v1/groot/app/blackList?chip=TP.SK508.PB801&language=en&model=MD_CVTE_OVERSEA_HI3751ARBCV3510N0N_9_1_1G_STARKOS&sdk=9&version=50&hw=bigfish
02-20 17:22:55.692  3286  3303 D OkHttp  : --> END GET
02-20 17:22:55.734  3286  3329 D OkHttp  : <-- 200 OK http://appstore.cvtapi.com/tvweb-rest/api/v1/groot/app/update (1355ms)
02-20 17:22:55.734  3286  3329 D OkHttp  : Date: Thu, 20 Feb 2020 14:22:55 GMT
02-20 17:22:55.735  3286  3329 D OkHttp  : Content-Type: application/json;charset=UTF-8
02-20 17:22:55.735  3286  3329 D OkHttp  : Transfer-Encoding: chunked
02-20 17:22:55.735  3286  3329 D OkHttp  : Connection: keep-alive
02-20 17:22:55.735  3286  3329 D OkHttp  : Server: openresty
02-20 17:22:55.735  3286  3329 D OkHttp  : X-APM-Call-Target: tvweb-rest
02-20 17:22:55.735  3286  3329 D OkHttp  : X-APM-Call-Target-Version: -
02-20 17:22:55.735  3286  3329 D OkHttp  : X-Via: 1.1 PSzjhzjfxq204:8 (Cdn Cache Server V2.0), 1.1 gzhdx14:10 (Cdn Cache Server V2.0)
02-20 17:22:55.735  3286  3329 D OkHttp  : X-Ws-Request-Id: 5e4e963f_PS-CAN-01SCP55_1333-13010
02-20 17:22:55.739  3286  3329 D OkHttp  : {"data":[{},{},{},{},{},{},{},{},{},{},{},{},{},{},{},{},{},{},{},{}],"message":"success","status":200}
02-20 17:22:55.739  3286  3329 D OkHttp  : <-- END HTTP (103-byte body)
02-20 17:22:55.772  3286  3303 D OkHttp  : <-- 200 OK http://appstore.cvtapi.com/tvweb-rest/api/v1/groot/app/blackList?chip=TP.SK508.PB801&language=en&model=MD_CVTE_OVERSEA_HI3751ARBCV3510N0N_9_1_1G_STARKOS&sdk=9&version=50&hw=bigfish (80ms)
02-20 17:22:55.776  3286  3301 I WM-WorkerWrapper: Worker result SUCCESS for Work [ id=acbcb228-8144-47db-8de8-00da8ca13a0e, tags={ com.stark.store.worker.UpdateWorker } ]
02-20 17:22:55.777  3286  3331 D OkHttp  : <-- 200 OK http://appstore.cvtapi.com/tvweb-rest/api/v1/groot/app/update (1396ms)
02-20 17:22:55.777  3286  3331 D OkHttp  : Date: Thu, 20 Feb 2020 14:22:55 GMT
02-20 17:22:55.777  3286  3331 D OkHttp  : Content-Type: application/json;charset=UTF-8
02-20 17:22:55.777  3286  3331 D OkHttp  : Transfer-Encoding: chunked
02-20 17:22:55.777  3286  3331 D OkHttp  : Connection: keep-alive
02-20 17:22:55.778  3286  3331 D OkHttp  : Server: openresty
02-20 17:22:55.778  3286  3331 D OkHttp  : X-APM-Call-Target: tvweb-rest
02-20 17:22:55.778  3286  3331 D OkHttp  : X-APM-Call-Target-Version: -
02-20 17:22:55.778  3286  3331 D OkHttp  : X-Via: 1.1 PSzjhzjfxq204:8 (Cdn Cache Server V2.0), 1.1 gzhdx14:10 (Cdn Cache Server V2.0)
02-20 17:22:55.778  3286  3331 D OkHttp  : X-Ws-Request-Id: 5e4e963f_PS-CAN-01SCP55_2410-4902
02-20 17:22:55.778  3286  3303 D OkHttp  : Date: Thu, 20 Feb 2020 14:22:55 GMT
02-20 17:22:55.779  3286  3303 D OkHttp  : Content-Type: application/json;charset=UTF-8
02-20 17:22:55.779  3286  3303 D OkHttp  : Transfer-Encoding: chunked
02-20 17:22:55.779  3286  3303 D OkHttp  : Connection: keep-alive
02-20 17:22:55.779  3286  3303 D OkHttp  : Server: openresty
02-20 17:22:55.779  3286  3303 D OkHttp  : X-APM-Call-Target: tvweb-rest
02-20 17:22:55.779  3286  3303 D OkHttp  : X-APM-Call-Target-Version: -
02-20 17:22:55.779  3286  3303 D OkHttp  : X-Via: 1.1 PSzjhzjfxq204:8 (Cdn Cache Server V2.0), 1.1 PS-CAN-01lt557:13 (Cdn Cache Server V2.0)
02-20 17:22:55.779  3286  3303 D OkHttp  : X-Ws-Request-Id: 5e4e963f_PS-CAN-01SCP55_2822-18788
02-20 17:22:55.782  3286  3328 D OkHttp  : <-- 200 OK http://appstore.cvtapi.com/tvweb-rest/api/v1/groot/app/update (1391ms)
02-20 17:22:55.782  3286  3328 D OkHttp  : Date: Thu, 20 Feb 2020 14:22:55 GMT
02-20 17:22:55.782  3286  3328 D OkHttp  : Content-Type: application/json;charset=UTF-8
02-20 17:22:55.782  3286  3328 D OkHttp  : Transfer-Encoding: chunked
02-20 17:22:55.782  3286  3328 D OkHttp  : Connection: keep-alive
02-20 17:22:55.782  3286  3331 D OkHttp  : {"data":[{},{},{},{},{},{},{},{},{},{},{},{},{},{},{},{},{},{},{},{}],"message":"success","status":200}
02-20 17:22:55.782  3286  3328 D OkHttp  : Server: openresty
02-20 17:22:55.782  3286  3328 D OkHttp  : X-APM-Call-Target: tvweb-rest
02-20 17:22:55.782  3286  3331 D OkHttp  : <-- END HTTP (103-byte body)
02-20 17:22:55.783  3286  3328 D OkHttp  : X-APM-Call-Target-Version: -
02-20 17:22:55.783  3286  3328 D OkHttp  : X-Via: 1.1 gzhdx14:10 (Cdn Cache Server V2.0)
02-20 17:22:55.783  3286  3328 D OkHttp  : X-Ws-Request-Id: 5e4e963f_PS-CAN-01SCP55_1698-49820
02-20 17:22:55.793  3286  3303 D OkHttp  : {"data":{"version":"50"},"message":"success","status":200}
02-20 17:22:55.793  3286  3328 D OkHttp  : {"data":[{},{},{},{},{},{},{},{},{},{},{},{},{},{},{},{},{},{},{},{}],"message":"success","status":200}
02-20 17:22:55.794  3286  3328 D OkHttp  : <-- END HTTP (103-byte body)
02-20 17:22:55.793  3286  3303 D OkHttp  : <-- END HTTP (58-byte body)
02-20 17:22:55.815  3336  3336 I HiSinkJNI: begin load
02-20 17:22:55.816  3336  3336 E libsigchain: Warning: Unexpected sigaction action found 0xb5506ad5
02-20 17:22:55.817  3336  3336 D HiSinkJNI: Java_com_hisilicon_miracast_ndk_SinkNative_nativeSetup 138
02-20 17:22:55.820  3336  3336 D com.hisilicon.miracast.service.WfdService: initReceiver L368
02-20 17:22:55.842  3336  3336 D com.hisilicon.miracast.service.WfdService: handleWifiState L397
02-20 17:22:55.844  3336  3336 D com.hisilicon.miracast.business.WifiBusiness: isWifiEnabled L91
02-20 17:22:55.846  3336  3336 D com.hisilicon.miracast.business.WifiBusiness: isWifiApEnabled L108
02-20 17:22:55.855  3336  3336 V com.hisilicon.miracast.service.WfdService: onBind L183
02-20 17:22:55.861  3286  3301 I WM-WorkerWrapper: Worker result SUCCESS for Work [ id=3acc09bf-04ec-40d5-a791-1796b70fae71, tags={ com.stark.store.worker.UpdateWorker } ]
02-20 17:22:55.898  3336  3336 I com.hisilicon.miracast.service.WfdService$WifiReceiver: onReceive L1049 ---- android.net.wifi.STATE_CHANGE ---- 
02-20 17:22:55.900  3336  3336 I com.hisilicon.miracast.service.WfdService$WifiReceiver: onReceive L1083 ---- wifi disconnected ---- 
02-20 17:22:55.902  3336  3336 D com.hisilicon.miracast.business.WifiBusiness: disableNetworks L530
02-20 17:22:55.906  3336  3336 D com.hisilicon.miracast.business.WifiBusiness: isWifiEnabled L91
02-20 17:22:55.913  3336  3336 I com.hisilicon.miracast.service.WfdService$WifiReceiver: onReceive L1049 ---- android.net.wifi.WIFI_STATE_CHANGED ---- 
02-20 17:22:55.914  3336  3336 I com.hisilicon.miracast.service.WfdService$WifiReceiver: onReceive L1134 ---- WIFI_STATE_ENABLED ---- 
02-20 17:22:55.916  3336  3336 I com.hisilicon.miracast.service.WfdService$WfdReceiver: onReceive L1165 ---- android.net.wifi.p2p.STATE_CHANGED ---- 
02-20 17:22:55.918  3336  3336 I com.hisilicon.miracast.service.WfdService$WfdReceiver: onReceive L1178 ---- WIFI_P2P_STATE_ENABLED ---- 
02-20 17:22:55.919  3336  3336 D com.hisilicon.miracast.service.WfdService: sendBroadcastHideDialog L619
02-20 17:22:55.923  3336  3363 D com.hisilicon.miracast.service.WfdService: startSearch L275
02-20 17:22:55.923  3336  3336 I com.hisilicon.miracast.service.WfdService$WfdReceiver: onReceive L1165 ---- android.net.wifi.p2p.CONNECTION_STATE_CHANGE ---- 
02-20 17:22:55.923  3286  3301 I WM-WorkerWrapper: Worker result SUCCESS for Work [ id=b473497b-60d3-4233-ab49-9cadb31a96be, tags={ com.stark.store.worker.UpdateWorker } ]
02-20 17:22:55.923  3336  3363 D com.hisilicon.miracast.business.WfdBusiness: startSearch L141
02-20 17:22:55.924  3336  3363 D com.hisilicon.miracast.business.WfdBusiness: startListen L193
02-20 17:22:55.925  1929  2087 D SupplicantP2pIfaceHal: entering setListenChannel(1, 81)
02-20 17:22:55.926  3336  3336 D com.hisilicon.miracast.business.WfdBusiness: updateGroup L232
02-20 17:22:55.929  3336  3336 D com.hisilicon.miracast.business.WfdBusiness: updatePeers L250
02-20 17:22:55.932  3226  3226 D wpa_supplicant: P2P: Set Listen channel: reg_class 81 channel 1
02-20 17:22:55.933  3336  3336 I com.hisilicon.miracast.service.WfdService$WfdReceiver: onReceive L1237 ---- Wi-Fi Direct disconnected ---- 
02-20 17:22:55.933  1929  2087 D SupplicantP2pIfaceHal: setListenChannel(1, 81) completed successfully.
02-20 17:22:55.934  1929  2087 D SupplicantP2pIfaceHal: leaving setListenChannel(1, 81)
02-20 17:22:55.934  1929  2087 D SupplicantP2pIfaceHal: entering setDisallowedFrequencies([])
02-20 17:22:55.934  3336  3336 I com.hisilicon.miracast.service.WfdService$WfdReceiver: onReceive L1241 ---- Wi-Fi Direct disconnected setWfdInfo ---- 
02-20 17:22:55.935  3336  3336 D com.hisilicon.miracast.business.WfdBusiness: setWfdInfo L103
02-20 17:22:55.936  3226  3226 D wpa_supplicant: p2p0: Determining shared radio frequencies (max len 1)
02-20 17:22:55.937  3226  3226 D wpa_supplicant: p2p0: Shared frequencies (len=0): completed iteration
02-20 17:22:55.937  3226  3226 D wpa_supplicant: P2P: Add operating class 81
02-20 17:22:55.937  3226  3226 D wpa_supplicant: P2P: Channels - hexdump(len=11): 01 02 03 04 05 06 07 08 09 0a 0b
02-20 17:22:55.937  3226  3226 D wpa_supplicant: P2P: Update channel list
02-20 17:22:55.937  3226  3226 D wpa_supplicant: P2P: channels: 81:1,2,3,4,5,6,7,8,9,10,11
02-20 17:22:55.937  3226  3226 D wpa_supplicant: P2P: cli_channels:
02-20 17:22:55.938  1929  2087 D SupplicantP2pIfaceHal: setDisallowedFrequencies([]) completed successfully.
02-20 17:22:55.938  1929  2087 D SupplicantP2pIfaceHal: leaving setDisallowedFrequencies([])
02-20 17:22:55.942  3336  3336 D com.hisilicon.miracast.service.WfdService: startSearch L275
02-20 17:22:55.944  3336  3336 D com.hisilicon.miracast.business.WfdBusiness: startSearch L141
02-20 17:22:55.945  3336  3336 D com.hisilicon.miracast.business.WfdBusiness: startListen L193
02-20 17:22:55.947  3336  3336 I com.hisilicon.miracast.business.WfdBusiness: startSearch L150 ---- start listen is ok ---- 
02-20 17:22:55.948  1929  2087 D SupplicantP2pIfaceHal: entering enableWfd(true)
02-20 17:22:55.949  1929  2401 D PackageManager: Instant App installer not found with android.intent.action.INSTALL_INSTANT_APP_PACKAGE_TEST
02-20 17:22:55.949  1929  2401 D PackageManager: Instant App installer not found with android.intent.action.INSTALL_INSTANT_APP_PACKAGE
02-20 17:22:55.949  1929  2401 D PackageManager: Clear ephemeral installer activity
02-20 17:22:55.949  3336  3336 I com.hisilicon.miracast.service.WfdService$WfdReceiver: onReceive L1245 ---- After start search! ---- 
02-20 17:22:55.950  3226  3226 D wpa_supplicant: WFD: Wi-Fi Display enabled
02-20 17:22:55.950  3226  3226 D wpa_supplicant: WFD: Update WFD IE
02-20 17:22:55.950  3226  3226 D wpa_supplicant: WFD: WFD IE for Beacon - hexdump(len=0):
02-20 17:22:55.950  3226  3226 D wpa_supplicant: WFD: WFD IE for (Re)Association Request - hexdump(len=0):
02-20 17:22:55.950  3226  3226 D wpa_supplicant: WFD: WFD IE for GO Negotiation - hexdump(len=0):
02-20 17:22:55.950  3226  3226 D wpa_supplicant: WFD: WFD IE for Provision Discovery Request - hexdump(len=0):
02-20 17:22:55.950  3226  3226 D wpa_supplicant: WFD: WFD IE for Probe Request - hexdump(len=0):
02-20 17:22:55.950  3226  3226 D wpa_supplicant: WFD: WFD IE for Probe Response - hexdump(len=0):
02-20 17:22:55.950  3226  3226 D wpa_supplicant: WFD: WFD IE for P2P Invitation - hexdump(len=0):
02-20 17:22:55.950  3226  3226 D wpa_supplicant: WFD: WFD IE for Provision Discovery Response - hexdump(len=0):
02-20 17:22:55.950  3336  3336 D com.hisilicon.miracast.service.WfdService: keepSinkAlive L840
02-20 17:22:55.951  1929  2087 D SupplicantP2pIfaceHal: enableWfd(true) completed successfully.
02-20 17:22:55.951  1929  2087 D SupplicantP2pIfaceHal: leaving enableWfd(true)
02-20 17:22:55.952  3336  3336 D com.hisilicon.miracast.service.WfdService: stopKeepAliveTimer L823
02-20 17:22:55.952  1929  2087 D SupplicantP2pIfaceHal: entering setWfdDeviceInfo(00111c440032)
02-20 17:22:55.953  3336  3336 D com.hisilicon.miracast.service.WfdService: startKeepAliveTimer L810
02-20 17:22:55.954  3226  3226 D wpa_supplicant: WFD: Set subelement 0
02-20 17:22:55.954  3226  3226 D wpa_supplicant: WFD: Update WFD IE
02-20 17:22:55.954  3226  3226 D wpa_supplicant: WFD: WFD IE for Beacon - hexdump(len=15): dd 0d 50 6f 9a 0a 00 00 06 00 11 1c 44 00 32
02-20 17:22:55.954  3226  3226 D wpa_supplicant: WFD: WFD IE for (Re)Association Request - hexdump(len=15): dd 0d 50 6f 9a 0a 00 00 06 00 11 1c 44 00 32
02-20 17:22:55.954  3226  3226 D wpa_supplicant: WFD: WFD IE for GO Negotiation - hexdump(len=15): dd 0d 50 6f 9a 0a 00 00 06 00 11 1c 44 00 32
02-20 17:22:55.954  3226  3226 D wpa_supplicant: WFD: WFD IE for Provision Discovery Request - hexdump(len=15): dd 0d 50 6f 9a 0a 00 00 06 00 11 1c 44 00 32
02-20 17:22:55.955  3226  3226 D wpa_supplicant: WFD: WFD IE for Probe Request - hexdump(len=15): dd 0d 50 6f 9a 0a 00 00 06 00 11 1c 44 00 32
02-20 17:22:55.955  3226  3226 D wpa_supplicant: WFD: WFD IE for Probe Response - hexdump(len=15): dd 0d 50 6f 9a 0a 00 00 06 00 11 1c 44 00 32
02-20 17:22:55.955  3226  3226 D wpa_supplicant: WFD: WFD IE for P2P Invitation - hexdump(len=15): dd 0d 50 6f 9a 0a 00 00 06 00 11 1c 44 00 32
02-20 17:22:55.955  3226  3226 D wpa_supplicant: WFD: WFD IE for Provision Discovery Response - hexdump(len=15): dd 0d 50 6f 9a 0a 00 00 06 00 11 1c 44 00 32
02-20 17:22:55.956  1929  2087 D SupplicantP2pIfaceHal: setWfdDeviceInfo(00111c440032) completed successfully.
02-20 17:22:55.956  1929  2087 D SupplicantP2pIfaceHal: leaving setWfdDeviceInfo(00111c440032)
02-20 17:22:55.956  3336  3336 I com.hisilicon.miracast.service.WfdService$WfdReceiver: onReceive L1165 ---- android.net.wifi.p2p.THIS_DEVICE_CHANGED ---- 
02-20 17:22:55.958  1929  2087 D SupplicantP2pIfaceHal: entering flush()
02-20 17:22:55.958  3226  3226 D wpa_supplicant: P2P: Stopping find
02-20 17:22:55.959  3226  3226 D wpa_supplicant: P2P: Clear timeout (state=IDLE)
02-20 17:22:55.959  3226  3226 D wpa_supplicant: P2P: State IDLE -> IDLE
02-20 17:22:55.959  3226  3226 D wpa_supplicant: wpa_driver_set_ap_wps_p2p_ie: Entry
02-20 17:22:55.960  3226  3226 D wpa_supplicant: P2P: Disabling Extended Listen Timing
02-20 17:22:55.960  3336  3336 I com.hisilicon.miracast.service.WfdService$WfdReceiver: onReceive L1165 ---- android.net.wifi.p2p.PERSISTENT_GROUPS_CHANGED ---- 
02-20 17:22:55.960  3226  3226 D wpa_supplicant: P2P: Stopping find
02-20 17:22:55.960  3226  3226 D wpa_supplicant: P2P: Clear timeout (state=IDLE)
02-20 17:22:55.960  3226  3226 D wpa_supplicant: P2P: State IDLE -> IDLE
02-20 17:22:55.960  3226  3226 D wpa_supplicant: wpa_driver_set_ap_wps_p2p_ie: Entry
02-20 17:22:55.962  3336  3336 D com.hisilicon.miracast.business.WfdBusiness: updatePersistentGroup L241
02-20 17:22:55.962  1929  2087 D SupplicantP2pIfaceHal: flush() completed successfully.
02-20 17:22:55.962  1929  2087 D SupplicantP2pIfaceHal: leaving flush()
02-20 17:22:55.962  1929  2087 D SupplicantP2pIfaceHal: entering configureExtListen(500, 500)
02-20 17:22:55.963  3226  3226 D wpa_supplicant: P2P: Enabling Extended Listen Timing: period 500 msec, interval 500 msec
02-20 17:22:55.966  3336  3336 D com.hisilicon.miracast.activity.SettingActivity$WfdReceiver: onReceive L412 ---- com.hisilicon.miracast.ACTION_WFD_CHANGED ---- 
02-20 17:22:55.967  1929  2087 D SupplicantP2pIfaceHal: configureExtListen(500, 500) completed successfully.
02-20 17:22:55.967  1929  2087 D SupplicantP2pIfaceHal: leaving configureExtListen(500, 500)
02-20 17:22:55.967  3336  3336 D com.hisilicon.miracast.activity.SettingActivity$WfdReceiver: onReceive L412 ---- com.hisilicon.miracast.ACTION_HIDE_DIALOG ---- 
02-20 17:22:55.968  3336  3336 D com.hisilicon.miracast.activity.SettingActivity: hideWaitingDialog L199
02-20 17:22:55.968  1929  2087 D SupplicantP2pIfaceHal: entering flush()
02-20 17:22:55.970  3226  3226 D wpa_supplicant: P2P: Stopping find
02-20 17:22:55.970  3226  3226 D wpa_supplicant: P2P: Clear timeout (state=IDLE)
02-20 17:22:55.970  3226  3226 D wpa_supplicant: P2P: State IDLE -> IDLE
02-20 17:22:55.970  3226  3226 D wpa_supplicant: wpa_driver_set_ap_wps_p2p_ie: Entry
02-20 17:22:55.970  3226  3226 D wpa_supplicant: P2P: Disabling Extended Listen Timing
02-20 17:22:55.970  3226  3226 D wpa_supplicant: P2P: Stopping find
02-20 17:22:55.970  3226  3226 D wpa_supplicant: P2P: Clear timeout (state=IDLE)
02-20 17:22:55.970  3226  3226 D wpa_supplicant: P2P: State IDLE -> IDLE
02-20 17:22:55.970  3226  3226 D wpa_supplicant: wpa_driver_set_ap_wps_p2p_ie: Entry
02-20 17:22:55.973  1929  2087 D SupplicantP2pIfaceHal: flush() completed successfully.
02-20 17:22:55.973  1929  2087 D SupplicantP2pIfaceHal: leaving flush()
02-20 17:22:55.973  1929  2087 D SupplicantP2pIfaceHal: entering configureExtListen(500, 500)
02-20 17:22:55.974  3226  3226 D wpa_supplicant: P2P: Enabling Extended Listen Timing: period 500 msec, interval 500 msec
02-20 17:22:55.976  1929  2087 D SupplicantP2pIfaceHal: configureExtListen(500, 500) completed successfully.
02-20 17:22:55.976  1929  2087 D SupplicantP2pIfaceHal: leaving configureExtListen(500, 500)
02-20 17:22:56.003  3336  3363 I com.hisilicon.miracast.business.WfdBusiness: startSearch L150 ---- start listen is ok ---- 
02-20 17:22:56.011  3336  3363 D com.hisilicon.miracast.service.WfdService: onWifiP2pConnectionChanged L553
02-20 17:22:56.013  3336  3363 D com.hisilicon.miracast.service.WfdService: onStopWfdFinished L733
02-20 17:22:56.014  3336  3363 D com.hisilicon.miracast.service.WfdService: releaseWfd L672
02-20 17:22:56.014  3336  3363 D HiSinkJNI: Java_com_hisilicon_miracast_ndk_SinkNative_releaseSink 54
02-20 17:22:56.016  3336  3363 D com.hisilicon.miracast.service.WfdService: enableWfd L487
02-20 17:22:56.123  3336  3336 I com.hisilicon.miracast.business.WfdBusiness$WfdActionListener: onSuccess L653 ---- SET_P2P_CHANNELS ---- 
02-20 17:22:56.125  3336  3336 D com.hisilicon.miracast.business.WfdBusiness: setP2pBestChannels L526 ---- mBest2gChannel: 1 mBest5gChannel: 149 ---- 
02-20 17:22:56.126  3336  3336 D com.hisilicon.miracast.business.WfdBusiness: updateSourceInfo L281
02-20 17:22:56.128  3336  3336 I com.hisilicon.miracast.business.WfdBusiness$WfdActionListener: onSuccess L653 ---- SET_WFD_INFO ---- 
02-20 17:22:56.129  3336  3336 I com.hisilicon.miracast.service.WfdService$WfdReceiver: onReceive L1165 ---- android.net.wifi.p2p.THIS_DEVICE_CHANGED ---- 
02-20 17:22:56.133  3336  3336 D com.hisilicon.miracast.widget.DotsMarqueeTextView: startMarquee L60
02-20 17:22:56.139  3336  3336 I com.hisilicon.miracast.business.WfdBusiness$WfdActionListener: onSuccess L653 ---- SEARCH_DEVICE ---- 
02-20 17:22:56.140  3336  3336 I com.hisilicon.miracast.business.WfdBusiness$WfdActionListener: onSuccess L653 ---- SEARCH_DEVICE ---- 
02-20 17:22:56.141  3336  3336 D com.hisilicon.miracast.business.WfdBusiness: clearGroup L71
02-20 17:22:56.145  3336  3336 D com.hisilicon.miracast.activity.SettingActivity$WfdReceiver: onReceive L412 ---- com.hisilicon.miracast.ACTION_WFD_CHANGED ---- 
02-20 17:22:56.147  3336  3336 I chatty  : uid=1000(system) com.hisilicon.miracast identical 2 lines
02-20 17:22:56.149  3336  3336 D com.hisilicon.miracast.activity.SettingActivity$WfdReceiver: onReceive L412 ---- com.hisilicon.miracast.ACTION_WFD_CHANGED ---- 
02-20 17:22:56.153  1929  2021 I ActivityManager: Displayed com.hisilicon.miracast/.activity.SettingActivity: +824ms (total +1s602ms)
02-20 17:22:56.371  1707  2517 W SurfaceFlinger: Attempting to set client state on removed layer: Splash Screen com.hisilicon.miracast#1
02-20 17:22:56.372  1707  2517 W SurfaceFlinger: Attempting to destroy on removed layer: Splash Screen com.hisilicon.miracast#1
02-20 17:22:56.377  1929  1943 I system_server: Background concurrent copying GC freed 10771(905KB) AllocSpace objects, 5(228KB) LOS objects, 19% free, 5MB/6MB, paused 412us total 206.504ms
02-20 17:22:56.474  3226  3226 D wpa_supplicant: P2P: Extended Listen timeout
02-20 17:22:56.474  3226  3226 D wpa_supplicant: P2P: Going to listen(only) state
02-20 17:22:56.475  3226  3226 D wpa_supplicant: WPS:  * Version (hardcoded 0x10)
02-20 17:22:56.475  3226  3226 D wpa_supplicant: WPS:  * UUID-E
02-20 17:22:56.475  3226  3226 D wpa_supplicant: WPS:  * Version2 (0x20)
02-20 17:22:56.476  3226  3226 D wpa_supplicant: P2P: * P2P IE header
02-20 17:22:56.476  3226  3226 D wpa_supplicant: P2P: * Capability dev=21 group=00
02-20 17:22:56.476  3226  3226 D wpa_supplicant: P2P: * Extended Listen Timing (period 500 msec  interval 500 msec)
02-20 17:22:56.476  3226  3226 D wpa_supplicant: P2P: * Device Info
02-20 17:22:56.476  3226  3226 D wpa_supplicant: p2p0: Add radio work 'p2p-listen'@0xa6b8d4e0
02-20 17:22:56.476  3226  3226 D wpa_supplicant: p2p0: First radio work item in the queue - schedule start immediately
02-20 17:22:56.476  3226  3226 D wpa_supplicant: P2P: State IDLE -> LISTEN_ONLY
02-20 17:22:56.476  3226  3226 D wpa_supplicant: p2p0: Starting radio work 'p2p-listen'@0xa6b8d4e0 after 0.000407 second wait
02-20 17:22:56.476  3226  3226 D wpa_supplicant: wpa_driver_set_ap_wps_p2p_ie: Entry
02-20 17:22:56.477  3226  3226 D wpa_supplicant: wpa_driver_nl80211_driver_cmd  len = 0, 0
02-20 17:22:56.478  3226  3226 D wpa_supplicant: nl80211: Enable Probe Request reporting nl_preq=0xa6b9aa48
02-20 17:22:56.478  3226  3226 D wpa_supplicant: nl80211: Register frame type=0x40 (WLAN_FC_STYPE_PROBE_REQ) nl_handle=0xa6b9aa48 match=
02-20 17:22:56.486  3226  3226 D wpa_supplicant: nl80211: Remain-on-channel cookie 0x1 for freq=2412 MHz duration=500
02-20 17:22:56.486  3226  3226 D wpa_supplicant: nl80211: Ignored event (cmd=55) for foreign interface (ifindex 9 wdev 0x0)
02-20 17:22:56.487  3226  3226 D wpa_supplicant: nl80211: Drv Event 55 (NL80211_CMD_REMAIN_ON_CHANNEL) received for p2p0
02-20 17:22:56.487  3226  3226 D wpa_supplicant: nl80211: Remain-on-channel event (cancel=0 freq=2412 channel_type=0 duration=500 cookie=0x1 (match))
02-20 17:22:56.487  3226  3226 D wpa_supplicant: p2p0: Event REMAIN_ON_CHANNEL (19) received
02-20 17:22:56.487  3226  3226 D wpa_supplicant: Off-channel: Send Action callback (without_roc=0 pending_action_tx=0x0 pending_action_tx_done=0)
02-20 17:22:56.487  3226  3226 D wpa_supplicant: P2P: remain-on-channel callback (off_channel_freq=2412 pending_listen_freq=2412 roc_waiting_drv_freq=0 freq=2412 duration=500)
02-20 17:22:56.487  3226  3226 D wpa_supplicant: P2P: Starting Listen timeout(0,500000) on freq=2412 based on callback
02-20 17:22:56.487  3226  3226 D wpa_supplicant: P2P: Set timeout (state=LISTEN_ONLY): 0.520000 sec
02-20 17:22:56.744  3286  3286 D StarkApplication: onTrimMemory: 80
02-20 17:22:56.771  3336  3336 V com.hisilicon.miracast.activity.WelcomeActivity: onStop L75
02-20 17:22:56.774  3336  3336 V com.hisilicon.miracast.activity.WelcomeActivity: onDestroy L82
02-20 17:22:56.797  1707  1910 W SurfaceFlinger: Attempting to destroy on removed layer: AppWindowToken{e1cd8c0 token=Token{b916a43 ActivityRecord{dcd13f2 u0 com.hisilicon.miracast/.activity.WelcomeActivity t35}}}#0
02-20 17:22:56.975  3226  3226 D wpa_supplicant: P2P: Operation in progress - skip Extended Listen timeout (LISTEN_ONLY)
02-20 17:22:56.996  3226  3226 D wpa_supplicant: nl80211: Ignored event (cmd=56) for foreign interface (ifindex 9 wdev 0x0)
02-20 17:22:56.996  3226  3226 D wpa_supplicant: nl80211: Drv Event 56 (NL80211_CMD_CANCEL_REMAIN_ON_CHANNEL) received for p2p0
02-20 17:22:56.996  3226  3226 D wpa_supplicant: nl80211: Remain-on-channel event (cancel=1 freq=2412 channel_type=0 duration=0 cookie=0x1 (match))
02-20 17:22:56.996  3226  3226 D wpa_supplicant: p2p0: Event CANCEL_REMAIN_ON_CHANNEL (20) received
02-20 17:22:56.996  3226  3226 D wpa_supplicant: P2P: Cancel remain-on-channel callback (p2p_long_listen=0 ms pending_action_tx=0x0)
02-20 17:22:56.997  3226  3226 D wpa_supplicant: p2p0: Radio work 'p2p-listen'@0xa6b8d4e0 done in 0.520363 seconds
02-20 17:22:56.997  3226  3226 D wpa_supplicant: p2p0: radio_work_free('p2p-listen'@0xa6b8d4e0: num_active_works --> 0
02-20 17:22:56.997  3226  3226 D wpa_supplicant: P2P: Driver ended Listen state (freq=2412)
02-20 17:22:56.997  3226  3226 D wpa_supplicant: P2P: Clear timeout (state=LISTEN_ONLY)
02-20 17:22:56.997  3226  3226 D wpa_supplicant: wpa_driver_set_ap_wps_p2p_ie: Entry
02-20 17:22:56.997  3226  3226 D wpa_supplicant: nl80211: Disable Probe Request reporting nl_preq=0x2e3122c1
02-20 17:22:56.997  3226  3226 D wpa_supplicant: P2P: State LISTEN_ONLY -> IDLE
02-20 17:22:57.475  3226  3226 D wpa_supplicant: P2P: Extended Listen timeout
02-20 17:22:57.475  3226  3226 D wpa_supplicant: P2P: Going to listen(only) state
02-20 17:22:57.476  3226  3226 D wpa_supplicant: WPS:  * Version (hardcoded 0x10)
02-20 17:22:57.476  3226  3226 D wpa_supplicant: WPS:  * UUID-E
02-20 17:22:57.476  3226  3226 D wpa_supplicant: WPS:  * Version2 (0x20)
02-20 17:22:57.476  3226  3226 D wpa_supplicant: P2P: * P2P IE header
02-20 17:22:57.476  3226  3226 D wpa_supplicant: P2P: * Capability dev=21 group=00
02-20 17:22:57.476  3226  3226 D wpa_supplicant: P2P: * Extended Listen Timing (period 500 msec  interval 500 msec)
02-20 17:22:57.476  3226  3226 D wpa_supplicant: P2P: * Device Info
02-20 17:22:57.476  3226  3226 D wpa_supplicant: p2p0: Add radio work 'p2p-listen'@0xa6b8d4e0
02-20 17:22:57.476  3226  3226 D wpa_supplicant: p2p0: First radio work item in the queue - schedule start immediately
02-20 17:22:57.476  3226  3226 D wpa_supplicant: P2P: State IDLE -> LISTEN_ONLY
02-20 17:22:57.476  3226  3226 D wpa_supplicant: p2p0: Starting radio work 'p2p-listen'@0xa6b8d4e0 after 0.000116 second wait
02-20 17:22:57.476  3226  3226 D wpa_supplicant: wpa_driver_set_ap_wps_p2p_ie: Entry
02-20 17:22:57.476  3226  3226 D wpa_supplicant: wpa_driver_nl80211_driver_cmd  len = 0, 0
02-20 17:22:57.476  3226  3226 D wpa_supplicant: nl80211: Enable Probe Request reporting nl_preq=0xa6b9aa48
02-20 17:22:57.476  3226  3226 D wpa_supplicant: nl80211: Register frame type=0x40 (WLAN_FC_STYPE_PROBE_REQ) nl_handle=0xa6b9aa48 match=
02-20 17:22:57.483  3226  3226 D wpa_supplicant: nl80211: Remain-on-channel cookie 0x2 for freq=2412 MHz duration=500
02-20 17:22:57.483  3226  3226 D wpa_supplicant: nl80211: Ignored event (cmd=55) for foreign interface (ifindex 9 wdev 0x0)
02-20 17:22:57.483  3226  3226 D wpa_supplicant: nl80211: Drv Event 55 (NL80211_CMD_REMAIN_ON_CHANNEL) received for p2p0
02-20 17:22:57.483  3226  3226 D wpa_supplicant: nl80211: Remain-on-channel event (cancel=0 freq=2412 channel_type=0 duration=500 cookie=0x2 (match))
02-20 17:22:57.483  3226  3226 D wpa_supplicant: p2p0: Event REMAIN_ON_CHANNEL (19) received
02-20 17:22:57.483  3226  3226 D wpa_supplicant: Off-channel: Send Action callback (without_roc=0 pending_action_tx=0x0 pending_action_tx_done=0)
02-20 17:22:57.483  3226  3226 D wpa_supplicant: P2P: remain-on-channel callback (off_channel_freq=2412 pending_listen_freq=2412 roc_waiting_drv_freq=0 freq=2412 duration=500)
02-20 17:22:57.483  3226  3226 D wpa_supplicant: P2P: Starting Listen timeout(0,500000) on freq=2412 based on callback
02-20 17:22:57.483  3226  3226 D wpa_supplicant: P2P: Set timeout (state=LISTEN_ONLY): 0.520000 sec
02-20 17:22:57.976  3226  3226 D wpa_supplicant: P2P: Operation in progress - skip Extended Listen timeout (LISTEN_ONLY)
02-20 17:22:57.996  3226  3226 D wpa_supplicant: nl80211: Ignored event (cmd=56) for foreign interface (ifindex 9 wdev 0x0)
02-20 17:22:57.996  3226  3226 D wpa_supplicant: nl80211: Drv Event 56 (NL80211_CMD_CANCEL_REMAIN_ON_CHANNEL) received for p2p0
02-20 17:22:57.997  3226  3226 D wpa_supplicant: nl80211: Remain-on-channel event (cancel=1 freq=2412 channel_type=0 duration=0 cookie=0x2 (match))
02-20 17:22:57.997  3226  3226 D wpa_supplicant: p2p0: Event CANCEL_REMAIN_ON_CHANNEL (20) received
02-20 17:22:57.997  3226  3226 D wpa_supplicant: P2P: Cancel remain-on-channel callback (p2p_long_listen=0 ms pending_action_tx=0x0)
02-20 17:22:57.997  3226  3226 D wpa_supplicant: p2p0: Radio work 'p2p-listen'@0xa6b8d4e0 done in 0.520830 seconds
02-20 17:22:57.997  3226  3226 D wpa_supplicant: p2p0: radio_work_free('p2p-listen'@0xa6b8d4e0: num_active_works --> 0
02-20 17:22:57.997  3226  3226 D wpa_supplicant: P2P: Driver ended Listen state (freq=2412)
02-20 17:22:57.997  3226  3226 D wpa_supplicant: P2P: Clear timeout (state=LISTEN_ONLY)
