02-20 17:23:05.574  3226  3226 D wpa_supplicant: P2P: remain-on-channel callback (off_channel_freq=2412 pending_listen_freq=2412 roc_waiting_drv_freq=0 freq=2412 duration=500)
02-20 17:23:05.574  3226  3226 D wpa_supplicant: P2P: Starting Listen timeout(0,500000) on freq=2412 based on callback
02-20 17:23:05.574  3226  3226 D wpa_supplicant: P2P: Set timeout (state=LISTEN_ONLY): 0.520000 sec
02-20 17:23:05.575  1929  2087 D SupplicantP2pIfaceHal: setGroupIdle(p2p0, 10) completed successfully.
02-20 17:23:05.575  1929  2087 D SupplicantP2pIfaceHal: leaving setGroupIdle(p2p0, 10)
02-20 17:23:05.588  1929  2087 W WifiP2pService: Unknown group owner Device: 
02-20 17:23:05.588  1929  2087 W WifiP2pService:  deviceAddress: 26:da:33:d3:70:81
02-20 17:23:05.588  1929  2087 W WifiP2pService:  primary type: null
02-20 17:23:05.588  1929  2087 W WifiP2pService:  secondary type: null
02-20 17:23:05.588  1929  2087 W WifiP2pService:  wps: 0
02-20 17:23:05.588  1929  2087 W WifiP2pService:  grpcapab: 0
02-20 17:23:05.588  1929  2087 W WifiP2pService:  devcapab: 0
02-20 17:23:05.588  1929  2087 W WifiP2pService:  status: 4
02-20 17:23:05.588  1929  2087 W WifiP2pService:  wfdInfo: null
02-20 17:23:05.588  1667  1750 D CommandListener: Clearing all IP addresses on p2p0
02-20 17:23:05.592  3336  3336 I com.hisilicon.miracast.service.WfdService$WfdReceiver: onReceive L1165 ---- android.net.wifi.p2p.THIS_DEVICE_CHANGED ---- 
02-20 17:23:05.599  3336  3336 D com.hisilicon.miracast.activity.SettingActivity$WfdReceiver: onReceive L412 ---- com.hisilicon.miracast.ACTION_WFD_CHANGED ---- 
02-20 17:23:05.609  1929  3378 D DhcpClient: Receive thread started
02-20 17:23:05.610  1929  2087 D SupplicantP2pIfaceHal: entering setPowerSave(p2p0, false)
02-20 17:23:05.611  3226  3226 D wpa_supplicant: nl80211: set_p2p_powersave (legacy_ps=0 opp_ps=-1 ctwindow=-1)
02-20 17:23:05.612  1929  2087 D SupplicantP2pIfaceHal: setPowerSave(p2p0, false) completed successfully.
02-20 17:23:05.612  1929  2087 D SupplicantP2pIfaceHal: leaving setPowerSave(p2p0, false)
02-20 17:23:05.616  1929  3377 D DhcpClient: Broadcasting DHCPDISCOVER
02-20 17:23:05.982  3226  3226 D wpa_supplicant: P2P: Operation in progress - skip Extended Listen timeout (LISTEN_ONLY)
02-20 17:23:06.084  3226  3226 D wpa_supplicant: nl80211: Ignored event (cmd=56) for foreign interface (ifindex 9 wdev 0x0)
02-20 17:23:06.084  3226  3226 D wpa_supplicant: nl80211: Drv Event 56 (NL80211_CMD_CANCEL_REMAIN_ON_CHANNEL) received for p2p0
02-20 17:23:06.084  3226  3226 D wpa_supplicant: nl80211: Remain-on-channel event (cancel=1 freq=2412 channel_type=0 duration=0 cookie=0x9 (match))
02-20 17:23:06.084  3226  3226 D wpa_supplicant: p2p0: Event CANCEL_REMAIN_ON_CHANNEL (20) received
02-20 17:23:06.084  3226  3226 D wpa_supplicant: P2P: Cancel remain-on-channel callback (p2p_long_listen=0 ms pending_action_tx=0x0)
02-20 17:23:06.084  3226  3226 D wpa_supplicant: p2p0: Radio work 'p2p-listen'@0xa6b8d5d0 done in 0.524751 seconds
02-20 17:23:06.085  3226  3226 D wpa_supplicant: p2p0: radio_work_free('p2p-listen'@0xa6b8d5d0: num_active_works --> 0
02-20 17:23:06.085  3226  3226 D wpa_supplicant: P2P: Driver ended Listen state (freq=2412)
02-20 17:23:06.085  3226  3226 D wpa_supplicant: P2P: Clear timeout (state=LISTEN_ONLY)
02-20 17:23:06.085  3226  3226 D wpa_supplicant: wpa_driver_set_ap_wps_p2p_ie: Entry
02-20 17:23:06.085  3226  3226 D wpa_supplicant: nl80211: Disable Probe Request reporting nl_preq=0x2e3122c1
02-20 17:23:06.085  3226  3226 D wpa_supplicant: P2P: State LISTEN_ONLY -> IDLE
02-20 17:23:06.482  3226  3226 D wpa_supplicant: P2P: Extended Listen timeout
02-20 17:23:06.482  3226  3226 D wpa_supplicant: P2P: Going to listen(only) state
02-20 17:23:06.482  3226  3226 D wpa_supplicant: WPS:  * Version (hardcoded 0x10)
02-20 17:23:06.482  3226  3226 D wpa_supplicant: WPS:  * UUID-E
02-20 17:23:06.482  3226  3226 D wpa_supplicant: WPS:  * Version2 (0x20)
02-20 17:23:06.482  3226  3226 D wpa_supplicant: P2P: * P2P IE header
02-20 17:23:06.482  3226  3226 D wpa_supplicant: P2P: * Capability dev=21 group=00
02-20 17:23:06.482  3226  3226 D wpa_supplicant: P2P: * Extended Listen Timing (period 500 msec  interval 500 msec)
02-20 17:23:06.482  3226  3226 D wpa_supplicant: P2P: * Device Info
02-20 17:23:06.483  3226  3226 D wpa_supplicant: p2p0: Add radio work 'p2p-listen'@0xa6b8d4e0
02-20 17:23:06.483  3226  3226 D wpa_supplicant: p2p0: First radio work item in the queue - schedule start immediately
02-20 17:23:06.483  3226  3226 D wpa_supplicant: P2P: State IDLE -> LISTEN_ONLY
02-20 17:23:06.483  3226  3226 D wpa_supplicant: p2p0: Starting radio work 'p2p-listen'@0xa6b8d4e0 after 0.000105 second wait
02-20 17:23:06.483  3226  3226 D wpa_supplicant: wpa_driver_set_ap_wps_p2p_ie: Entry
02-20 17:23:06.483  3226  3226 D wpa_supplicant: wpa_driver_nl80211_driver_cmd  len = 0, 0
02-20 17:23:06.483  3226  3226 D wpa_supplicant: nl80211: Enable Probe Request reporting nl_preq=0xa6b9aa48
02-20 17:23:06.483  3226  3226 D wpa_supplicant: nl80211: Register frame type=0x40 (WLAN_FC_STYPE_PROBE_REQ) nl_handle=0xa6b9aa48 match=
02-20 17:23:06.489  3226  3226 D wpa_supplicant: nl80211: Remain-on-channel cookie 0xa for freq=2412 MHz duration=500
02-20 17:23:06.489  3226  3226 D wpa_supplicant: nl80211: Ignored event (cmd=55) for foreign interface (ifindex 9 wdev 0x0)
02-20 17:23:06.489  3226  3226 D wpa_supplicant: nl80211: Drv Event 55 (NL80211_CMD_REMAIN_ON_CHANNEL) received for p2p0
02-20 17:23:06.489  3226  3226 D wpa_supplicant: nl80211: Remain-on-channel event (cancel=0 freq=2412 channel_type=0 duration=500 cookie=0xa (match))
02-20 17:23:06.489  3226  3226 D wpa_supplicant: p2p0: Event REMAIN_ON_CHANNEL (19) received
02-20 17:23:06.489  3226  3226 D wpa_supplicant: Off-channel: Send Action callback (without_roc=0 pending_action_tx=0x0 pending_action_tx_done=0)
02-20 17:23:06.489  3226  3226 D wpa_supplicant: P2P: remain-on-channel callback (off_channel_freq=2412 pending_listen_freq=2412 roc_waiting_drv_freq=0 freq=2412 duration=500)
02-20 17:23:06.489  3226  3226 D wpa_supplicant: P2P: Starting Listen timeout(0,500000) on freq=2412 based on callback
02-20 17:23:06.489  3226  3226 D wpa_supplicant: P2P: Set timeout (state=LISTEN_ONLY): 0.520000 sec
02-20 17:23:06.842  1929  1943 I system_server: Background concurrent copying GC freed 8558(732KB) AllocSpace objects, 12(428KB) LOS objects, 19% free, 5MB/6MB, paused 178us total 163.213ms
02-20 17:23:06.905  3226  3226 D wpa_supplicant: EAPOL: startWhen --> 0
02-20 17:23:06.905  3226  3226 D wpa_supplicant: EAPOL: disable timer tick
02-20 17:23:06.982  3226  3226 D wpa_supplicant: P2P: Operation in progress - skip Extended Listen timeout (LISTEN_ONLY)
02-20 17:23:07.005  3226  3226 D wpa_supplicant: nl80211: Ignored event (cmd=56) for foreign interface (ifindex 9 wdev 0x0)
02-20 17:23:07.005  3226  3226 D wpa_supplicant: nl80211: Drv Event 56 (NL80211_CMD_CANCEL_REMAIN_ON_CHANNEL) received for p2p0
02-20 17:23:07.005  3226  3226 D wpa_supplicant: nl80211: Remain-on-channel event (cancel=1 freq=2412 channel_type=0 duration=0 cookie=0xa (match))
02-20 17:23:07.005  3226  3226 D wpa_supplicant: p2p0: Event CANCEL_REMAIN_ON_CHANNEL (20) received
02-20 17:23:07.005  3226  3226 D wpa_supplicant: P2P: Cancel remain-on-channel callback (p2p_long_listen=0 ms pending_action_tx=0x0)
02-20 17:23:07.005  3226  3226 D wpa_supplicant: p2p0: Radio work 'p2p-listen'@0xa6b8d4e0 done in 0.522143 seconds
02-20 17:23:07.005  3226  3226 D wpa_supplicant: p2p0: radio_work_free('p2p-listen'@0xa6b8d4e0: num_active_works --> 0
02-20 17:23:07.005  3226  3226 D wpa_supplicant: P2P: Driver ended Listen state (freq=2412)
02-20 17:23:07.005  3226  3226 D wpa_supplicant: P2P: Clear timeout (state=LISTEN_ONLY)
02-20 17:23:07.005  3226  3226 D wpa_supplicant: wpa_driver_set_ap_wps_p2p_ie: Entry
02-20 17:23:07.005  3226  3226 D wpa_supplicant: nl80211: Disable Probe Request reporting nl_preq=0x2e3122c1
02-20 17:23:07.006  3226  3226 D wpa_supplicant: P2P: State LISTEN_ONLY -> IDLE
02-20 17:23:07.483  3226  3226 D wpa_supplicant: P2P: Extended Listen timeout
02-20 17:23:07.483  3226  3226 D wpa_supplicant: P2P: Going to listen(only) state
02-20 17:23:07.483  3226  3226 D wpa_supplicant: WPS:  * Version (hardcoded 0x10)
02-20 17:23:07.483  3226  3226 D wpa_supplicant: WPS:  * UUID-E
02-20 17:23:07.483  3226  3226 D wpa_supplicant: WPS:  * Version2 (0x20)
02-20 17:23:07.483  3226  3226 D wpa_supplicant: P2P: * P2P IE header
02-20 17:23:07.483  3226  3226 D wpa_supplicant: P2P: * Capability dev=21 group=00
02-20 17:23:07.483  3226  3226 D wpa_supplicant: P2P: * Extended Listen Timing (period 500 msec  interval 500 msec)
02-20 17:23:07.483  3226  3226 D wpa_supplicant: P2P: * Device Info
02-20 17:23:07.483  3226  3226 D wpa_supplicant: p2p0: Add radio work 'p2p-listen'@0xa6b8d4e0
02-20 17:23:07.483  3226  3226 D wpa_supplicant: p2p0: First radio work item in the queue - schedule start immediately
02-20 17:23:07.483  3226  3226 D wpa_supplicant: P2P: State IDLE -> LISTEN_ONLY
02-20 17:23:07.484  3226  3226 D wpa_supplicant: p2p0: Starting radio work 'p2p-listen'@0xa6b8d4e0 after 0.000112 second wait
02-20 17:23:07.484  3226  3226 D wpa_supplicant: wpa_driver_set_ap_wps_p2p_ie: Entry
02-20 17:23:07.484  3226  3226 D wpa_supplicant: wpa_driver_nl80211_driver_cmd  len = 0, 0
02-20 17:23:07.485  3226  3226 D wpa_supplicant: nl80211: Enable Probe Request reporting nl_preq=0xa6b9aa48
02-20 17:23:07.485  3226  3226 D wpa_supplicant: nl80211: Register frame type=0x40 (WLAN_FC_STYPE_PROBE_REQ) nl_handle=0xa6b9aa48 match=
02-20 17:23:07.491  3226  3226 D wpa_supplicant: nl80211: Remain-on-channel cookie 0xb for freq=2412 MHz duration=500
02-20 17:23:07.491  3226  3226 D wpa_supplicant: nl80211: Ignored event (cmd=55) for foreign interface (ifindex 9 wdev 0x0)
02-20 17:23:07.491  3226  3226 D wpa_supplicant: nl80211: Drv Event 55 (NL80211_CMD_REMAIN_ON_CHANNEL) received for p2p0
02-20 17:23:07.491  3226  3226 D wpa_supplicant: nl80211: Remain-on-channel event (cancel=0 freq=2412 channel_type=0 duration=500 cookie=0xb (match))
02-20 17:23:07.491  3226  3226 D wpa_supplicant: p2p0: Event REMAIN_ON_CHANNEL (19) received
02-20 17:23:07.492  3226  3226 D wpa_supplicant: Off-channel: Send Action callback (without_roc=0 pending_action_tx=0x0 pending_action_tx_done=0)
02-20 17:23:07.492  3226  3226 D wpa_supplicant: P2P: remain-on-channel callback (off_channel_freq=2412 pending_listen_freq=2412 roc_waiting_drv_freq=0 freq=2412 duration=500)
02-20 17:23:07.492  3226  3226 D wpa_supplicant: P2P: Starting Listen timeout(0,500000) on freq=2412 based on callback
02-20 17:23:07.492  3226  3226 D wpa_supplicant: P2P: Set timeout (state=LISTEN_ONLY): 0.520000 sec
02-20 17:23:07.929  1929  3378 D DhcpClient: Received packet: d6:9e:3b:58:e0:23 OFFER, ip /192.168.49.227, mask /255.255.255.0, DNS servers: /192.168.49.1 , gateways [/192.168.49.1] lease time 3600, domain null
02-20 17:23:07.930  1929  3377 D DhcpClient: Got pending lease: IP address 192.168.49.227/24 Gateway 192.168.49.1  DNS servers: [ 192.168.49.1 ] Domains  DHCP server /192.168.49.1 Vendor info ANDROID_METERED lease 3600 seconds
02-20 17:23:07.931  1929  3377 D DhcpClient: Broadcasting DHCPREQUEST ciaddr=0.0.0.0 request=192.168.49.227 serverid=192.168.49.1
02-20 17:23:07.980  1929  3378 D DhcpClient: Received packet: d6:9e:3b:58:e0:23 ACK: your new IP /192.168.49.227, netmask /255.255.255.0, gateways [/192.168.49.1] DNS servers: /192.168.49.1 , lease time 3600
02-20 17:23:07.981  1929  3377 D DhcpClient: Confirmed lease: IP address 192.168.49.227/24 Gateway 192.168.49.1  DNS servers: [ 192.168.49.1 ] Domains  DHCP server /192.168.49.1 Vendor info ANDROID_METERED lease 3600 seconds
02-20 17:23:07.983  1929  2087 D SupplicantP2pIfaceHal: entering setPowerSave(p2p0, true)
02-20 17:23:07.984  3226  3226 D wpa_supplicant: P2P: Operation in progress - skip Extended Listen timeout (LISTEN_ONLY)
02-20 17:23:07.984  3226  3226 D wpa_supplicant: nl80211: set_p2p_powersave (legacy_ps=1 opp_ps=-1 ctwindow=-1)
02-20 17:23:07.985  1667  1750 D CommandListener: Setting iface cfg
02-20 17:23:07.985  1929  2087 D SupplicantP2pIfaceHal: setPowerSave(p2p0, true) completed successfully.
02-20 17:23:07.985  1929  2087 D SupplicantP2pIfaceHal: leaving setPowerSave(p2p0, true)
02-20 17:23:07.994  1929  3377 D DhcpClient: Scheduling renewal in 1799s
02-20 17:23:07.995  1929  3377 D DhcpClient: Scheduling rebind in 3149s
02-20 17:23:07.995  1929  3377 D DhcpClient: Scheduling expiry in 3599s
02-20 17:23:08.001  3336  3336 I com.hisilicon.miracast.service.WfdService$WfdReceiver: onReceive L1165 ---- android.net.wifi.p2p.CONNECTION_STATE_CHANGE ---- 
02-20 17:23:08.003  3336  3336 D com.hisilicon.miracast.business.WfdBusiness: updateGroup L232
02-20 17:23:08.005  3336  3336 D com.hisilicon.miracast.business.WfdBusiness: updatePeers L250
02-20 17:23:08.006  3226  3226 D wpa_supplicant: nl80211: Ignored event (cmd=56) for foreign interface (ifindex 9 wdev 0x0)
02-20 17:23:08.006  3226  3226 D wpa_supplicant: nl80211: Drv Event 56 (NL80211_CMD_CANCEL_REMAIN_ON_CHANNEL) received for p2p0
02-20 17:23:08.006  3226  3226 D wpa_supplicant: nl80211: Remain-on-channel event (cancel=1 freq=2412 channel_type=0 duration=0 cookie=0xb (match))
02-20 17:23:08.006  3226  3226 D wpa_supplicant: p2p0: Event CANCEL_REMAIN_ON_CHANNEL (20) received
02-20 17:23:08.007  3226  3226 D wpa_supplicant: P2P: Cancel remain-on-channel callback (p2p_long_listen=0 ms pending_action_tx=0x0)
02-20 17:23:08.007  3226  3226 D wpa_supplicant: p2p0: Radio work 'p2p-listen'@0xa6b8d4e0 done in 0.523101 seconds
02-20 17:23:08.007  3226  3226 D wpa_supplicant: p2p0: radio_work_free('p2p-listen'@0xa6b8d4e0: num_active_works --> 0
02-20 17:23:08.007  3226  3226 D wpa_supplicant: P2P: Driver ended Listen state (freq=2412)
02-20 17:23:08.007  3336  3336 I com.hisilicon.miracast.service.WfdService$WfdReceiver: onReceive L1209 ---- Wi-Fi Direct connected ---- 
02-20 17:23:08.007  3226  3226 D wpa_supplicant: P2P: Clear timeout (state=LISTEN_ONLY)
02-20 17:23:08.007  3226  3226 D wpa_supplicant: wpa_driver_set_ap_wps_p2p_ie: Entry
02-20 17:23:08.007  3226  3226 D wpa_supplicant: nl80211: Disable Probe Request reporting nl_preq=0x2e3122c1
02-20 17:23:08.007  3226  3226 D wpa_supplicant: P2P: State LISTEN_ONLY -> IDLE
02-20 17:23:08.008  3336  3336 I com.hisilicon.miracast.service.WfdService$WfdReceiver: onReceive L1226 ---- source is go ---- 
02-20 17:23:08.009  3336  3336 D com.hisilicon.miracast.service.WfdService: stopKeepAliveTimer L823
02-20 17:23:08.010  3336  3336 D com.hisilicon.miracast.business.WfdBusiness: stopSearch L157
02-20 17:23:08.011  3336  3336 D com.hisilicon.miracast.business.WfdBusiness: stopListen L212
02-20 17:23:08.013  3336  3336 I com.hisilicon.miracast.business.WfdBusiness: stopSearch L167 ---- stop listen ---- 
02-20 17:23:08.013  3336  3336 D com.hisilicon.miracast.service.WfdService: sendBroadcastWfdState L901
02-20 17:23:08.015  3336  3336 D com.hisilicon.miracast.util.BroadcastUtil: sendWfdBroadCast L22 ---- wfdstate:5002 ---- 
02-20 17:23:08.016  3336  3363 D com.hisilicon.miracast.service.WfdService: onWifiP2pConnectionChanged L553
02-20 17:23:08.017  1667  1750 E Netd    : getIfIndex: cannot find interface p2p0
02-20 17:23:08.017  1667  1750 E Netd    : inconceivable! added interface p2p0 with no index
02-20 17:23:08.017  3336  3363 D com.hisilicon.miracast.business.WfdBusiness: isSourceWfd L304
02-20 17:23:08.018  3336  3363 D com.hisilicon.miracast.business.WfdBusiness: waitForUpdatePeers L466
02-20 17:23:08.023  1929  2087 D SupplicantP2pIfaceHal: entering configureExtListen(0, 0)
02-20 17:23:08.024  3226  3226 D wpa_supplicant: P2P: Disabling Extended Listen Timing
02-20 17:23:08.024  3336  3336 I com.hisilicon.miracast.business.WfdBusiness$WfdGroupListener: onGroupInfoAvailable L558 ---- group network name: DIRECT-Ol-TCLIPTV ---- 
02-20 17:23:08.025  1929  2087 D SupplicantP2pIfaceHal: configureExtListen(0, 0) completed successfully.
02-20 17:23:08.025  1929  2087 D SupplicantP2pIfaceHal: leaving configureExtListen(0, 0)
02-20 17:23:08.025  1929  2087 D SupplicantP2pIfaceHal: entering flush()
02-20 17:23:08.025  3336  3336 D com.hisilicon.miracast.business.WfdBusiness: updateSourceInfo L281
02-20 17:23:08.026  3226  3226 D wpa_supplicant: P2P: Stopping find
02-20 17:23:08.026  3226  3226 D wpa_supplicant: P2P: Clear timeout (state=IDLE)
02-20 17:23:08.026  3226  3226 D wpa_supplicant: P2P: State IDLE -> IDLE
02-20 17:23:08.026  3226  3226 D wpa_supplicant: wpa_driver_set_ap_wps_p2p_ie: Entry
02-20 17:23:08.026  3226  3226 D wpa_supplicant: P2P: Disabling Extended Listen Timing
02-20 17:23:08.026  3226  3226 D wpa_supplicant: P2P: Stopping find
02-20 17:23:08.026  3226  3226 D wpa_supplicant: P2P: Clear timeout (state=IDLE)
02-20 17:23:08.026  3226  3226 D wpa_supplicant: P2P: State IDLE -> IDLE
02-20 17:23:08.026  3226  3226 D wpa_supplicant: wpa_driver_set_ap_wps_p2p_ie: Entry
02-20 17:23:08.026  3226  3226 I wpa_supplicant: P2P-DEVICE-LOST p2p_dev_addr=26:da:33:d3:f0:81
02-20 17:23:08.026  3226  3226 D wpa_supplicant: Notifying P2P device lost to hidl control 26:da:33:d3:f0:81
02-20 17:23:08.027  3336  3336 I com.hisilicon.miracast.business.WfdBusiness: updateSourceInfo L293 ---- source device name: TCLIPTV ---- 
02-20 17:23:08.027  1929  2087 D SupplicantP2pIfaceHal: flush() completed successfully.
02-20 17:23:08.027  1929  2087 D SupplicantP2pIfaceHal: leaving flush()
02-20 17:23:08.028  1929  2061 D SupplicantP2pIfaceCallback: Device lost on p2p0: Device: 
02-20 17:23:08.028  1929  2061 D SupplicantP2pIfaceCallback:  deviceAddress: 26:da:33:d3:f0:81
02-20 17:23:08.028  1929  2061 D SupplicantP2pIfaceCallback:  primary type: null
02-20 17:23:08.028  1929  2061 D SupplicantP2pIfaceCallback:  secondary type: null
02-20 17:23:08.028  1929  2061 D SupplicantP2pIfaceCallback:  wps: 0
02-20 17:23:08.028  1929  2061 D SupplicantP2pIfaceCallback:  grpcapab: 0
02-20 17:23:08.028  1929  2061 D SupplicantP2pIfaceCallback:  devcapab: 0
02-20 17:23:08.028  1929  2061 D SupplicantP2pIfaceCallback:  status: 4
02-20 17:23:08.028  1929  2061 D SupplicantP2pIfaceCallback:  wfdInfo: null
02-20 17:23:08.028  3336  3336 I com.hisilicon.miracast.business.WfdBusiness: updateSourceInfo L294 ---- source device status: 1 ---- 
02-20 17:23:08.029  3336  3336 I com.hisilicon.miracast.business.WfdBusiness$WfdActionListener: onSuccess L653 ---- SEARCH_DEVICE ---- 
02-20 17:23:08.031  3336  3336 I com.hisilicon.miracast.service.WfdService$WfdReceiver: onReceive L1165 ---- android.net.wifi.p2p.PEERS_CHANGED ---- 
02-20 17:23:08.032  3336  3363 I com.hisilicon.miracast.business.WfdBusiness: isSourceWfd L313 ---- source device isWfdEnabled: true ---- 
02-20 17:23:08.033  3336  3363 I com.hisilicon.miracast.business.WfdBusiness: isSourceWfd L314 ---- source device type: 0 ---- 
02-20 17:23:08.034  3336  3363 D com.hisilicon.miracast.service.WfdService: startWfd L627
02-20 17:23:08.039  3336  3363 D HiSinkJNI: Java_com_hisilicon_miracast_ndk_SinkNative_releaseSink 54
02-20 17:23:08.045  3336  3363 D com.hisilicon.miracast.service.WfdService: setHdcpMode L294 ---- hdcpName: SW hdcp hdcpMode: 3 ---- 
02-20 17:23:08.045  3336  3363 D HiSinkJNI: Java_com_hisilicon_miracast_ndk_SinkNative_setHdcpMode 109
02-20 17:23:08.045  3336  3363 V HiHdcpFactory: HiHdcpFactory L14
02-20 17:23:08.045  3336  3363 V HiHdcpFactory: getHdcpProject L24
02-20 17:23:08.045  3336  3363 V HiHdcpRptOrRev: HiHdcpRptOrRcv L14
02-20 17:23:08.047  3336  3363 D com.hisilicon.miracast.business.WfdBusiness: getSourcePort L502 ---- source port: 7236 ---- 
02-20 17:23:08.047  3336  3363 D HiSinkJNI: Java_com_hisilicon_miracast_ndk_SinkNative_initSink 29
02-20 17:23:08.048  3336  3363 V WifiDisplaySink: WifiDisplaySink L90
02-20 17:23:08.048  3336  3363 D WifiDisplaySink: init L114
02-20 17:23:08.048  3336  3363 V NetworkSession: ANetworkSession L682
02-20 17:23:08.050  3336  3363 V TunnelRenderer: TunnelRenderer L44
02-20 17:23:08.053  3336  3363 V RTPSink : RTPSink L297
02-20 17:23:08.053  3336  3363 D RTPSink : start L303
02-20 17:23:08.053  3336  3363 V NetworkSession: ANetworkSession L682
02-20 17:23:08.054  3336  3363 V NetworkSession: ANetworkSession L682
02-20 17:23:08.054  3336  3363 D WifiDisplaySink: sinkProcCreate L266
02-20 17:23:08.055  3336  3363 D         : Sink_PROC_CreateMode L252
02-20 17:23:08.071  3336  3363 V WifiDisplaySink: initHDCPRptOrRcv L367
02-20 17:23:08.072  3336  3363 D HDCP2_ADP: <HDCP22> countchecksum=0x4dab, readchecksum=0x4dab 
02-20 17:23:08.072  3336  3363 D HDCP2_ADP: <HDCP22> Read HDCP2.2 OK
02-20 17:23:08.072  3336  3363 D HDCP2_ADP: call HI_ADP_HDCP2_GetAESKey
02-20 17:23:08.081  3336  3363 D HiHdcpRptOrRev: init L32 HI_ADP_HDCP2_Rcv_Init Success
02-20 17:23:08.082  3336  3363 D WifiDisplaySink: initHDCPRptOrRcv Success initHDCPRptOrRcv L377
02-20 17:23:08.085  3386  3386 W WfdServiceWorkT: type=1400 audit(0.0:1258): avc: denied { execute } for name="busybox" dev="mmcblk0p22" ino=314 scontext=u:r:system_app:s0 tcontext=u:object_r:busybox_exec:s0 tclass=file permissive=0
02-20 17:23:08.089  3336  3363 E com.hisilicon.miracast.util.AppUtil: isAudioLibFound L120 ---- isAudioLibFound throw IOException ---- 
02-20 17:23:08.089  3336  3363 E com.hisilicon.miracast.util.AppUtil: java.io.IOException: Cannot run program "busybox": error=13, Permission denied
02-20 17:23:08.089  3336  3363 E com.hisilicon.miracast.util.AppUtil: 	at java.lang.ProcessBuilder.start(ProcessBuilder.java:1050)
02-20 17:23:08.089  3336  3363 E com.hisilicon.miracast.util.AppUtil: 	at java.lang.Runtime.exec(Runtime.java:695)
02-20 17:23:08.089  3336  3363 E com.hisilicon.miracast.util.AppUtil: 	at java.lang.Runtime.exec(Runtime.java:525)
02-20 17:23:08.089  3336  3363 E com.hisilicon.miracast.util.AppUtil: 	at java.lang.Runtime.exec(Runtime.java:422)
02-20 17:23:08.089  3336  3363 E com.hisilicon.miracast.util.AppUtil: 	at com.hisilicon.miracast.util.AppUtil.isAudioLibFound(AppUtil.java:102)
02-20 17:23:08.089  3336  3363 E com.hisilicon.miracast.util.AppUtil: 	at com.hisilicon.miracast.service.WfdService.startWfd(WfdService.java:638)
02-20 17:23:08.089  3336  3363 E com.hisilicon.miracast.util.AppUtil: 	at com.hisilicon.miracast.service.WfdService.onWifiP2pConnectionChanged(WfdService.java:570)
02-20 17:23:08.089  3336  3363 E com.hisilicon.miracast.util.AppUtil: 	at com.hisilicon.miracast.service.WfdService.access$3100(WfdService.java:59)
02-20 17:23:08.089  3336  3363 E com.hisilicon.miracast.util.AppUtil: 	at com.hisilicon.miracast.service.WfdService$WorkHandler.handleMessage(WfdService.java:1356)
02-20 17:23:08.089  3336  3363 E com.hisilicon.miracast.util.AppUtil: 	at android.os.Handler.dispatchMessage(Handler.java:106)
02-20 17:23:08.089  3336  3363 E com.hisilicon.miracast.util.AppUtil: 	at android.os.Looper.loop(Looper.java:193)
02-20 17:23:08.089  3336  3363 E com.hisilicon.miracast.util.AppUtil: 	at com.hisilicon.miracast.bean.LoopThread.run(LoopThread.java:43)
02-20 17:23:08.089  3336  3363 E com.hisilicon.miracast.util.AppUtil: Caused by: java.io.IOException: error=13, Permission denied
02-20 17:23:08.089  3336  3363 E com.hisilicon.miracast.util.AppUtil: 	at java.lang.UNIXProcess.forkAndExec(Native Method)
02-20 17:23:08.089  3336  3363 E com.hisilicon.miracast.util.AppUtil: 	at java.lang.UNIXProcess.<init>(UNIXProcess.java:133)
02-20 17:23:08.089  3336  3363 E com.hisilicon.miracast.util.AppUtil: 	at java.lang.ProcessImpl.start(ProcessImpl.java:132)
02-20 17:23:08.089  3336  3363 E com.hisilicon.miracast.util.AppUtil: 	at java.lang.ProcessBuilder.start(ProcessBuilder.java:1029)
02-20 17:23:08.089  3336  3363 E com.hisilicon.miracast.util.AppUtil: 	... 11 more
02-20 17:23:08.090  3336  3363 D HiSinkJNI: Java_com_hisilicon_miracast_ndk_SinkNative_setAudioMode 154
02-20 17:23:08.090  3336  3363 V WifiDisplaySink: F[setAudioMode]L[801]audiomode:AC3
02-20 17:23:08.090  3336  3363 D HiSinkJNI: Java_com_hisilicon_miracast_ndk_SinkNative_startSink 75
02-20 17:23:08.090  3336  3363 D WifiDisplaySink: start L228
02-20 17:23:08.092  3336  3380 I NetworkSession: createClientOrServer L976 connecting socket 78 to 192.168.49.1:7236
02-20 17:23:08.092  3336  3336 D com.hisilicon.miracast.activity.SettingActivity$WfdReceiver: onReceive L412 ---- com.hisilicon.miracast.ACTION_WFD_CHANGED ---- 
02-20 17:23:08.094  3336  3336 D com.hisilicon.miracast.widget.DotsMarqueeTextView: stopMarquee L86
02-20 17:23:08.098  3336  3380 I WifiDisplaySink: onMessageReceived L501 We're now connected.
02-20 17:23:08.105  3336  3380 V WifiDisplaySink: onReceiveClientData L951 session 1 received 'OPTIONS * RTSP/1.0
02-20 17:23:08.105  3336  3380 V WifiDisplaySink: cseq: 1
02-20 17:23:08.105  3336  3380 V WifiDisplaySink: date: Thu, 20 Feb 2020 14:23:08 +0000
02-20 17:23:08.105  3336  3380 V WifiDisplaySink: require: org.wfa.wfd1.0
02-20 17:23:08.105  3336  3380 V WifiDisplaySink: server: stagefright/1.2 (Linux;Android 9)
02-20 17:23:08.105  3336  3380 V WifiDisplaySink: 
02-20 17:23:08.105  3336  3380 V WifiDisplaySink: '
02-20 17:23:08.107  3336  3380 D WifiDisplaySink: onM2Request L1029 response = 'RTSP/1.0 200 OK
02-20 17:23:08.107  3336  3380 D WifiDisplaySink: Date: Thu, 20 Feb 2020 14:23:08 +0000
02-20 17:23:08.107  3336  3380 D WifiDisplaySink: CSeq: 1
02-20 17:23:08.107  3336  3380 D WifiDisplaySink: Public: org.wfa.wfd1.0, GET_PARAMETER, SET_PARAMETER
02-20 17:23:08.107  3336  3380 D WifiDisplaySink: 
02-20 17:23:08.107  3336  3380 D WifiDisplaySink: '
02-20 17:23:08.107  3336  3380 D WifiDisplaySink: sendM2 L642 request = 'OPTIONS * RTSP/1.0
02-20 17:23:08.107  3336  3380 D WifiDisplaySink: Date: Thu, 20 Feb 2020 14:23:08 +0000
02-20 17:23:08.107  3336  3380 D WifiDisplaySink: CSeq: 1
02-20 17:23:08.107  3336  3380 D WifiDisplaySink: Require: org.wfa.wfd1.0
02-20 17:23:08.107  3336  3380 D WifiDisplaySink: 
02-20 17:23:08.107  3336  3380 D WifiDisplaySink: '
02-20 17:23:08.115  3336  3380 V WifiDisplaySink: onReceiveClientData L951 session 1 received 'RTSP/1.0 200 OK
02-20 17:23:08.115  3336  3380 V WifiDisplaySink: cseq: 1
02-20 17:23:08.115  3336  3380 V WifiDisplaySink: date: Thu, 20 Feb 2020 14:23:08 +0000
02-20 17:23:08.115  3336  3380 V WifiDisplaySink: public: org.wfa.wfd1.0, SETUP, TEARDOWN, PLAY, PAUSE, GET_PARAMETER, SET_PARAMETER
02-20 17:23:08.115  3336  3380 V WifiDisplaySink: server: stagefright/1.2 (Linux;Android 9)
02-20 17:23:08.115  3336  3380 V WifiDisplaySink: 
02-20 17:23:08.115  3336  3380 V WifiDisplaySink: '
02-20 17:23:08.186  3336  3380 V WifiDisplaySink: onReceiveClientData L951 session 1 received 'GET_PARAMETER rtsp://localhost/wfd1.0 RTSP/1.0
02-20 17:23:08.186  3336  3380 V WifiDisplaySink: content-length: 192
02-20 17:23:08.186  3336  3380 V WifiDisplaySink: content-type: text/parameters
02-20 17:23:08.186  3336  3380 V WifiDisplaySink: cseq: 2
02-20 17:23:08.186  3336  3380 V WifiDisplaySink: date: Thu, 20 Feb 2020 14:23:08 +0000
02-20 17:23:08.186  3336  3380 V WifiDisplaySink: server: stagefright/1.2 (Linux;Android 9)
02-20 17:23:08.186  3336  3380 V WifiDisplaySink: 
02-20 17:23:08.186  3336  3380 V WifiDisplaySink: wfd_video_formats
02-20 17:23:08.186  3336  3380 V WifiDisplaySink: wfd_audio_codecs
02-20 17:23:08.186  3336  3380 V WifiDisplaySink: wfd_client_rtp_ports
02-20 17:23:08.186  3336  3380 V WifiDisplaySink: wfd_uibc_capability
02-20 17:23:08.186  3336  3380 V WifiDisplaySink: wfd_hwe_version
02-20 17:23:08.186  3336  3380 V WifiDisplaySink: wfd_hwe_vendor_id
02-20 17:23:08.186  3336  3380 V WifiDisplaySink: wfd_hwe_product_id
02-20 17:23:08.186  3336  3380 V WifiDisplaySink: wfd_hwe_vtp
02-20 17:23:08.186  3336  3380 V WifiDisplaySink: wfd_hwe_video_60fps
02-20 17:23:08.186  3336  3380 V WifiDisplaySink: wfd_hwe_hevc_formats
02-20 17:23:08.186  3336  3380 V WifiDisplaySink: '
02-20 17:23:08.186  3336  3380 D WifiDisplaySink: onGetParameterRequest L1149 response = 'RTSP/1.0 200 OK
02-20 17:23:08.186  3336  3380 D WifiDisplaySink: Date: Thu, 20 Feb 2020 14:23:08 +0000
02-20 17:23:08.186  3336  3380 D WifiDisplaySink: CSeq: 2
02-20 17:23:08.186  3336  3380 D WifiDisplaySink: Content-Type: text/parameters
02-20 17:23:08.186  3336  3380 D WifiDisplaySink: Content-Length: 226
02-20 17:23:08.186  3336  3380 D WifiDisplaySink: 
02-20 17:23:08.186  3336  3380 D WifiDisplaySink: wfd_video_formats: 38 01 01 08 0001ffff 07ffffff 00000fff 02 0000 0000 13 0780 0438
02-20 17:23:08.186  3336  3380 D WifiDisplaySink: wfd_audio_codecs: LPCM 00000003 02, AC3 00000003 00
02-20 17:23:08.186  3336  3380 D WifiDisplaySink: wfd_client_rtp_ports: RTP/AVP/UDP;unicast 19000 0 mode=play
02-20 17:23:08.186  3336  3380 D WifiDisplaySink: wfd_uibc_capability: none
02-20 17:23:08.186  3336  3380 D WifiDisplaySink: '
02-20 17:23:08.187  3336  3380 V WifiDisplaySink: startHDCPListen L401
02-20 17:23:08.188  3336  3389 D WifiDisplaySink: HDCP open begin threadLoop L1174
02-20 17:23:08.189  3336  3389 D HiHdcpRptOrRev: open L63 HI_ADP_HDCP2_Rcv_Open Success
02-20 17:23:08.189  3336  3389 D WifiDisplaySink: threadLoop L1185 HDCP open Success
02-20 17:23:08.192  3336  3380 V WifiDisplaySink: onReceiveClientData L951 session 1 received 'SET_PARAMETER rtsp://localhost/wfd1.0 RTSP/1.0
02-20 17:23:08.192  3336  3380 V WifiDisplaySink: content-length: 248
02-20 17:23:08.192  3336  3380 V WifiDisplaySink: content-type: text/parameters
02-20 17:23:08.192  3336  3380 V WifiDisplaySink: cseq: 3
02-20 17:23:08.192  3336  3380 V WifiDisplaySink: date: Thu, 20 Feb 2020 14:23:08 +0000
02-20 17:23:08.192  3336  3380 V WifiDisplaySink: server: stagefright/1.2 (Linux;Android 9)
02-20 17:23:08.192  3336  3380 V WifiDisplaySink: 
02-20 17:23:08.192  3336  3380 V WifiDisplaySink: wfd_video_formats: 00 00 01 08 00000080 00000000 00000000 00 0000 0000 00 none none
02-20 17:23:08.192  3336  3380 V WifiDisplaySink: wfd_audio_codecs: LPCM 00000002 00
02-20 17:23:08.192  3336  3380 V WifiDisplaySink: wfd_presentation_URL: rtsp://192.168.49.1/wfd1.0/streamid=0 none
02-20 17:23:08.192  3336  3380 V WifiDisplaySink: wfd_client_rtp_ports: RTP/AVP/UDP;unicast 19000 0 mode=play
02-20 17:23:08.192  3336  3380 V WifiDisplaySink: '
02-20 17:23:08.192  3336  3380 D WifiDisplaySink: onSetParameterRequest L1199 response = 'RTSP/1.0 200 OK
02-20 17:23:08.192  3336  3380 D WifiDisplaySink: Date: Thu, 20 Feb 2020 14:23:08 +0000
02-20 17:23:08.192  3336  3380 D WifiDisplaySink: CSeq: 3
02-20 17:23:08.192  3336  3380 D WifiDisplaySink: 
02-20 17:23:08.192  3336  3380 D WifiDisplaySink: '
02-20 17:23:08.192  3336  3380 V WifiDisplaySink: onSetParameterRequest L1212 use lpcm audio type
02-20 17:23:08.198  3336  3380 V WifiDisplaySink: onReceiveClientData L951 session 1 received 'SET_PARAMETER rtsp://localhost/wfd1.0 RTSP/1.0
02-20 17:23:08.198  3336  3380 V WifiDisplaySink: content-length: 27
02-20 17:23:08.198  3336  3380 V WifiDisplaySink: content-type: text/parameters
02-20 17:23:08.198  3336  3380 V WifiDisplaySink: cseq: 4
02-20 17:23:08.198  3336  3380 V WifiDisplaySink: date: Thu, 20 Feb 2020 14:23:08 +0000
02-20 17:23:08.198  3336  3380 V WifiDisplaySink: server: stagefright/1.2 (Linux;Android 9)
02-20 17:23:08.198  3336  3380 V WifiDisplaySink: 
02-20 17:23:08.198  3336  3380 V WifiDisplaySink: wfd_trigger_method: SETUP
02-20 17:23:08.198  3336  3380 V WifiDisplaySink: '
02-20 17:23:08.198  3336  3380 D WifiDisplaySink: onSetParameterRequest L1199 response = 'RTSP/1.0 200 OK
02-20 17:23:08.198  3336  3380 D WifiDisplaySink: Date: Thu, 20 Feb 2020 14:23:08 +0000
02-20 17:23:08.198  3336  3380 D WifiDisplaySink: CSeq: 4
02-20 17:23:08.198  3336  3380 D WifiDisplaySink: 
02-20 17:23:08.198  3336  3380 D WifiDisplaySink: '
02-20 17:23:08.199  3336  3380 D WifiDisplaySink: sendM6 L1279 request = 'SETUP rtsp://192.168.49.1/wfd1.0/streamid=0 RTSP/1.0
02-20 17:23:08.199  3336  3380 D WifiDisplaySink: Date: Thu, 20 Feb 2020 14:23:08 +0000
02-20 17:23:08.199  3336  3380 D WifiDisplaySink: CSeq: 2
02-20 17:23:08.199  3336  3380 D WifiDisplaySink: Transport: RTP/AVP/UDP;unicast;client_port=19000-19001
02-20 17:23:08.199  3336  3380 D WifiDisplaySink: 
02-20 17:23:08.199  3336  3380 D WifiDisplaySink: '
02-20 17:23:08.388  3336  3380 V WifiDisplaySink: onReceiveClientData L951 session 1 received 'RTSP/1.0 200 OK
02-20 17:23:08.388  3336  3380 V WifiDisplaySink: cseq: 2
02-20 17:23:08.388  3336  3380 V WifiDisplaySink: date: Thu, 20 Feb 2020 14:23:08 +0000
02-20 17:23:08.388  3336  3380 V WifiDisplaySink: server: stagefright/1.2 (Linux;Android 9)
02-20 17:23:08.388  3336  3380 V WifiDisplaySink: session: 1129566413;timeout=30
02-20 17:23:08.388  3336  3380 V WifiDisplaySink: transport: RTP/AVP/UDP;unicast;client_port=19000-19001;server_port=6574-6575
02-20 17:23:08.388  3336  3380 V WifiDisplaySink: 
02-20 17:23:08.388  3336  3380 V WifiDisplaySink: '
02-20 17:23:08.388  3336  3380 I WifiDisplaySink: configureTransport L853 get rtp port and rtcp port
02-20 17:23:08.388  3336  3380 V HiEsPlayer: HiEsPlayer L15
02-20 17:23:08.411  1583  1689 I HI_RM   : [NOTICE-HI_RM]:hi_mpi_rm_init[545]:g_u32_rm_dev_init_cnt = 1
02-20 17:23:08.428  1583  1725 W HI_ADEC : [WARN-HI_ADEC]:adec_register_decoder_imple[81]:register fail: decoder(codec_id) had been registered
02-20 17:23:08.428  1583  1725 W HI_ADEC : [WARN-HI_ADEC]:adec_register_decoder_imple[82]:p_entry->enCodecID = 0x21F00003
02-20 17:23:08.462  1583  1725 W HI_ADEC : [WARN-HI_ADEC]:adec_register_decoder_imple[56]:register failed because dlopen fail
02-20 17:23:08.462  1583  1725 W HI_ADEC : [WARN-HI_ADEC]:adec_register_decoder_imple[57]:psz_decoder_dll_name = libHA.AUDIO.DOLBYPLUS.decode.so
02-20 17:23:08.462  1583  1725 W HI_ADEC : [WARN-HI_ADEC]:adec_register_decoder_imple[58]:dlerror() = dlopen failed: library "libHA.AUDIO.DOLBYPLUS.decode.so" not found
02-20 17:23:08.464  1583  1725 E HI_AVPLAY: [ERROR-HI_AVPLAY]:hi_mpi_avplay_register_acodec_lib[1320]:call [ hi_mpi_adec_register_decoder ] failed, error code: [0x80140002]
02-20 17:23:08.464  1583  1725 E AV      : Do HI_UNF_AVPLAY_RegisterAcodecLib("libHA.AUDIO.DOLBYPLUS.decode.so") error, error code = 0x80140002
02-20 17:23:08.465  1583  1725 W HI_ADEC : [WARN-HI_ADEC]:adec_register_decoder_imple[56]:register failed because dlopen fail
02-20 17:23:08.465  1583  1725 W HI_ADEC : [WARN-HI_ADEC]:adec_register_decoder_imple[57]:psz_decoder_dll_name = libHA.AUDIO.DTSHD.decode.so
02-20 17:23:08.465  1583  1725 W HI_ADEC : [WARN-HI_ADEC]:adec_register_decoder_imple[58]:dlerror() = dlopen failed: library "libHA.AUDIO.DTSHD.decode.so" not found
02-20 17:23:08.465  1583  1725 E HI_AVPLAY: [ERROR-HI_AVPLAY]:hi_mpi_avplay_register_acodec_lib[1320]:call [ hi_mpi_adec_register_decoder ] failed, error code: [0x80140002]
02-20 17:23:08.465  1583  1725 E AV      : Do HI_UNF_AVPLAY_RegisterAcodecLib("libHA.AUDIO.DTSHD.decode.so") error, error code = 0x80140002
02-20 17:23:08.466  1583  1725 W HI_ADEC : [WARN-HI_ADEC]:adec_register_decoder_imple[56]:register failed because dlopen fail
02-20 17:23:08.466  1583  1725 W HI_ADEC : [WARN-HI_ADEC]:adec_register_decoder_imple[57]:psz_decoder_dll_name = libHA.AUDIO.DTSM6.decode.so
02-20 17:23:08.466  1583  1725 W HI_ADEC : [WARN-HI_ADEC]:adec_register_decoder_imple[58]:dlerror() = dlopen failed: library "libHA.AUDIO.DTSM6.decode.so" not found
02-20 17:23:08.466  1583  1725 E HI_AVPLAY: [ERROR-HI_AVPLAY]:hi_mpi_avplay_register_acodec_lib[1320]:call [ hi_mpi_adec_register_decoder ] failed, error code: [0x80140002]
02-20 17:23:08.466  1583  1725 E AV      : Do HI_UNF_AVPLAY_RegisterAcodecLib("libHA.AUDIO.DTSM6.decode.so") error, error code = 0x80140002
02-20 17:23:08.466  1583  1725 W HI_ADEC : [WARN-HI_ADEC]:adec_register_decoder_imple[56]:register failed because dlopen fail
02-20 17:23:08.467  1583  1725 W HI_ADEC : [WARN-HI_ADEC]:adec_register_decoder_imple[57]:psz_decoder_dll_name = libHA.AUDIO.MP2.decode.so
02-20 17:23:08.467  1583  1725 W HI_ADEC : [WARN-HI_ADEC]:adec_register_decoder_imple[58]:dlerror() = dlopen failed: library "libHA.AUDIO.MP2.decode.so" not found
02-20 17:23:08.467  1583  1725 E HI_AVPLAY: [ERROR-HI_AVPLAY]:hi_mpi_avplay_register_acodec_lib[1320]:call [ hi_mpi_adec_register_decoder ] failed, error code: [0x80140002]
02-20 17:23:08.467  1583  1725 E AV      : Do HI_UNF_AVPLAY_RegisterAcodecLib("libHA.AUDIO.MP2.decode.so") error, error code = 0x80140002
02-20 17:23:08.467  1583  1725 W HI_ADEC : [WARN-HI_ADEC]:adec_register_decoder_imple[81]:register fail: decoder(codec_id) had been registered
02-20 17:23:08.467  1583  1725 W HI_ADEC : [WARN-HI_ADEC]:adec_register_decoder_imple[82]:p_entry->enCodecID = 0x80020001
02-20 17:23:08.468  1583  1725 W HI_ADEC : [WARN-HI_ADEC]:adec_register_decoder_imple[56]:register failed because dlopen fail
02-20 17:23:08.468  1583  1725 W HI_ADEC : [WARN-HI_ADEC]:adec_register_decoder_imple[57]:psz_decoder_dll_name = libHA.AUDIO.DRA.decode.so
02-20 17:23:08.468  1583  1725 W HI_ADEC : [WARN-HI_ADEC]:adec_register_decoder_imple[58]:dlerror() = dlopen failed: library "libHA.AUDIO.DRA.decode.so" not found
02-20 17:23:08.468  1583  1725 E HI_AVPLAY: [ERROR-HI_AVPLAY]:hi_mpi_avplay_register_acodec_lib[1320]:call [ hi_mpi_adec_register_decoder ] failed, error code: [0x80140002]
02-20 17:23:08.468  1583  1725 E AV      : Do HI_UNF_AVPLAY_RegisterAcodecLib("libHA.AUDIO.DRA.decode.so") error, error code = 0x80140002
02-20 17:23:08.469  1583  1725 W HI_ADEC : [WARN-HI_ADEC]:adec_register_decoder_imple[56]:register failed because dlopen fail
02-20 17:23:08.469  1583  1725 W HI_ADEC : [WARN-HI_ADEC]:adec_register_decoder_imple[57]:psz_decoder_dll_name = libHA.AUDIO.DOLBYTRUEHD.decode.so
02-20 17:23:08.469  1583  1725 W HI_ADEC : [WARN-HI_ADEC]:adec_register_decoder_imple[58]:dlerror() = dlopen failed: library "libHA.AUDIO.DOLBYTRUEHD.decode.so" not found
02-20 17:23:08.469  1583  1725 E HI_AVPLAY: [ERROR-HI_AVPLAY]:hi_mpi_avplay_register_acodec_lib[1320]:call [ hi_mpi_adec_register_decoder ] failed, error code: [0x80140002]
02-20 17:23:08.469  1583  1725 E AV      : Do HI_UNF_AVPLAY_RegisterAcodecLib("libHA.AUDIO.DOLBYTRUEHD.decode.so") error, error code = 0x80140002
02-20 17:23:08.470  1583  1725 W HI_ADEC : [WARN-HI_ADEC]:adec_register_decoder_imple[56]:register failed because dlopen fail
02-20 17:23:08.470  1583  1725 W HI_ADEC : [WARN-HI_ADEC]:adec_register_decoder_imple[57]:psz_decoder_dll_name = libHA.AUDIO.TRUEHDPASSTHROUGH.decode.so
02-20 17:23:08.470  1583  1725 W HI_ADEC : [WARN-HI_ADEC]:adec_register_decoder_imple[58]:dlerror() = dlopen failed: library "libHA.AUDIO.TRUEHDPASSTHROUGH.decode.so" not found
02-20 17:23:08.470  1583  1725 E HI_AVPLAY: [ERROR-HI_AVPLAY]:hi_mpi_avplay_register_acodec_lib[1320]:call [ hi_mpi_adec_register_decoder ] failed, error code: [0x80140002]
02-20 17:23:08.470  1583  1725 E AV      : Do HI_UNF_AVPLAY_RegisterAcodecLib("libHA.AUDIO.TRUEHDPASSTHROUGH.decode.so") error, error code = 0x80140002
02-20 17:23:08.470  1583  1725 W HI_ADEC : [WARN-HI_ADEC]:adec_register_decoder_imple[81]:register fail: decoder(codec_id) had been registered
02-20 17:23:08.470  1583  1725 W HI_ADEC : [WARN-HI_ADEC]:adec_register_decoder_imple[82]:p_entry->enCodecID = 0x81600100
02-20 17:23:08.471  1583  1725 W HI_ADEC : [WARN-HI_ADEC]:adec_register_decoder_imple[81]:register fail: decoder(codec_id) had been registered
02-20 17:23:08.471  1583  1725 W HI_ADEC : [WARN-HI_ADEC]:adec_register_decoder_imple[82]:p_entry->enCodecID = 0x81610110
02-20 17:23:08.472  1583  1725 W HI_ADEC : [WARN-HI_ADEC]:adec_register_decoder_imple[56]:register failed because dlopen fail
02-20 17:23:08.472  1583  1725 W HI_ADEC : [WARN-HI_ADEC]:adec_register_decoder_imple[57]:psz_decoder_dll_name = libHA.AUDIO.WMA.decode.so
02-20 17:23:08.472  1583  1725 W HI_ADEC : [WARN-HI_ADEC]:adec_register_decoder_imple[58]:dlerror() = dlopen failed: library "libHA.AUDIO.WMA.decode.so" not found
02-20 17:23:08.472  1583  1725 E HI_AVPLAY: [ERROR-HI_AVPLAY]:hi_mpi_avplay_register_acodec_lib[1320]:call [ hi_mpi_adec_register_decoder ] failed, error code: [0x80140002]
02-20 17:23:08.472  1583  1725 E AV      : Do HI_UNF_AVPLAY_RegisterAcodecLib("libHA.AUDIO.WMA.decode.so") error, error code = 0x80140002
02-20 17:23:08.473  1583  1725 W HI_ADEC : [WARN-HI_ADEC]:adec_register_decoder_imple[81]:register fail: decoder(codec_id) had been registered
02-20 17:23:08.473  1583  1725 W HI_ADEC : [WARN-HI_ADEC]:adec_register_decoder_imple[82]:p_entry->enCodecID = 0x81A01026
02-20 17:23:08.474  1583  1725 W HI_ADEC : [WARN-HI_ADEC]:adec_register_decoder_imple[56]:register failed because dlopen fail
02-20 17:23:08.474  1583  1725 W HI_ADEC : [WARN-HI_ADEC]:adec_register_decoder_imple[57]:psz_decoder_dll_name = libHA.AUDIO.COOK.decode.so
02-20 17:23:08.474  1583  1725 W HI_ADEC : [WARN-HI_ADEC]:adec_register_decoder_imple[58]:dlerror() = dlopen failed: library "libHA.AUDIO.COOK.decode.so" not found
02-20 17:23:08.474  1583  1725 E HI_AVPLAY: [ERROR-HI_AVPLAY]:hi_mpi_avplay_register_acodec_lib[1320]:call [ hi_mpi_adec_register_decoder ] failed, error code: [0x80140002]
02-20 17:23:08.475  1583  1725 E AV      : Do HI_UNF_AVPLAY_RegisterAcodecLib("libHA.AUDIO.COOK.decode.so") error, error code = 0x80140002
02-20 17:23:08.475  1583  1725 W HI_ADEC : [WARN-HI_ADEC]:adec_register_decoder_imple[81]:register fail: decoder(codec_id) had been registered
02-20 17:23:08.475  1583  1725 W HI_ADEC : [WARN-HI_ADEC]:adec_register_decoder_imple[82]:p_entry->enCodecID = 0x81210021
02-20 17:23:08.477  1583  1725 W HI_ADEC : [WARN-HI_ADEC]:adec_register_decoder_imple[81]:register fail: decoder(codec_id) had been registered
02-20 17:23:08.478  1583  1725 W HI_ADEC : [WARN-HI_ADEC]:adec_register_decoder_imple[82]:p_entry->enCodecID = 0x81F003FF
02-20 17:23:08.479  1583  1725 W HI_ADEC : [WARN-HI_ADEC]:adec_register_decoder_imple[81]:register fail: decoder(codec_id) had been registered
02-20 17:23:08.480  1583  1725 W HI_ADEC : [WARN-HI_ADEC]:adec_register_decoder_imple[82]:p_entry->enCodecID = 0x81000000
02-20 17:23:08.481  1583  1725 W HI_ADEC : [WARN-HI_ADEC]:adec_register_decoder_imple[56]:register failed because dlopen fail
02-20 17:23:08.481  1583  1725 W HI_ADEC : [WARN-HI_ADEC]:adec_register_decoder_imple[57]:psz_decoder_dll_name = libHA.AUDIO.AC3PASSTHROUGH.decode.so
02-20 17:23:08.481  1583  1725 W HI_ADEC : [WARN-HI_ADEC]:adec_register_decoder_imple[58]:dlerror() = dlopen failed: library "libHA.AUDIO.AC3PASSTHROUGH.decode.so" not found
02-20 17:23:08.481  1583  1725 E HI_AVPLAY: [ERROR-HI_AVPLAY]:hi_mpi_avplay_register_acodec_lib[1320]:call [ hi_mpi_adec_register_decoder ] failed, error code: [0x80140002]
02-20 17:23:08.481  1583  1725 E AV      : Do HI_UNF_AVPLAY_RegisterAcodecLib("libHA.AUDIO.AC3PASSTHROUGH.decode.so") error, error code = 0x80140002
02-20 17:23:08.482  1583  1725 W HI_ADEC : [WARN-HI_ADEC]:adec_register_decoder_imple[56]:register failed because dlopen fail
02-20 17:23:08.482  1583  1725 W HI_ADEC : [WARN-HI_ADEC]:adec_register_decoder_imple[57]:psz_decoder_dll_name = libHA.AUDIO.DTSPASSTHROUGH.decode.so
02-20 17:23:08.482  1583  1725 W HI_ADEC : [WARN-HI_ADEC]:adec_register_decoder_imple[58]:dlerror() = dlopen failed: library "libHA.AUDIO.DTSPASSTHROUGH.decode.so" not found
02-20 17:23:08.482  1583  1725 E HI_AVPLAY: [ERROR-HI_AVPLAY]:hi_mpi_avplay_register_acodec_lib[1320]:call [ hi_mpi_adec_register_decoder ] failed, error code: [0x80140002]
02-20 17:23:08.482  1583  1725 E AV      : Do HI_UNF_AVPLAY_RegisterAcodecLib("libHA.AUDIO.DTSPASSTHROUGH.decode.so") error, error code = 0x80140002
02-20 17:23:08.482  1583  1725 E HI_VDEC : [ERROR-HI_VDEC]:hi_codec_register_lib[355]:<register fail:had been registered.>
02-20 17:23:08.482  1583  1725 E HI_VDEC : [ERROR-HI_VDEC]:hi_codec_register_lib[356]:psz_codec_dll_name = libHV.VIDEO.FFMPEG_VDEC.decode.so
02-20 17:23:08.482  1583  1725 I HI_AVPLAY: [NOTICE-HI_AVPLAY]:hi_mpi_avplay_init[151]: ===>[Enter]
02-20 17:23:08.484  1583  1725 I HI_AVPLAY: [NOTICE-HI_AVPLAY]:hi_mpi_avplay_init[186]: <===[Exit]
02-20 17:23:08.485  1583  1689 D AV      : enDemuxId:0
02-20 17:23:08.485  1583  1689 I HI_AVPLAY: [NOTICE-HI_AVPLAY]:hi_mpi_avplay_get_default_config[276]: ===>[Enter]
02-20 17:23:08.485  1583  1689 I HI_AVPLAY: [NOTICE-HI_AVPLAY]:hi_mpi_avplay_get_default_config[297]: <===[Exit]
02-20 17:23:08.485  1583  1689 D AV      : enDemuxId:0, enStreamType:1, u32VidBufSize:0x500000, u32AudBufSize:0x40000
02-20 17:23:08.485  1583  1689 I HI_AVPLAY: [NOTICE-HI_AVPLAY]:hi_mpi_avplay_create[312]: ===>[Enter]
02-20 17:23:08.487  1583  1689 I HI_AVPLAY: [NOTICE-HI_AVPLAY]:hi_mpi_avplay_create[459]: <===[Exit]
02-20 17:23:08.487  1583  1689 D AV      : av_open success, avplay handle:0xa71a8000, sdk handle:0x360000
02-20 17:23:08.487  1583  1689 D AV      : create avplay handle = 0x360000
02-20 17:23:08.488  1583  1689 D AV      : av_inject_open success, inject handle:0xa7190380
02-20 17:23:08.496  1579  1579 W hwservicemanager: getTransport: Cannot find entry android.hidl.memory@1.0::IMapper/ in either framework or device manifest.
02-20 17:23:08.517  3336  3380 E libhidlmemory: Could not fetch mapper for  shared memory
02-20 17:23:08.521  1677  1677 W AshmemAllocator: ashmem_create_region(10485760) returning hidl_memory(0xb4f96170, 10485760)
02-20 17:23:08.522  3336  3380 D MediaClientHalAv: _MCH_AV_GetShareMemory success
02-20 17:23:08.525  1583  1725 E         : open new channle, instCout is 1 
02-20 17:23:08.526  1583  1689 I HI_RM   : [NOTICE-HI_RM]:hi_mpi_rm_acquire_window_handle[784]:current acquire window PID:1583
02-20 17:23:08.526  1583  1689 I HI_RM   : [NOTICE-HI_RM]:hi_mpi_rm_acquire_window_handle[791]:current process check_open:false
02-20 17:23:08.528  1583  1725 I HI_AVPLAY: [NOTICE-HI_AVPLAY]:hi_mpi_avplay_set_attr[850]: ===>[Enter]
02-20 17:23:08.528  1583  1725 I HI_AVPLAY: [NOTICE-HI_AVPLAY]:hi_mpi_avplay_set_attr[939]: <===[Exit]
02-20 17:23:08.528  1583  1725 I HI_AVPLAY: [NOTICE-HI_AVPLAY]:hi_mpi_avplay_chn_open[654]: ===>[Enter]
02-20 17:23:08.531  1583  1725 I HI_AVPLAY: [NOTICE-HI_AVPLAY]:hi_mpi_avplay_chn_open[703]: <===[Exit]
02-20 17:23:08.533  1583  1689 I HI_AVPLAY: [NOTICE-HI_AVPLAY]:hi_mpi_avplay_attach_window[1573]: ===>[Enter]
02-20 17:23:08.533  1583  1689 I HI_AVPLAY: [NOTICE-HI_AVPLAY]:hi_mpi_avplay_attach_window[1597]: <===[Exit]
02-20 17:23:08.536  1584  1711 E HI_RM   : [ERROR-HI_RM]:rm_mpi_event_call_back[202]:rm_event_callback is NULL or unf_rm_event(2) invalid.
02-20 17:23:08.537  3336  3380 E Esplay  : video env ready.
02-20 17:23:08.538  1583  1684 D AV      : av_inject_open success, inject handle:0xa71903a0
02-20 17:23:08.542  1579  1579 W hwservicemanager: getTransport: Cannot find entry android.hidl.memory@1.0::IMapper/ in either framework or device manifest.
02-20 17:23:08.555  3336  3380 E libhidlmemory: Could not fetch mapper for  shared memory
02-20 17:23:08.555  1677  1677 W AshmemAllocator: ashmem_create_region(10485760) returning hidl_memory(0xb4f96170, 10485760)
02-20 17:23:08.556  3336  3380 D MediaClientHalAv: _MCH_AV_GetShareMemory success
02-20 17:23:08.558  1583  1689 D hal_aout: OutInit called
02-20 17:23:08.560  1583  1725 D hal_aout: OutOpen called
02-20 17:23:08.561  1583  1725 D hal_aout: found all port use default port
02-20 17:23:08.562  1583  1689 D hal_aout: TrackCreate called
02-20 17:23:08.563  1583  1689 I HI_AVPLAY: [NOTICE-HI_AVPLAY]:hi_mpi_avplay_set_attr[850]: ===>[Enter]
02-20 17:23:08.568  1583  1689 I HI_AVPLAY: [NOTICE-HI_AVPLAY]:hi_mpi_avplay_set_attr[939]: <===[Exit]
02-20 17:23:08.568  1583  1689 I HI_AVPLAY: [NOTICE-HI_AVPLAY]:hi_mpi_avplay_chn_open[654]: ===>[Enter]
02-20 17:23:08.572  1583  1689 I HI_AVPLAY: [NOTICE-HI_AVPLAY]:hi_mpi_avplay_chn_open[703]: <===[Exit]
02-20 17:23:08.573  1583  1725 D hal_aout: TrackAttachInput called
02-20 17:23:08.573  1583  1725 I HI_AVPLAY: [NOTICE-HI_AVPLAY]:hi_mpi_avplay_attach_snd[1752]: ===>[Enter]
02-20 17:23:08.573  1583  1725 I HI_AVPLAY: [NOTICE-HI_AVPLAY]:hi_mpi_avplay_attach_snd[1775]: <===[Exit]
02-20 17:23:08.573  3336  3380 E Esplay  : audio env ready.
02-20 17:23:08.575  1583  1689 E System  : Register RM callback, eventId = 0x1
02-20 17:23:08.577  1583  1725 D AV      : set vdec codec type = 0x5
02-20 17:23:08.577  1583  1725 E HI_ADEC : [ERROR-HI_ADEC]:ha_set_config[80]:<MP3 decoder only support FORMAT_MP1/FORMAT_MP2/FORMAT_MP3 format. 
02-20 17:23:08.577  1583  1725 E HI_ADEC : >
02-20 17:23:08.577  1583  1725 E HI_ADEC : [ERROR-HI_ADEC]:ha_set_config[81]:config->enFormat = 257
02-20 17:23:08.579  1583  1725 E HI_ADEC : [ERROR-HI_ADEC]:aac_check_format[35]:<        Hisilicon AAC decoder only support FORMAT_AAC decode mode 
02-20 17:23:08.579  1583  1725 E HI_ADEC : >
02-20 17:23:08.579  1583  1725 E HI_ADEC : [ERROR-HI_ADEC]:aac_check_format[36]:config->enFormat = 257
02-20 17:23:08.582  1583  1725 E HI_ADEC : [ERROR-HI_ADEC]:ha_set_config[299]:<unsupport format, only support FORMAT_AMR_NB. 
02-20 17:23:08.582  1583  1725 E HI_ADEC : >
02-20 17:23:08.582  1583  1725 E HI_ADEC : [ERROR-HI_ADEC]:ha_set_config[300]:config->enFormat = 257
02-20 17:23:08.582  1583  1725 E HI_ADEC : [ERROR-HI_ADEC]:ha_set_config[289]:<unsupport format, only support FORMAT_AMR_WB. 
02-20 17:23:08.582  1583  1725 E HI_ADEC : >
02-20 17:23:08.582  1583  1725 E HI_ADEC : [ERROR-HI_ADEC]:ha_set_config[290]:config->enFormat = 257
02-20 17:23:08.584  1583  1725 I HI_AVPLAY: [NOTICE-HI_AVPLAY]:hi_mpi_avplay_set_attr[850]: ===>[Enter]
02-20 17:23:08.584  1583  1725 I HI_AVPLAY: [NOTICE-HI_AVPLAY]:hi_mpi_avplay_set_attr[939]: <===[Exit]
02-20 17:23:08.584  1583  1725 E HI_AVPLAY: [ERROR-HI_AVPLAY]:avplay_get_pid[1344]:AVPLAY is not ts mode,cannot get pid.
02-20 17:23:08.585  1583  1725 E HI_AVPLAY: [ERROR-HI_AVPLAY]:hi_mpi_avplay_get_attr[1033]:get [AUD_PID] attribute is failed.
02-20 17:23:08.585  1583  1689 I HI_AVPLAY: [NOTICE-HI_AVPLAY]:hi_mpi_avplay_get_window_handle[1534]: ===>[Enter]
