02-20 17:23:12.243  3226  3226 D wpa_supplicant: EAPOL: External notification - portValid=0
02-20 17:23:12.243  3226  3226 I wpa_supplicant: P2P-GROUP-REMOVED p2p0 client reason=REQUESTED
02-20 17:23:12.243  3226  3226 D wpa_supplicant: P2P: Cancelled P2P group idle timeout
02-20 17:23:12.243  3226  3226 D wpa_supplicant: P2P: Remove temporary group network
02-20 17:23:12.243  3226  3226 D wpa_supplicant: p2p0: State: DISCONNECTED -> DISCONNECTED
02-20 17:23:12.243  3226  3226 D wpa_supplicant: nl80211: Set p2p0 operstate 0->0 (DORMANT)
02-20 17:23:12.243  3226  3226 D wpa_supplicant: netlink: Operstate: ifindex=9 linkmode=-1 (no change), operstate=5 (IF_OPER_DORMANT)
02-20 17:23:12.243  3226  3226 D wpa_supplicant: nl80211: Set mode ifindex 9 iftype 2 (STATION)
02-20 17:23:12.247  3226  3226 D wpa_supplicant: nl80211: Unsubscribe mgmt frames handle 0x2e312151 (mode change)
02-20 17:23:12.247  3226  3226 D wpa_supplicant: nl80211: Subscribe to mgmt frames with non-AP handle 0xa6b9a9d8
02-20 17:23:12.247  3226  3226 D wpa_supplicant: nl80211: Register frame type=0xd0 (WLAN_FC_STYPE_ACTION) nl_handle=0xa6b9a9d8 match=0104
02-20 17:23:12.248  3226  3226 D wpa_supplicant: nl80211: Register frame type=0xd0 (WLAN_FC_STYPE_ACTION) nl_handle=0xa6b9a9d8 match=040a
02-20 17:23:12.249  3226  3226 D wpa_supplicant: nl80211: Register frame type=0xd0 (WLAN_FC_STYPE_ACTION) nl_handle=0xa6b9a9d8 match=040b
02-20 17:23:12.251  3226  3226 D wpa_supplicant: nl80211: Register frame type=0xd0 (WLAN_FC_STYPE_ACTION) nl_handle=0xa6b9a9d8 match=040c
02-20 17:23:12.251  3226  3226 D wpa_supplicant: nl80211: Register frame type=0xd0 (WLAN_FC_STYPE_ACTION) nl_handle=0xa6b9a9d8 match=040d
02-20 17:23:12.252  3226  3226 D wpa_supplicant: nl80211: Register frame type=0xd0 (WLAN_FC_STYPE_ACTION) nl_handle=0xa6b9a9d8 match=090a
02-20 17:23:12.252  3226  3226 D wpa_supplicant: nl80211: Register frame type=0xd0 (WLAN_FC_STYPE_ACTION) nl_handle=0xa6b9a9d8 match=090b
02-20 17:23:12.252  3226  3226 D wpa_supplicant: nl80211: Register frame type=0xd0 (WLAN_FC_STYPE_ACTION) nl_handle=0xa6b9a9d8 match=090c
02-20 17:23:12.252  3226  3226 D wpa_supplicant: nl80211: Register frame type=0xd0 (WLAN_FC_STYPE_ACTION) nl_handle=0xa6b9a9d8 match=090d
02-20 17:23:12.252  3226  3226 D wpa_supplicant: nl80211: Register frame type=0xd0 (WLAN_FC_STYPE_ACTION) nl_handle=0xa6b9a9d8 match=0409506f9a09
02-20 17:23:12.253  3226  3226 D wpa_supplicant: nl80211: Register frame type=0xd0 (WLAN_FC_STYPE_ACTION) nl_handle=0xa6b9a9d8 match=7f506f9a09
02-20 17:23:12.253  3226  3226 D wpa_supplicant: nl80211: Register frame type=0xd0 (WLAN_FC_STYPE_ACTION) nl_handle=0xa6b9a9d8 match=0801
02-20 17:23:12.253  3226  3226 D wpa_supplicant: nl80211: Register frame type=0xd0 (WLAN_FC_STYPE_ACTION) nl_handle=0xa6b9a9d8 match=06
02-20 17:23:12.253  3226  3226 D wpa_supplicant: nl80211: Register frame type=0xd0 (WLAN_FC_STYPE_ACTION) nl_handle=0xa6b9a9d8 match=0a07
02-20 17:23:12.253  3226  3226 D wpa_supplicant: nl80211: Register frame type=0xd0 (WLAN_FC_STYPE_ACTION) nl_handle=0xa6b9a9d8 match=0a11
02-20 17:23:12.254  3226  3226 D wpa_supplicant: nl80211: Register frame type=0xd0 (WLAN_FC_STYPE_ACTION) nl_handle=0xa6b9a9d8 match=0a1a
02-20 17:23:12.254  3226  3226 D wpa_supplicant: nl80211: Register frame type=0xd0 (WLAN_FC_STYPE_ACTION) nl_handle=0xa6b9a9d8 match=1101
02-20 17:23:12.254  3226  3226 D wpa_supplicant: nl80211: Register frame type=0xd0 (WLAN_FC_STYPE_ACTION) nl_handle=0xa6b9a9d8 match=1102
02-20 17:23:12.254  3226  3226 D wpa_supplicant: nl80211: Register frame type=0xd0 (WLAN_FC_STYPE_ACTION) nl_handle=0xa6b9a9d8 match=0505
02-20 17:23:12.254  3226  3226 D wpa_supplicant: nl80211: Register frame type=0xd0 (WLAN_FC_STYPE_ACTION) nl_handle=0xa6b9a9d8 match=0500
02-20 17:23:12.256  1929  2087 D SupplicantP2pIfaceHal: groupRemove(p2p0) completed successfully.
02-20 17:23:12.256  1929  2087 D SupplicantP2pIfaceHal: leaving groupRemove(p2p0)
02-20 17:23:12.258  3226  3226 D wpa_supplicant: RTM_NEWLINK: ifi_index=9 ifname=p2p0 operstate=2 linkmode=1 ifi_family=0 ifi_flags=0x1003 ([UP])
02-20 17:23:12.258  3226  3226 D wpa_supplicant: nl80211: Ignored event (cmd=48) for foreign interface (ifindex 9 wdev 0x0)
02-20 17:23:12.258  3226  3226 D wpa_supplicant: nl80211: Drv Event 48 (NL80211_CMD_DISCONNECT) received for p2p0
02-20 17:23:12.258  3226  3226 D wpa_supplicant: nl80211: Ignore disconnect event triggered during reassociation
02-20 17:23:12.265  1929  2263 I WindowManager: Rotate the screen 0 degree
02-20 17:23:12.265  1667  1750 D CommandListener: Clearing all IP addresses on p2p0
02-20 17:23:12.279  1929  2087 D SupplicantP2pIfaceHal: entering setGroupIdle(p2p0, 0)
02-20 17:23:12.279  1929  3377 D DhcpClient: doQuit
02-20 17:23:12.284  3336  3336 I com.hisilicon.miracast.business.WfdBusiness$WfdActionListener: onSuccess L653 ---- DISCONNECT_P2P ---- 
02-20 17:23:12.286  1929  2087 D SupplicantP2pIfaceHal: setGroupIdle(p2p0, 0) completed successfully.
02-20 17:23:12.287  1929  2087 D SupplicantP2pIfaceHal: leaving setGroupIdle(p2p0, 0)
02-20 17:23:12.288  1929  3377 D DhcpClient: onQuitting
02-20 17:23:12.288  3336  3336 V com.hisilicon.miracast.activity.SettingActivity: onRestart L88
02-20 17:23:12.289  1667  1750 D CommandListener: Setting iface cfg
02-20 17:23:12.291  3336  3336 V com.hisilicon.miracast.activity.SettingActivity: onStart L81
02-20 17:23:12.293  1929  2087 D SupplicantP2pIfaceHal: entering flush()
02-20 17:23:12.293  3336  3336 V com.hisilicon.miracast.activity.SettingActivity: onResume L96
02-20 17:23:12.293  3226  3226 D wpa_supplicant: P2P: Stopping find
02-20 17:23:12.293  3226  3226 D wpa_supplicant: P2P: Clear timeout (state=IDLE)
02-20 17:23:12.293  3226  3226 D wpa_supplicant: P2P: State IDLE -> IDLE
02-20 17:23:12.293  3226  3226 D wpa_supplicant: wpa_driver_set_ap_wps_p2p_ie: Entry
02-20 17:23:12.293  3226  3226 D wpa_supplicant: P2P: Disabling Extended Listen Timing
02-20 17:23:12.293  3226  3226 D wpa_supplicant: P2P: Stopping find
02-20 17:23:12.294  3226  3226 D wpa_supplicant: P2P: Clear timeout (state=IDLE)
02-20 17:23:12.294  3226  3226 D wpa_supplicant: P2P: State IDLE -> IDLE
02-20 17:23:12.294  3226  3226 D wpa_supplicant: wpa_driver_set_ap_wps_p2p_ie: Entry
02-20 17:23:12.295  1929  2087 D SupplicantP2pIfaceHal: flush() completed successfully.
02-20 17:23:12.295  1929  2087 D SupplicantP2pIfaceHal: leaving flush()
02-20 17:23:12.295  1929  2087 D SupplicantP2pIfaceHal: entering configureExtListen(500, 500)
02-20 17:23:12.295  3336  3336 W ContextImpl: Calling a method in the system process without a qualified user: android.app.ContextImpl.sendBroadcast:1005 android.content.ContextWrapper.sendBroadcast:444 android.app.ActivityThread.performResumeActivity:3796 android.app.ActivityThread.handleResumeActivity:3829 android.app.servertransaction.ResumeActivityItem.execute:51 
02-20 17:23:12.296  3226  3226 D wpa_supplicant: P2P: Enabling Extended Listen Timing: period 500 msec, interval 500 msec
02-20 17:23:12.296  1667  1750 D CommandListener: Clearing all IP addresses on p2p0
02-20 17:23:12.297  3336  3363 D com.hisilicon.miracast.service.WfdService: startSearch L275
02-20 17:23:12.297  1929  2087 D SupplicantP2pIfaceHal: configureExtListen(500, 500) completed successfully.
02-20 17:23:12.297  1929  2087 D SupplicantP2pIfaceHal: leaving configureExtListen(500, 500)
02-20 17:23:12.297  3336  3363 D com.hisilicon.miracast.business.WfdBusiness: startSearch L141
02-20 17:23:12.298  3336  3363 D com.hisilicon.miracast.business.WfdBusiness: startListen L193
02-20 17:23:12.300  3336  3363 I com.hisilicon.miracast.business.WfdBusiness: startSearch L150 ---- start listen is ok ---- 
02-20 17:23:12.300  1929  2087 D SupplicantP2pIfaceHal: entering flush()
02-20 17:23:12.301  3226  3226 D wpa_supplicant: P2P: Stopping find
02-20 17:23:12.301  3226  3226 D wpa_supplicant: P2P: Clear timeout (state=IDLE)
02-20 17:23:12.302  3226  3226 D wpa_supplicant: P2P: State IDLE -> IDLE
02-20 17:23:12.302  3226  3226 D wpa_supplicant: wpa_driver_set_ap_wps_p2p_ie: Entry
02-20 17:23:12.302  3226  3226 D wpa_supplicant: P2P: Disabling Extended Listen Timing
02-20 17:23:12.302  3226  3226 D wpa_supplicant: P2P: Stopping find
02-20 17:23:12.302  3226  3226 D wpa_supplicant: P2P: Clear timeout (state=IDLE)
02-20 17:23:12.302  3226  3226 D wpa_supplicant: P2P: State IDLE -> IDLE
02-20 17:23:12.302  3226  3226 D wpa_supplicant: wpa_driver_set_ap_wps_p2p_ie: Entry
02-20 17:23:12.302  2239  2239 I HiRMS_SystemMonitor: HiSystemMonitor.dispatchMessages:what = 1 msg = com.hisilicon.miracast
02-20 17:23:12.303  2239  2239 E HiRMS_CtsListener: CtsListener.notify: what=1 msg=com.hisilicon.miracast
02-20 17:23:12.303  1929  2087 D SupplicantP2pIfaceHal: flush() completed successfully.
02-20 17:23:12.303  1929  2087 D SupplicantP2pIfaceHal: leaving flush()
02-20 17:23:12.303  1929  2087 D SupplicantP2pIfaceHal: entering configureExtListen(500, 500)
02-20 17:23:12.303  1929  3378 D DhcpClient: Receive thread stopped
02-20 17:23:12.304  3226  3226 D wpa_supplicant: P2P: Enabling Extended Listen Timing: period 500 msec, interval 500 msec
02-20 17:23:12.305  1929  2087 D SupplicantP2pIfaceHal: configureExtListen(500, 500) completed successfully.
02-20 17:23:12.305  1929  2087 D SupplicantP2pIfaceHal: leaving configureExtListen(500, 500)
02-20 17:23:12.314  2239  2239 I HiMW_SourceManagerImpl: [36m[getCurSourceId:183] mainWindow:0, SourceId:13[0m
02-20 17:23:12.314  1584  1584 E HiMW_logic_tv_player: [31m[getTimming:619] getStreamVideoInfo fail, ret:0xffffffff[0m
02-20 17:23:12.314  1584  1584 I HiMW_logic_source_module: [36m[GetTimmingInfo:170] width:0, height:0, u32FrameRate:0, bInterlace:0, enFormatHDMI:0, enFormat3d:0, enColorSpace:0, bMHL:0, ret:-1[0m
02-20 17:23:12.316  2239  2239 I HiMW_SourceManagerImpl: [36m[getTimingInfo:277] TimingInfo [iWidth=0, iHeight=0, iFrame=0, bInterlace=false, iHDMIFmt=0, i3dFmt=0, bMHL=false], execute failed   ret = -1[0m
02-20 17:23:12.325  2239  2239 D HiRMS_RamManager: updateSceneType: msg = com.hisilicon.miracast:3336 scene = 1
02-20 17:23:12.327  1929  2112 E TaskPersister: File error accessing recents directory (directory doesn't exist?).
02-20 17:23:12.334  3336  3336 I com.hisilicon.miracast.service.WfdService$WfdReceiver: onReceive L1165 ---- android.net.wifi.p2p.THIS_DEVICE_CHANGED ---- 
02-20 17:23:12.334  2239  2378 D HiRMS_RamManager: keep ram statu level
02-20 17:23:12.334  2239  2378 D HiRMS_RamManager: updateRamStatus total:991316KB Avail:450184KB free:253256KB cache:153976KB
02-20 17:23:12.335  2239  2378 W HiRMS_RamController: Ignore this reclaim: ramStatusLevel = 3 isLauncher = false
02-20 17:23:12.336  3336  3336 I com.hisilicon.miracast.service.WfdService$WfdReceiver: onReceive L1165 ---- android.net.wifi.p2p.CONNECTION_STATE_CHANGE ---- 
02-20 17:23:12.337  3336  3336 D com.hisilicon.miracast.business.WfdBusiness: updateGroup L232
02-20 17:23:12.339  3336  3336 D com.hisilicon.miracast.business.WfdBusiness: updatePeers L250
02-20 17:23:12.342  3336  3336 I com.hisilicon.miracast.service.WfdService$WfdReceiver: onReceive L1237 ---- Wi-Fi Direct disconnected ---- 
02-20 17:23:12.343  3336  3336 I com.hisilicon.miracast.service.WfdService$WfdReceiver: onReceive L1241 ---- Wi-Fi Direct disconnected setWfdInfo ---- 
02-20 17:23:12.349  3336  3336 D com.hisilicon.miracast.business.WfdBusiness: setWfdInfo L103
02-20 17:23:12.352  3336  3336 D com.hisilicon.miracast.service.WfdService: startSearch L275
02-20 17:23:12.352  1929  2087 D SupplicantP2pIfaceHal: entering enableWfd(true)
02-20 17:23:12.353  3226  3226 D wpa_supplicant: WFD: Wi-Fi Display enabled
02-20 17:23:12.353  3226  3226 D wpa_supplicant: WFD: Update WFD IE
02-20 17:23:12.353  3226  3226 D wpa_supplicant: WFD: WFD IE for Beacon - hexdump(len=15): dd 0d 50 6f 9a 0a 00 00 06 00 11 1c 44 00 32
02-20 17:23:12.354  3226  3226 D wpa_supplicant: WFD: WFD IE for (Re)Association Request - hexdump(len=15): dd 0d 50 6f 9a 0a 00 00 06 00 11 1c 44 00 32
02-20 17:23:12.354  3226  3226 D wpa_supplicant: WFD: WFD IE for GO Negotiation - hexdump(len=15): dd 0d 50 6f 9a 0a 00 00 06 00 11 1c 44 00 32
02-20 17:23:12.354  3336  3336 D com.hisilicon.miracast.business.WfdBusiness: startSearch L141
02-20 17:23:12.354  3226  3226 D wpa_supplicant: WFD: WFD IE for Provision Discovery Request - hexdump(len=15): dd 0d 50 6f 9a 0a 00 00 06 00 11 1c 44 00 32
02-20 17:23:12.354  3226  3226 D wpa_supplicant: WFD: WFD IE for Probe Request - hexdump(len=15): dd 0d 50 6f 9a 0a 00 00 06 00 11 1c 44 00 32
02-20 17:23:12.354  3226  3226 D wpa_supplicant: WFD: WFD IE for Probe Response - hexdump(len=15): dd 0d 50 6f 9a 0a 00 00 06 00 11 1c 44 00 32
02-20 17:23:12.354  3226  3226 D wpa_supplicant: WFD: WFD IE for P2P Invitation - hexdump(len=15): dd 0d 50 6f 9a 0a 00 00 06 00 11 1c 44 00 32
02-20 17:23:12.354  3226  3226 D wpa_supplicant: WFD: WFD IE for Provision Discovery Response - hexdump(len=15): dd 0d 50 6f 9a 0a 00 00 06 00 11 1c 44 00 32
02-20 17:23:12.354  1929  2087 D SupplicantP2pIfaceHal: enableWfd(true) completed successfully.
02-20 17:23:12.355  1929  2087 D SupplicantP2pIfaceHal: leaving enableWfd(true)
02-20 17:23:12.355  3336  3336 D com.hisilicon.miracast.business.WfdBusiness: startListen L193
02-20 17:23:12.355  1929  2087 D SupplicantP2pIfaceHal: entering setWfdDeviceInfo(00111c440032)
02-20 17:23:12.357  3336  3336 I com.hisilicon.miracast.business.WfdBusiness: startSearch L150 ---- start listen is ok ---- 
02-20 17:23:12.357  3226  3226 D wpa_supplicant: WFD: Set subelement 0
02-20 17:23:12.357  3226  3226 D wpa_supplicant: WFD: Update WFD IE
02-20 17:23:12.357  3226  3226 D wpa_supplicant: WFD: WFD IE for Beacon - hexdump(len=15): dd 0d 50 6f 9a 0a 00 00 06 00 11 1c 44 00 32
02-20 17:23:12.357  3226  3226 D wpa_supplicant: WFD: WFD IE for (Re)Association Request - hexdump(len=15): dd 0d 50 6f 9a 0a 00 00 06 00 11 1c 44 00 32
02-20 17:23:12.357  3226  3226 D wpa_supplicant: WFD: WFD IE for GO Negotiation - hexdump(len=15): dd 0d 50 6f 9a 0a 00 00 06 00 11 1c 44 00 32
02-20 17:23:12.357  3226  3226 D wpa_supplicant: WFD: WFD IE for Provision Discovery Request - hexdump(len=15): dd 0d 50 6f 9a 0a 00 00 06 00 11 1c 44 00 32
02-20 17:23:12.357  3226  3226 D wpa_supplicant: WFD: WFD IE for Probe Request - hexdump(len=15): dd 0d 50 6f 9a 0a 00 00 06 00 11 1c 44 00 32
02-20 17:23:12.357  3226  3226 D wpa_supplicant: WFD: WFD IE for Probe Response - hexdump(len=15): dd 0d 50 6f 9a 0a 00 00 06 00 11 1c 44 00 32
02-20 17:23:12.357  3226  3226 D wpa_supplicant: WFD: WFD IE for P2P Invitation - hexdump(len=15): dd 0d 50 6f 9a 0a 00 00 06 00 11 1c 44 00 32
02-20 17:23:12.357  3226  3226 D wpa_supplicant: WFD: WFD IE for Provision Discovery Response - hexdump(len=15): dd 0d 50 6f 9a 0a 00 00 06 00 11 1c 44 00 32
02-20 17:23:12.358  3336  3336 I com.hisilicon.miracast.service.WfdService$WfdReceiver: onReceive L1245 ---- After start search! ---- 
02-20 17:23:12.358  1929  2087 D SupplicantP2pIfaceHal: setWfdDeviceInfo(00111c440032) completed successfully.
02-20 17:23:12.358  1929  2087 D SupplicantP2pIfaceHal: leaving setWfdDeviceInfo(00111c440032)
02-20 17:23:12.359  3336  3336 D com.hisilicon.miracast.service.WfdService: keepSinkAlive L840
02-20 17:23:12.361  3336  3336 D com.hisilicon.miracast.service.WfdService: stopKeepAliveTimer L823
02-20 17:23:12.362  3336  3336 D com.hisilicon.miracast.service.WfdService: startKeepAliveTimer L810
02-20 17:23:12.363  1929  2087 D SupplicantP2pIfaceHal: entering flush()
02-20 17:23:12.364  3226  3226 D wpa_supplicant: P2P: Stopping find
02-20 17:23:12.364  3226  3226 D wpa_supplicant: P2P: Clear timeout (state=IDLE)
02-20 17:23:12.364  3226  3226 D wpa_supplicant: P2P: State IDLE -> IDLE
02-20 17:23:12.364  3226  3226 D wpa_supplicant: wpa_driver_set_ap_wps_p2p_ie: Entry
02-20 17:23:12.364  3226  3226 D wpa_supplicant: P2P: Disabling Extended Listen Timing
02-20 17:23:12.364  3226  3226 D wpa_supplicant: P2P: Stopping find
02-20 17:23:12.364  3226  3226 D wpa_supplicant: P2P: Clear timeout (state=IDLE)
02-20 17:23:12.364  3226  3226 D wpa_supplicant: P2P: State IDLE -> IDLE
02-20 17:23:12.364  3226  3226 D wpa_supplicant: wpa_driver_set_ap_wps_p2p_ie: Entry
02-20 17:23:12.365  3336  3336 I com.hisilicon.miracast.business.WfdBusiness$WfdActionListener: onSuccess L653 ---- SEARCH_DEVICE ---- 
02-20 17:23:12.365  1929  2087 D SupplicantP2pIfaceHal: flush() completed successfully.
02-20 17:23:12.365  1929  2087 D SupplicantP2pIfaceHal: leaving flush()
02-20 17:23:12.365  1929  2087 D SupplicantP2pIfaceHal: entering configureExtListen(500, 500)
02-20 17:23:12.366  3336  3336 I com.hisilicon.miracast.business.WfdBusiness$WfdActionListener: onSuccess L653 ---- SEARCH_DEVICE ---- 
02-20 17:23:12.366  3226  3226 D wpa_supplicant: P2P: Enabling Extended Listen Timing: period 500 msec, interval 500 msec
02-20 17:23:12.367  1929  2087 D SupplicantP2pIfaceHal: configureExtListen(500, 500) completed successfully.
02-20 17:23:12.367  1929  2087 D SupplicantP2pIfaceHal: leaving configureExtListen(500, 500)
02-20 17:23:12.371  3336  3363 D com.hisilicon.miracast.service.WfdService: onWifiP2pConnectionChanged L553
02-20 17:23:12.385  3336  3336 D com.hisilicon.miracast.activity.SettingActivity$WfdReceiver: onReceive L412 ---- com.hisilicon.miracast.ACTION_WFD_CHANGED ---- 
02-20 17:23:12.387  3336  3336 D com.hisilicon.miracast.business.WfdBusiness: updateSourceInfo L281
02-20 17:23:12.387  3336  3363 D com.hisilicon.miracast.service.WfdService: onStopWfdFinished L733
02-20 17:23:12.388  3336  3336 I com.hisilicon.miracast.business.WfdBusiness$WfdActionListener: onSuccess L653 ---- SET_WFD_INFO ---- 
02-20 17:23:12.388  3336  3363 D com.hisilicon.miracast.service.WfdService: releaseWfd L672
02-20 17:23:12.388  3336  3363 D HiSinkJNI: Java_com_hisilicon_miracast_ndk_SinkNative_releaseSink 54
02-20 17:23:12.390  3336  3336 I com.hisilicon.miracast.service.WfdService$WfdReceiver: onReceive L1165 ---- android.net.wifi.p2p.THIS_DEVICE_CHANGED ---- 
02-20 17:23:12.392  3336  3336 I com.hisilicon.miracast.business.WfdBusiness$WfdActionListener: onSuccess L653 ---- SEARCH_DEVICE ---- 
02-20 17:23:12.394  3336  3336 D com.hisilicon.miracast.widget.DotsMarqueeTextView: startMarquee L60
02-20 17:23:12.397  3336  3336 D com.hisilicon.miracast.activity.SettingActivity$WfdReceiver: onReceive L412 ---- com.hisilicon.miracast.ACTION_WFD_CHANGED ---- 
02-20 17:23:12.405  3336  3336 D com.hisilicon.miracast.activity.SettingActivity$WfdReceiver: onReceive L412 ---- com.hisilicon.miracast.ACTION_WFD_CHANGED ---- 
02-20 17:23:12.440  2158  2448 W Bitmap  : failed to create hardware bitmap from graphic buffer
02-20 17:23:12.468  2158  2448 W Bitmap  : failed to create hardware bitmap from graphic buffer
02-20 17:23:12.867  3226  3226 D wpa_supplicant: P2P: Extended Listen timeout
02-20 17:23:12.867  3226  3226 D wpa_supplicant: P2P: Going to listen(only) state
02-20 17:23:12.867  3226  3226 D wpa_supplicant: WPS:  * Version (hardcoded 0x10)
02-20 17:23:12.867  3226  3226 D wpa_supplicant: WPS:  * UUID-E
02-20 17:23:12.867  3226  3226 D wpa_supplicant: WPS:  * Version2 (0x20)
02-20 17:23:12.867  3226  3226 D wpa_supplicant: P2P: * P2P IE header
02-20 17:23:12.867  3226  3226 D wpa_supplicant: P2P: * Capability dev=21 group=00
02-20 17:23:12.867  3226  3226 D wpa_supplicant: P2P: * Extended Listen Timing (period 500 msec  interval 500 msec)
02-20 17:23:12.867  3226  3226 D wpa_supplicant: P2P: * Device Info
02-20 17:23:12.867  3226  3226 D wpa_supplicant: p2p0: Add radio work 'p2p-listen'@0xa6b8d4e0
02-20 17:23:12.867  3226  3226 D wpa_supplicant: p2p0: First radio work item in the queue - schedule start immediately
02-20 17:23:12.867  3226  3226 D wpa_supplicant: P2P: State IDLE -> LISTEN_ONLY
02-20 17:23:12.867  3226  3226 D wpa_supplicant: p2p0: Starting radio work 'p2p-listen'@0xa6b8d4e0 after 0.000105 second wait
02-20 17:23:12.867  3226  3226 D wpa_supplicant: wpa_driver_set_ap_wps_p2p_ie: Entry
02-20 17:23:12.867  3226  3226 D wpa_supplicant: wpa_driver_nl80211_driver_cmd  len = 0, 0
02-20 17:23:12.867  3226  3226 D wpa_supplicant: nl80211: Enable Probe Request reporting nl_preq=0xa6b9aa48
02-20 17:23:12.868  3226  3226 D wpa_supplicant: nl80211: Register frame type=0x40 (WLAN_FC_STYPE_PROBE_REQ) nl_handle=0xa6b9aa48 match=
02-20 17:23:12.877  3226  3226 D wpa_supplicant: nl80211: Remain-on-channel cookie 0xc for freq=2412 MHz duration=500
02-20 17:23:12.877  3226  3226 D wpa_supplicant: nl80211: Ignored event (cmd=55) for foreign interface (ifindex 9 wdev 0x0)
02-20 17:23:12.877  3226  3226 D wpa_supplicant: nl80211: Drv Event 55 (NL80211_CMD_REMAIN_ON_CHANNEL) received for p2p0
02-20 17:23:12.877  3226  3226 D wpa_supplicant: nl80211: Remain-on-channel event (cancel=0 freq=2412 channel_type=0 duration=500 cookie=0xc (match))
02-20 17:23:12.877  3226  3226 D wpa_supplicant: p2p0: Event REMAIN_ON_CHANNEL (19) received
02-20 17:23:12.877  3226  3226 D wpa_supplicant: Off-channel: Send Action callback (without_roc=0 pending_action_tx=0x0 pending_action_tx_done=0)
02-20 17:23:12.877  3226  3226 D wpa_supplicant: P2P: remain-on-channel callback (off_channel_freq=2412 pending_listen_freq=2412 roc_waiting_drv_freq=0 freq=2412 duration=500)
02-20 17:23:12.877  3226  3226 D wpa_supplicant: P2P: Starting Listen timeout(0,500000) on freq=2412 based on callback
02-20 17:23:12.878  3226  3226 D wpa_supplicant: P2P: Set timeout (state=LISTEN_ONLY): 0.520000 sec
02-20 17:23:13.029  3336  3336 V com.hisilicon.miracast.activity.DisplayActivity: onStop L138
02-20 17:23:13.034  3336  3336 V com.hisilicon.miracast.activity.DisplayActivity: onDestroy L145
02-20 17:23:13.367  3226  3226 D wpa_supplicant: P2P: Operation in progress - skip Extended Listen timeout (LISTEN_ONLY)
02-20 17:23:13.388  3226  3226 D wpa_supplicant: nl80211: Ignored event (cmd=56) for foreign interface (ifindex 9 wdev 0x0)
02-20 17:23:13.388  3226  3226 D wpa_supplicant: nl80211: Drv Event 56 (NL80211_CMD_CANCEL_REMAIN_ON_CHANNEL) received for p2p0
02-20 17:23:13.388  3226  3226 D wpa_supplicant: nl80211: Remain-on-channel event (cancel=1 freq=2412 channel_type=0 duration=0 cookie=0xc (match))
02-20 17:23:13.388  3226  3226 D wpa_supplicant: p2p0: Event CANCEL_REMAIN_ON_CHANNEL (20) received
02-20 17:23:13.389  3226  3226 D wpa_supplicant: P2P: Cancel remain-on-channel callback (p2p_long_listen=0 ms pending_action_tx=0x0)
02-20 17:23:13.389  3226  3226 D wpa_supplicant: p2p0: Radio work 'p2p-listen'@0xa6b8d4e0 done in 0.521309 seconds
02-20 17:23:13.389  3226  3226 D wpa_supplicant: p2p0: radio_work_free('p2p-listen'@0xa6b8d4e0: num_active_works --> 0
02-20 17:23:13.389  3226  3226 D wpa_supplicant: P2P: Driver ended Listen state (freq=2412)
02-20 17:23:13.389  3226  3226 D wpa_supplicant: P2P: Clear timeout (state=LISTEN_ONLY)
02-20 17:23:13.389  3226  3226 D wpa_supplicant: wpa_driver_set_ap_wps_p2p_ie: Entry
02-20 17:23:13.389  3226  3226 D wpa_supplicant: nl80211: Disable Probe Request reporting nl_preq=0x2e3122c1
02-20 17:23:13.389  3226  3226 D wpa_supplicant: P2P: State LISTEN_ONLY -> IDLE
02-20 17:23:13.868  3226  3226 D wpa_supplicant: P2P: Extended Listen timeout
02-20 17:23:13.868  3226  3226 D wpa_supplicant: P2P: Going to listen(only) state
02-20 17:23:13.868  3226  3226 D wpa_supplicant: WPS:  * Version (hardcoded 0x10)
02-20 17:23:13.868  3226  3226 D wpa_supplicant: WPS:  * UUID-E
02-20 17:23:13.868  3226  3226 D wpa_supplicant: WPS:  * Version2 (0x20)
02-20 17:23:13.868  3226  3226 D wpa_supplicant: P2P: * P2P IE header
02-20 17:23:13.868  3226  3226 D wpa_supplicant: P2P: * Capability dev=21 group=00
02-20 17:23:13.868  3226  3226 D wpa_supplicant: P2P: * Extended Listen Timing (period 500 msec  interval 500 msec)
02-20 17:23:13.868  3226  3226 D wpa_supplicant: P2P: * Device Info
02-20 17:23:13.868  3226  3226 D wpa_supplicant: p2p0: Add radio work 'p2p-listen'@0xa6b8d4e0
02-20 17:23:13.868  3226  3226 D wpa_supplicant: p2p0: First radio work item in the queue - schedule start immediately
02-20 17:23:13.868  3226  3226 D wpa_supplicant: P2P: State IDLE -> LISTEN_ONLY
02-20 17:23:13.868  3226  3226 D wpa_supplicant: p2p0: Starting radio work 'p2p-listen'@0xa6b8d4e0 after 0.000086 second wait
02-20 17:23:13.868  3226  3226 D wpa_supplicant: wpa_driver_set_ap_wps_p2p_ie: Entry
02-20 17:23:13.868  3226  3226 D wpa_supplicant: wpa_driver_nl80211_driver_cmd  len = 0, 0
02-20 17:23:13.868  3226  3226 D wpa_supplicant: nl80211: Enable Probe Request reporting nl_preq=0xa6b9aa48
02-20 17:23:13.869  3226  3226 D wpa_supplicant: nl80211: Register frame type=0x40 (WLAN_FC_STYPE_PROBE_REQ) nl_handle=0xa6b9aa48 match=
02-20 17:23:13.875  3226  3226 D wpa_supplicant: nl80211: Remain-on-channel cookie 0xd for freq=2412 MHz duration=500
02-20 17:23:13.875  3226  3226 D wpa_supplicant: nl80211: Ignored event (cmd=55) for foreign interface (ifindex 9 wdev 0x0)
02-20 17:23:13.875  3226  3226 D wpa_supplicant: nl80211: Drv Event 55 (NL80211_CMD_REMAIN_ON_CHANNEL) received for p2p0
02-20 17:23:13.875  3226  3226 D wpa_supplicant: nl80211: Remain-on-channel event (cancel=0 freq=2412 channel_type=0 duration=500 cookie=0xd (match))
02-20 17:23:13.875  3226  3226 D wpa_supplicant: p2p0: Event REMAIN_ON_CHANNEL (19) received
02-20 17:23:13.875  3226  3226 D wpa_supplicant: Off-channel: Send Action callback (without_roc=0 pending_action_tx=0x0 pending_action_tx_done=0)
02-20 17:23:13.875  3226  3226 D wpa_supplicant: P2P: remain-on-channel callback (off_channel_freq=2412 pending_listen_freq=2412 roc_waiting_drv_freq=0 freq=2412 duration=500)
02-20 17:23:13.875  3226  3226 D wpa_supplicant: P2P: Starting Listen timeout(0,500000) on freq=2412 based on callback
02-20 17:23:13.875  3226  3226 D wpa_supplicant: P2P: Set timeout (state=LISTEN_ONLY): 0.520000 sec
02-20 17:23:14.368  3226  3226 D wpa_supplicant: P2P: Operation in progress - skip Extended Listen timeout (LISTEN_ONLY)
02-20 17:23:14.388  3226  3226 D wpa_supplicant: nl80211: Ignored event (cmd=56) for foreign interface (ifindex 9 wdev 0x0)
02-20 17:23:14.388  3226  3226 D wpa_supplicant: nl80211: Drv Event 56 (NL80211_CMD_CANCEL_REMAIN_ON_CHANNEL) received for p2p0
02-20 17:23:14.388  3226  3226 D wpa_supplicant: nl80211: Remain-on-channel event (cancel=1 freq=2412 channel_type=0 duration=0 cookie=0xd (match))
02-20 17:23:14.388  3226  3226 D wpa_supplicant: p2p0: Event CANCEL_REMAIN_ON_CHANNEL (20) received
02-20 17:23:14.388  3226  3226 D wpa_supplicant: P2P: Cancel remain-on-channel callback (p2p_long_listen=0 ms pending_action_tx=0x0)
02-20 17:23:14.388  3226  3226 D wpa_supplicant: p2p0: Radio work 'p2p-listen'@0xa6b8d4e0 done in 0.520198 seconds
02-20 17:23:14.389  3226  3226 D wpa_supplicant: p2p0: radio_work_free('p2p-listen'@0xa6b8d4e0: num_active_works --> 0
02-20 17:23:14.389  3226  3226 D wpa_supplicant: P2P: Driver ended Listen state (freq=2412)
02-20 17:23:14.389  3226  3226 D wpa_supplicant: P2P: Clear timeout (state=LISTEN_ONLY)
02-20 17:23:14.389  3226  3226 D wpa_supplicant: wpa_driver_set_ap_wps_p2p_ie: Entry
02-20 17:23:14.389  3226  3226 D wpa_supplicant: nl80211: Disable Probe Request reporting nl_preq=0x2e3122c1
02-20 17:23:14.389  3226  3226 D wpa_supplicant: P2P: State LISTEN_ONLY -> IDLE
02-20 17:23:14.869  3226  3226 D wpa_supplicant: P2P: Extended Listen timeout
02-20 17:23:14.869  3226  3226 D wpa_supplicant: P2P: Going to listen(only) state
02-20 17:23:14.869  3226  3226 D wpa_supplicant: WPS:  * Version (hardcoded 0x10)
02-20 17:23:14.869  3226  3226 D wpa_supplicant: WPS:  * UUID-E
02-20 17:23:14.869  3226  3226 D wpa_supplicant: WPS:  * Version2 (0x20)
02-20 17:23:14.869  3226  3226 D wpa_supplicant: P2P: * P2P IE header
02-20 17:23:14.869  3226  3226 D wpa_supplicant: P2P: * Capability dev=21 group=00
02-20 17:23:14.869  3226  3226 D wpa_supplicant: P2P: * Extended Listen Timing (period 500 msec  interval 500 msec)
02-20 17:23:14.869  3226  3226 D wpa_supplicant: P2P: * Device Info
02-20 17:23:14.869  3226  3226 D wpa_supplicant: p2p0: Add radio work 'p2p-listen'@0xa6b8d4e0
02-20 17:23:14.869  3226  3226 D wpa_supplicant: p2p0: First radio work item in the queue - schedule start immediately
02-20 17:23:14.869  3226  3226 D wpa_supplicant: P2P: State IDLE -> LISTEN_ONLY
02-20 17:23:14.869  3226  3226 D wpa_supplicant: p2p0: Starting radio work 'p2p-listen'@0xa6b8d4e0 after 0.000101 second wait
02-20 17:23:14.869  3226  3226 D wpa_supplicant: wpa_driver_set_ap_wps_p2p_ie: Entry
02-20 17:23:14.870  3226  3226 D wpa_supplicant: wpa_driver_nl80211_driver_cmd  len = 0, 0
02-20 17:23:14.870  3226  3226 D wpa_supplicant: nl80211: Enable Probe Request reporting nl_preq=0xa6b9aa48
02-20 17:23:14.870  3226  3226 D wpa_supplicant: nl80211: Register frame type=0x40 (WLAN_FC_STYPE_PROBE_REQ) nl_handle=0xa6b9aa48 match=
02-20 17:23:14.876  3226  3226 D wpa_supplicant: nl80211: Remain-on-channel cookie 0xe for freq=2412 MHz duration=500
02-20 17:23:14.876  3226  3226 D wpa_supplicant: nl80211: Ignored event (cmd=55) for foreign interface (ifindex 9 wdev 0x0)
02-20 17:23:14.876  3226  3226 D wpa_supplicant: nl80211: Drv Event 55 (NL80211_CMD_REMAIN_ON_CHANNEL) received for p2p0
02-20 17:23:14.876  3226  3226 D wpa_supplicant: nl80211: Remain-on-channel event (cancel=0 freq=2412 channel_type=0 duration=500 cookie=0xe (match))
02-20 17:23:14.876  3226  3226 D wpa_supplicant: p2p0: Event REMAIN_ON_CHANNEL (19) received
02-20 17:23:14.876  3226  3226 D wpa_supplicant: Off-channel: Send Action callback (without_roc=0 pending_action_tx=0x0 pending_action_tx_done=0)
02-20 17:23:14.876  3226  3226 D wpa_supplicant: P2P: remain-on-channel callback (off_channel_freq=2412 pending_listen_freq=2412 roc_waiting_drv_freq=0 freq=2412 duration=500)
02-20 17:23:14.876  3226  3226 D wpa_supplicant: P2P: Starting Listen timeout(0,500000) on freq=2412 based on callback
02-20 17:23:14.876  3226  3226 D wpa_supplicant: P2P: Set timeout (state=LISTEN_ONLY): 0.520000 sec
02-20 17:23:15.369  3226  3226 D wpa_supplicant: P2P: Operation in progress - skip Extended Listen timeout (LISTEN_ONLY)
02-20 17:23:15.388  3226  3226 D wpa_supplicant: nl80211: Ignored event (cmd=56) for foreign interface (ifindex 9 wdev 0x0)
02-20 17:23:15.388  3226  3226 D wpa_supplicant: nl80211: Drv Event 56 (NL80211_CMD_CANCEL_REMAIN_ON_CHANNEL) received for p2p0
02-20 17:23:15.388  3226  3226 D wpa_supplicant: nl80211: Remain-on-channel event (cancel=1 freq=2412 channel_type=0 duration=0 cookie=0xe (match))
02-20 17:23:15.388  3226  3226 D wpa_supplicant: p2p0: Event CANCEL_REMAIN_ON_CHANNEL (20) received
02-20 17:23:15.388  3226  3226 D wpa_supplicant: P2P: Cancel remain-on-channel callback (p2p_long_listen=0 ms pending_action_tx=0x0)
02-20 17:23:15.389  3226  3226 D wpa_supplicant: p2p0: Radio work 'p2p-listen'@0xa6b8d4e0 done in 0.519059 seconds
02-20 17:23:15.389  3226  3226 D wpa_supplicant: p2p0: radio_work_free('p2p-listen'@0xa6b8d4e0: num_active_works --> 0
02-20 17:23:15.389  3226  3226 D wpa_supplicant: P2P: Driver ended Listen state (freq=2412)
02-20 17:23:15.389  3226  3226 D wpa_supplicant: P2P: Clear timeout (state=LISTEN_ONLY)
02-20 17:23:15.389  3226  3226 D wpa_supplicant: wpa_driver_set_ap_wps_p2p_ie: Entry
02-20 17:23:15.389  3226  3226 D wpa_supplicant: nl80211: Disable Probe Request reporting nl_preq=0x2e3122c1
02-20 17:23:15.389  3226  3226 D wpa_supplicant: P2P: State LISTEN_ONLY -> IDLE
02-20 17:23:15.870  3226  3226 D wpa_supplicant: P2P: Extended Listen timeout
02-20 17:23:15.870  3226  3226 D wpa_supplicant: P2P: Going to listen(only) state
02-20 17:23:15.870  3226  3226 D wpa_supplicant: WPS:  * Version (hardcoded 0x10)
02-20 17:23:15.870  3226  3226 D wpa_supplicant: WPS:  * UUID-E
02-20 17:23:15.870  3226  3226 D wpa_supplicant: WPS:  * Version2 (0x20)
02-20 17:23:15.870  3226  3226 D wpa_supplicant: P2P: * P2P IE header
02-20 17:23:15.870  3226  3226 D wpa_supplicant: P2P: * Capability dev=21 group=00
02-20 17:23:15.870  3226  3226 D wpa_supplicant: P2P: * Extended Listen Timing (period 500 msec  interval 500 msec)
02-20 17:23:15.870  3226  3226 D wpa_supplicant: P2P: * Device Info
02-20 17:23:15.870  3226  3226 D wpa_supplicant: p2p0: Add radio work 'p2p-listen'@0xa6b8d4e0
02-20 17:23:15.870  3226  3226 D wpa_supplicant: p2p0: First radio work item in the queue - schedule start immediately
02-20 17:23:15.870  3226  3226 D wpa_supplicant: P2P: State IDLE -> LISTEN_ONLY
02-20 17:23:15.870  3226  3226 D wpa_supplicant: p2p0: Starting radio work 'p2p-listen'@0xa6b8d4e0 after 0.000106 second wait
02-20 17:23:15.870  3226  3226 D wpa_supplicant: wpa_driver_set_ap_wps_p2p_ie: Entry
02-20 17:23:15.870  3226  3226 D wpa_supplicant: wpa_driver_nl80211_driver_cmd  len = 0, 0
02-20 17:23:15.871  3226  3226 D wpa_supplicant: nl80211: Enable Probe Request reporting nl_preq=0xa6b9aa48
02-20 17:23:15.871  3226  3226 D wpa_supplicant: nl80211: Register frame type=0x40 (WLAN_FC_STYPE_PROBE_REQ) nl_handle=0xa6b9aa48 match=
02-20 17:23:15.876  3226  3226 D wpa_supplicant: nl80211: Remain-on-channel cookie 0xf for freq=2412 MHz duration=500
02-20 17:23:15.876  3226  3226 D wpa_supplicant: nl80211: Ignored event (cmd=55) for foreign interface (ifindex 9 wdev 0x0)
02-20 17:23:15.877  3226  3226 D wpa_supplicant: nl80211: Drv Event 55 (NL80211_CMD_REMAIN_ON_CHANNEL) received for p2p0
02-20 17:23:15.877  3226  3226 D wpa_supplicant: nl80211: Remain-on-channel event (cancel=0 freq=2412 channel_type=0 duration=500 cookie=0xf (match))
02-20 17:23:15.877  3226  3226 D wpa_supplicant: p2p0: Event REMAIN_ON_CHANNEL (19) received
02-20 17:23:15.877  3226  3226 D wpa_supplicant: Off-channel: Send Action callback (without_roc=0 pending_action_tx=0x0 pending_action_tx_done=0)
02-20 17:23:15.877  3226  3226 D wpa_supplicant: P2P: remain-on-channel callback (off_channel_freq=2412 pending_listen_freq=2412 roc_waiting_drv_freq=0 freq=2412 duration=500)
02-20 17:23:15.877  3226  3226 D wpa_supplicant: P2P: Starting Listen timeout(0,500000) on freq=2412 based on callback
02-20 17:23:15.877  3226  3226 D wpa_supplicant: P2P: Set timeout (state=LISTEN_ONLY): 0.520000 sec
02-20 17:23:16.371  3226  3226 D wpa_supplicant: P2P: Operation in progress - skip Extended Listen timeout (LISTEN_ONLY)
02-20 17:23:16.388  3226  3226 D wpa_supplicant: nl80211: Ignored event (cmd=56) for foreign interface (ifindex 9 wdev 0x0)
02-20 17:23:16.388  3226  3226 D wpa_supplicant: nl80211: Drv Event 56 (NL80211_CMD_CANCEL_REMAIN_ON_CHANNEL) received for p2p0
02-20 17:23:16.388  3226  3226 D wpa_supplicant: nl80211: Remain-on-channel event (cancel=1 freq=2412 channel_type=0 duration=0 cookie=0xf (match))
02-20 17:23:16.388  3226  3226 D wpa_supplicant: p2p0: Event CANCEL_REMAIN_ON_CHANNEL (20) received
02-20 17:23:16.388  3226  3226 D wpa_supplicant: P2P: Cancel remain-on-channel callback (p2p_long_listen=0 ms pending_action_tx=0x0)
02-20 17:23:16.388  3226  3226 D wpa_supplicant: p2p0: Radio work 'p2p-listen'@0xa6b8d4e0 done in 0.518158 seconds
02-20 17:23:16.389  3226  3226 D wpa_supplicant: p2p0: radio_work_free('p2p-listen'@0xa6b8d4e0: num_active_works --> 0
02-20 17:23:16.389  3226  3226 D wpa_supplicant: P2P: Driver ended Listen state (freq=2412)
02-20 17:23:16.389  3226  3226 D wpa_supplicant: P2P: Clear timeout (state=LISTEN_ONLY)
02-20 17:23:16.389  3226  3226 D wpa_supplicant: wpa_driver_set_ap_wps_p2p_ie: Entry
02-20 17:23:16.389  3226  3226 D wpa_supplicant: nl80211: Disable Probe Request reporting nl_preq=0x2e3122c1
02-20 17:23:16.389  3226  3226 D wpa_supplicant: P2P: State LISTEN_ONLY -> IDLE
02-20 17:23:16.871  3226  3226 D wpa_supplicant: P2P: Extended Listen timeout
02-20 17:23:16.871  3226  3226 D wpa_supplicant: P2P: Going to listen(only) state
02-20 17:23:16.871  3226  3226 D wpa_supplicant: WPS:  * Version (hardcoded 0x10)
02-20 17:23:16.871  3226  3226 D wpa_supplicant: WPS:  * UUID-E
02-20 17:23:16.871  3226  3226 D wpa_supplicant: WPS:  * Version2 (0x20)
02-20 17:23:16.871  3226  3226 D wpa_supplicant: P2P: * P2P IE header
02-20 17:23:16.871  3226  3226 D wpa_supplicant: P2P: * Capability dev=21 group=00
02-20 17:23:16.871  3226  3226 D wpa_supplicant: P2P: * Extended Listen Timing (period 500 msec  interval 500 msec)
02-20 17:23:16.871  3226  3226 D wpa_supplicant: P2P: * Device Info
02-20 17:23:16.871  3226  3226 D wpa_supplicant: p2p0: Add radio work 'p2p-listen'@0xa6b8d4e0
02-20 17:23:16.871  3226  3226 D wpa_supplicant: p2p0: First radio work item in the queue - schedule start immediately
02-20 17:23:16.871  3226  3226 D wpa_supplicant: P2P: State IDLE -> LISTEN_ONLY
02-20 17:23:16.871  3226  3226 D wpa_supplicant: p2p0: Starting radio work 'p2p-listen'@0xa6b8d4e0 after 0.000105 second wait
02-20 17:23:16.872  3226  3226 D wpa_supplicant: wpa_driver_set_ap_wps_p2p_ie: Entry
02-20 17:23:16.872  3226  3226 D wpa_supplicant: wpa_driver_nl80211_driver_cmd  len = 0, 0
02-20 17:23:16.872  3226  3226 D wpa_supplicant: nl80211: Enable Probe Request reporting nl_preq=0xa6b9aa48
02-20 17:23:16.872  3226  3226 D wpa_supplicant: nl80211: Register frame type=0x40 (WLAN_FC_STYPE_PROBE_REQ) nl_handle=0xa6b9aa48 match=
02-20 17:23:16.878  3226  3226 D wpa_supplicant: nl80211: Remain-on-channel cookie 0x10 for freq=2412 MHz duration=500
02-20 17:23:16.878  3226  3226 D wpa_supplicant: nl80211: Ignored event (cmd=55) for foreign interface (ifindex 9 wdev 0x0)
02-20 17:23:16.878  3226  3226 D wpa_supplicant: nl80211: Drv Event 55 (NL80211_CMD_REMAIN_ON_CHANNEL) received for p2p0
02-20 17:23:16.878  3226  3226 D wpa_supplicant: nl80211: Remain-on-channel event (cancel=0 freq=2412 channel_type=0 duration=500 cookie=0x10 (match))
02-20 17:23:16.878  3226  3226 D wpa_supplicant: p2p0: Event REMAIN_ON_CHANNEL (19) received
02-20 17:23:16.878  3226  3226 D wpa_supplicant: Off-channel: Send Action callback (without_roc=0 pending_action_tx=0x0 pending_action_tx_done=0)
02-20 17:23:16.878  3226  3226 D wpa_supplicant: P2P: remain-on-channel callback (off_channel_freq=2412 pending_listen_freq=2412 roc_waiting_drv_freq=0 freq=2412 duration=500)
02-20 17:23:16.878  3226  3226 D wpa_supplicant: P2P: Starting Listen timeout(0,500000) on freq=2412 based on callback
02-20 17:23:16.878  3226  3226 D wpa_supplicant: P2P: Set timeout (state=LISTEN_ONLY): 0.520000 sec
02-20 17:23:17.372  3226  3226 D wpa_supplicant: P2P: Operation in progress - skip Extended Listen timeout (LISTEN_ONLY)
02-20 17:23:17.388  3226  3226 D wpa_supplicant: nl80211: Ignored event (cmd=56) for foreign interface (ifindex 9 wdev 0x0)
02-20 17:23:17.389  3226  3226 D wpa_supplicant: nl80211: Drv Event 56 (NL80211_CMD_CANCEL_REMAIN_ON_CHANNEL) received for p2p0
02-20 17:23:17.389  3226  3226 D wpa_supplicant: nl80211: Remain-on-channel event (cancel=1 freq=2412 channel_type=0 duration=0 cookie=0x10 (match))
02-20 17:23:17.389  3226  3226 D wpa_supplicant: p2p0: Event CANCEL_REMAIN_ON_CHANNEL (20) received
02-20 17:23:17.389  3226  3226 D wpa_supplicant: P2P: Cancel remain-on-channel callback (p2p_long_listen=0 ms pending_action_tx=0x0)
02-20 17:23:17.389  3226  3226 D wpa_supplicant: p2p0: Radio work 'p2p-listen'@0xa6b8d4e0 done in 0.517153 seconds
02-20 17:23:17.389  3226  3226 D wpa_supplicant: p2p0: radio_work_free('p2p-listen'@0xa6b8d4e0: num_active_works --> 0
02-20 17:23:17.389  3226  3226 D wpa_supplicant: P2P: Driver ended Listen state (freq=2412)
02-20 17:23:17.389  3226  3226 D wpa_supplicant: P2P: Clear timeout (state=LISTEN_ONLY)
02-20 17:23:17.389  3226  3226 D wpa_supplicant: wpa_driver_set_ap_wps_p2p_ie: Entry
02-20 17:23:17.389  3226  3226 D wpa_supplicant: nl80211: Disable Probe Request reporting nl_preq=0x2e3122c1
02-20 17:23:17.389  3226  3226 D wpa_supplicant: P2P: State LISTEN_ONLY -> IDLE
02-20 17:23:17.872  3226  3226 D wpa_supplicant: P2P: Extended Listen timeout
02-20 17:23:17.872  3226  3226 D wpa_supplicant: P2P: Going to listen(only) state
02-20 17:23:17.872  3226  3226 D wpa_supplicant: WPS:  * Version (hardcoded 0x10)
02-20 17:23:17.872  3226  3226 D wpa_supplicant: WPS:  * UUID-E
02-20 17:23:17.872  3226  3226 D wpa_supplicant: WPS:  * Version2 (0x20)
02-20 17:23:17.872  3226  3226 D wpa_supplicant: P2P: * P2P IE header
02-20 17:23:17.872  3226  3226 D wpa_supplicant: P2P: * Capability dev=21 group=00
02-20 17:23:17.872  3226  3226 D wpa_supplicant: P2P: * Extended Listen Timing (period 500 msec  interval 500 msec)
02-20 17:23:17.872  3226  3226 D wpa_supplicant: P2P: * Device Info
02-20 17:23:17.872  3226  3226 D wpa_supplicant: p2p0: Add radio work 'p2p-listen'@0xa6b8d4e0
02-20 17:23:17.872  3226  3226 D wpa_supplicant: p2p0: First radio work item in the queue - schedule start immediately
02-20 17:23:17.873  3226  3226 D wpa_supplicant: P2P: State IDLE -> LISTEN_ONLY
02-20 17:23:17.873  3226  3226 D wpa_supplicant: p2p0: Starting radio work 'p2p-listen'@0xa6b8d4e0 after 0.000092 second wait
02-20 17:23:17.873  3226  3226 D wpa_supplicant: wpa_driver_set_ap_wps_p2p_ie: Entry
02-20 17:23:17.873  3226  3226 D wpa_supplicant: wpa_driver_nl80211_driver_cmd  len = 0, 0
02-20 17:23:17.873  3226  3226 D wpa_supplicant: nl80211: Enable Probe Request reporting nl_preq=0xa6b9aa48
02-20 17:23:17.873  3226  3226 D wpa_supplicant: nl80211: Register frame type=0x40 (WLAN_FC_STYPE_PROBE_REQ) nl_handle=0xa6b9aa48 match=
02-20 17:23:17.878  3226  3226 D wpa_supplicant: nl80211: Remain-on-channel cookie 0x11 for freq=2412 MHz duration=500
02-20 17:23:17.879  3226  3226 D wpa_supplicant: nl80211: Ignored event (cmd=55) for foreign interface (ifindex 9 wdev 0x0)
02-20 17:23:17.879  3226  3226 D wpa_supplicant: nl80211: Drv Event 55 (NL80211_CMD_REMAIN_ON_CHANNEL) received for p2p0
02-20 17:23:17.879  3226  3226 D wpa_supplicant: nl80211: Remain-on-channel event (cancel=0 freq=2412 channel_type=0 duration=500 cookie=0x11 (match))
02-20 17:23:17.879  3226  3226 D wpa_supplicant: p2p0: Event REMAIN_ON_CHANNEL (19) received
02-20 17:23:17.879  3226  3226 D wpa_supplicant: Off-channel: Send Action callback (without_roc=0 pending_action_tx=0x0 pending_action_tx_done=0)
02-20 17:23:17.879  3226  3226 D wpa_supplicant: P2P: remain-on-channel callback (off_channel_freq=2412 pending_listen_freq=2412 roc_waiting_drv_freq=0 freq=2412 duration=500)
02-20 17:23:17.879  3226  3226 D wpa_supplicant: P2P: Starting Listen timeout(0,500000) on freq=2412 based on callback
02-20 17:23:17.879  3226  3226 D wpa_supplicant: P2P: Set timeout (state=LISTEN_ONLY): 0.520000 sec
02-20 17:23:18.373  3226  3226 D wpa_supplicant: P2P: Operation in progress - skip Extended Listen timeout (LISTEN_ONLY)
02-20 17:23:18.388  3226  3226 D wpa_supplicant: nl80211: Ignored event (cmd=56) for foreign interface (ifindex 9 wdev 0x0)
02-20 17:23:18.388  3226  3226 D wpa_supplicant: nl80211: Drv Event 56 (NL80211_CMD_CANCEL_REMAIN_ON_CHANNEL) received for p2p0
02-20 17:23:18.388  3226  3226 D wpa_supplicant: nl80211: Remain-on-channel event (cancel=1 freq=2412 channel_type=0 duration=0 cookie=0x11 (match))
02-20 17:23:18.388  3226  3226 D wpa_supplicant: p2p0: Event CANCEL_REMAIN_ON_CHANNEL (20) received
02-20 17:23:18.388  3226  3226 D wpa_supplicant: P2P: Cancel remain-on-channel callback (p2p_long_listen=0 ms pending_action_tx=0x0)
02-20 17:23:18.388  3226  3226 D wpa_supplicant: p2p0: Radio work 'p2p-listen'@0xa6b8d4e0 done in 0.515907 seconds
02-20 17:23:18.389  3226  3226 D wpa_supplicant: p2p0: radio_work_free('p2p-listen'@0xa6b8d4e0: num_active_works --> 0
02-20 17:23:18.389  3226  3226 D wpa_supplicant: P2P: Driver ended Listen state (freq=2412)
02-20 17:23:18.389  3226  3226 D wpa_supplicant: P2P: Clear timeout (state=LISTEN_ONLY)
02-20 17:23:18.389  3226  3226 D wpa_supplicant: wpa_driver_set_ap_wps_p2p_ie: Entry
02-20 17:23:18.389  3226  3226 D wpa_supplicant: nl80211: Disable Probe Request reporting nl_preq=0x2e3122c1
02-20 17:23:18.389  3226  3226 D wpa_supplicant: P2P: State LISTEN_ONLY -> IDLE
02-20 17:23:18.873  3226  3226 D wpa_supplicant: P2P: Extended Listen timeout
02-20 17:23:18.873  3226  3226 D wpa_supplicant: P2P: Going to listen(only) state
02-20 17:23:18.873  3226  3226 D wpa_supplicant: WPS:  * Version (hardcoded 0x10)
02-20 17:23:18.873  3226  3226 D wpa_supplicant: WPS:  * UUID-E
02-20 17:23:18.873  3226  3226 D wpa_supplicant: WPS:  * Version2 (0x20)
02-20 17:23:18.873  3226  3226 D wpa_supplicant: P2P: * P2P IE header
02-20 17:23:18.873  3226  3226 D wpa_supplicant: P2P: * Capability dev=21 group=00
02-20 17:23:18.873  3226  3226 D wpa_supplicant: P2P: * Extended Listen Timing (period 500 msec  interval 500 msec)
02-20 17:23:18.873  3226  3226 D wpa_supplicant: P2P: * Device Info
02-20 17:23:18.873  3226  3226 D wpa_supplicant: p2p0: Add radio work 'p2p-listen'@0xa6b8d4e0
02-20 17:23:18.873  3226  3226 D wpa_supplicant: p2p0: First radio work item in the queue - schedule start immediately
02-20 17:23:18.873  3226  3226 D wpa_supplicant: P2P: State IDLE -> LISTEN_ONLY
02-20 17:23:18.873  3226  3226 D wpa_supplicant: p2p0: Starting radio work 'p2p-listen'@0xa6b8d4e0 after 0.000103 second wait
02-20 17:23:18.873  3226  3226 D wpa_supplicant: wpa_driver_set_ap_wps_p2p_ie: Entry
02-20 17:23:18.874  3226  3226 D wpa_supplicant: wpa_driver_nl80211_driver_cmd  len = 0, 0
02-20 17:23:18.874  3226  3226 D wpa_supplicant: nl80211: Enable Probe Request reporting nl_preq=0xa6b9aa48
02-20 17:23:18.874  3226  3226 D wpa_supplicant: nl80211: Register frame type=0x40 (WLAN_FC_STYPE_PROBE_REQ) nl_handle=0xa6b9aa48 match=
02-20 17:23:18.879  3226  3226 D wpa_supplicant: nl80211: Remain-on-channel cookie 0x12 for freq=2412 MHz duration=500
02-20 17:23:18.879  3226  3226 D wpa_supplicant: nl80211: Ignored event (cmd=55) for foreign interface (ifindex 9 wdev 0x0)
02-20 17:23:18.879  3226  3226 D wpa_supplicant: nl80211: Drv Event 55 (NL80211_CMD_REMAIN_ON_CHANNEL) received for p2p0
02-20 17:23:18.879  3226  3226 D wpa_supplicant: nl80211: Remain-on-channel event (cancel=0 freq=2412 channel_type=0 duration=500 cookie=0x12 (match))
02-20 17:23:18.879  3226  3226 D wpa_supplicant: p2p0: Event REMAIN_ON_CHANNEL (19) received
02-20 17:23:18.879  3226  3226 D wpa_supplicant: Off-channel: Send Action callback (without_roc=0 pending_action_tx=0x0 pending_action_tx_done=0)
02-20 17:23:18.879  3226  3226 D wpa_supplicant: P2P: remain-on-channel callback (off_channel_freq=2412 pending_listen_freq=2412 roc_waiting_drv_freq=0 freq=2412 duration=500)
02-20 17:23:18.879  3226  3226 D wpa_supplicant: P2P: Starting Listen timeout(0,500000) on freq=2412 based on callback
02-20 17:23:18.879  3226  3226 D wpa_supplicant: P2P: Set timeout (state=LISTEN_ONLY): 0.520000 sec
02-20 17:23:19.374  3226  3226 D wpa_supplicant: P2P: Operation in progress - skip Extended Listen timeout (LISTEN_ONLY)
02-20 17:23:19.388  3226  3226 D wpa_supplicant: nl80211: Ignored event (cmd=56) for foreign interface (ifindex 9 wdev 0x0)
02-20 17:23:19.388  3226  3226 D wpa_supplicant: nl80211: Drv Event 56 (NL80211_CMD_CANCEL_REMAIN_ON_CHANNEL) received for p2p0
02-20 17:23:19.388  3226  3226 D wpa_supplicant: nl80211: Remain-on-channel event (cancel=1 freq=2412 channel_type=0 duration=0 cookie=0x12 (match))
02-20 17:23:19.388  3226  3226 D wpa_supplicant: p2p0: Event CANCEL_REMAIN_ON_CHANNEL (20) received
02-20 17:23:19.388  3226  3226 D wpa_supplicant: P2P: Cancel remain-on-channel callback (p2p_long_listen=0 ms pending_action_tx=0x0)
02-20 17:23:19.388  3226  3226 D wpa_supplicant: p2p0: Radio work 'p2p-listen'@0xa6b8d4e0 done in 0.515016 seconds
02-20 17:23:19.388  3226  3226 D wpa_supplicant: p2p0: radio_work_free('p2p-listen'@0xa6b8d4e0: num_active_works --> 0
02-20 17:23:19.388  3226  3226 D wpa_supplicant: P2P: Driver ended Listen state (freq=2412)
02-20 17:23:19.389  3226  3226 D wpa_supplicant: P2P: Clear timeout (state=LISTEN_ONLY)
02-20 17:23:19.389  3226  3226 D wpa_supplicant: wpa_driver_set_ap_wps_p2p_ie: Entry
02-20 17:23:19.389  3226  3226 D wpa_supplicant: nl80211: Disable Probe Request reporting nl_preq=0x2e3122c1
02-20 17:23:19.389  3226  3226 D wpa_supplicant: P2P: State LISTEN_ONLY -> IDLE
02-20 17:23:19.874  3226  3226 D wpa_supplicant: P2P: Extended Listen timeout
02-20 17:23:19.874  3226  3226 D wpa_supplicant: P2P: Going to listen(only) state
02-20 17:23:19.874  3226  3226 D wpa_supplicant: WPS:  * Version (hardcoded 0x10)
02-20 17:23:19.874  3226  3226 D wpa_supplicant: WPS:  * UUID-E
02-20 17:23:19.874  3226  3226 D wpa_supplicant: WPS:  * Version2 (0x20)
02-20 17:23:19.874  3226  3226 D wpa_supplicant: P2P: * P2P IE header
02-20 17:23:19.874  3226  3226 D wpa_supplicant: P2P: * Capability dev=21 group=00
02-20 17:23:19.874  3226  3226 D wpa_supplicant: P2P: * Extended Listen Timing (period 500 msec  interval 500 msec)
02-20 17:23:19.874  3226  3226 D wpa_supplicant: P2P: * Device Info
02-20 17:23:19.874  3226  3226 D wpa_supplicant: p2p0: Add radio work 'p2p-listen'@0xa6b8d4e0
02-20 17:23:19.874  3226  3226 D wpa_supplicant: p2p0: First radio work item in the queue - schedule start immediately
02-20 17:23:19.874  3226  3226 D wpa_supplicant: P2P: State IDLE -> LISTEN_ONLY
02-20 17:23:19.874  3226  3226 D wpa_supplicant: p2p0: Starting radio work 'p2p-listen'@0xa6b8d4e0 after 0.000099 second wait
02-20 17:23:19.874  3226  3226 D wpa_supplicant: wpa_driver_set_ap_wps_p2p_ie: Entry
02-20 17:23:19.875  3226  3226 D wpa_supplicant: wpa_driver_nl80211_driver_cmd  len = 0, 0
02-20 17:23:19.875  3226  3226 D wpa_supplicant: nl80211: Enable Probe Request reporting nl_preq=0xa6b9aa48
02-20 17:23:19.875  3226  3226 D wpa_supplicant: nl80211: Register frame type=0x40 (WLAN_FC_STYPE_PROBE_REQ) nl_handle=0xa6b9aa48 match=
02-20 17:23:19.881  3226  3226 D wpa_supplicant: nl80211: Remain-on-channel cookie 0x13 for freq=2412 MHz duration=500
02-20 17:23:19.881  3226  3226 D wpa_supplicant: nl80211: Ignored event (cmd=55) for foreign interface (ifindex 9 wdev 0x0)
02-20 17:23:19.881  3226  3226 D wpa_supplicant: nl80211: Drv Event 55 (NL80211_CMD_REMAIN_ON_CHANNEL) received for p2p0
