02-20 17:22:41.011  2179  3263 D tvapi   : [TVApiSystemSignalImpl.java::resetTime:120]: resetTime source = 13 ======= mNoSignalTime = 900
02-20 17:22:41.012  2179  3263 D tvapi   : [TVApiSystemNoActionAutoPowerOffImpl.java::handle:50]: KeyEvnetListener Reset counter
02-20 17:22:41.013  2179  3263 D tvapi   : [TVApiSystemNoActionAutoPowerOffImpl.java::stopTimer:90]: stopTimer: KeyEventListener
02-20 17:22:41.015  2489  2503 D CLog    : [null:26::a]: time = -1
02-20 17:22:41.016  2489  2503 D CLog    : [null:4::onTvNotify]: notifySystemSleepTimeTimeRemaining
02-20 17:22:41.016  2489  2503 D CLog    : [null:0::onTvNotify]: notifySystemSleepTimeTimeRemaining
02-20 17:22:41.020  2179  3263 D tvapi   : [TVApiSystemNoActionAutoPowerOffImpl.java::createTimer:86]: createTimer, delay: 14100000  period: 1000
02-20 17:22:41.021  2489  2503 D Evan    : handleKeyEvent:21
02-20 17:22:41.080  2239  2378 D HiRMS_RamManager: keep ram statu level
02-20 17:22:41.080  2239  2378 D HiRMS_RamManager: updateRamStatus total:991316KB Avail:530600KB free:358608KB cache:142632KB
02-20 17:22:41.080  2239  2378 D HiRMS_RamController: RamController.doReclaimByFlag kill process: level = 1
02-20 17:22:41.080  2239  2378 D HiRMS_RamController: RamController.doReclaimByFlag drop cache: level = 3
02-20 17:22:41.081  2239  2378 D HiRMS_RamManager: RamUtil.doDropCache:
02-20 17:22:41.094  1582  1754 I hwsysmanager@1.0: HwSysManager drop cache done: 2
02-20 17:22:41.095  2239  2378 D HiRMS_RamController: RamController.doReclaimByFlag reclaim level = 3
02-20 17:22:41.095  2239  2378 D HiRMS_RamManager: RamUtil.doProcessesReclaim: flag = 3
02-20 17:22:41.240  1582  1754 I hwsysmanager@1.0: HwSysManager reclaim processes ignore top pid: 2283
02-20 17:22:41.254  1582  1754 I hwsysmanager@1.0: HwSysManager reclaim processes done: all
02-20 17:22:47.226  1929  2401 E memtrack: Couldn't load memtrack module
02-20 17:22:47.226  1929  2401 W android.os.Debug: failed to get memory consumption info: -1
02-20 17:22:47.532  1793  1857 D ir_user : IR got value linux_key:108; status:0; u32MouseMode:0
02-20 17:22:47.532  1793  1857 D ir_user : down linuxkeycode is 108
02-20 17:22:47.533  1929  2074 I WindowManager: cvteInterceptKeyBeforeQueueing Go in event =20;mHotkeyService=com.cvte.tv.hotkey.IHotkeyService$Stub$Proxy@7909f7
02-20 17:22:47.534  2179  3263 D HotkeyService: [processKeyEvents]########## KEYCODE = 20   #########!!!
02-20 17:22:47.540  1584  1584 I HiMW_logic_system_module: [36m[GetLockEnable:323] entype:0, Enable:0, ret:0[0m
02-20 17:22:47.542  2179  3263 I HiMW_SystemSettingImpl: [36m[getLockEnable:292] lockType:0, enable:false[0m
02-20 17:22:47.545  1929  2073 I WindowManager: cvteInterceptKeyBeforeDispatching Go in event =20;mHotkeyService=com.cvte.tv.hotkey.IHotkeyService$Stub$Proxy@7909f7
02-20 17:22:47.546  2179  3263 D HotkeyService: [processKeyEvents]########## KEYCODE = 20   #########!!!
02-20 17:22:47.546  2179  3263 D Evan    : onGlobalKeyEvent keycode=20
02-20 17:22:47.550  2179  3263 D hotkey  : [HotkeyManager.java::handleMapKeyEvent:467]: KeyEvent { action=ACTION_DOWN, keyCode=KEYCODE_DPAD_DOWN, scanCode=108, metaState=0, flags=0x8, repeatCount=0, eventTime=520967, downTime=520967, deviceId=2, source=0x701 }
02-20 17:22:47.551  2179  3263 D tvapi   : [TVApiSystemSleepTimeImpl.java::handle:69]: TVApiSystemSleepTimeImpl handle KeyEvent { action=ACTION_DOWN, keyCode=KEYCODE_DPAD_DOWN, scanCode=108, metaState=0, flags=0x8, repeatCount=0, eventTime=520967, downTime=520967, deviceId=2, source=0x701 }
02-20 17:22:47.554  2489  2503 D CLog    : [null:26::a]: time = -1
02-20 17:22:47.554  2489  2503 D CLog    : [null:4::onTvNotify]: notifySystemSleepTimeTimeRemaining
02-20 17:22:47.554  2489  2503 D CLog    : [null:0::onTvNotify]: notifySystemSleepTimeTimeRemaining
02-20 17:22:47.558  2179  3263 I HiMW_SourceManagerImpl: [36m[getCurSourceId:183] mainWindow:0, SourceId:13[0m
02-20 17:22:47.559  2179  3263 D tvapi   : [TVApiSystemSignalImpl.java::resetTime:120]: resetTime source = 13 ======= mNoSignalTime = 900
02-20 17:22:47.559  2179  3263 D tvapi   : [TVApiSystemNoActionAutoPowerOffImpl.java::handle:50]: KeyEvnetListener Reset counter
02-20 17:22:47.560  2179  3263 D tvapi   : [TVApiSystemNoActionAutoPowerOffImpl.java::stopTimer:90]: stopTimer: KeyEventListener
02-20 17:22:47.562  2489  2503 D CLog    : [null:26::a]: time = -1
02-20 17:22:47.563  2489  2503 D CLog    : [null:4::onTvNotify]: notifySystemSleepTimeTimeRemaining
02-20 17:22:47.563  2489  2503 D CLog    : [null:0::onTvNotify]: notifySystemSleepTimeTimeRemaining
02-20 17:22:47.567  2179  3263 D tvapi   : [TVApiSystemNoActionAutoPowerOffImpl.java::createTimer:86]: createTimer, delay: 14100000  period: 1000
02-20 17:22:47.569  2489  2503 D Evan    : handleKeyEvent:20
02-20 17:22:47.573  2283  2283 I CvteSpecialApkViewFocusHandlerImpl: CvteSpecialApkViewFocusHandlerImpl in
02-20 17:22:47.637  1793  1857 D ir_user : IR got value linux_key:108; status:2; u32MouseMode:0
02-20 17:22:47.637  1793  1857 D ir_user : up linuxkeycode is 108
02-20 17:22:47.639  1929  2074 I WindowManager: cvteInterceptKeyBeforeQueueing Go in event =20;mHotkeyService=com.cvte.tv.hotkey.IHotkeyService$Stub$Proxy@7909f7
02-20 17:22:47.640  2179  3263 D HotkeyService: [processKeyEvents]########## KEYCODE = 20   #########!!!
02-20 17:22:47.641  1584  1584 I HiMW_logic_system_module: [36m[GetLockEnable:323] entype:0, Enable:0, ret:0[0m
02-20 17:22:47.642  2179  3263 I HiMW_SystemSettingImpl: [36m[getLockEnable:292] lockType:0, enable:false[0m
02-20 17:22:47.646  1929  2073 I WindowManager: cvteInterceptKeyBeforeDispatching Go in event =20;mHotkeyService=com.cvte.tv.hotkey.IHotkeyService$Stub$Proxy@7909f7
02-20 17:22:47.647  2179  3263 D HotkeyService: [processKeyEvents]########## KEYCODE = 20   #########!!!
02-20 17:22:47.647  2179  3263 D Evan    : onGlobalKeyEvent keycode=20
02-20 17:22:47.652  2179  3263 D hotkey  : [HotkeyManager.java::handleMapKeyEvent:467]: KeyEvent { action=ACTION_UP, keyCode=KEYCODE_DPAD_DOWN, scanCode=108, metaState=0, flags=0x8, repeatCount=0, eventTime=521073, downTime=520967, deviceId=2, source=0x701 }
02-20 17:22:47.653  2179  3263 D tvapi   : [TVApiSystemSleepTimeImpl.java::handle:69]: TVApiSystemSleepTimeImpl handle KeyEvent { action=ACTION_UP, keyCode=KEYCODE_DPAD_DOWN, scanCode=108, metaState=0, flags=0x8, repeatCount=0, eventTime=521073, downTime=520967, deviceId=2, source=0x701 }
02-20 17:22:47.654  2179  3263 I HiMW_SourceManagerImpl: [36m[getCurSourceId:183] mainWindow:0, SourceId:13[0m
02-20 17:22:47.655  2179  3263 D tvapi   : [TVApiSystemSignalImpl.java::resetTime:120]: resetTime source = 13 ======= mNoSignalTime = 900
02-20 17:22:47.656  2179  3263 D tvapi   : [TVApiSystemNoActionAutoPowerOffImpl.java::handle:50]: KeyEvnetListener Reset counter
02-20 17:22:47.656  2179  3263 D tvapi   : [TVApiSystemNoActionAutoPowerOffImpl.java::stopTimer:90]: stopTimer: KeyEventListener
02-20 17:22:47.659  2489  2503 D CLog    : [null:26::a]: time = -1
02-20 17:22:47.659  2489  2503 D CLog    : [null:4::onTvNotify]: notifySystemSleepTimeTimeRemaining
02-20 17:22:47.659  2489  2503 D CLog    : [null:0::onTvNotify]: notifySystemSleepTimeTimeRemaining
02-20 17:22:47.668  2179  3263 D tvapi   : [TVApiSystemNoActionAutoPowerOffImpl.java::createTimer:86]: createTimer, delay: 14100000  period: 1000
02-20 17:22:47.671  2489  2503 D Evan    : handleKeyEvent:20
02-20 17:22:47.720  2283  2283 D InputEventConsistencyVerifier: KeyEvent: ACTION_UP but key was not down.
02-20 17:22:47.720  2283  2283 D InputEventConsistencyVerifier:   in com.cvte.tv.launcher.fall.view.PannelButton{b9be105 VFE...C.. .F...... 20,336-213,529 #7f080062 app:id/network}
02-20 17:22:47.720  2283  2283 D InputEventConsistencyVerifier:   0: sent at 521073000000, KeyEvent { action=ACTION_UP, keyCode=KEYCODE_DPAD_DOWN, scanCode=108, metaState=0, flags=0x8, repeatCount=0, eventTime=521073, downTime=520967, deviceId=2, source=0x701 }
02-20 17:22:48.393  1793  1857 D ir_user : IR got value linux_key:103; status:0; u32MouseMode:0
02-20 17:22:48.393  1793  1857 D ir_user : down linuxkeycode is 103
02-20 17:22:48.394  1929  2074 I WindowManager: cvteInterceptKeyBeforeQueueing Go in event =19;mHotkeyService=com.cvte.tv.hotkey.IHotkeyService$Stub$Proxy@7909f7
02-20 17:22:48.395  2179  3263 D HotkeyService: [processKeyEvents]########## KEYCODE = 19   #########!!!
02-20 17:22:48.396  1584  1584 I HiMW_logic_system_module: [36m[GetLockEnable:323] entype:0, Enable:0, ret:0[0m
02-20 17:22:48.397  2179  3263 I HiMW_SystemSettingImpl: [36m[getLockEnable:292] lockType:0, enable:false[0m
02-20 17:22:48.400  1929  2073 I WindowManager: cvteInterceptKeyBeforeDispatching Go in event =19;mHotkeyService=com.cvte.tv.hotkey.IHotkeyService$Stub$Proxy@7909f7
02-20 17:22:48.401  2179  3263 D HotkeyService: [processKeyEvents]########## KEYCODE = 19   #########!!!
02-20 17:22:48.401  2179  3263 D Evan    : onGlobalKeyEvent keycode=19
02-20 17:22:48.404  2179  3263 D hotkey  : [HotkeyManager.java::handleMapKeyEvent:467]: KeyEvent { action=ACTION_DOWN, keyCode=KEYCODE_DPAD_UP, scanCode=103, metaState=0, flags=0x8, repeatCount=0, eventTime=521829, downTime=521829, deviceId=2, source=0x701 }
02-20 17:22:48.405  2179  3263 D tvapi   : [TVApiSystemSleepTimeImpl.java::handle:69]: TVApiSystemSleepTimeImpl handle KeyEvent { action=ACTION_DOWN, keyCode=KEYCODE_DPAD_UP, scanCode=103, metaState=0, flags=0x8, repeatCount=0, eventTime=521829, downTime=521829, deviceId=2, source=0x701 }
02-20 17:22:48.407  2489  2503 D CLog    : [null:26::a]: time = -1
02-20 17:22:48.408  2489  2503 D CLog    : [null:4::onTvNotify]: notifySystemSleepTimeTimeRemaining
02-20 17:22:48.408  2489  2503 D CLog    : [null:0::onTvNotify]: notifySystemSleepTimeTimeRemaining
02-20 17:22:48.412  2179  3263 I HiMW_SourceManagerImpl: [36m[getCurSourceId:183] mainWindow:0, SourceId:13[0m
02-20 17:22:48.413  2179  3263 D tvapi   : [TVApiSystemSignalImpl.java::resetTime:120]: resetTime source = 13 ======= mNoSignalTime = 900
02-20 17:22:48.413  2179  3263 D tvapi   : [TVApiSystemNoActionAutoPowerOffImpl.java::handle:50]: KeyEvnetListener Reset counter
02-20 17:22:48.414  2179  3263 D tvapi   : [TVApiSystemNoActionAutoPowerOffImpl.java::stopTimer:90]: stopTimer: KeyEventListener
02-20 17:22:48.416  2489  2503 D CLog    : [null:26::a]: time = -1
02-20 17:22:48.417  2489  2503 D CLog    : [null:4::onTvNotify]: notifySystemSleepTimeTimeRemaining
02-20 17:22:48.417  2489  2503 D CLog    : [null:0::onTvNotify]: notifySystemSleepTimeTimeRemaining
02-20 17:22:48.421  2179  3263 D tvapi   : [TVApiSystemNoActionAutoPowerOffImpl.java::createTimer:86]: createTimer, delay: 14100000  period: 1000
02-20 17:22:48.423  2489  2503 D Evan    : handleKeyEvent:19
02-20 17:22:48.427  2283  2283 I CvteSpecialApkViewFocusHandlerImpl: CvteSpecialApkViewFocusHandlerImpl in
02-20 17:22:48.520  1793  1857 D ir_user : IR got value linux_key:103; status:2; u32MouseMode:0
02-20 17:22:48.520  1793  1857 D ir_user : up linuxkeycode is 103
02-20 17:22:48.521  1929  2074 I WindowManager: cvteInterceptKeyBeforeQueueing Go in event =19;mHotkeyService=com.cvte.tv.hotkey.IHotkeyService$Stub$Proxy@7909f7
02-20 17:22:48.523  2179  3263 D HotkeyService: [processKeyEvents]########## KEYCODE = 19   #########!!!
02-20 17:22:48.526  1584  1584 I HiMW_logic_system_module: [36m[GetLockEnable:323] entype:0, Enable:0, ret:0[0m
02-20 17:22:48.529  2179  3263 I HiMW_SystemSettingImpl: [36m[getLockEnable:292] lockType:0, enable:false[0m
02-20 17:22:48.533  1929  2073 I WindowManager: cvteInterceptKeyBeforeDispatching Go in event =19;mHotkeyService=com.cvte.tv.hotkey.IHotkeyService$Stub$Proxy@7909f7
02-20 17:22:48.534  2179  3263 D HotkeyService: [processKeyEvents]########## KEYCODE = 19   #########!!!
02-20 17:22:48.534  2179  3263 D Evan    : onGlobalKeyEvent keycode=19
02-20 17:22:48.539  2179  3263 D hotkey  : [HotkeyManager.java::handleMapKeyEvent:467]: KeyEvent { action=ACTION_UP, keyCode=KEYCODE_DPAD_UP, scanCode=103, metaState=0, flags=0x8, repeatCount=0, eventTime=521956, downTime=521829, deviceId=2, source=0x701 }
02-20 17:22:48.540  2179  3263 D tvapi   : [TVApiSystemSleepTimeImpl.java::handle:69]: TVApiSystemSleepTimeImpl handle KeyEvent { action=ACTION_UP, keyCode=KEYCODE_DPAD_UP, scanCode=103, metaState=0, flags=0x8, repeatCount=0, eventTime=521956, downTime=521829, deviceId=2, source=0x701 }
02-20 17:22:48.541  2179  3263 I HiMW_SourceManagerImpl: [36m[getCurSourceId:183] mainWindow:0, SourceId:13[0m
02-20 17:22:48.542  2179  3263 D tvapi   : [TVApiSystemSignalImpl.java::resetTime:120]: resetTime source = 13 ======= mNoSignalTime = 900
02-20 17:22:48.542  2179  3263 D tvapi   : [TVApiSystemNoActionAutoPowerOffImpl.java::handle:50]: KeyEvnetListener Reset counter
02-20 17:22:48.543  2179  3263 D tvapi   : [TVApiSystemNoActionAutoPowerOffImpl.java::stopTimer:90]: stopTimer: KeyEventListener
02-20 17:22:48.546  2489  2503 D CLog    : [null:26::a]: time = -1
02-20 17:22:48.547  2489  2503 D CLog    : [null:4::onTvNotify]: notifySystemSleepTimeTimeRemaining
02-20 17:22:48.547  2489  2503 D CLog    : [null:0::onTvNotify]: notifySystemSleepTimeTimeRemaining
02-20 17:22:48.552  2179  3263 D tvapi   : [TVApiSystemNoActionAutoPowerOffImpl.java::createTimer:86]: createTimer, delay: 14100000  period: 1000
02-20 17:22:48.554  2489  2503 D Evan    : handleKeyEvent:19
02-20 17:22:48.582  2283  2283 D InputEventConsistencyVerifier: KeyEvent: ACTION_UP but key was not down.
02-20 17:22:48.582  2283  2283 D InputEventConsistencyVerifier:   in com.cvte.tv.launcher.fall.view.PannelButton{b24047c VFE...C.. .F...... 20,123-213,316 #7f08001e app:id/apps}
02-20 17:22:48.582  2283  2283 D InputEventConsistencyVerifier:   0: sent at 521956000000, KeyEvent { action=ACTION_UP, keyCode=KEYCODE_DPAD_UP, scanCode=103, metaState=0, flags=0x8, repeatCount=0, eventTime=521956, downTime=521829, deviceId=2, source=0x701 }
02-20 17:22:48.582  2283  2283 D InputEventConsistencyVerifier:   -- recent events --
02-20 17:22:48.582  2283  2283 D InputEventConsistencyVerifier:   1: sent at 520967000000, (unhandled) KeyEvent { action=ACTION_DOWN, keyCode=KEYCODE_DPAD_DOWN, scanCode=108, metaState=0, flags=0x8, repeatCount=0, eventTime=520967, downTime=520967, deviceId=2, source=0x701 }
02-20 17:22:48.582  2283  2283 D InputEventConsistencyVerifier:   2: sent at 514433000000, (unhandled) KeyEvent { action=ACTION_UP, keyCode=KEYCODE_DPAD_LEFT, scanCode=105, metaState=0, flags=0x8, repeatCount=0, eventTime=514433, downTime=514307, deviceId=2, source=0x701 }
02-20 17:22:48.582  2283  2283 D InputEventConsistencyVerifier:   3: sent at 514307000000, (unhandled) KeyEvent { action=ACTION_DOWN, keyCode=KEYCODE_DPAD_LEFT, scanCode=105, metaState=0, flags=0x8, repeatCount=0, eventTime=514307, downTime=514307, deviceId=2, source=0x701 }
02-20 17:22:48.582  2283  2283 D InputEventConsistencyVerifier:   4: sent at 514055000000, (unhandled) KeyEvent { action=ACTION_UP, keyCode=KEYCODE_DPAD_LEFT, scanCode=105, metaState=0, flags=0x8, repeatCount=0, eventTime=514055, downTime=513924, deviceId=2, source=0x701 }
02-20 17:22:48.582  2283  2283 D InputEventConsistencyVerifier:   5: sent at 513924000000, (unhandled) KeyEvent { action=ACTION_DOWN, keyCode=KEYCODE_DPAD_LEFT, scanCode=105, metaState=0, flags=0x8, repeatCount=0, eventTime=513924, downTime=513924, deviceId=2, source=0x701 }
02-20 17:22:49.026  1793  1857 D ir_user : IR got value linux_key:28; status:0; u32MouseMode:0
02-20 17:22:49.026  1793  1857 D ir_user : down linuxkeycode is 28
02-20 17:22:49.027  1929  2074 I WindowManager: cvteInterceptKeyBeforeQueueing Go in event =23;mHotkeyService=com.cvte.tv.hotkey.IHotkeyService$Stub$Proxy@7909f7
02-20 17:22:49.028  2179  3263 D HotkeyService: [processKeyEvents]########## KEYCODE = 23   #########!!!
02-20 17:22:49.029  1584  1584 I HiMW_logic_system_module: [36m[GetLockEnable:323] entype:0, Enable:0, ret:0[0m
02-20 17:22:49.030  2179  3263 I HiMW_SystemSettingImpl: [36m[getLockEnable:292] lockType:0, enable:false[0m
02-20 17:22:49.033  1929  2073 I WindowManager: cvteInterceptKeyBeforeDispatching Go in event =23;mHotkeyService=com.cvte.tv.hotkey.IHotkeyService$Stub$Proxy@7909f7
02-20 17:22:49.034  2179  3263 D HotkeyService: [processKeyEvents]########## KEYCODE = 23   #########!!!
02-20 17:22:49.034  2179  3263 D Evan    : onGlobalKeyEvent keycode=23
02-20 17:22:49.037  2179  3263 D hotkey  : [HotkeyManager.java::handleMapKeyEvent:467]: KeyEvent { action=ACTION_DOWN, keyCode=KEYCODE_DPAD_CENTER, scanCode=28, metaState=0, flags=0x8, repeatCount=0, eventTime=522462, downTime=522462, deviceId=2, source=0x701 }
02-20 17:22:49.038  2179  3263 D tvapi   : [TVApiSystemSleepTimeImpl.java::handle:69]: TVApiSystemSleepTimeImpl handle KeyEvent { action=ACTION_DOWN, keyCode=KEYCODE_DPAD_CENTER, scanCode=28, metaState=0, flags=0x8, repeatCount=0, eventTime=522462, downTime=522462, deviceId=2, source=0x701 }
02-20 17:22:49.041  2489  2503 D CLog    : [null:26::a]: time = -1
02-20 17:22:49.041  2489  2503 D CLog    : [null:4::onTvNotify]: notifySystemSleepTimeTimeRemaining
02-20 17:22:49.041  2489  2503 D CLog    : [null:0::onTvNotify]: notifySystemSleepTimeTimeRemaining
02-20 17:22:49.045  2179  3263 I HiMW_SourceManagerImpl: [36m[getCurSourceId:183] mainWindow:0, SourceId:13[0m
02-20 17:22:49.046  2179  3263 D tvapi   : [TVApiSystemSignalImpl.java::resetTime:120]: resetTime source = 13 ======= mNoSignalTime = 900
02-20 17:22:49.046  2179  3263 D tvapi   : [TVApiSystemNoActionAutoPowerOffImpl.java::handle:50]: KeyEvnetListener Reset counter
02-20 17:22:49.047  2179  3263 D tvapi   : [TVApiSystemNoActionAutoPowerOffImpl.java::stopTimer:90]: stopTimer: KeyEventListener
02-20 17:22:49.049  2489  2503 D CLog    : [null:26::a]: time = -1
02-20 17:22:49.050  2489  2503 D CLog    : [null:4::onTvNotify]: notifySystemSleepTimeTimeRemaining
02-20 17:22:49.050  2489  2503 D CLog    : [null:0::onTvNotify]: notifySystemSleepTimeTimeRemaining
02-20 17:22:49.054  2179  3263 D tvapi   : [TVApiSystemNoActionAutoPowerOffImpl.java::createTimer:86]: createTimer, delay: 14100000  period: 1000
02-20 17:22:49.056  2489  2503 D Evan    : handleKeyEvent:23
02-20 17:22:49.060  2283  2283 I CvteSpecialApkViewFocusHandlerImpl: CvteSpecialApkViewFocusHandlerImpl in
02-20 17:22:49.152  1793  1857 D ir_user : IR got value linux_key:28; status:2; u32MouseMode:0
02-20 17:22:49.152  1793  1857 D ir_user : up linuxkeycode is 28
02-20 17:22:49.153  1929  2074 I WindowManager: cvteInterceptKeyBeforeQueueing Go in event =23;mHotkeyService=com.cvte.tv.hotkey.IHotkeyService$Stub$Proxy@7909f7
02-20 17:22:49.154  2179  3263 D HotkeyService: [processKeyEvents]########## KEYCODE = 23   #########!!!
02-20 17:22:49.155  1584  1584 I HiMW_logic_system_module: [36m[GetLockEnable:323] entype:0, Enable:0, ret:0[0m
02-20 17:22:49.156  2179  3263 I HiMW_SystemSettingImpl: [36m[getLockEnable:292] lockType:0, enable:false[0m
02-20 17:22:49.159  1929  2073 I WindowManager: cvteInterceptKeyBeforeDispatching Go in event =23;mHotkeyService=com.cvte.tv.hotkey.IHotkeyService$Stub$Proxy@7909f7
02-20 17:22:49.160  2179  3263 D HotkeyService: [processKeyEvents]########## KEYCODE = 23   #########!!!
02-20 17:22:49.160  2179  3263 D Evan    : onGlobalKeyEvent keycode=23
02-20 17:22:49.164  2179  3263 D hotkey  : [HotkeyManager.java::handleMapKeyEvent:467]: KeyEvent { action=ACTION_UP, keyCode=KEYCODE_DPAD_CENTER, scanCode=28, metaState=0, flags=0x8, repeatCount=0, eventTime=522588, downTime=522462, deviceId=2, source=0x701 }
02-20 17:22:49.164  2179  3263 D tvapi   : [TVApiSystemSleepTimeImpl.java::handle:69]: TVApiSystemSleepTimeImpl handle KeyEvent { action=ACTION_UP, keyCode=KEYCODE_DPAD_CENTER, scanCode=28, metaState=0, flags=0x8, repeatCount=0, eventTime=522588, downTime=522462, deviceId=2, source=0x701 }
02-20 17:22:49.166  2179  3263 I HiMW_SourceManagerImpl: [36m[getCurSourceId:183] mainWindow:0, SourceId:13[0m
02-20 17:22:49.167  2179  3263 D tvapi   : [TVApiSystemSignalImpl.java::resetTime:120]: resetTime source = 13 ======= mNoSignalTime = 900
02-20 17:22:49.167  2179  3263 D tvapi   : [TVApiSystemNoActionAutoPowerOffImpl.java::handle:50]: KeyEvnetListener Reset counter
02-20 17:22:49.168  2179  3263 D tvapi   : [TVApiSystemNoActionAutoPowerOffImpl.java::stopTimer:90]: stopTimer: KeyEventListener
02-20 17:22:49.170  2489  2503 D CLog    : [null:26::a]: time = -1
02-20 17:22:49.170  2489  2503 D CLog    : [null:4::onTvNotify]: notifySystemSleepTimeTimeRemaining
02-20 17:22:49.170  2489  2503 D CLog    : [null:0::onTvNotify]: notifySystemSleepTimeTimeRemaining
02-20 17:22:49.175  2179  3263 D tvapi   : [TVApiSystemNoActionAutoPowerOffImpl.java::createTimer:86]: createTimer, delay: 14100000  period: 1000
02-20 17:22:49.176  2489  2503 D Evan    : handleKeyEvent:23
--------- beginning of system
02-20 17:22:49.187  1929  2401 I ActivityManager: START u0 {act=com.stark.store.AppList flg=0x10008000 cmp=com.stark.store/.ui.myapps.MyAppsActivity} from uid 10042
02-20 17:22:49.354  1929  2015 I ActivityManager: Start proc 3286:com.stark.store/u0a41 for activity com.stark.store/.ui.myapps.MyAppsActivity
02-20 17:22:49.355  3286  3286 I Zygote  : seccomp disabled by setenforce 0
02-20 17:22:49.365  3286  3286 W com.stark.stor: Using default instruction set features for ARM CPU variant (cortex-a9) using conservative defaults
02-20 17:22:49.395  1929  2057 W System  : ClassLoader referenced unknown path: 
02-20 17:22:49.418  1929  2401 I WindowManager: Rotate the screen 0 degree
02-20 17:22:49.481  1929  2401 W ActivityManager: Slow operation: 71ms so far, now at attachApplicationLocked: after mServices.attachApplicationLocked
02-20 17:22:49.520  3286  3286 D libnativeloader: classloader namespace configured for unbundled vendor apk. library_path=/vendor/app/StarkStore/lib/arm:/vendor/lib
02-20 17:22:49.526  1929  2057 E ion     : ioctl c0044901 failed with code -1: Invalid argument
02-20 17:22:49.614  1929  1943 I system_server: NativeAlloc concurrent copying GC freed 11947(598KB) AllocSpace objects, 0(0B) LOS objects, 19% free, 5MB/6MB, paused 369us total 227.962ms
02-20 17:22:49.959  3286  3286 D StarkApplication: onTrimMemory: 15
02-20 17:22:50.133  3286  3303 D NetworkSecurityConfig: Using Network Security Config from resource network_security_config debugBuild: false
02-20 17:22:50.415  3286  3303 D OkHttp  : --> GET http://appstore.cvtapi.com/tvweb-rest/api/v1/groot/app/whiteList?chip=TP.SK508.PB801&language=en&model=MD_CVTE_OVERSEA_HI3751ARBCV3510N0N_9_1_1G_STARKOS&sdk=9&version=50&hw=bigfish
02-20 17:22:50.416  3286  3303 D OkHttp  : --> END GET
02-20 17:22:50.750  3286  3286 D StarkLiveData: onActive: true
02-20 17:22:50.751  3286  3286 I chatty  : uid=10041(com.stark.store) identical 2 lines
02-20 17:22:50.751  3286  3286 D StarkLiveData: onActive: true
02-20 17:22:50.757  3286  3286 D OpenGLRenderer: HWUI GL Pipeline
02-20 17:22:50.767  2239  2239 I HiRMS_SystemMonitor: HiSystemMonitor.dispatchMessages:what = 1 msg = com.stark.store
02-20 17:22:50.767  2239  2239 E HiRMS_CtsListener: CtsListener.notify: what=1 msg=com.stark.store
02-20 17:22:50.775  2239  2239 I HiMW_SourceManagerImpl: [36m[getCurSourceId:183] mainWindow:0, SourceId:13[0m
02-20 17:22:50.776  1584  1584 E HiMW_logic_tv_player: [31m[getTimming:619] getStreamVideoInfo fail, ret:0xffffffff[0m
02-20 17:22:50.776  1584  1584 I HiMW_logic_source_module: [36m[GetTimmingInfo:170] width:0, height:0, u32FrameRate:0, bInterlace:0, enFormatHDMI:0, enFormat3d:0, enColorSpace:0, bMHL:0, ret:-1[0m
02-20 17:22:50.778  2239  2239 I HiMW_SourceManagerImpl: [36m[getTimingInfo:277] TimingInfo [iWidth=0, iHeight=0, iFrame=0, bInterlace=false, iHDMIFmt=0, i3dFmt=0, bMHL=false], execute failed   ret = -1[0m
02-20 17:22:50.781  2239  2239 D HiRMS_RamManager: updateSceneType: msg = com.stark.store:3286 scene = 1
02-20 17:22:50.840  3286  3310 I ConfigStore: android::hardware::configstore::V1_0::ISurfaceFlingerConfigs::hasWideColorDisplay retrieved: 0
02-20 17:22:50.840  3286  3310 I ConfigStore: android::hardware::configstore::V1_0::ISurfaceFlingerConfigs::hasHDRDisplay retrieved: 0
02-20 17:22:50.841  3286  3310 I OpenGLRenderer: Initialized EGL, version 1.4
02-20 17:22:50.841  3286  3310 D OpenGLRenderer: Swap behavior 2
02-20 17:22:50.860  1582  1754 I hwsysmanager@1.0: HwSysManager write cgroup: /sys/fs/cgroup/memory/cgroup.procs:2283
02-20 17:22:50.903  1582  1754 I hwsysmanager@1.0: HwSysManager write cgroup: /sys/fs/cgroup/memory/topapp/cgroup.procs:3286
02-20 17:22:50.907  2239  2378 D HiRMS_RamManager: keep ram statu level
02-20 17:22:50.908  2239  2378 D HiRMS_RamManager: updateRamStatus total:991316KB Avail:502660KB free:319568KB cache:147132KB
02-20 17:22:50.909  2239  2378 W HiRMS_RamController: Ignore this reclaim: ramStatusLevel = 3 isLauncher = false
02-20 17:22:51.318  3286  3286 I Choreographer: Skipped 30 frames!  The application may be doing too much work on its main thread.
02-20 17:22:51.371  3286  3286 W Glide   : Failed to find GeneratedAppGlideModule. You should include an annotationProcessor compile dependency on com.github.bumptech.glide:compiler in your application and a @GlideModule annotated AppGlideModule implementation or LibraryGlideModules will be silently ignored
02-20 17:22:51.754  3286  3310 E ion     : ioctl c0044901 failed with code -1: Invalid argument
02-20 17:22:51.853  1929  2021 I ActivityManager: Displayed com.stark.store/.ui.myapps.MyAppsActivity: +2s534ms
02-20 17:22:51.955  2179  3263 I HiMW_SourceManagerImpl: [36m[getCurSourceId:183] mainWindow:0, SourceId:13[0m
02-20 17:22:51.956  2179  3263 D tvapi   : [TVApiScreenDisplayImpl.java::localeventScreenWindowMute:78]: ==>>> call eventScreenWindowMute, flag = true; preSource = 0;curSource = 13
02-20 17:22:51.956  2179  3263 E tvapi   : [TVApiScreenDisplayImpl.java::localeventScreenWindowMute:85]: ===>>> Always in Media Source.. Not need to change..
02-20 17:22:52.064  1707  2517 W SurfaceFlinger: Attempting to set client state on removed layer: Splash Screen com.stark.store#0
02-20 17:22:52.064  1707  2517 W SurfaceFlinger: Attempting to destroy on removed layer: Splash Screen com.stark.store#0
02-20 17:22:52.560  1793  1857 D ir_user : IR got value linux_key:108; status:0; u32MouseMode:0
02-20 17:22:52.560  1793  1857 D ir_user : down linuxkeycode is 108
02-20 17:22:52.561  1929  2074 I WindowManager: cvteInterceptKeyBeforeQueueing Go in event =20;mHotkeyService=com.cvte.tv.hotkey.IHotkeyService$Stub$Proxy@7909f7
02-20 17:22:52.562  2179  3263 D HotkeyService: [processKeyEvents]########## KEYCODE = 20   #########!!!
02-20 17:22:52.563  1584  1584 I HiMW_logic_system_module: [36m[GetLockEnable:323] entype:0, Enable:0, ret:0[0m
02-20 17:22:52.564  2179  3263 I HiMW_SystemSettingImpl: [36m[getLockEnable:292] lockType:0, enable:false[0m
02-20 17:22:52.568  1929  2073 I WindowManager: cvteInterceptKeyBeforeDispatching Go in event =20;mHotkeyService=com.cvte.tv.hotkey.IHotkeyService$Stub$Proxy@7909f7
02-20 17:22:52.569  2179  3263 D HotkeyService: [processKeyEvents]########## KEYCODE = 20   #########!!!
02-20 17:22:52.569  2179  3263 D Evan    : onGlobalKeyEvent keycode=20
02-20 17:22:52.572  2179  3263 D hotkey  : [HotkeyManager.java::handleMapKeyEvent:467]: KeyEvent { action=ACTION_DOWN, keyCode=KEYCODE_DPAD_DOWN, scanCode=108, metaState=0, flags=0x8, repeatCount=0, eventTime=525996, downTime=525996, deviceId=2, source=0x701 }
02-20 17:22:52.573  2179  3263 D tvapi   : [TVApiSystemSleepTimeImpl.java::handle:69]: TVApiSystemSleepTimeImpl handle KeyEvent { action=ACTION_DOWN, keyCode=KEYCODE_DPAD_DOWN, scanCode=108, metaState=0, flags=0x8, repeatCount=0, eventTime=525996, downTime=525996, deviceId=2, source=0x701 }
02-20 17:22:52.575  2489  2503 D CLog    : [null:26::a]: time = -1
02-20 17:22:52.575  2489  2503 D CLog    : [null:4::onTvNotify]: notifySystemSleepTimeTimeRemaining
02-20 17:22:52.576  2489  2503 D CLog    : [null:0::onTvNotify]: notifySystemSleepTimeTimeRemaining
02-20 17:22:52.579  2179  3263 I HiMW_SourceManagerImpl: [36m[getCurSourceId:183] mainWindow:0, SourceId:13[0m
02-20 17:22:52.580  2179  3263 D tvapi   : [TVApiSystemSignalImpl.java::resetTime:120]: resetTime source = 13 ======= mNoSignalTime = 900
02-20 17:22:52.581  2179  3263 D tvapi   : [TVApiSystemNoActionAutoPowerOffImpl.java::handle:50]: KeyEvnetListener Reset counter
02-20 17:22:52.582  2179  3263 D tvapi   : [TVApiSystemNoActionAutoPowerOffImpl.java::stopTimer:90]: stopTimer: KeyEventListener
02-20 17:22:52.584  2489  2503 D CLog    : [null:26::a]: time = -1
02-20 17:22:52.585  2489  2503 D CLog    : [null:4::onTvNotify]: notifySystemSleepTimeTimeRemaining
02-20 17:22:52.585  2489  2503 D CLog    : [null:0::onTvNotify]: notifySystemSleepTimeTimeRemaining
02-20 17:22:52.590  2179  3263 D tvapi   : [TVApiSystemNoActionAutoPowerOffImpl.java::createTimer:86]: createTimer, delay: 14100000  period: 1000
02-20 17:22:52.592  2489  2503 D Evan    : handleKeyEvent:20
02-20 17:22:52.598  3286  3286 I CvteSpecialApkViewFocusHandlerImpl: CvteSpecialApkViewFocusHandlerImpl in
02-20 17:22:52.603  3286  3286 D UserAppPresenter: onKey: 
02-20 17:22:52.686  1793  1857 D ir_user : IR got value linux_key:108; status:2; u32MouseMode:0
02-20 17:22:52.686  1793  1857 D ir_user : up linuxkeycode is 108
02-20 17:22:52.688  1929  2074 I WindowManager: cvteInterceptKeyBeforeQueueing Go in event =20;mHotkeyService=com.cvte.tv.hotkey.IHotkeyService$Stub$Proxy@7909f7
02-20 17:22:52.689  2179  3263 D HotkeyService: [processKeyEvents]########## KEYCODE = 20   #########!!!
02-20 17:22:52.690  1584  1584 I HiMW_logic_system_module: [36m[GetLockEnable:323] entype:0, Enable:0, ret:0[0m
02-20 17:22:52.692  2179  3263 I HiMW_SystemSettingImpl: [36m[getLockEnable:292] lockType:0, enable:false[0m
02-20 17:22:52.699  1929  2073 I WindowManager: cvteInterceptKeyBeforeDispatching Go in event =20;mHotkeyService=com.cvte.tv.hotkey.IHotkeyService$Stub$Proxy@7909f7
02-20 17:22:52.700  2179  3263 D HotkeyService: [processKeyEvents]########## KEYCODE = 20   #########!!!
02-20 17:22:52.701  2179  3263 D Evan    : onGlobalKeyEvent keycode=20
02-20 17:22:52.705  2179  3263 D hotkey  : [HotkeyManager.java::handleMapKeyEvent:467]: KeyEvent { action=ACTION_UP, keyCode=KEYCODE_DPAD_DOWN, scanCode=108, metaState=0, flags=0x8, repeatCount=0, eventTime=526122, downTime=525996, deviceId=2, source=0x701 }
02-20 17:22:52.707  2179  3263 D tvapi   : [TVApiSystemSleepTimeImpl.java::handle:69]: TVApiSystemSleepTimeImpl handle KeyEvent { action=ACTION_UP, keyCode=KEYCODE_DPAD_DOWN, scanCode=108, metaState=0, flags=0x8, repeatCount=0, eventTime=526122, downTime=525996, deviceId=2, source=0x701 }
02-20 17:22:52.708  2179  3263 I HiMW_SourceManagerImpl: [36m[getCurSourceId:183] mainWindow:0, SourceId:13[0m
02-20 17:22:52.709  2179  3263 D tvapi   : [TVApiSystemSignalImpl.java::resetTime:120]: resetTime source = 13 ======= mNoSignalTime = 900
02-20 17:22:52.709  2179  3263 D tvapi   : [TVApiSystemNoActionAutoPowerOffImpl.java::handle:50]: KeyEvnetListener Reset counter
02-20 17:22:52.710  2179  3263 D tvapi   : [TVApiSystemNoActionAutoPowerOffImpl.java::stopTimer:90]: stopTimer: KeyEventListener
02-20 17:22:52.714  2489  2503 D CLog    : [null:26::a]: time = -1
02-20 17:22:52.714  2489  2503 D CLog    : [null:4::onTvNotify]: notifySystemSleepTimeTimeRemaining
02-20 17:22:52.714  2489  2503 D CLog    : [null:0::onTvNotify]: notifySystemSleepTimeTimeRemaining
02-20 17:22:52.720  2179  3263 D tvapi   : [TVApiSystemNoActionAutoPowerOffImpl.java::createTimer:86]: createTimer, delay: 14100000  period: 1000
02-20 17:22:52.723  2489  2503 D Evan    : handleKeyEvent:20
02-20 17:22:52.763  3286  3286 D InputEventConsistencyVerifier: KeyEvent: ACTION_UP but key was not down.
02-20 17:22:52.763  3286  3286 D InputEventConsistencyVerifier:   in androidx.leanback.widget.RowContainerView{6b66100 V.E...... ........ 0,480-1816,736}
02-20 17:22:52.763  3286  3286 D InputEventConsistencyVerifier:   0: sent at 526122000000, KeyEvent { action=ACTION_UP, keyCode=KEYCODE_DPAD_DOWN, scanCode=108, metaState=0, flags=0x8, repeatCount=0, eventTime=526122, downTime=525996, deviceId=2, source=0x701 }
02-20 17:22:52.763  3286  3286 D UserAppPresenter: onKey: 
02-20 17:22:52.941  3286  3304 E PermissionCheck: permission:android.permission.PACKAGE_USAGE_STATS,is not granted
02-20 17:22:52.941  3286  3304 E AppUtils: RecentlyUsed not grant
02-20 17:22:52.941  3286  3304 W MyAppsViewModel: RecentlyAppLiveData onActiveBackground: can not get recently app
02-20 17:22:52.981  1793  1857 D ir_user : IR got value linux_key:108; status:0; u32MouseMode:0
02-20 17:22:52.981  1793  1857 D ir_user : down linuxkeycode is 108
02-20 17:22:52.982  1929  2074 I WindowManager: cvteInterceptKeyBeforeQueueing Go in event =20;mHotkeyService=com.cvte.tv.hotkey.IHotkeyService$Stub$Proxy@7909f7
02-20 17:22:52.983  2179  3263 D HotkeyService: [processKeyEvents]########## KEYCODE = 20   #########!!!
02-20 17:22:52.984  1584  1584 I HiMW_logic_system_module: [36m[GetLockEnable:323] entype:0, Enable:0, ret:0[0m
02-20 17:22:52.985  2179  3263 I HiMW_SystemSettingImpl: [36m[getLockEnable:292] lockType:0, enable:false[0m
02-20 17:22:52.989  1929  2073 I WindowManager: cvteInterceptKeyBeforeDispatching Go in event =20;mHotkeyService=com.cvte.tv.hotkey.IHotkeyService$Stub$Proxy@7909f7
02-20 17:22:52.990  2179  3263 D HotkeyService: [processKeyEvents]########## KEYCODE = 20   #########!!!
02-20 17:22:52.990  2179  3263 D Evan    : onGlobalKeyEvent keycode=20
02-20 17:22:52.993  2179  3263 D hotkey  : [HotkeyManager.java::handleMapKeyEvent:467]: KeyEvent { action=ACTION_DOWN, keyCode=KEYCODE_DPAD_DOWN, scanCode=108, metaState=0, flags=0x8, repeatCount=0, eventTime=526417, downTime=526417, deviceId=2, source=0x701 }
02-20 17:22:52.993  2179  3263 D tvapi   : [TVApiSystemSleepTimeImpl.java::handle:69]: TVApiSystemSleepTimeImpl handle KeyEvent { action=ACTION_DOWN, keyCode=KEYCODE_DPAD_DOWN, scanCode=108, metaState=0, flags=0x8, repeatCount=0, eventTime=526417, downTime=526417, deviceId=2, source=0x701 }
02-20 17:22:52.996  2489  2503 D CLog    : [null:26::a]: time = -1
02-20 17:22:52.996  2489  2503 D CLog    : [null:4::onTvNotify]: notifySystemSleepTimeTimeRemaining
02-20 17:22:52.996  2489  2503 D CLog    : [null:0::onTvNotify]: notifySystemSleepTimeTimeRemaining
02-20 17:22:53.000  2179  3263 I HiMW_SourceManagerImpl: [36m[getCurSourceId:183] mainWindow:0, SourceId:13[0m
02-20 17:22:53.001  2179  3263 D tvapi   : [TVApiSystemSignalImpl.java::resetTime:120]: resetTime source = 13 ======= mNoSignalTime = 900
02-20 17:22:53.001  2179  3263 D tvapi   : [TVApiSystemNoActionAutoPowerOffImpl.java::handle:50]: KeyEvnetListener Reset counter
02-20 17:22:53.002  2179  3263 D tvapi   : [TVApiSystemNoActionAutoPowerOffImpl.java::stopTimer:90]: stopTimer: KeyEventListener
02-20 17:22:53.004  2489  2503 D CLog    : [null:26::a]: time = -1
02-20 17:22:53.005  2489  2503 D CLog    : [null:4::onTvNotify]: notifySystemSleepTimeTimeRemaining
02-20 17:22:53.005  2489  2503 D CLog    : [null:0::onTvNotify]: notifySystemSleepTimeTimeRemaining
02-20 17:22:53.009  2179  3263 D tvapi   : [TVApiSystemNoActionAutoPowerOffImpl.java::createTimer:86]: createTimer, delay: 14100000  period: 1000
02-20 17:22:53.010  2489  2503 D Evan    : handleKeyEvent:20
02-20 17:22:53.014  3286  3286 I CvteSpecialApkViewFocusHandlerImpl: CvteSpecialApkViewFocusHandlerImpl in
02-20 17:22:53.017  3286  3286 D UserAppPresenter: onKey: 
02-20 17:22:53.107  1793  1857 D ir_user : IR got value linux_key:108; status:2; u32MouseMode:0
02-20 17:22:53.107  1793  1857 D ir_user : up linuxkeycode is 108
02-20 17:22:53.109  1929  2074 I WindowManager: cvteInterceptKeyBeforeQueueing Go in event =20;mHotkeyService=com.cvte.tv.hotkey.IHotkeyService$Stub$Proxy@7909f7
02-20 17:22:53.110  2179  3263 D HotkeyService: [processKeyEvents]########## KEYCODE = 20   #########!!!
02-20 17:22:53.111  1584  1584 I HiMW_logic_system_module: [36m[GetLockEnable:323] entype:0, Enable:0, ret:0[0m
02-20 17:22:53.116  2179  3263 I HiMW_SystemSettingImpl: [36m[getLockEnable:292] lockType:0, enable:false[0m
02-20 17:22:53.121  1929  2073 I WindowManager: cvteInterceptKeyBeforeDispatching Go in event =20;mHotkeyService=com.cvte.tv.hotkey.IHotkeyService$Stub$Proxy@7909f7
02-20 17:22:53.122  2179  3263 D HotkeyService: [processKeyEvents]########## KEYCODE = 20   #########!!!
02-20 17:22:53.122  2179  3263 D Evan    : onGlobalKeyEvent keycode=20
02-20 17:22:53.127  2179  3263 D hotkey  : [HotkeyManager.java::handleMapKeyEvent:467]: KeyEvent { action=ACTION_UP, keyCode=KEYCODE_DPAD_DOWN, scanCode=108, metaState=0, flags=0x8, repeatCount=0, eventTime=526543, downTime=526417, deviceId=2, source=0x701 }
02-20 17:22:53.128  2179  3263 D tvapi   : [TVApiSystemSleepTimeImpl.java::handle:69]: TVApiSystemSleepTimeImpl handle KeyEvent { action=ACTION_UP, keyCode=KEYCODE_DPAD_DOWN, scanCode=108, metaState=0, flags=0x8, repeatCount=0, eventTime=526543, downTime=526417, deviceId=2, source=0x701 }
02-20 17:22:53.129  2179  3263 I HiMW_SourceManagerImpl: [36m[getCurSourceId:183] mainWindow:0, SourceId:13[0m
02-20 17:22:53.130  2179  3263 D tvapi   : [TVApiSystemSignalImpl.java::resetTime:120]: resetTime source = 13 ======= mNoSignalTime = 900
02-20 17:22:53.130  2179  3263 D tvapi   : [TVApiSystemNoActionAutoPowerOffImpl.java::handle:50]: KeyEvnetListener Reset counter
02-20 17:22:53.131  2179  3263 D tvapi   : [TVApiSystemNoActionAutoPowerOffImpl.java::stopTimer:90]: stopTimer: KeyEventListener
02-20 17:22:53.135  2489  2503 D CLog    : [null:26::a]: time = -1
02-20 17:22:53.135  2489  2503 D CLog    : [null:4::onTvNotify]: notifySystemSleepTimeTimeRemaining
02-20 17:22:53.136  2489  2503 D CLog    : [null:0::onTvNotify]: notifySystemSleepTimeTimeRemaining
02-20 17:22:53.143  2179  3263 D tvapi   : [TVApiSystemNoActionAutoPowerOffImpl.java::createTimer:86]: createTimer, delay: 14100000  period: 1000
02-20 17:22:53.146  2489  2503 D Evan    : handleKeyEvent:20
02-20 17:22:53.156  3286  3286 D InputEventConsistencyVerifier: KeyEvent: ACTION_UP but key was not down.
02-20 17:22:53.156  3286  3286 D InputEventConsistencyVerifier:   in androidx.leanback.widget.RowContainerView{4c9a71 V.E...... ........ 0,617-1816,873}
02-20 17:22:53.156  3286  3286 D InputEventConsistencyVerifier:   0: sent at 526543000000, KeyEvent { action=ACTION_UP, keyCode=KEYCODE_DPAD_DOWN, scanCode=108, metaState=0, flags=0x8, repeatCount=0, eventTime=526543, downTime=526417, deviceId=2, source=0x701 }
02-20 17:22:53.157  3286  3286 D UserAppPresenter: onKey: 
02-20 17:22:53.358  1929  2112 E TaskPersister: File error accessing recents directory (directory doesn't exist?).
02-20 17:22:53.569  1793  1857 D ir_user : IR got value linux_key:106; status:0; u32MouseMode:0
02-20 17:22:53.569  1793  1857 D ir_user : down linuxkeycode is 106
02-20 17:22:53.570  1929  2074 I WindowManager: cvteInterceptKeyBeforeQueueing Go in event =22;mHotkeyService=com.cvte.tv.hotkey.IHotkeyService$Stub$Proxy@7909f7
02-20 17:22:53.571  2179  3263 D HotkeyService: [processKeyEvents]########## KEYCODE = 22   #########!!!
02-20 17:22:53.572  1584  1584 I HiMW_logic_system_module: [36m[GetLockEnable:323] entype:0, Enable:0, ret:0[0m
02-20 17:22:53.573  2179  3263 I HiMW_SystemSettingImpl: [36m[getLockEnable:292] lockType:0, enable:false[0m
02-20 17:22:53.576  1929  2073 I WindowManager: cvteInterceptKeyBeforeDispatching Go in event =22;mHotkeyService=com.cvte.tv.hotkey.IHotkeyService$Stub$Proxy@7909f7
02-20 17:22:53.577  2179  3263 D HotkeyService: [processKeyEvents]########## KEYCODE = 22   #########!!!
02-20 17:22:53.577  2179  3263 D Evan    : onGlobalKeyEvent keycode=22
02-20 17:22:53.580  2179  3263 D hotkey  : [HotkeyManager.java::handleMapKeyEvent:467]: KeyEvent { action=ACTION_DOWN, keyCode=KEYCODE_DPAD_RIGHT, scanCode=106, metaState=0, flags=0x8, repeatCount=0, eventTime=527005, downTime=527005, deviceId=2, source=0x701 }
02-20 17:22:53.581  2179  3263 D tvapi   : [TVApiSystemSleepTimeImpl.java::handle:69]: TVApiSystemSleepTimeImpl handle KeyEvent { action=ACTION_DOWN, keyCode=KEYCODE_DPAD_RIGHT, scanCode=106, metaState=0, flags=0x8, repeatCount=0, eventTime=527005, downTime=527005, deviceId=2, source=0x701 }
02-20 17:22:53.584  2489  2503 D CLog    : [null:26::a]: time = -1
02-20 17:22:53.584  2489  2503 D CLog    : [null:4::onTvNotify]: notifySystemSleepTimeTimeRemaining
02-20 17:22:53.584  2489  2503 D CLog    : [null:0::onTvNotify]: notifySystemSleepTimeTimeRemaining
02-20 17:22:53.588  2179  3263 I HiMW_SourceManagerImpl: [36m[getCurSourceId:183] mainWindow:0, SourceId:13[0m
02-20 17:22:53.588  2179  3263 D tvapi   : [TVApiSystemSignalImpl.java::resetTime:120]: resetTime source = 13 ======= mNoSignalTime = 900
02-20 17:22:53.589  2179  3263 D tvapi   : [TVApiSystemNoActionAutoPowerOffImpl.java::handle:50]: KeyEvnetListener Reset counter
02-20 17:22:53.589  2179  3263 D tvapi   : [TVApiSystemNoActionAutoPowerOffImpl.java::stopTimer:90]: stopTimer: KeyEventListener
02-20 17:22:53.592  2489  2503 D CLog    : [null:26::a]: time = -1
02-20 17:22:53.592  2489  2503 D CLog    : [null:4::onTvNotify]: notifySystemSleepTimeTimeRemaining
02-20 17:22:53.592  2489  2503 D CLog    : [null:0::onTvNotify]: notifySystemSleepTimeTimeRemaining
02-20 17:22:53.596  2179  3263 D tvapi   : [TVApiSystemNoActionAutoPowerOffImpl.java::createTimer:86]: createTimer, delay: 14100000  period: 1000
02-20 17:22:53.598  2489  2503 D Evan    : handleKeyEvent:22
02-20 17:22:53.602  3286  3286 I CvteSpecialApkViewFocusHandlerImpl: CvteSpecialApkViewFocusHandlerImpl in
02-20 17:22:53.604  3286  3286 D UserAppPresenter: onKey: 
02-20 17:22:53.696  1793  1857 D ir_user : IR got value linux_key:106; status:2; u32MouseMode:0
02-20 17:22:53.696  1793  1857 D ir_user : up linuxkeycode is 106
02-20 17:22:53.698  1929  2074 I WindowManager: cvteInterceptKeyBeforeQueueing Go in event =22;mHotkeyService=com.cvte.tv.hotkey.IHotkeyService$Stub$Proxy@7909f7
02-20 17:22:53.699  2179  3263 D HotkeyService: [processKeyEvents]########## KEYCODE = 22   #########!!!
02-20 17:22:53.700  1584  1584 I HiMW_logic_system_module: [36m[GetLockEnable:323] entype:0, Enable:0, ret:0[0m
02-20 17:22:53.702  2179  3263 I HiMW_SystemSettingImpl: [36m[getLockEnable:292] lockType:0, enable:false[0m
02-20 17:22:53.706  1929  2073 I WindowManager: cvteInterceptKeyBeforeDispatching Go in event =22;mHotkeyService=com.cvte.tv.hotkey.IHotkeyService$Stub$Proxy@7909f7
02-20 17:22:53.707  2179  3263 D HotkeyService: [processKeyEvents]########## KEYCODE = 22   #########!!!
02-20 17:22:53.708  2179  3263 D Evan    : onGlobalKeyEvent keycode=22
02-20 17:22:53.712  2179  3263 D hotkey  : [HotkeyManager.java::handleMapKeyEvent:467]: KeyEvent { action=ACTION_UP, keyCode=KEYCODE_DPAD_RIGHT, scanCode=106, metaState=0, flags=0x8, repeatCount=0, eventTime=527132, downTime=527005, deviceId=2, source=0x701 }
02-20 17:22:53.713  2179  3263 D tvapi   : [TVApiSystemSleepTimeImpl.java::handle:69]: TVApiSystemSleepTimeImpl handle KeyEvent { action=ACTION_UP, keyCode=KEYCODE_DPAD_RIGHT, scanCode=106, metaState=0, flags=0x8, repeatCount=0, eventTime=527132, downTime=527005, deviceId=2, source=0x701 }
02-20 17:22:53.714  2179  3263 I HiMW_SourceManagerImpl: [36m[getCurSourceId:183] mainWindow:0, SourceId:13[0m
02-20 17:22:53.715  2179  3263 D tvapi   : [TVApiSystemSignalImpl.java::resetTime:120]: resetTime source = 13 ======= mNoSignalTime = 900
02-20 17:22:53.717  2179  3263 D tvapi   : [TVApiSystemNoActionAutoPowerOffImpl.java::handle:50]: KeyEvnetListener Reset counter
02-20 17:22:53.717  2179  3263 D tvapi   : [TVApiSystemNoActionAutoPowerOffImpl.java::stopTimer:90]: stopTimer: KeyEventListener
02-20 17:22:53.725  2489  2503 D CLog    : [null:26::a]: time = -1
02-20 17:22:53.725  2489  2503 D CLog    : [null:4::onTvNotify]: notifySystemSleepTimeTimeRemaining
02-20 17:22:53.726  2489  2503 D CLog    : [null:0::onTvNotify]: notifySystemSleepTimeTimeRemaining
02-20 17:22:53.734  2179  3263 D tvapi   : [TVApiSystemNoActionAutoPowerOffImpl.java::createTimer:86]: createTimer, delay: 14100000  period: 1000
02-20 17:22:53.735  2489  2503 D Evan    : handleKeyEvent:22
02-20 17:22:53.785  3286  3286 D InputEventConsistencyVerifier: KeyEvent: ACTION_UP but key was not down.
02-20 17:22:53.785  3286  3286 D InputEventConsistencyVerifier:   in androidx.leanback.widget.ShadowOverlayContainer{8a08d2c V.ED..... ..S..... 464,12-832,244}
02-20 17:22:53.785  3286  3286 D InputEventConsistencyVerifier:   0: sent at 527132000000, KeyEvent { action=ACTION_UP, keyCode=KEYCODE_DPAD_RIGHT, scanCode=106, metaState=0, flags=0x8, repeatCount=0, eventTime=527132, downTime=527005, deviceId=2, source=0x701 }
02-20 17:22:53.786  3286  3286 D UserAppPresenter: onKey: 
02-20 17:22:53.963  1929  2401 D PackageManager: Instant App installer not found with android.intent.action.INSTALL_INSTANT_APP_PACKAGE_TEST
02-20 17:22:53.963  1929  2401 D PackageManager: Instant App installer not found with android.intent.action.INSTALL_INSTANT_APP_PACKAGE
02-20 17:22:53.963  1929  2401 D PackageManager: Clear ephemeral installer activity
02-20 17:22:54.244  1793  1857 D ir_user : IR got value linux_key:28; status:0; u32MouseMode:0
02-20 17:22:54.244  1793  1857 D ir_user : down linuxkeycode is 28
02-20 17:22:54.245  1929  2074 I WindowManager: cvteInterceptKeyBeforeQueueing Go in event =23;mHotkeyService=com.cvte.tv.hotkey.IHotkeyService$Stub$Proxy@7909f7
02-20 17:22:54.246  2179  3263 D HotkeyService: [processKeyEvents]########## KEYCODE = 23   #########!!!
02-20 17:22:54.247  1584  1584 I HiMW_logic_system_module: [36m[GetLockEnable:323] entype:0, Enable:0, ret:0[0m
02-20 17:22:54.248  2179  3263 I HiMW_SystemSettingImpl: [36m[getLockEnable:292] lockType:0, enable:false[0m
02-20 17:22:54.252  1929  2073 I WindowManager: cvteInterceptKeyBeforeDispatching Go in event =23;mHotkeyService=com.cvte.tv.hotkey.IHotkeyService$Stub$Proxy@7909f7
02-20 17:22:54.252  2179  3263 D HotkeyService: [processKeyEvents]########## KEYCODE = 23   #########!!!
02-20 17:22:54.253  2179  3263 D Evan    : onGlobalKeyEvent keycode=23
02-20 17:22:54.256  2179  3263 D hotkey  : [HotkeyManager.java::handleMapKeyEvent:467]: KeyEvent { action=ACTION_DOWN, keyCode=KEYCODE_DPAD_CENTER, scanCode=28, metaState=0, flags=0x8, repeatCount=0, eventTime=527680, downTime=527680, deviceId=2, source=0x701 }
02-20 17:22:54.257  2179  3263 D tvapi   : [TVApiSystemSleepTimeImpl.java::handle:69]: TVApiSystemSleepTimeImpl handle KeyEvent { action=ACTION_DOWN, keyCode=KEYCODE_DPAD_CENTER, scanCode=28, metaState=0, flags=0x8, repeatCount=0, eventTime=527680, downTime=527680, deviceId=2, source=0x701 }
02-20 17:22:54.260  2489  2503 D CLog    : [null:26::a]: time = -1
02-20 17:22:54.260  2489  2503 D CLog    : [null:4::onTvNotify]: notifySystemSleepTimeTimeRemaining
02-20 17:22:54.261  2489  2503 D CLog    : [null:0::onTvNotify]: notifySystemSleepTimeTimeRemaining
02-20 17:22:54.266  2179  3263 I HiMW_SourceManagerImpl: [36m[getCurSourceId:183] mainWindow:0, SourceId:13[0m
02-20 17:22:54.267  2179  3263 D tvapi   : [TVApiSystemSignalImpl.java::resetTime:120]: resetTime source = 13 ======= mNoSignalTime = 900
02-20 17:22:54.267  2179  3263 D tvapi   : [TVApiSystemNoActionAutoPowerOffImpl.java::handle:50]: KeyEvnetListener Reset counter
02-20 17:22:54.267  2179  3263 D tvapi   : [TVApiSystemNoActionAutoPowerOffImpl.java::stopTimer:90]: stopTimer: KeyEventListener
02-20 17:22:54.270  2489  2503 D CLog    : [null:26::a]: time = -1
02-20 17:22:54.271  2489  2503 D CLog    : [null:4::onTvNotify]: notifySystemSleepTimeTimeRemaining
02-20 17:22:54.271  2489  2503 D CLog    : [null:0::onTvNotify]: notifySystemSleepTimeTimeRemaining
02-20 17:22:54.278  2179  3263 D tvapi   : [TVApiSystemNoActionAutoPowerOffImpl.java::createTimer:86]: createTimer, delay: 14100000  period: 1000
02-20 17:22:54.280  2489  2503 D Evan    : handleKeyEvent:23
02-20 17:22:54.287  3286  3286 I CvteSpecialApkViewFocusHandlerImpl: CvteSpecialApkViewFocusHandlerImpl in
02-20 17:22:54.290  3286  3286 D UserAppPresenter: onKey: 
02-20 17:22:54.371  1793  1857 D ir_user : IR got value linux_key:28; status:2; u32MouseMode:0
02-20 17:22:54.371  1793  1857 D ir_user : up linuxkeycode is 28
02-20 17:22:54.372  1929  2074 I WindowManager: cvteInterceptKeyBeforeQueueing Go in event =23;mHotkeyService=com.cvte.tv.hotkey.IHotkeyService$Stub$Proxy@7909f7
02-20 17:22:54.373  2179  3263 D HotkeyService: [processKeyEvents]########## KEYCODE = 23   #########!!!
02-20 17:22:54.375  1584  1584 I HiMW_logic_system_module: [36m[GetLockEnable:323] entype:0, Enable:0, ret:0[0m
02-20 17:22:54.376  3286  3329 D OkHttp  : --> POST http://appstore.cvtapi.com/tvweb-rest/api/v1/groot/app/update
02-20 17:22:54.377  3286  3329 D OkHttp  : Content-Type: application/json; charset=UTF-8
02-20 17:22:54.377  2179  3263 I HiMW_SystemSettingImpl: [36m[getLockEnable:292] lockType:0, enable:false[0m
02-20 17:22:54.377  3286  3329 D OkHttp  : Content-Length: 1474
02-20 17:22:54.378  3286  3331 D OkHttp  : --> POST http://appstore.cvtapi.com/tvweb-rest/api/v1/groot/app/update
02-20 17:22:54.378  3286  3331 D OkHttp  : Content-Type: application/json; charset=UTF-8
02-20 17:22:54.378  3286  3331 D OkHttp  : Content-Length: 1422
