08-26 18:33:24.475  4589  4589 D Ucx     : Failed to retrieve GPS location: access appears to be disabled.
08-26 18:33:24.475  4589  6547 D Ucx     : Unable to obtain AdvertisingIdClient.getAdvertisingIdInfo()
08-26 18:33:24.476  4589  4589 D Ucx     : Failed to retrieve network location: access appears to be disabled.
08-26 18:33:24.479  4589  6548 D Ucx     : Unable to obtain AdvertisingIdClient.getAdvertisingIdInfo()
08-26 18:33:24.481  4589  4589 W Ucx     : AndroidManifest permissions for the following required Ucx activities are missing:
08-26 18:33:24.481  4589  4589 W Ucx     :
08-26 18:33:24.481  4589  4589 W Ucx     :      com.ucfunnel.ucx.UcxActivity
08-26 18:33:24.481  4589  4589 W Ucx     :      com.ucfunnel.ucx.MraidActivity
08-26 18:33:24.481  4589  4589 W Ucx     :      com.ucfunnel.ucx.UcxVideoPlayerActivity
08-26 18:33:24.481  4589  4589 W Ucx     :
08-26 18:33:24.481  4589  4589 W Ucx     : Please update your manifest to include them.
08-26 18:33:24.495  4589  6546 D Ucx     : Unable to obtain AdvertisingIdClient.getAdvertisingIdInfo()
08-26 18:33:24.495  4589  4589 D Ucx     : Failed to retrieve GPS location: access appears to be disabled.
08-26 18:33:24.496  4589  4589 D Ucx     : Failed to retrieve network location: access appears to be disabled.
08-26 18:33:24.497  4589  6547 D Ucx     : Unable to obtain AdvertisingIdClient.getAdvertisingIdInfo()
08-26 18:33:24.506  4589  4589 E RecyclerView: No adapter attached; skipping layout
08-26 18:33:24.517  2691  4027 D gralloc : mali_gralloc_select_format: req_format=0x1 req_fmt_mapped=0x1 internal_format=0x700000001 usage=0xb00
08-26 18:33:24.517  2691  4027 D gralloc : [mali_gralloc_ion_allocate():914] allocating buffer (1920, 1080) usage=0xb00, format=0x700000001, size=8486912, heap_type=0, ion_flags=0x0
08-26 18:33:24.522  4589  4589 D Ucx     : Failed to retrieve GPS location: access appears to be disabled.
08-26 18:33:24.523  4589  4589 D Ucx     : Failed to retrieve network location: access appears to be disabled.
08-26 18:33:24.530  4589  4589 D Ucx     : Loading url
08-26 18:33:24.530  4589  4589 I Ucx     : Fetching ad for task #0
08-26 18:33:24.533  3834  3864 E JavaBinder: *** Uncaught remote exception!  (Exceptions are not yet supported across processes.)
08-26 18:33:24.533  3834  3864 E JavaBinder: java.lang.RuntimeException: android.os.RemoteException: TV Api not found
08-26 18:33:24.533  3834  3864 E JavaBinder:    at android.os.Parcel.writeException(Parcel.java:1779)
08-26 18:33:24.533  3834  3864 E JavaBinder:    at android.os.Binder.execTransact(Binder.java:746)
08-26 18:33:24.533  3834  3864 E JavaBinder: Caused by: android.os.RemoteException: TV Api not found
08-26 18:33:24.533  3834  3864 E JavaBinder:    at com.cvte.tv.api.TvApiManagerService$1.getTVApiTvSystemHotelMode(TvApiManagerService.java:1164)
08-26 18:33:24.533  3834  3864 E JavaBinder:    at com.cvte.tv.api.aidl.ITvApiManager$Stub.onTransact(ITvApiManager.java:889)
08-26 18:33:24.533  3834  3864 E JavaBinder:    at android.os.Binder.execTransact(Binder.java:731)
08-26 18:33:24.533  3834  3866 E JavaBinder: *** Uncaught remote exception!  (Exceptions are not yet supported across processes.)
08-26 18:33:24.533  3834  3866 E JavaBinder: java.lang.RuntimeException: android.os.RemoteException: TV Api not found
08-26 18:33:24.533  3834  3866 E JavaBinder:    at android.os.Parcel.writeException(Parcel.java:1779)
08-26 18:33:24.533  3834  3866 E JavaBinder:    at android.os.Binder.execTransact(Binder.java:746)
08-26 18:33:24.533  3834  3866 E JavaBinder: Caused by: android.os.RemoteException: TV Api not found
08-26 18:33:24.533  3834  3866 E JavaBinder:    at com.cvte.tv.api.TvApiManagerService$1.getTVApiTvSystemHotelMode(TvApiManagerService.java:1164)
08-26 18:33:24.533  3834  3866 E JavaBinder:    at com.cvte.tv.api.aidl.ITvApiManager$Stub.onTransact(ITvApiManager.java:889)
08-26 18:33:24.533  3834  3866 E JavaBinder:    at android.os.Binder.execTransact(Binder.java:731)
08-26 18:33:24.538  4589  4589 D Ucx     : Failed to retrieve GPS location: access appears to be disabled.
08-26 18:33:24.539  2839  2839 D MTK_KL  : 3,6299,943211327,-;[Error] [KDrv_XC_DV_Wrapper_ClearStatus,  420]MApi_ClearStatus not assigned!
08-26 18:33:24.540  4589  4589 D Ucx     : Failed to retrieve network location: access appears to be disabled.
08-26 18:33:24.545  4589  4589 D Ucx     : Loading url
08-26 18:33:24.546  4589  4589 I Ucx     : Fetching ad for task #0
08-26 18:33:24.549  4589  4589 D Ucx     : Failed to retrieve GPS location: access appears to be disabled.
08-26 18:33:24.550  4589  4589 D Ucx     : Failed to retrieve network location: access appears to be disabled.
08-26 18:33:24.554  4589  4589 D Ucx     : Loading url
08-26 18:33:24.554  4589  4589 I Ucx     : Fetching ad for task #0
08-26 18:33:24.557  4589  4589 D Ucx     : Failed to retrieve GPS location: access appears to be disabled.
08-26 18:33:24.558  4589  4589 D Ucx     : Failed to retrieve network location: access appears to be disabled.
08-26 18:33:24.562  4589  4589 D Ucx     : Loading url
08-26 18:33:24.562  4589  4589 I Ucx     : Fetching ad for task #0
08-26 18:33:24.562  2700  2822 E hwcomposer: HWComposerDisplayHalMiOsd::hwcMiDisplay: MI_OSD_LayerSetAttr E_MI_OSD_ATTR_TYPE_AUTO_DETECT_BUFFER failed, handle: 0, Error[0x7]: MI_ERR_INVALID_HANDLE !!!, line=[1121].
08-26 18:33:24.583  2700  2822 E hwcomposer: HWComposerDisplayHalMiOsd::hwcMiDisplay: MI_OSD_LayerSetAttr E_MI_OSD_ATTR_TYPE_AUTO_DETECT_BUFFER failed, handle: 0, Error[0x7]: MI_ERR_INVALID_HANDLE !!!, line=[1121].
08-26 18:33:24.599  2691  4027 D gralloc : mali_gralloc_select_format: req_format=0x1 req_fmt_mapped=0x1 internal_format=0x700000001 usage=0xb00
08-26 18:33:24.599  2691  4027 D gralloc : [mali_gralloc_ion_allocate():914] allocating buffer (1920, 1080) usage=0xb00, format=0x700000001, size=8486912, heap_type=0, ion_flags=0x0
08-26 18:33:24.600  4589  4589 D Ucx     : Exception caught while loading ad: java.net.UnknownHostException: Unable to resolve host "ads.aralego.com": No address associated with hostname
08-26 18:33:24.600  4589  4589 I Ucx     : Ad failed to load.
08-26 18:33:24.600  4589  4589 D Ucx     : Exception caught while loading ad: java.net.UnknownHostException: Unable to resolve host "ads.aralego.com": No address associated with hostname
08-26 18:33:24.600  4589  4589 I Ucx     : Ad failed to load.
08-26 18:33:24.600  4589  4589 D Ucx     : Exception caught while loading ad: java.net.UnknownHostException: Unable to resolve host "ads.aralego.com": No address associated with hostname
08-26 18:33:24.600  4589  4589 I Ucx     : Ad failed to load.
08-26 18:33:24.601  4589  4589 D Ucx     : Exception caught while loading ad: java.net.UnknownHostException: Unable to resolve host "ads.aralego.com": No address associated with hostname
08-26 18:33:24.601  4589  4589 I Ucx     : Ad failed to load.
08-26 18:33:24.620  3834  3864 I tvapi   : [null::eventScreenWindowMute:22]: eventScreenWindowMute flag = true
08-26 18:33:24.620  3834  3864 I tvapi   : [null::eventSystemInputSourceGetInputSource:38]: getFrom DB:deviceId =4
08-26 18:33:24.620  3834  3864 I tvapi   : [null::eventSystemInputSourceGetInputSource:153]: input source is :HDMI 1
08-26 18:33:24.621  3834  3864 I tvapi   : [null::anc:3]: select to tv
08-26 18:33:24.621  3834  3864 D TV_MtkTvConfig: Enter setConfigValue, inputGroup=-1, cfgId=g_misc__av_cond_mmp_mode, value=1, isUpdate=3
08-26 18:33:24.642  2700  2822 E hwcomposer: HWComposerDisplayHalMiOsd::hwcMiDisplay: MI_OSD_LayerSetAttr E_MI_OSD_ATTR_TYPE_AUTO_DETECT_BUFFER failed, handle: 0, Error[0x7]: MI_ERR_INVALID_HANDLE !!!, line=[1121].
08-26 18:33:24.660  2700  2822 I chatty  : uid=1000(system) graphic_mi_work identical 1 line
08-26 18:33:24.670  2700  2822 E hwcomposer: HWComposerDisplayHalMiOsd::hwcMiDisplay: MI_OSD_LayerSetAttr E_MI_OSD_ATTR_TYPE_AUTO_DETECT_BUFFER failed, handle: 0, Error[0x7]: MI_ERR_INVALID_HANDLE !!!, line=[1121].
08-26 18:33:24.686  3834  3864 D TV_MtkTvConfig: Leave setConfigValue, return value = 0
08-26 18:33:24.687  3834  3864 I tvapi   : [null::eventTVTeletextIsOn:23]: eventTVTeletextIsOn 0
08-26 18:33:24.688  3797  3847 D CLog    : [null:26::a]: time = -1
08-26 18:33:24.688  3797  3847 D CLog    : [null:4::onTvNotify]: notifySystemSignalLostPowerOffTimeRemaining
08-26 18:33:24.688  3797  3847 D CLog    : [null:0::onTvNotify]: notifySystemSignalLostPowerOffTimeRemaining
08-26 18:33:24.692  4393  4407 D SpeechService: [ (a.java:159)#onTvNotify ] Get Action=notifySystemSignalLostPowerOffTimeRemaining Get Bundle=Bundle[mParcelledData.dataSize=52]
08-26 18:33:24.692  3834  3864 I tvapi   : [null::eventSystemInputSourceGetInputSource:38]: getFrom DB:deviceId =4
08-26 18:33:24.693  3834  3864 I tvapi   : [null::eventSystemInputSourceGetInputSource:153]: input source is :HDMI 1
08-26 18:33:24.693  4393  4407 D SpeechService: [ (a.java:164)#onTvNotify ] Current cate: INPUTSOURCE_HDMI
08-26 18:33:24.695  2839  2839 D MTK_KL  : 4,6300,943368842,-;[MI_PCM_SetAttr:2441][6527] hPcm:0x81000000, eAttrType:0x1005
08-26 18:33:24.702  5917  5917 D BoxActivity: onStop
08-26 18:33:24.703  2839  2839 D MTK_KL  : 4,6301,943375441,-;[MI_PCM_SetAttr:2441][6527] hPcm:0x81000000, eAttrType:0x1000
08-26 18:33:24.703  2839  2839 D MTK_KL  : 4,6302,943375570,-;[_MI_AOUT_NotifyDisconnectInput:7838][6527] hAoutImpl:0x17000006, hInputImpl:0x81000000
08-26 18:33:24.703  5917  5917 D BoxActivity: onDestroy
08-26 18:33:24.722  5917  5917 E ActivityThread: Activity com.mediatek.androidbox.BoxActivity has leaked IntentReceiver com.mediatek.mtkaudiopatchmanager.MtkAudioPatchManager$1@aa51924 that was originally registered here. Are you missing a call to unregisterReceiver()?
08-26 18:33:24.722  5917  5917 E ActivityThread: android.app.IntentReceiverLeaked: Activity com.mediatek.androidbox.BoxActivity has leaked IntentReceiver com.mediatek.mtkaudiopatchmanager.MtkAudioPatchManager$1@aa51924 that was originally registered here. Are you missing a call to unregisterReceiver()?
08-26 18:33:24.722  5917  5917 E ActivityThread:        at android.app.LoadedApk$ReceiverDispatcher.<init>(LoadedApk.java:1429)
08-26 18:33:24.722  5917  5917 E ActivityThread:        at android.app.LoadedApk.getReceiverDispatcher(LoadedApk.java:1210)
08-26 18:33:24.722  5917  5917 E ActivityThread:        at android.app.ContextImpl.registerReceiverInternal(ContextImpl.java:1482)
08-26 18:33:24.722  5917  5917 E ActivityThread:        at android.app.ContextImpl.registerReceiver(ContextImpl.java:1455)
08-26 18:33:24.722  5917  5917 E ActivityThread:        at android.app.ContextImpl.registerReceiver(ContextImpl.java:1443)
08-26 18:33:24.722  5917  5917 E ActivityThread:        at android.content.ContextWrapper.registerReceiver(ContextWrapper.java:623)
08-26 18:33:24.722  5917  5917 E ActivityThread:        at com.mediatek.mtkaudiopatchmanager.MtkAudioPatchManager.registerReceivers(MtkAudioPatchManager.java:355)
08-26 18:33:24.722  5917  5917 E ActivityThread:        at com.mediatek.mtkaudiopatchmanager.MtkAudioPatchManager.<init>(MtkAudioPatchManager.java:327)
08-26 18:33:24.722  5917  5917 E ActivityThread:        at com.mediatek.androidbox.BoxActivity.onCreate(BoxActivity.java:368)
08-26 18:33:24.722  5917  5917 E ActivityThread:        at android.app.Activity.performCreate(Activity.java:7139)
08-26 18:33:24.722  5917  5917 E ActivityThread:        at android.app.Activity.performCreate(Activity.java:7130)
08-26 18:33:24.722  5917  5917 E ActivityThread:        at android.app.Instrumentation.callActivityOnCreate(Instrumentation.java:1271)
08-26 18:33:24.722  5917  5917 E ActivityThread:        at android.app.ActivityThread.performLaunchActivity(ActivityThread.java:2893)
08-26 18:33:24.722  5917  5917 E ActivityThread:        at android.app.ActivityThread.handleLaunchActivity(ActivityThread.java:3048)
08-26 18:33:24.722  5917  5917 E ActivityThread:        at android.app.servertransaction.LaunchActivityItem.execute(LaunchActivityItem.java:78)
08-26 18:33:24.722  5917  5917 E ActivityThread:        at android.app.servertransaction.TransactionExecutor.executeCallbacks(TransactionExecutor.java:108)
08-26 18:33:24.722  5917  5917 E ActivityThread:        at android.app.servertransaction.TransactionExecutor.execute(TransactionExecutor.java:68)
08-26 18:33:24.722  5917  5917 E ActivityThread:        at android.app.ActivityThread$H.handleMessage(ActivityThread.java:1808)
08-26 18:33:24.722  5917  5917 E ActivityThread:        at android.os.Handler.dispatchMessage(Handler.java:106)
08-26 18:33:24.722  5917  5917 E ActivityThread:        at android.os.Looper.loop(Looper.java:193)
08-26 18:33:24.722  5917  5917 E ActivityThread:        at android.app.ActivityThread.main(ActivityThread.java:6669)
08-26 18:33:24.722  5917  5917 E ActivityThread:        at java.lang.reflect.Method.invoke(Native Method)
08-26 18:33:24.722  5917  5917 E ActivityThread:        at com.android.internal.os.RuntimeInit$MethodAndArgsCaller.run(RuntimeInit.java:493)
08-26 18:33:24.722  5917  5917 E ActivityThread:        at com.android.internal.os.ZygoteInit.main(ZygoteInit.java:866)
08-26 18:33:24.729  2713  2791 W SurfaceFlinger: Attempting to destroy on removed layer: AppWindowToken{4770a4 token=Token{b91a337 ActivityRecord{27f8836 u0 com.mediatek.androidbox/.BoxActivity t13}}}#0
08-26 18:33:24.886  3797  3847 D CLog    : [null:4::onTvNotify]: notifySystemInputSourceChange
08-26 18:33:24.886  3797  3847 D CLog    : [null:0::onTvNotify]: notifySystemInputSourceChange
08-26 18:33:24.888  4393  4407 D SpeechService: [ (a.java:159)#onTvNotify ] Get Action=notifySystemInputSourceChange Get Bundle=null
08-26 18:33:24.888  3834  3834 I tvapi   : [null::eventSystemInputSourceGetInputSource:38]: getFrom DB:deviceId =4
08-26 18:33:24.888  3834  3834 I tvapi   : [null::eventSystemInputSourceGetInputSource:153]: input source is :HDMI 1
08-26 18:33:24.889  4393  4407 D SpeechService: [ (a.java:164)#onTvNotify ] Current cate: INPUTSOURCE_HDMI
08-26 18:33:24.890  3834  3864 I tvapi   : [null::eventSystemInputSourceGetInputSource:38]: getFrom DB:deviceId =4
08-26 18:33:24.890  3834  3834 I tvapi   : [null::recordSourceTypeByProperty:3]: recordSourceTypeByProperty start
08-26 18:33:24.890  3834  3864 I tvapi   : [null::eventSystemInputSourceGetInputSource:153]: input source is :HDMI 1
08-26 18:33:24.890  3834  3834 I tvapi   : [null::getSourceMediaCondition:22]: getSourceMediaCondition:true
08-26 18:33:24.891  3834  3834 D TV_MtkTvConfig: Enter getConfigValue, inputGroup=-1, cfgId=g_video__shop_mode
08-26 18:33:24.892  3834  3834 D TV_MtkTvConfig: Leave getConfigValue
08-26 18:33:24.892  3834  3834 I tvapi   : [null::getConfigValue:37]: cfgId:g_video__shop_mode, getCfgValue=0
08-26 18:33:24.892  3834  3834 D TV_MtkTvConfig: Enter getConfigValue, inputGroup=-1, cfgId=g_video__shop_mode
08-26 18:33:24.893  3834  3834 D TV_MtkTvConfig: Leave getConfigValue
08-26 18:33:24.893  3834  3834 D TV_MtkTvConfig: Enter getMinMaxConfigValue, inputGroup=-1, cfgId=g_video__shop_mode
08-26 18:33:24.893  3834  3834 D TV_MtkTvConfig: Leave getMinMaxConfigValue
08-26 18:33:24.893  3834  3834 D TV_MtkTvConfig: Enter getMinMaxConfigValue, inputGroup=-1, cfgId=g_video__shop_mode
08-26 18:33:24.894  3834  3834 D TV_MtkTvConfig: Leave getMinMaxConfigValue
08-26 18:33:24.894  3834  3834 I tvapi   : [null::getMaxValue:26]: value:65536
08-26 18:33:24.894  3834  3834 I tvapi   : [null::getMax:54]: max:1,itemID:g_video__shop_mode
08-26 18:33:24.894  3834  3834 I tvapi   : [null::getDefault:76]: [g_video__shop_mode] get value:0 ,Min value:0, Max value:1
08-26 18:33:24.894  3834  3834 D TV_MtkTvConfig: Enter getMinMaxConfigValue, inputGroup=-1, cfgId=g_video__shop_mode
08-26 18:33:24.895  3834  3834 D TV_MtkTvConfig: Leave getMinMaxConfigValue
08-26 18:33:24.895  3834  3834 I tvapi   : [null::eventGetPlaceMode:34]: eventGetPlaceMode = OPTION_PLACE_MODE_HOME
08-26 18:33:24.940  2700  2822 E hwcomposer: HWComposerDisplayHalMiOsd::hwcMiDisplay: MI_OSD_LayerSetAttr E_MI_OSD_ATTR_TYPE_AUTO_DETECT_BUFFER failed, handle: 0, Error[0x7]: MI_ERR_INVALID_HANDLE !!!, line=[1121].
08-26 18:33:25.020  2704  2704 I [WFD-MIMM-PushPlayer]: Time[943693 ms]Calling MI_MM_Close...
08-26 18:33:25.021  2704  2704 I [WFD-MIMM-PushPlayer]: Time[943694 ms]Calling MI_MM_DeInit...
08-26 18:33:25.044  2663  6332 E DnsTlsSocket: Failed to increment eventfd by -9223372036854775808
08-26 18:33:25.044  2663  6332 W ResolverController: netId 106 was erased during private DNS validation
08-26 18:33:25.044  2663  6333 E DnsTlsSocket: Failed to increment eventfd by -9223372036854775808
08-26 18:33:25.044  2663  6333 W ResolverController: netId 106 was erased during private DNS validation
08-26 18:33:25.688  2704  2704 I [WFD-WfdRtspClient]: Enter[disconnect:726]
08-26 18:33:25.688  2704  5814 I [WFD-wfd_client_export]: wait_for_event: result=0 nread=29 string="RTSP_REASON_REQUESTED_BY_USER"
08-26 18:33:25.688  2704  5814 D         : wfdClientWaitForEvent buf =RTSP_REASON_REQUESTED_BY_USER
08-26 18:33:25.688  2704  2704 I [WFD-WFDClient]: wfd_send_command: result = 0 len=29 string="RTSP_REASON_REQUESTED_BY_USER"
08-26 18:33:25.689  5917  6425 D         : [buf=RTSP_REASON_REQUESTED_BY_USER]
08-26 18:33:25.689  5917  6425 D WfdMonitor: WfdMonitor wfdClientWaitForEvent end
08-26 18:33:25.690  5917  6425 W ContextImpl: Calling a method in the system process without a qualified user: android.app.ContextImpl.sendBroadcast:1011 android.content.ContextWrapper.sendBroadcast:444 com.mediatek.wfdsink.MtkWfdMonitor$WfdMonitorThread.run:54 <bottom of call stack> <bottom of call stack>
08-26 18:33:25.691  3182  3933 E ActivityManager: Sending non-protected broadcast RTSP_REASON_REQUESTED_BY_USER from system 5917:com.mediatek.androidbox/1000 pkg com.mediatek.androidbox
08-26 18:33:25.691  3182  3933 E ActivityManager: java.lang.Throwable
08-26 18:33:25.691  3182  3933 E ActivityManager:       at com.android.server.am.ActivityManagerService.checkBroadcastFromSystem(ActivityManagerService.java:21622)
08-26 18:33:25.691  3182  3933 E ActivityManager:       at com.android.server.am.ActivityManagerService.broadcastIntentLocked(ActivityManagerService.java:22249)
08-26 18:33:25.691  3182  3933 E ActivityManager:       at com.android.server.am.ActivityManagerService.broadcastIntent(ActivityManagerService.java:22397)
08-26 18:33:25.691  3182  3933 E ActivityManager:       at android.app.IActivityManager$Stub.onTransact$broadcastIntent$(IActivityManager.java:10172)
08-26 18:33:25.691  3182  3933 E ActivityManager:       at android.app.IActivityManager$Stub.onTransact(IActivityManager.java:167)
08-26 18:33:25.691  3182  3933 E ActivityManager:       at com.android.server.am.ActivityManagerService.onTransact(ActivityManagerService.java:3409)
08-26 18:33:25.691  3182  3933 E ActivityManager:       at android.os.Binder.execTransact(Binder.java:731)
08-26 18:33:25.692  2704  6493 I [WFD-WfdRtspClient]: eventLoopThread exit...
08-26 18:33:25.693  2704  6493 I [WFD-ThreadObject]: Exiting runner:69
08-26 18:33:25.693  2704  2704 I [WFD-WfdRtspClient]: Enter[sendTEARDOWN:1751]
08-26 18:33:25.693  2704  2704 I [WFD-WfdRtspClient]: current state : 11
08-26 18:33:25.693  2704  2704 I [WFD-WfdRtspClient]: next state : 14
08-26 18:33:25.693  2704  2704 D [WFD-WfdRtspClient]: ===== Sending M8 Request =====
08-26 18:33:25.693  2704  2704 D         : connectToServer to 13 : 7236
08-26 18:33:25.693  2704  6494 D [WFD-WfdRtspClient]: accept return -1
08-26 18:33:25.693  2704  2704 D         : connectToServer begin Time:(1630028005.693)s
08-26 18:33:25.693  2704  6494 D [WFD-WfdRtspClient]: transportThread exit...
08-26 18:33:25.693  2704  6494 I [WFD-ThreadObject]: Exiting runner:69
08-26 18:33:25.693  2704  2704 I [WFD-WfdRtspClient]: ===== Received M8 Response =====
08-26 18:33:25.694  2704  2704 I [WFD-WfdRtspClient]: wfdAfterTearDown --> 394, resultCode = -101, resultString = connect() failed: Network is unreachable
08-26 18:33:25.694  2704  2704 I [WFD-WfdRtspClient]: current state : 14
08-26 18:33:25.694  2704  2704 I [WFD-WfdRtspClient]: next state : 15
08-26 18:33:25.694  2704  2704 I [WFD-WfdRtspClient]: send teardown request's data done
08-26 18:33:25.694  2704  2704 I [WFD-WfdRtspClient]: Enter[closeMediaSession:1761]
08-26 18:33:25.694  2704  2704 I [WFD-WfdRtspClient]: exit closeMediaSession
08-26 18:33:25.694  2704  2704 I [WFD-WfdRtspClient]: Enter[stopHDCP:2029]
08-26 18:33:25.694  2704  2704 F HDCP2X  : [HDCP2X] Enter HDCP2_DeinitMiracast() function ((HDCP2_DeinitMiracast:246))
08-26 18:33:25.694  2704  2704 F HDCP2X  : [HDCP2X] Wait for thread join (Rx) ((stopHdcpMiracast:932))
08-26 18:33:25.694  2704  2704 F HDCP2X  : [HDCP2X] Thread join complete (Rx) ((stopHdcpMiracast:935))
08-26 18:33:25.695  2704  2704 F HDCP2X  : [HDCP2X] Leave HDCP2_DeinitMiracast() function ((HDCP2_DeinitMiracast:291))
08-26 18:33:25.695  2704  2704 I [WFD-WFDClient]: wfd_send_command: result = 0 len=25 string="WFD-RTSP-TEARDOWN-SUCCESS"
08-26 18:33:25.695  2704  2704 I [WFD-WfdRtspPlayer]: Enter[close:202]
08-26 18:33:25.695  2704  2704 I [WFD-WfdRtspClient]: Enter[~WfdRtspClient:532]
08-26 18:33:25.695  2704  2704 I [WFD-WfdRtspClient]: Enter[disconnect:726]
08-26 18:33:25.695  2704  2704 I [WFD-WFDClient]: wfd_send_command: result = 0 len=29 string="RTSP_REASON_REQUESTED_BY_USER"
08-26 18:33:25.695  2704  2704 E [WFD-WfdRtspClient]: [disconnect:755]current stat is 15
08-26 18:33:25.695  2704  2704 I [WFD-WfdRtspClient]: Enter[closeMediaSession:1761]
08-26 18:33:25.695  2704  2704 I [WFD-WfdRtspClient]: Enter[stopHDCP:2029]
08-26 18:33:25.696  2704  2704 I [WFD-WFDClient]: GRM WFD Release Resource
08-26 18:33:25.696  2708  2927 I GRM     : MTKRmReleaseAllResource(617) thiz = 0x0xb5297ae0.
08-26 18:33:25.696  2732  5598 I GRM     : (WFD_GRM)Release All Resource(0xb572e5a0)
08-26 18:33:25.696  2708  2927 I GRM     : IMtkRmClientComponentReleaseAll.204, RET: 0
08-26 18:33:25.696  2708  2927 I GRM     : MTKRmReleaseAllResource ret=1.
08-26 18:33:25.696  2704  2704 I [WFD-WFDClient]: GRM WFD_RESMGR_releaseHwResource
08-26 18:33:25.696  2704  2704 I [WFD-WFDClient]: GRM WFD destory component
08-26 18:33:25.696  2708  2927 I GRM     : MTKRmCallbackDone(643) thiz = 0x0xb5297ae0.
08-26 18:33:25.697  2732  5598 I GRM     : (WFD_GRM)Release All Resource(0xb572e5a0)
08-26 18:33:25.697  2708  2927 I GRM     : IMtkRmClientComponentReleaseAll.204, RET: 0
08-26 18:33:25.697  2732  5598 I GRM     : (WFD_GRM)check the callback done or not(0xb572e5a0)
08-26 18:33:25.697  2732  5598 I GRM     : (WFD_GRM)callback done(0xb572e5a0)
08-26 18:33:25.697  5917  6425 D WfdMonitor: WfdMonitor wfdClientWaitForEvent start
08-26 18:33:25.697  5917  6425 D         : wfd_client_wait_for_event
08-26 18:33:25.697  2708  2927 I GRM     : IMtkRmClientComponentCallbackDone.211, RET: 0
08-26 18:33:25.697  2708  2927 I GRM     : MTKRmCallbackDone ret=1.
08-26 18:33:25.698  2708  2927 I GRM     : Destroy Component!!! thiz = 0x0xb5297ae0
08-26 18:33:25.698  2732  5598 I GRM     : ============================Start==============================
08-26 18:33:25.698  2732  5598 I GRM     : Componet Name:Vsyncbridge.MM, Pid:2702, priority:100, preempt:TRUE, fg:FALSE.
08-26 18:33:25.698  2732  5598 I GRM     : Resource List-->>>>
08-26 18:33:25.698  2732  5598 I GRM     : Resource List--<<<<
08-26 18:33:25.698  2732  5598 I GRM     : Componet Name:Vsyncbridge.MM, Pid:2702, priority:100, preempt:TRUE, fg:FALSE.
08-26 18:33:25.698  2732  5598 I GRM     : Resource List-->>>>
08-26 18:33:25.698  2732  5598 I GRM     : Resource List--<<<<
08-26 18:33:25.698  2732  5598 I GRM     : Componet Name:Vsyncbridge.MM, Pid:2702, priority:100, preempt:TRUE, fg:FALSE.
08-26 18:33:25.698  2732  5598 I GRM     : Resource List-->>>>
08-26 18:33:25.698  2732  5598 I GRM     : Resource List--<<<<
08-26 18:33:25.698  2732  5598 I GRM     : Componet Name:Vsyncbridge.MM, Pid:2702, priority:100, preempt:TRUE, fg:FALSE.
08-26 18:33:25.698  2732  5598 I GRM     : Resource List-->>>>
08-26 18:33:25.698  2732  5598 I GRM     : Resource List--<<<<
08-26 18:33:25.698  2732  5598 I GRM     : Componet Name:Vsyncbridge.MM, Pid:2702, priority:100, preempt:TRUE, fg:FALSE.
08-26 18:33:25.698  2732  5598 I GRM     : Resource List-->>>>
08-26 18:33:25.698  2732  5598 I GRM     : Resource List--<<<<
08-26 18:33:25.698  2732  5598 I GRM     : Componet Name:Vsyncbridge.MM, Pid:2702, priority:100, preempt:TRUE, fg:FALSE.
08-26 18:33:25.698  2732  5598 I GRM     : Resource List-->>>>
08-26 18:33:25.698  2732  5598 I GRM     : Resource List--<<<<
08-26 18:33:25.698  2732  5598 I GRM     : Componet Name:Vsyncbridge.MM, Pid:2702, priority:100, preempt:TRUE, fg:FALSE.
08-26 18:33:25.698  2732  5598 I GRM     : Resource List-->>>>
08-26 18:33:25.698  2732  5598 I GRM     : Resource List--<<<<
08-26 18:33:25.698  2732  5598 I GRM     : Componet Name:Vsyncbridge.MM, Pid:2702, priority:100, preempt:TRUE, fg:FALSE.
08-26 18:33:25.698  2732  5598 I GRM     : Resource List-->>>>
08-26 18:33:25.698  2732  5598 I GRM     : Resource List--<<<<
08-26 18:33:25.698  2732  5598 I GRM     : Componet Name:Vsyncbridge.MM, Pid:2702, priority:100, preempt:TRUE, fg:FALSE.
08-26 18:33:25.698  2732  5598 I GRM     : Resource List-->>>>
08-26 18:33:25.698  2732  5598 I GRM     : Resource List--<<<<
08-26 18:33:25.698  2732  5598 I GRM     : Componet Name:svctx_rm_ctrl_main, Pid:2906, priority:100, preempt:TRUE, fg:FALSE.
08-26 18:33:25.698  2732  5598 I GRM     : Resource List-->>>>
08-26 18:33:25.698  2732  5598 I GRM     : Resource List--<<<<
08-26 18:33:25.698  2732  5598 I GRM     : Componet Name:svctx_rm_ctrl_main_2nd, Pid:2906, priority:100, preempt:TRUE, fg:FALSE.
08-26 18:33:25.698  2732  5598 I GRM     : Resource List-->>>>
08-26 18:33:25.698  2732  5598 I GRM     : Resource List--<<<<
08-26 18:33:25.698  2732  5598 I GRM     : Componet Name:svctx_rm_ctrl_main_3rd, Pid:2906, priority:100, preempt:TRUE, fg:FALSE.
08-26 18:33:25.698  2732  5598 I GRM     : Resource List-->>>>
08-26 18:33:25.698  2732  5598 I GRM     : Resource List--<<<<
08-26 18:33:25.698  2732  5598 I GRM     : Componet Name:svctx_rm_ctrl_sub, Pid:2906, priority:100, preempt:TRUE, fg:FALSE.
08-26 18:33:25.698  2732  5598 I GRM     : Resource List-->>>>
08-26 18:33:25.698  2732  5598 I GRM     : Resource List--<<<<
08-26 18:33:25.698  2732  5598 I GRM     : Componet Name:svctx_rm_ctrl_tvbypass, Pid:2906, priority:100, preempt:TRUE, fg:FALSE.
08-26 18:33:25.698  2732  5598 I GRM     : Resource List-->>>>
08-26 18:33:25.698  2732  5598 I GRM     : Resource List--<<<<
08-26 18:33:25.698  2732  5598 I GRM     : Componet Name:svctx_rm_ctrl_vdec0_share, Pid:2906, priority:100, preempt:TRUE, fg:FALSE.
08-26 18:33:25.698  2732  5598 I GRM     : Resource List-->>>>
08-26 18:33:25.698  2732  5598 I GRM     : Resource List--<<<<
08-26 18:33:25.698  2732  5598 I GRM     : Componet Name:svctx_rm_ctrl_dmx_share, Pid:2906, priority:100, preempt:TRUE, fg:FALSE.
08-26 18:33:25.698  2732  5598 I GRM     : Resource List-->>>>
08-26 18:33:25.698  2732  5598 I GRM     : Resource List--<<<<
08-26 18:33:25.698  2732  5598 I GRM     : Componet Name:svctx_rm_ctrl_tuner0_share, Pid:2906, priority:100, preempt:TRUE, fg:FALSE.
08-26 18:33:25.698  2732  5598 I GRM     : Resource List-->>>>
08-26 18:33:25.698  2732  5598 I GRM     : Resource List--<<<<
08-26 18:33:25.698  2732  5598 I GRM     : Componet Name:svctx_rm_ctrl_user_define_share, Pid:2906, priority:100, preempt:TRUE, fg:FALSE.
08-26 18:33:25.698  2732  5598 I GRM     : Resource List-->>>>
08-26 18:33:25.698  2732  5598 I GRM     : Resource List--<<<<
08-26 18:33:25.698  2732  5598 I GRM     : Componet Name:WFD_GRM, Pid:2704, priority:100, preempt:TRUE, fg:FALSE.
08-26 18:33:25.698  2732  5598 I GRM     : Resource List-->>>>
08-26 18:33:25.698  2732  5598 I GRM     : Name:AudioDecoder, type: 0, value: 0, enable: FALSE
08-26 18:33:25.698  2732  5598 I GRM     : Name:VideoPath, type: 0, value: 0, enable: FALSE
08-26 18:33:25.698  2732  5598 I GRM     : Name:VideoDecoder, type: 0, value: 0, enable: FALSE
08-26 18:33:25.698  2732  5598 I GRM     : Resource List--<<<<
08-26 18:33:25.698  2732  5598 I GRM     : Component Count: 19
08-26 18:33:25.698  2732  5598 I GRM     : =============================End===============================
08-26 18:33:25.698  2732  5598 I GRM     : MtkRmServiceDestoryComponent(2146) destory component:WFD_GRM
08-26 18:33:25.698  2732  5598 I GRM     : ============================Start==============================
08-26 18:33:25.698  2732  5598 I GRM     : Componet Name:Vsyncbridge.MM, Pid:2702, priority:100, preempt:TRUE, fg:FALSE.
08-26 18:33:25.698  2732  5598 I GRM     : Resource List-->>>>
08-26 18:33:25.698  2732  5598 I GRM     : Resource List--<<<<
08-26 18:33:25.698  2732  5598 I GRM     : Componet Name:Vsyncbridge.MM, Pid:2702, priority:100, preempt:TRUE, fg:FALSE.
08-26 18:33:25.699  2732  5598 I GRM     : Resource List-->>>>
08-26 18:33:25.699  2732  5598 I GRM     : Resource List--<<<<
08-26 18:33:25.699  2732  5598 I GRM     : Componet Name:Vsyncbridge.MM, Pid:2702, priority:100, preempt:TRUE, fg:FALSE.
08-26 18:33:25.699  2732  5598 I GRM     : Resource List-->>>>
08-26 18:33:25.699  2732  5598 I GRM     : Resource List--<<<<
08-26 18:33:25.699  2732  5598 I GRM     : Componet Name:Vsyncbridge.MM, Pid:2702, priority:100, preempt:TRUE, fg:FALSE.
08-26 18:33:25.699  2732  5598 I GRM     : Resource List-->>>>
08-26 18:33:25.699  2732  5598 I GRM     : Resource List--<<<<
08-26 18:33:25.699  2732  5598 I GRM     : Componet Name:Vsyncbridge.MM, Pid:2702, priority:100, preempt:TRUE, fg:FALSE.
08-26 18:33:25.699  2732  5598 I GRM     : Resource List-->>>>
08-26 18:33:25.699  2732  5598 I GRM     : Resource List--<<<<
08-26 18:33:25.699  2732  5598 I GRM     : Componet Name:Vsyncbridge.MM, Pid:2702, priority:100, preempt:TRUE, fg:FALSE.
08-26 18:33:25.699  2732  5598 I GRM     : Resource List-->>>>
08-26 18:33:25.699  2732  5598 I GRM     : Resource List--<<<<
08-26 18:33:25.699  2732  5598 I GRM     : Componet Name:Vsyncbridge.MM, Pid:2702, priority:100, preempt:TRUE, fg:FALSE.
08-26 18:33:25.699  2732  5598 I GRM     : Resource List-->>>>
08-26 18:33:25.699  2732  5598 I GRM     : Resource List--<<<<
08-26 18:33:25.699  2732  5598 I GRM     : Componet Name:Vsyncbridge.MM, Pid:2702, priority:100, preempt:TRUE, fg:FALSE.
08-26 18:33:25.699  2732  5598 I GRM     : Resource List-->>>>
08-26 18:33:25.699  2732  5598 I GRM     : Resource List--<<<<
08-26 18:33:25.699  2732  5598 I GRM     : Componet Name:Vsyncbridge.MM, Pid:2702, priority:100, preempt:TRUE, fg:FALSE.
08-26 18:33:25.699  2732  5598 I GRM     : Resource List-->>>>
08-26 18:33:25.699  2732  5598 I GRM     : Resource List--<<<<
08-26 18:33:25.699  2732  5598 I GRM     : Componet Name:svctx_rm_ctrl_main, Pid:2906, priority:100, preempt:TRUE, fg:FALSE.
08-26 18:33:25.699  2732  5598 I GRM     : Resource List-->>>>
08-26 18:33:25.699  2732  5598 I GRM     : Resource List--<<<<
08-26 18:33:25.699  2732  5598 I GRM     : Componet Name:svctx_rm_ctrl_main_2nd, Pid:2906, priority:100, preempt:TRUE, fg:FALSE.
08-26 18:33:25.699  2732  5598 I GRM     : Resource List-->>>>
08-26 18:33:25.699  2732  5598 I GRM     : Resource List--<<<<
08-26 18:33:25.699  2732  5598 I GRM     : Componet Name:svctx_rm_ctrl_main_3rd, Pid:2906, priority:100, preempt:TRUE, fg:FALSE.
08-26 18:33:25.699  2732  5598 I GRM     : Resource List-->>>>
08-26 18:33:25.699  2732  5598 I GRM     : Resource List--<<<<
08-26 18:33:25.699  2732  5598 I GRM     : Componet Name:svctx_rm_ctrl_sub, Pid:2906, priority:100, preempt:TRUE, fg:FALSE.
08-26 18:33:25.699  2732  5598 I GRM     : Resource List-->>>>
08-26 18:33:25.699  2732  5598 I GRM     : Resource List--<<<<
08-26 18:33:25.699  2732  5598 I GRM     : Componet Name:svctx_rm_ctrl_tvbypass, Pid:2906, priority:100, preempt:TRUE, fg:FALSE.
08-26 18:33:25.699  2732  5598 I GRM     : Resource List-->>>>
08-26 18:33:25.699  2732  5598 I GRM     : Resource List--<<<<
08-26 18:33:25.699  2732  5598 I GRM     : Componet Name:svctx_rm_ctrl_vdec0_share, Pid:2906, priority:100, preempt:TRUE, fg:FALSE.
08-26 18:33:25.699  2732  5598 I GRM     : Resource List-->>>>
08-26 18:33:25.699  2732  5598 I GRM     : Resource List--<<<<
08-26 18:33:25.699  2732  5598 I GRM     : Componet Name:svctx_rm_ctrl_dmx_share, Pid:2906, priority:100, preempt:TRUE, fg:FALSE.
08-26 18:33:25.699  2732  5598 I GRM     : Resource List-->>>>
08-26 18:33:25.699  2732  5598 I GRM     : Resource List--<<<<
08-26 18:33:25.699  2732  5598 I GRM     : Componet Name:svctx_rm_ctrl_tuner0_share, Pid:2906, priority:100, preempt:TRUE, fg:FALSE.
08-26 18:33:25.699  2704  5814 I [WFD-wfd_client_export]: wait_for_event: result=0 nread=25 string="WFD-RTSP-TEARDOWN-SUCCESS"
08-26 18:33:25.699  2732  5598 I GRM     : Resource List-->>>>
08-26 18:33:25.699  2732  5598 I GRM     : Resource List--<<<<
08-26 18:33:25.699  2704  5814 D         : wfdClientWaitForEvent buf =WFD-RTSP-TEARDOWN-SUCCESS
08-26 18:33:25.699  2732  5598 I GRM     : Componet Name:svctx_rm_ctrl_user_define_share, Pid:2906, priority:100, preempt:TRUE, fg:FALSE.
08-26 18:33:25.699  2732  5598 I GRM     : Resource List-->>>>
08-26 18:33:25.699  2732  5598 I GRM     : Resource List--<<<<
08-26 18:33:25.699  2732  5598 I GRM     : Component Count: 18
08-26 18:33:25.699  2732  5598 I GRM     : =============================End===============================
08-26 18:33:25.699  2732  5598 I GRM     : MtkRmServiceDestoryComponent(2210) return
08-26 18:33:25.699  5917  6425 D         : [buf=WFD-RTSP-TEARDOWN-SUCCESS]
08-26 18:33:25.699  5917  6425 D WfdMonitor: WfdMonitor wfdClientWaitForEvent end
08-26 18:33:25.699  2708  2927 I GRM     : IMtkRmClientDestoryComponent.95, RET: 0
08-26 18:33:25.699  2704  2704 I [WFD-WFDClient]: GRM WFD_RESMGR_destroyHwResource
08-26 18:33:25.700  5917  6369 D BoxActivity: wfdClientStop
08-26 18:33:25.700  5917  6369 D         : android_wfd_wfdclient_wfd_client_stop
08-26 18:33:25.701  3182  3933 E ActivityManager: Sending non-protected broadcast WFD-RTSP-TEARDOWN-SUCCESS from system 5917:com.mediatek.androidbox/1000 pkg com.mediatek.androidbox
08-26 18:33:25.701  3182  3933 E ActivityManager: java.lang.Throwable
08-26 18:33:25.701  3182  3933 E ActivityManager:       at com.android.server.am.ActivityManagerService.checkBroadcastFromSystem(ActivityManagerService.java:21622)
08-26 18:33:25.701  3182  3933 E ActivityManager:       at com.android.server.am.ActivityManagerService.broadcastIntentLocked(ActivityManagerService.java:22249)
08-26 18:33:25.701  3182  3933 E ActivityManager:       at com.android.server.am.ActivityManagerService.broadcastIntent(ActivityManagerService.java:22397)
08-26 18:33:25.701  3182  3933 E ActivityManager:       at android.app.IActivityManager$Stub.onTransact$broadcastIntent$(IActivityManager.java:10172)
08-26 18:33:25.701  3182  3933 E ActivityManager:       at android.app.IActivityManager$Stub.onTransact(IActivityManager.java:167)
08-26 18:33:25.701  3182  3933 E ActivityManager:       at com.android.server.am.ActivityManagerService.onTransact(ActivityManagerService.java:3409)
08-26 18:33:25.701  3182  3933 E ActivityManager:       at android.os.Binder.execTransact(Binder.java:731)
08-26 18:33:25.702  2704  2704 I [WFD-WFDClient]: wfd_send_command: result = 0 len=18 string="WFD-RTSP-TERMINATE"
08-26 18:33:25.702  2704  2704 E [WFD-WFDClient]: [wfd_wait_for_thread_exit:148]wfd_wait_for_thread_exit LINE[148] err[1]
08-26 18:33:25.716  2704  2704 I chatty  : uid=1000(system) vendor.mediatek identical 13 lines
08-26 18:33:25.717  2704  2704 E [WFD-WFDClient]: [wfd_wait_for_thread_exit:148]wfd_wait_for_thread_exit LINE[148] err[1]
08-26 18:33:25.718  5917  6425 D WfdMonitor: WfdMonitor wfdClientWaitForEvent start
08-26 18:33:25.718  5917  6425 D         : wfd_client_wait_for_event
08-26 18:33:25.718  2704  2704 E [WFD-WFDClient]: [wfd_wait_for_thread_exit:148]wfd_wait_for_thread_exit LINE[148] err[1]
08-26 18:33:25.719  2704  2704 E [WFD-WFDClient]: [wfd_wait_for_thread_exit:148]wfd_wait_for_thread_exit LINE[148] err[1]
08-26 18:33:25.720  2704  5814 I [WFD-wfd_client_export]: wait_for_event: result=0 nread=29 string="RTSP_REASON_REQUESTED_BY_USER"
08-26 18:33:25.720  2704  5814 D         : wfdClientWaitForEvent buf =RTSP_REASON_REQUESTED_BY_USER
08-26 18:33:25.720  5917  6425 D         : [buf=RTSP_REASON_REQUESTED_BY_USER]
08-26 18:33:25.720  5917  6425 D WfdMonitor: WfdMonitor wfdClientWaitForEvent end
08-26 18:33:25.721  2704  2704 E [WFD-WFDClient]: [wfd_wait_for_thread_exit:148]wfd_wait_for_thread_exit LINE[148] err[1]
08-26 18:33:25.722  2704  2704 E [WFD-WFDClient]: [wfd_wait_for_thread_exit:148]wfd_wait_for_thread_exit LINE[148] err[1]
08-26 18:33:25.722  3182  3933 E ActivityManager: Sending non-protected broadcast RTSP_REASON_REQUESTED_BY_USER from system 5917:com.mediatek.androidbox/1000 pkg com.mediatek.androidbox
08-26 18:33:25.722  3182  3933 E ActivityManager: java.lang.Throwable
08-26 18:33:25.722  3182  3933 E ActivityManager:       at com.android.server.am.ActivityManagerService.checkBroadcastFromSystem(ActivityManagerService.java:21622)
08-26 18:33:25.722  3182  3933 E ActivityManager:       at com.android.server.am.ActivityManagerService.broadcastIntentLocked(ActivityManagerService.java:22249)
08-26 18:33:25.722  3182  3933 E ActivityManager:       at com.android.server.am.ActivityManagerService.broadcastIntent(ActivityManagerService.java:22397)
08-26 18:33:25.722  3182  3933 E ActivityManager:       at android.app.IActivityManager$Stub.onTransact$broadcastIntent$(IActivityManager.java:10172)
08-26 18:33:25.722  3182  3933 E ActivityManager:       at android.app.IActivityManager$Stub.onTransact(IActivityManager.java:167)
08-26 18:33:25.722  3182  3933 E ActivityManager:       at com.android.server.am.ActivityManagerService.onTransact(ActivityManagerService.java:3409)
08-26 18:33:25.722  3182  3933 E ActivityManager:       at android.os.Binder.execTransact(Binder.java:731)
08-26 18:33:25.723  2704  2704 E [WFD-WFDClient]: [wfd_wait_for_thread_exit:148]wfd_wait_for_thread_exit LINE[148] err[1]
08-26 18:33:25.726  2704  2704 I chatty  : uid=1000(system) vendor.mediatek identical 3 lines
08-26 18:33:25.727  2704  2704 E [WFD-WFDClient]: [wfd_wait_for_thread_exit:148]wfd_wait_for_thread_exit LINE[148] err[1]
08-26 18:33:25.728  5917  6425 D WfdMonitor: WfdMonitor wfdClientWaitForEvent start
08-26 18:33:25.728  5917  6425 D         : wfd_client_wait_for_event
08-26 18:33:25.728  2704  2704 E [WFD-WFDClient]: [wfd_wait_for_thread_exit:148]wfd_wait_for_thread_exit LINE[148] err[1]
08-26 18:33:25.729  2704  2704 E [WFD-WFDClient]: [wfd_wait_for_thread_exit:148]wfd_wait_for_thread_exit LINE[148] err[1]
08-26 18:33:25.730  2704  5814 I [WFD-wfd_client_export]: wait_for_event: result=0 nread=18 string="WFD-RTSP-TERMINATE"
08-26 18:33:25.730  2704  5814 D         : wfdClientWaitForEvent buf =WFD-RTSP-TERMINATE
08-26 18:33:25.730  5917  6425 D         : [buf=stopThread]
08-26 18:33:25.730  5917  6425 D WfdMonitor: WfdMonitor wfdClientWaitForEvent end
08-26 18:33:25.730  5917  6425 D WfdMonitor: WfdMonitor stop
08-26 18:33:25.731  2704  2704 E [WFD-WFDClient]: [wfd_wait_for_thread_exit:153]wfd_wait_for_thread_exit LINE[153] err[0]
08-26 18:33:25.731  2704  2704 I [WFD-WFDClient]: wfd_socket_destory !
08-26 18:33:25.731  2704  2704 I [WFD-wfd_client_export]: Socket destroy
08-26 18:33:25.731  5917  6369 E MtkWfdManager: stop:0
08-26 18:33:25.814  3182  3196 I system_server: Background concurrent copying GC freed 20720(1856KB) AllocSpace objects, 13(1720KB) LOS objects, 19% free, 5MB/6MB, paused 216us total 112.620ms
08-26 18:33:25.892  3834  3834 D TV_MtkTvAVModeBase: Enter getPictureMode, directly return
08-26 18:33:25.893  3834  3834 D MtkTvAvMode_jni: Java_com_mediatek_twoworlds_tv_TVNative_getPictureMode_1native
08-26 18:33:25.893  3834  3834 D MtkTvAvMode_jni: Java_com_mediatek_twoworlds_tv_TVNative_getSoundEffect_1native(picture_mode:7)
08-26 18:33:25.893  3834  3834 I tvapi   : [null::eventGetCurrentPictureMode:33]: eventGetCurrentPictureMode:enumModeOptionId=OPTION_PICTURE_MODE_STANDARD
08-26 18:33:25.959  2704  6497 D [WFD-WfdRtspProtocol]: UIBCListenerThread exit...
08-26 18:33:25.959  2704  6497 I [WFD-ThreadObject]: Exiting runner:69
08-26 18:33:25.699  5917  6425 I chatty  : uid=1000(system) com.mediatek.androidbox identical 1 line
08-26 18:33:25.720  5917  6425 W ContextImpl: Calling a method in the system process without a qualified user: android.app.ContextImpl.sendBroadcast:1011 android.content.ContextWrapper.sendBroadcast:444 com.mediatek.wfdsink.MtkWfdMonitor$WfdMonitorThread.run:54 <bottom of call stack> <bottom of call stack>
08-26 18:33:27.767  3182  3517 E TaskPersister: File error accessing recents directory (directory doesn't exist?).
08-26 18:33:29.233  4589  4589 I Ucx     : makeRequest
08-26 18:33:29.234  4589  6546 D Ucx     : Unable to obtain AdvertisingIdClient.getAdvertisingIdInfo()
08-26 18:33:29.234  4589  4589 E ContentValues: onAdFailed:Network is unavailable.
08-26 18:33:35.230  2815  2815 D         : read_message(L589): read buffer res: 0x0004, buf[0] = 0x0003
08-26 18:33:35.231  3834  3864 D TV_MtkTvConfig: Enter getConfigValue, inputGroup=-1, cfgId=g_pip_pop__pip_pop_tv_focus_win
08-26 18:33:35.232  3834  3864 D TV_MtkTvConfig: Leave getConfigValue
08-26 18:33:35.232  3834  3864 D TV_MtkTvAVModeBase: isFreeze
08-26 18:33:35.232  3834  3864 D MtkTvAvMode_jni: native_isFreeze
08-26 18:33:35.232  3834  3864 D MtkTvAvMode_jni: native_isFreeze, b_freeze = 0
08-26 18:33:35.233  3182  3282 D WindowManager: enter interceptKeyBeforeDispatching 1
08-26 18:33:35.234  3182  3282 I WindowManager: cvteInterceptKeyBeforeDispatching Go in event =22
08-26 18:33:35.234  3182  3282 D WindowManager: enter cvteInterceptKeyBeforeDispatching onGlobalKeyEvent
08-26 18:33:35.234  3834  3864 D Evan    : onGlobalKeyEvent keycode=22
08-26 18:33:35.234  3834  3864 I tvapi   : [null::eventTvScanAtvIsScanning:22]: eventTvScanAtvIsScanning bScanning=false
08-26 18:33:35.235  3834  3864 I tvapi   : [null::eventTvScanDtmbIsScanning:22]: eventTvScanDtmbIsScanning bScanning=false
08-26 18:33:35.235  3834  3864 D hotkey  : [null::handleMapKeyEvent:17]: KeyEvent { action=ACTION_DOWN, keyCode=KEYCODE_DPAD_RIGHT, scanCode=106, metaState=0, flags=0x8, repeatCount=0, eventTime=953903, downTime=953903, deviceId=3, source=0x301 }
08-26 18:33:35.235  3834  3864 I tvapi   : [null::tq:9]: keyevent SIGNAL_LOST resetTimer
08-26 18:33:35.235  3834  3864 D MtkTvInputSource_jni: native_getCurrentInputSourceName
08-26 18:33:35.236  3834  3864 D MtkTvInputSource_jni: native_getCurrentInputSourceName
08-26 18:33:35.237  3834  3864 I tvapi   : [null::getCurrentSourceTypeName:60]: getCurrentSourceTypeName: currentSourceTypeName: DTV
08-26 18:33:35.237  3834  3864 D MtkTvInputSource_jni: native_getCurrentInputSourceName
08-26 18:33:35.237  3834  3864 I tvapi   : [null::getCurrentSourceTypeName:60]: getCurrentSourceTypeName: currentSourceTypeName: DTV
08-26 18:33:35.238  3834  3864 D MtkTvInputSource_jni: native_getCurrentInputSourceName
08-26 18:33:35.238  3834  3864 I tvapi   : [null::getCurrentSourceTypeName:60]: getCurrentSourceTypeName: currentSourceTypeName: DTV
08-26 18:33:35.238  3834  3864 D MtkTvInputSource_jni: native_getCurrentInputSourceName
08-26 18:33:35.239  3834  3864 I tvapi   : [null::getCurrentSourceTypeName:60]: getCurrentSourceTypeName: currentSourceTypeName: DTV
08-26 18:33:35.240  3797  3847 D CLog    : [null:26::a]: time = -1
08-26 18:33:35.240  3797  3847 D CLog    : [null:4::onTvNotify]: notifySystemSignalLostPowerOffTimeRemaining
08-26 18:33:35.240  3797  3847 D CLog    : [null:0::onTvNotify]: notifySystemSignalLostPowerOffTimeRemaining
08-26 18:33:35.241  4393  4407 D SpeechService: [ (a.java:159)#onTvNotify ] Get Action=notifySystemSignalLostPowerOffTimeRemaining Get Bundle=Bundle[mParcelledData.dataSize=52]
08-26 18:33:35.241  3834  3864 I tvapi   : [null::eventSystemInputSourceGetInputSource:38]: getFrom DB:deviceId =4
08-26 18:33:35.242  3834  3864 I tvapi   : [null::eventSystemInputSourceGetInputSource:153]: input source is :HDMI 1
08-26 18:33:35.242  4393  4407 D SpeechService: [ (a.java:164)#onTvNotify ] Current cate: INPUTSOURCE_HDMI
08-26 18:33:35.245  3834  3864 I tvapi   : [null::handle:63]: time step = 11572
08-26 18:33:35.245  3797  3847 D CLog    : [null:26::a]: time = -1
08-26 18:33:35.245  3797  3847 D CLog    : [null:4::onTvNotify]: notifySystemNoActionAutoPowerOffTimeRemaining
08-26 18:33:35.245  3797  3847 D CLog    : [null:0::onTvNotify]: notifySystemNoActionAutoPowerOffTimeRemaining
08-26 18:33:35.246  4393  4407 D SpeechService: [ (a.java:159)#onTvNotify ] Get Action=notifySystemNoActionAutoPowerOffTimeRemaining Get Bundle=Bundle[mParcelledData.dataSize=52]
08-26 18:33:35.247  3834  3864 I tvapi   : [null::eventSystemInputSourceGetInputSource:38]: getFrom DB:deviceId =4
08-26 18:33:35.247  3834  3864 I tvapi   : [null::eventSystemInputSourceGetInputSource:153]: input source is :HDMI 1
08-26 18:33:35.248  4393  4407 D SpeechService: [ (a.java:164)#onTvNotify ] Current cate: INPUTSOURCE_HDMI
08-26 18:33:35.250  3797  3847 D Evan    : handleKeyEvent:22
08-26 18:33:35.251  3182  3282 D WindowManager: onGlobalKeyEvent ret = false
08-26 18:33:35.251  3182  3282 D WindowManager: enter interceptKeyBeforeDispatching 3
08-26 18:33:35.298  2700  2822 E hwcomposer: HWComposerDisplayHalMiOsd::hwcMiDisplay: MI_OSD_LayerSetAttr E_MI_OSD_ATTR_TYPE_AUTO_DETECT_BUFFER failed, handle: 0, Error[0x7]: MI_ERR_INVALID_HANDLE !!!, line=[1121].
08-26 18:33:35.319  2700  2822 I chatty  : uid=1000(system) graphic_mi_work identical 1 line
08-26 18:33:35.339  2700  2822 E hwcomposer: HWComposerDisplayHalMiOsd::hwcMiDisplay: MI_OSD_LayerSetAttr E_MI_OSD_ATTR_TYPE_AUTO_DETECT_BUFFER failed, handle: 0, Error[0x7]: MI_ERR_INVALID_HANDLE !!!, line=[1121].
08-26 18:33:35.342  2815  2815 D         : read_message(L589): read buffer res: 0x0004, buf[0] = 0x0003
08-26 18:33:35.343  3834  3864 D TV_MtkTvConfig: Enter getConfigValue, inputGroup=-1, cfgId=g_pip_pop__pip_pop_tv_focus_win
08-26 18:33:35.344  3834  3864 D TV_MtkTvConfig: Leave getConfigValue
08-26 18:33:35.344  3834  3864 D TV_MtkTvAVModeBase: isFreeze
08-26 18:33:35.344  3834  3864 D MtkTvAvMode_jni: native_isFreeze
08-26 18:33:35.344  3834  3864 D MtkTvAvMode_jni: native_isFreeze, b_freeze = 0
08-26 18:33:35.345  3182  3282 D WindowManager: enter interceptKeyBeforeDispatching 1
08-26 18:33:35.345  3182  3282 I WindowManager: cvteInterceptKeyBeforeDispatching Go in event =22
08-26 18:33:35.345  3182  3282 D WindowManager: enter cvteInterceptKeyBeforeDispatching onGlobalKeyEvent
08-26 18:33:35.346  3834  3864 D Evan    : onGlobalKeyEvent keycode=22
08-26 18:33:35.346  3834  3864 I tvapi   : [null::eventTvScanAtvIsScanning:22]: eventTvScanAtvIsScanning bScanning=false
08-26 18:33:35.346  3834  3864 I tvapi   : [null::eventTvScanDtmbIsScanning:22]: eventTvScanDtmbIsScanning bScanning=false
08-26 18:33:35.347  3834  3864 D hotkey  : [null::handleMapKeyEvent:17]: KeyEvent { action=ACTION_UP, keyCode=KEYCODE_DPAD_RIGHT, scanCode=106, metaState=0, flags=0x8, repeatCount=0, eventTime=954015, downTime=953903, deviceId=3, source=0x301 }
08-26 18:33:35.347  3834  3864 I tvapi   : [null::tq:9]: keyevent SIGNAL_LOST resetTimer
08-26 18:33:35.347  3834  3864 D MtkTvInputSource_jni: native_getCurrentInputSourceName
08-26 18:33:35.348  3834  3864 D MtkTvInputSource_jni: native_getCurrentInputSourceName
08-26 18:33:35.351  3834  3864 I tvapi   : [null::getCurrentSourceTypeName:60]: getCurrentSourceTypeName: currentSourceTypeName: DTV
08-26 18:33:35.351  3834  3864 D MtkTvInputSource_jni: native_getCurrentInputSourceName
08-26 18:33:35.352  3834  3864 I tvapi   : [null::getCurrentSourceTypeName:60]: getCurrentSourceTypeName: currentSourceTypeName: DTV
08-26 18:33:35.352  3834  3864 D MtkTvInputSource_jni: native_getCurrentInputSourceName
08-26 18:33:35.353  3834  3864 I tvapi   : [null::getCurrentSourceTypeName:60]: getCurrentSourceTypeName: currentSourceTypeName: DTV
08-26 18:33:35.353  3834  3864 D MtkTvInputSource_jni: native_getCurrentInputSourceName
08-26 18:33:35.353  3834  3864 I tvapi   : [null::getCurrentSourceTypeName:60]: getCurrentSourceTypeName: currentSourceTypeName: DTV
08-26 18:33:35.354  3797  3847 D CLog    : [null:26::a]: time = -1
08-26 18:33:35.354  3797  3847 D CLog    : [null:4::onTvNotify]: notifySystemSignalLostPowerOffTimeRemaining
08-26 18:33:35.354  3797  3847 D CLog    : [null:0::onTvNotify]: notifySystemSignalLostPowerOffTimeRemaining
08-26 18:33:35.355  4393  4407 D SpeechService: [ (a.java:159)#onTvNotify ] Get Action=notifySystemSignalLostPowerOffTimeRemaining Get Bundle=Bundle[mParcelledData.dataSize=52]
08-26 18:33:35.355  3834  3864 I tvapi   : [null::eventSystemInputSourceGetInputSource:38]: getFrom DB:deviceId =4
08-26 18:33:35.356  3834  3864 I tvapi   : [null::eventSystemInputSourceGetInputSource:153]: input source is :HDMI 1
08-26 18:33:35.356  4393  4407 D SpeechService: [ (a.java:164)#onTvNotify ] Current cate: INPUTSOURCE_HDMI
08-26 18:33:35.357  3797  3847 D Evan    : handleKeyEvent:22
08-26 18:33:35.358  3182  3282 D WindowManager: onGlobalKeyEvent ret = false
08-26 18:33:35.358  3182  3282 D WindowManager: enter interceptKeyBeforeDispatching 3
08-26 18:33:35.359  2700  2822 E hwcomposer: HWComposerDisplayHalMiOsd::hwcMiDisplay: MI_OSD_LayerSetAttr E_MI_OSD_ATTR_TYPE_AUTO_DETECT_BUFFER failed, handle: 0, Error[0x7]: MI_ERR_INVALID_HANDLE !!!, line=[1121].
08-26 18:33:35.379  2700  2822 I chatty  : uid=1000(system) graphic_mi_work identical 1 line
08-26 18:33:35.399  2700  2822 E hwcomposer: HWComposerDisplayHalMiOsd::hwcMiDisplay: MI_OSD_LayerSetAttr E_MI_OSD_ATTR_TYPE_AUTO_DETECT_BUFFER failed, handle: 0, Error[0x7]: MI_ERR_INVALID_HANDLE !!!, line=[1121].
