08-26 18:33:38.545  3834  3864 I tvapi   : [null::getCurrentSourceTypeName:60]: getCurrentSourceTypeName: currentSourceTypeName: DTV
08-26 18:33:38.545  3797  3847 D CLog    : [null:26::a]: time = -1
08-26 18:33:38.545  3797  3847 D CLog    : [null:4::onTvNotify]: notifySystemSignalLostPowerOffTimeRemaining
08-26 18:33:38.545  3797  3847 D CLog    : [null:0::onTvNotify]: notifySystemSignalLostPowerOffTimeRemaining
08-26 18:33:38.546  4393  4407 D SpeechService: [ (a.java:159)#onTvNotify ] Get Action=notifySystemSignalLostPowerOffTimeRemaining Get Bundle=Bundle[mParcelledData.dataSize=52]
08-26 18:33:38.547  3834  3864 I tvapi   : [null::eventSystemInputSourceGetInputSource:38]: getFrom DB:deviceId =4
08-26 18:33:38.547  3834  3864 I tvapi   : [null::eventSystemInputSourceGetInputSource:153]: input source is :HDMI 1
08-26 18:33:38.548  4393  4407 D SpeechService: [ (a.java:164)#onTvNotify ] Current cate: INPUTSOURCE_HDMI
08-26 18:33:38.549  3797  3847 D Evan    : handleKeyEvent:20
08-26 18:33:38.550  3182  3282 D WindowManager: onGlobalKeyEvent ret = false
08-26 18:33:38.550  3182  3282 D WindowManager: enter interceptKeyBeforeDispatching 3
08-26 18:33:38.600  2700  2822 E hwcomposer: HWComposerDisplayHalMiOsd::hwcMiDisplay: MI_OSD_LayerSetAttr E_MI_OSD_ATTR_TYPE_AUTO_DETECT_BUFFER failed, handle: 0, Error[0x7]: MI_ERR_INVALID_HANDLE !!!, line=[1121].
08-26 18:33:38.619  2700  2822 I chatty  : uid=1000(system) graphic_mi_work identical 1 line
08-26 18:33:38.639  2700  2822 E hwcomposer: HWComposerDisplayHalMiOsd::hwcMiDisplay: MI_OSD_LayerSetAttr E_MI_OSD_ATTR_TYPE_AUTO_DETECT_BUFFER failed, handle: 0, Error[0x7]: MI_ERR_INVALID_HANDLE !!!, line=[1121].
08-26 18:33:38.650  2815  2815 D         : read_message(L589): read buffer res: 0x0004, buf[0] = 0x0003
08-26 18:33:38.651  3834  3864 D TV_MtkTvConfig: Enter getConfigValue, inputGroup=-1, cfgId=g_pip_pop__pip_pop_tv_focus_win
08-26 18:33:38.652  3834  3864 D TV_MtkTvConfig: Leave getConfigValue
08-26 18:33:38.652  3834  3864 D TV_MtkTvAVModeBase: isFreeze
08-26 18:33:38.652  3834  3864 D MtkTvAvMode_jni: native_isFreeze
08-26 18:33:38.652  3834  3864 D MtkTvAvMode_jni: native_isFreeze, b_freeze = 0
08-26 18:33:38.653  3182  3282 D WindowManager: enter interceptKeyBeforeDispatching 1
08-26 18:33:38.653  3182  3282 I WindowManager: cvteInterceptKeyBeforeDispatching Go in event =20
08-26 18:33:38.653  3182  3282 D WindowManager: enter cvteInterceptKeyBeforeDispatching onGlobalKeyEvent
08-26 18:33:38.654  3834  3864 D Evan    : onGlobalKeyEvent keycode=20
08-26 18:33:38.654  3834  3864 I tvapi   : [null::eventTvScanAtvIsScanning:22]: eventTvScanAtvIsScanning bScanning=false
08-26 18:33:38.654  3834  3864 I tvapi   : [null::eventTvScanDtmbIsScanning:22]: eventTvScanDtmbIsScanning bScanning=false
08-26 18:33:38.655  3834  3864 D hotkey  : [null::handleMapKeyEvent:17]: KeyEvent { action=ACTION_UP, keyCode=KEYCODE_DPAD_DOWN, scanCode=108, metaState=0, flags=0x8, repeatCount=0, eventTime=957323, downTime=957210, deviceId=3, source=0x301 }
08-26 18:33:38.655  3834  3864 I tvapi   : [null::tq:9]: keyevent SIGNAL_LOST resetTimer
08-26 18:33:38.655  3834  3864 D MtkTvInputSource_jni: native_getCurrentInputSourceName
08-26 18:33:38.656  3834  3864 D MtkTvInputSource_jni: native_getCurrentInputSourceName
08-26 18:33:38.656  3834  3864 I tvapi   : [null::getCurrentSourceTypeName:60]: getCurrentSourceTypeName: currentSourceTypeName: DTV
08-26 18:33:38.656  3834  3864 D MtkTvInputSource_jni: native_getCurrentInputSourceName
08-26 18:33:38.657  3834  3864 I tvapi   : [null::getCurrentSourceTypeName:60]: getCurrentSourceTypeName: currentSourceTypeName: DTV
08-26 18:33:38.657  3834  3864 D MtkTvInputSource_jni: native_getCurrentInputSourceName
08-26 18:33:38.657  3834  3864 I tvapi   : [null::getCurrentSourceTypeName:60]: getCurrentSourceTypeName: currentSourceTypeName: DTV
08-26 18:33:38.657  3834  3864 D MtkTvInputSource_jni: native_getCurrentInputSourceName
08-26 18:33:38.658  3834  3864 I tvapi   : [null::getCurrentSourceTypeName:60]: getCurrentSourceTypeName: currentSourceTypeName: DTV
08-26 18:33:38.658  3797  3847 D CLog    : [null:26::a]: time = -1
08-26 18:33:38.658  3797  3847 D CLog    : [null:4::onTvNotify]: notifySystemSignalLostPowerOffTimeRemaining
08-26 18:33:38.658  3797  3847 D CLog    : [null:0::onTvNotify]: notifySystemSignalLostPowerOffTimeRemaining
08-26 18:33:38.660  2700  2822 E hwcomposer: HWComposerDisplayHalMiOsd::hwcMiDisplay: MI_OSD_LayerSetAttr E_MI_OSD_ATTR_TYPE_AUTO_DETECT_BUFFER failed, handle: 0, Error[0x7]: MI_ERR_INVALID_HANDLE !!!, line=[1121].
08-26 18:33:38.660  4393  4407 D SpeechService: [ (a.java:159)#onTvNotify ] Get Action=notifySystemSignalLostPowerOffTimeRemaining Get Bundle=Bundle[mParcelledData.dataSize=52]
08-26 18:33:38.660  3834  3864 I tvapi   : [null::eventSystemInputSourceGetInputSource:38]: getFrom DB:deviceId =4
08-26 18:33:38.661  3834  3864 I tvapi   : [null::eventSystemInputSourceGetInputSource:153]: input source is :HDMI 1
08-26 18:33:38.661  4393  4407 D SpeechService: [ (a.java:164)#onTvNotify ] Current cate: INPUTSOURCE_HDMI
08-26 18:33:38.663  3797  3847 D Evan    : handleKeyEvent:20
08-26 18:33:38.664  3182  3282 D WindowManager: onGlobalKeyEvent ret = false
08-26 18:33:38.664  3182  3282 D WindowManager: enter interceptKeyBeforeDispatching 3
08-26 18:33:38.679  2700  2822 E hwcomposer: HWComposerDisplayHalMiOsd::hwcMiDisplay: MI_OSD_LayerSetAttr E_MI_OSD_ATTR_TYPE_AUTO_DETECT_BUFFER failed, handle: 0, Error[0x7]: MI_ERR_INVALID_HANDLE !!!, line=[1121].
08-26 18:33:38.699  2700  2822 E hwcomposer: HWComposerDisplayHalMiOsd::hwcMiDisplay: MI_OSD_LayerSetAttr E_MI_OSD_ATTR_TYPE_AUTO_DETECT_BUFFER failed, handle: 0, Error[0x7]: MI_ERR_INVALID_HANDLE !!!, line=[1121].
08-26 18:33:39.280  2815  2815 D         : read_message(L589): read buffer res: 0x0004, buf[0] = 0x0003
08-26 18:33:39.280  2815  2815 D         : read_message(L589): read buffer res: 0x0004, buf[0] = 0x0003
08-26 18:33:39.280  3834  3864 D TV_MtkTvConfig: Enter getConfigValue, inputGroup=-1, cfgId=g_pip_pop__pip_pop_tv_focus_win
08-26 18:33:39.281  3834  3864 D TV_MtkTvConfig: Leave getConfigValue
08-26 18:33:39.281  3834  3864 D TV_MtkTvAVModeBase: isFreeze
08-26 18:33:39.281  3834  3864 D MtkTvAvMode_jni: native_isFreeze
08-26 18:33:39.281  3834  3864 D MtkTvAvMode_jni: native_isFreeze, b_freeze = 0
08-26 18:33:39.282  3834  3864 D TV_MtkTvConfig: Enter getConfigValue, inputGroup=-1, cfgId=g_pip_pop__pip_pop_tv_focus_win
08-26 18:33:39.282  3182  3282 D WindowManager: enter interceptKeyBeforeDispatching 1
08-26 18:33:39.282  3182  3282 I WindowManager: cvteInterceptKeyBeforeDispatching Go in event =23
08-26 18:33:39.282  3182  3282 D WindowManager: enter cvteInterceptKeyBeforeDispatching onGlobalKeyEvent
08-26 18:33:39.283  3834  3864 D TV_MtkTvConfig: Leave getConfigValue
08-26 18:33:39.283  3834  3866 D Evan    : onGlobalKeyEvent keycode=23
08-26 18:33:39.283  3834  3864 D TV_MtkTvAVModeBase: isFreeze
08-26 18:33:39.283  3834  3864 D MtkTvAvMode_jni: native_isFreeze
08-26 18:33:39.283  3834  3866 I tvapi   : [null::eventTvScanAtvIsScanning:22]: eventTvScanAtvIsScanning bScanning=false
08-26 18:33:39.283  3834  3866 I tvapi   : [null::eventTvScanDtmbIsScanning:22]: eventTvScanDtmbIsScanning bScanning=false
08-26 18:33:39.283  3834  3864 D MtkTvAvMode_jni: native_isFreeze, b_freeze = 0
08-26 18:33:39.284  3834  3866 D hotkey  : [null::handleMapKeyEvent:17]: KeyEvent { action=ACTION_DOWN, keyCode=KEYCODE_DPAD_CENTER, scanCode=353, metaState=0, flags=0x8, repeatCount=0, eventTime=957953, downTime=957953, deviceId=3, source=0x301 }
08-26 18:33:39.285  3834  3866 I tvapi   : [null::tq:9]: keyevent SIGNAL_LOST resetTimer
08-26 18:33:39.285  3834  3866 D MtkTvInputSource_jni: native_getCurrentInputSourceName
08-26 18:33:39.285  3834  3866 D MtkTvInputSource_jni: native_getCurrentInputSourceName
08-26 18:33:39.286  3834  3866 I tvapi   : [null::getCurrentSourceTypeName:60]: getCurrentSourceTypeName: currentSourceTypeName: DTV
08-26 18:33:39.286  3834  3866 D MtkTvInputSource_jni: native_getCurrentInputSourceName
08-26 18:33:39.287  3834  3866 I tvapi   : [null::getCurrentSourceTypeName:60]: getCurrentSourceTypeName: currentSourceTypeName: DTV
08-26 18:33:39.287  3834  3866 D MtkTvInputSource_jni: native_getCurrentInputSourceName
08-26 18:33:39.287  3834  3866 I tvapi   : [null::getCurrentSourceTypeName:60]: getCurrentSourceTypeName: currentSourceTypeName: DTV
08-26 18:33:39.287  3834  3866 D MtkTvInputSource_jni: native_getCurrentInputSourceName
08-26 18:33:39.288  3834  3866 I tvapi   : [null::getCurrentSourceTypeName:60]: getCurrentSourceTypeName: currentSourceTypeName: DTV
08-26 18:33:39.289  3797  3847 D CLog    : [null:26::a]: time = -1
08-26 18:33:39.289  3797  3847 D CLog    : [null:4::onTvNotify]: notifySystemSignalLostPowerOffTimeRemaining
08-26 18:33:39.289  3797  3847 D CLog    : [null:0::onTvNotify]: notifySystemSignalLostPowerOffTimeRemaining
08-26 18:33:39.290  4393  4407 D SpeechService: [ (a.java:159)#onTvNotify ] Get Action=notifySystemSignalLostPowerOffTimeRemaining Get Bundle=Bundle[mParcelledData.dataSize=52]
08-26 18:33:39.290  3834  3866 I tvapi   : [null::eventSystemInputSourceGetInputSource:38]: getFrom DB:deviceId =4
08-26 18:33:39.290  3834  3866 I tvapi   : [null::eventSystemInputSourceGetInputSource:153]: input source is :HDMI 1
08-26 18:33:39.291  4393  4407 D SpeechService: [ (a.java:164)#onTvNotify ] Current cate: INPUTSOURCE_HDMI
08-26 18:33:39.292  3797  3847 D Evan    : handleKeyEvent:23
08-26 18:33:39.293  3182  3282 D WindowManager: onGlobalKeyEvent ret = false
08-26 18:33:39.293  3182  3282 D WindowManager: enter interceptKeyBeforeDispatching 3
08-26 18:33:39.294  3182  3282 D WindowManager: enter interceptKeyBeforeDispatching 1
08-26 18:33:39.294  3182  3282 I WindowManager: cvteInterceptKeyBeforeDispatching Go in event =23
08-26 18:33:39.294  3182  3282 D WindowManager: enter cvteInterceptKeyBeforeDispatching onGlobalKeyEvent
08-26 18:33:39.294  3834  3866 D Evan    : onGlobalKeyEvent keycode=23
08-26 18:33:39.295  3834  3866 I tvapi   : [null::eventTvScanAtvIsScanning:22]: eventTvScanAtvIsScanning bScanning=false
08-26 18:33:39.295  3834  3866 I tvapi   : [null::eventTvScanDtmbIsScanning:22]: eventTvScanDtmbIsScanning bScanning=false
08-26 18:33:39.295  3834  3866 D hotkey  : [null::handleMapKeyEvent:17]: KeyEvent { action=ACTION_UP, keyCode=KEYCODE_DPAD_CENTER, scanCode=353, metaState=0, flags=0x8, repeatCount=0, eventTime=957953, downTime=957953, deviceId=3, source=0x301 }
08-26 18:33:39.296  3834  3866 I tvapi   : [null::tq:9]: keyevent SIGNAL_LOST resetTimer
08-26 18:33:39.297  3834  3866 D MtkTvInputSource_jni: native_getCurrentInputSourceName
08-26 18:33:39.298  3834  3866 D MtkTvInputSource_jni: native_getCurrentInputSourceName
08-26 18:33:39.298  3834  3866 I tvapi   : [null::getCurrentSourceTypeName:60]: getCurrentSourceTypeName: currentSourceTypeName: DTV
08-26 18:33:39.298  3834  3866 D MtkTvInputSource_jni: native_getCurrentInputSourceName
08-26 18:33:39.299  3834  3866 I tvapi   : [null::getCurrentSourceTypeName:60]: getCurrentSourceTypeName: currentSourceTypeName: DTV
08-26 18:33:39.299  3834  3866 D MtkTvInputSource_jni: native_getCurrentInputSourceName
08-26 18:33:39.300  3834  3866 I tvapi   : [null::getCurrentSourceTypeName:60]: getCurrentSourceTypeName: currentSourceTypeName: DTV
08-26 18:33:39.300  3834  3866 D MtkTvInputSource_jni: native_getCurrentInputSourceName
08-26 18:33:39.300  3834  3866 I tvapi   : [null::getCurrentSourceTypeName:60]: getCurrentSourceTypeName: currentSourceTypeName: DTV
08-26 18:33:39.301  3797  3847 D CLog    : [null:26::a]: time = -1
08-26 18:33:39.301  3797  3847 D CLog    : [null:4::onTvNotify]: notifySystemSignalLostPowerOffTimeRemaining
08-26 18:33:39.301  3797  3847 D CLog    : [null:0::onTvNotify]: notifySystemSignalLostPowerOffTimeRemaining
08-26 18:33:39.302  4393  4407 D SpeechService: [ (a.java:159)#onTvNotify ] Get Action=notifySystemSignalLostPowerOffTimeRemaining Get Bundle=Bundle[mParcelledData.dataSize=52]
08-26 18:33:39.303  3834  3866 I tvapi   : [null::eventSystemInputSourceGetInputSource:38]: getFrom DB:deviceId =4
08-26 18:33:39.303  3834  3866 I tvapi   : [null::eventSystemInputSourceGetInputSource:153]: input source is :HDMI 1
08-26 18:33:39.304  4393  4407 D SpeechService: [ (a.java:164)#onTvNotify ] Current cate: INPUTSOURCE_HDMI
08-26 18:33:39.305  3797  3847 D Evan    : handleKeyEvent:23
08-26 18:33:39.306  3182  3282 D WindowManager: onGlobalKeyEvent ret = false
08-26 18:33:39.307  3182  3282 D WindowManager: enter interceptKeyBeforeDispatching 3
08-26 18:33:39.307  4589  4605 D DataCollectionServer: doExposeClickMessage 1
08-26 18:33:39.307  4589  4605 D DataCollectionServer: doExposeClickMessage 2
08-26 18:33:39.309  3182  3933 I ActivityManager: START u0 {act=android.settings.WIRELESS_SETTINGS flg=0x10008000 cmp=com.cvte.settings/.Settings$NetworkSettings} from uid 10041
08-26 18:33:39.315  3182  3933 D TestIniFileReader: read ini file ,sectionName is corevodapp
08-26 18:33:39.317  3182  3933 D TestIniFileReader: read ini file ,sectionName is keepcorevodapplivelist
08-26 18:33:39.318  3182  3933 D TestIniFileReader: read ini file ,sectionName is launchername
08-26 18:33:39.330  2700  2822 E hwcomposer: HWComposerDisplayHalMiOsd::hwcMiDisplay: MI_OSD_LayerSetAttr E_MI_OSD_ATTR_TYPE_AUTO_DETECT_BUFFER failed, handle: 0, Error[0x7]: MI_ERR_INVALID_HANDLE !!!, line=[1121].
08-26 18:33:39.354  3182  3933 D ActivityManager: prePackageName =com.cvte.settings  curPackage =com.cvte.settings  nextpackageName =com.cvte.settings
08-26 18:33:39.354  3182  3933 D TestIniFileReader: read ini file ,sectionName is vod
08-26 18:33:39.370  2691  4027 D gralloc : mali_gralloc_select_format: req_format=0x1 req_fmt_mapped=0x1 internal_format=0x1 usage=0x966
08-26 18:33:39.370  2691  4027 D gralloc : [mali_gralloc_ion_allocate():914] allocating buffer (1920, 1080) usage=0x966, format=0x1, size=8294400, heap_type=0, ion_flags=0x3
08-26 18:33:39.389  3182  3933 D ActivityManager: prePackageName =com.cvte.tv.launcher.space  curPackage =com.cvte.settings  nextpackageName =com.cvte.settings
08-26 18:33:39.389  3182  3933 D TestIniFileReader: read ini file ,sectionName is vod
08-26 18:33:39.395  4751  4751 W ActivityThread: handleWindowVisibility: no activity for token android.os.BinderProxy@7128d92
08-26 18:33:39.462  2700  2822 E hwcomposer: HWComposerDisplayHalMiOsd::hwcMiDisplay: MI_OSD_LayerSetAttr E_MI_OSD_ATTR_TYPE_AUTO_DETECT_BUFFER failed, handle: 0, Error[0x7]: MI_ERR_INVALID_HANDLE !!!, line=[1121].
08-26 18:33:39.467  4751  4751 D CLog    : [TvFragmentUtil.java:61::topFragment]: top=240294777
08-26 18:33:39.468  4589  4589 D Ucx     : Refresh disabled for ad unit (test-ad-E2B23E28673E382E0762473688A29A8B).
08-26 18:33:39.468  4589  4589 I chatty  : uid=10041(com.cvte.tv.launcher.space) identical 2 lines
08-26 18:33:39.468  4589  4589 D Ucx     : Refresh disabled for ad unit (test-ad-E2B23E28673E382E0762473688A29A8B).
08-26 18:33:39.471  2700  2822 E hwcomposer: HWComposerDisplayHalMiOsd::hwcMiDisplay: MI_OSD_LayerSetAttr E_MI_OSD_ATTR_TYPE_AUTO_DETECT_BUFFER failed, handle: 0, Error[0x7]: MI_ERR_INVALID_HANDLE !!!, line=[1121].
08-26 18:33:39.479  4751  4751 D CLog    : [MenuInfoFragment.java:61::setMenuInfo]:
08-26 18:33:39.479  4751  4751 D CLog    : MenuInfo { GridNetWorkSetting
08-26 18:33:39.479  4751  4751 D CLog    :     TitleNetWorkConnect
08-26 18:33:39.479  4751  4751 D CLog    :     SpinnerNetWorkConnect
08-26 18:33:39.479  4751  4751 D CLog    :     TextButtonNetWorkWired
08-26 18:33:39.479  4751  4751 D CLog    :     TextButtonNetWorkWireless
08-26 18:33:39.479  4751  4751 D CLog    :     TitleAdvance
08-26 18:33:39.479  4751  4751 D CLog    :     TextButtonAp
08-26 18:33:39.479  4751  4751 D CLog    : }
08-26 18:33:39.480  4751  4751 D CLog    : [MenuInfoFragment.java:164::setArguments]: setArguments--->MenuName=GridNetWorkSetting
08-26 18:33:39.480  4751  4751 D SettingsBaseFragment: onAttach: class=NetworkSettingFragment{bf6d8c #0 id=0x7f0f0081 com.cvte.settings.net.NetworkSettingFragment}
08-26 18:33:39.481  4751  4751 D SettingsBaseFragment: onCreate: class=NetworkSettingFragment{bf6d8c #0 id=0x7f0f0081 com.cvte.settings.net.NetworkSettingFragment}
08-26 18:33:39.481  4751  4751 D SettingsBaseFragment: onCreateView: class=NetworkSettingFragment{bf6d8c #0 id=0x7f0f0081 com.cvte.settings.net.NetworkSettingFragment}
08-26 18:33:39.483  4751  4751 D SettingsBaseFragment: onViewCreated: class=NetworkSettingFragment{bf6d8c #0 id=0x7f0f0081 com.cvte.settings.net.NetworkSettingFragment}
08-26 18:33:39.505  4751  4751 D WifiElement: onViewCreated: misWifiEnabled=true
08-26 18:33:39.513  4751  4751 D SettingsBaseFragment: onViewStateRestored: class=NetworkSettingFragment{bf6d8c #0 id=0x7f0f0081 com.cvte.settings.net.NetworkSettingFragment}
08-26 18:33:39.513  4751  4751 D SettingsBaseFragment: onStart: class=NetworkSettingFragment{bf6d8c #0 id=0x7f0f0081 com.cvte.settings.net.NetworkSettingFragment}
08-26 18:33:39.513  4751  4751 D SettingsBaseFragment: onResume: class=NetworkSettingFragment{bf6d8c #0 id=0x7f0f0081 com.cvte.settings.net.NetworkSettingFragment}
08-26 18:33:39.513  4751  4751 D CLog    : [MenuInfoFragment.java:246::searchPageFocus]: --->searchPageFocus<---mLastFocusMenuId=null,hashCode=12545420
08-26 18:33:39.514  4751  4751 D CLog    : [MenuInfoFragment.java:269::searchPageFocus]:
08-26 18:33:39.514  4751  4751 D CLog    :
08-26 18:33:39.514  4751  4751 D CLog    : searchPageFocus:0
08-26 18:33:39.514  4751  4751 D CLog    :      position=0
08-26 18:33:39.514  4751  4751 D CLog    :      class=TitleNetWorkConnect
08-26 18:33:39.514  4751  4751 D CLog    :      status=DISABLE
08-26 18:33:39.514  4751  4751 D CLog    :      menuId=TitleNetWorkConnect
08-26 18:33:39.514  4751  4751 D CLog    :      parent=NetworkSettingFragment{bf6d8c #0 id=0x7f0f0081 com.cvte.settings.net.NetworkSettingFragment}
08-26 18:33:39.514  4751  4751 D CLog    : [MenuInfoFragment.java:287::searchPageFocus]:
08-26 18:33:39.514  4751  4751 D CLog    :
08-26 18:33:39.514  4751  4751 D CLog    : searchPageFocus:2
08-26 18:33:39.514  4751  4751 D CLog    :      position=0
08-26 18:33:39.514  4751  4751 D CLog    :      class=TitleNetWorkConnect
08-26 18:33:39.514  4751  4751 D CLog    :      status=DISABLE
08-26 18:33:39.514  4751  4751 D CLog    :      menuId=TitleNetWorkConnect
08-26 18:33:39.514  4751  4751 D CLog    :      parent=NetworkSettingFragment{bf6d8c #0 id=0x7f0f0081 com.cvte.settings.net.NetworkSettingFragment}
08-26 18:33:39.514  4751  4751 D CLog    : [MenuInfoFragment.java:287::searchPageFocus]:
08-26 18:33:39.514  4751  4751 D CLog    :
08-26 18:33:39.514  4751  4751 D CLog    : searchPageFocus:2
08-26 18:33:39.514  4751  4751 D CLog    :      position=0
08-26 18:33:39.514  4751  4751 D CLog    :      class=SpinnerNetWorkConnect
08-26 18:33:39.514  4751  4751 D CLog    :      status=ENABLE
08-26 18:33:39.514  4751  4751 D CLog    :      menuId=SpinnerNetWorkConnect
08-26 18:33:39.514  4751  4751 D CLog    :      parent=NetworkSettingFragment{bf6d8c #0 id=0x7f0f0081 com.cvte.settings.net.NetworkSettingFragment}
08-26 18:33:39.518  4751  4751 D SettingsBaseFragment: onCreateAnimation: class=NetworkSettingFragment{bf6d8c #0 id=0x7f0f0081 com.cvte.settings.net.NetworkSettingFragment}
08-26 18:33:39.527  4751  4751 D WifiElement: onReceive: misWifiEnabled=trueaction=android.net.conn.CONNECTIVITY_CHANGE
08-26 18:33:39.527  4751  4751 D WifiElement: getStatus: misWifiEnabled=true
08-26 18:33:39.527  4751  4751 D WifiElement: getStatus: misWifiEnabled=true
08-26 18:33:39.534  4751  4751 E TextButtonAp:: getStatus--:true
08-26 18:33:39.535  4751  4751 E TextButtonAp:: getStatus--:true
08-26 18:33:39.535  4751  4751 E TitleAdvance:: getStatus--:true
08-26 18:33:39.536  4751  4751 D WifiElement: onReceive: misWifiEnabled=trueaction=android.net.wifi.WIFI_STATE_CHANGED
08-26 18:33:39.536  4751  4751 D WifiElement: getStatus: misWifiEnabled=true
08-26 18:33:39.536  4751  4751 D WifiElement: getStatus: misWifiEnabled=true
08-26 18:33:39.540  4751  4751 E TextButtonAp:: getStatus--:true
08-26 18:33:39.540  4751  4751 E TextButtonAp:: getStatus--:true
08-26 18:33:39.541  4751  4751 E TitleAdvance:: getStatus--:true
08-26 18:33:39.541  4751  4751 D WifiElement: onReceive: misWifiEnabled=trueaction=android.net.wifi.STATE_CHANGE
08-26 18:33:39.541  4751  4751 D WifiElement: getStatus: misWifiEnabled=true
08-26 18:33:39.541  4751  4751 D WifiElement: getStatus: misWifiEnabled=true
08-26 18:33:39.544  4751  4751 E TextButtonAp:: getStatus--:true
08-26 18:33:39.545  4751  4751 E TextButtonAp:: getStatus--:true
08-26 18:33:39.545  4751  4751 E TitleAdvance:: getStatus--:true
08-26 18:33:39.546  4751  4751 D NetworkSettingFragment: [NetworkSettingFragment.java:72::handleConnectivityChanged]: info = [type: WIFI[], state: DISCONNECTED/DISCONNECTED, reason: (unspecified), extra: (none), failover: false, available: true, roaming: false]
08-26 18:33:39.548  4751  4751 D WifiElement: getStatus: misWifiEnabled=true
08-26 18:33:39.548  4751  4751 D WifiElement: getStatus: misWifiEnabled=true
08-26 18:33:39.550  4751  4751 E TitleAdvance:: getStatus--:true
08-26 18:33:39.550  4751  4751 E TextButtonAp:: getStatus--:true
08-26 18:33:39.551  4751  4751 E TextButtonAp:: getStatus--:true
08-26 18:33:39.555  4751  4751 D WifiElement: getStatus: misWifiEnabled=true
08-26 18:33:39.555  4751  4751 D WifiElement: getStatus: misWifiEnabled=true
08-26 18:33:39.557  4751  4751 E TitleAdvance:: getStatus--:true
08-26 18:33:39.557  4751  4751 E TextButtonAp:: getStatus--:true
08-26 18:33:39.557  4751  4751 E TextButtonAp:: getStatus--:true
08-26 18:33:39.581  2691  4027 D gralloc : mali_gralloc_select_format: req_format=0x1 req_fmt_mapped=0x1 internal_format=0x700000001 usage=0x900
08-26 18:33:39.581  2691  4027 D gralloc : [mali_gralloc_ion_allocate():914] allocating buffer (1920, 1080) usage=0x900, format=0x700000001, size=8486912, heap_type=0, ion_flags=0x0
08-26 18:33:39.582  2691  4027 D gralloc : mali_gralloc_select_format: req_format=0x1 req_fmt_mapped=0x1 internal_format=0x700000001 usage=0x900
08-26 18:33:39.582  2691  4027 D gralloc : [mali_gralloc_ion_allocate():914] allocating buffer (1920, 1080) usage=0x900, format=0x700000001, size=8486912, heap_type=0, ion_flags=0x0
08-26 18:33:39.584  2691  4027 D gralloc : mali_gralloc_select_format: req_format=0x1 req_fmt_mapped=0x1 internal_format=0x700000001 usage=0x900
08-26 18:33:39.584  2691  4027 D gralloc : [mali_gralloc_ion_allocate():914] allocating buffer (1920, 1080) usage=0x900, format=0x700000001, size=8486912, heap_type=0, ion_flags=0x0
08-26 18:33:39.591  4751  4770 D mali_winsys: EGLint new_window_surface(egl_winsys_display *, void *, EGLSurface, EGLConfig, egl_winsys_surface **, EGLBoolean) returns 0x3000
08-26 18:33:39.592  4751  4751 E CLog    : [TextButtonNetWorkWired.java:33::onReceive]: android.net.conn.CONNECTIVITY_CHANGE
08-26 18:33:39.593  4751  4751 E CLog    : [TextButtonNetWorkWired.java:33::onReceive]: android.net.wifi.WIFI_STATE_CHANGED
08-26 18:33:39.611  2691  4027 D gralloc : mali_gralloc_select_format: req_format=0x1 req_fmt_mapped=0x1 internal_format=0x700000001 usage=0xb00
08-26 18:33:39.611  2691  4027 D gralloc : [mali_gralloc_ion_allocate():914] allocating buffer (1920, 1080) usage=0xb00, format=0x700000001, size=8486912, heap_type=0, ion_flags=0x0
08-26 18:33:39.673  3182  3217 I ActivityManager: Displayed com.cvte.settings/.Settings$NetworkSettings: +248ms
08-26 18:33:39.725  2700  2822 E hwcomposer: HWComposerDisplayHalMiOsd::hwcMiDisplay: MI_OSD_LayerSetAttr E_MI_OSD_ATTR_TYPE_AUTO_DETECT_BUFFER failed, handle: 0, Error[0x7]: MI_ERR_INVALID_HANDLE !!!, line=[1121].
08-26 18:33:39.773  2700  2822 I chatty  : uid=1000(system) graphic_mi_work identical 2 lines
08-26 18:33:39.794  2700  2822 E hwcomposer: HWComposerDisplayHalMiOsd::hwcMiDisplay: MI_OSD_LayerSetAttr E_MI_OSD_ATTR_TYPE_AUTO_DETECT_BUFFER failed, handle: 0, Error[0x7]: MI_ERR_INVALID_HANDLE !!!, line=[1121].
08-26 18:33:39.808  2713  3107 E BufferQueueProducer: [com.cvte.tv.launcher.space/com.cvte.tv.launcher.space.MainActivity#0] disconnect: not connected (req=1)
08-26 18:33:39.810  4589  4611 W libEGL  : EGLNativeWindowType 0x95253808 disconnect failed
08-26 18:33:39.815  2700  2822 E hwcomposer: HWComposerDisplayHalMiOsd::hwcMiDisplay: MI_OSD_LayerSetAttr E_MI_OSD_ATTR_TYPE_AUTO_DETECT_BUFFER failed, handle: 0, Error[0x7]: MI_ERR_INVALID_HANDLE !!!, line=[1121].
08-26 18:33:39.833  2700  2822 E hwcomposer: HWComposerDisplayHalMiOsd::hwcMiDisplay: MI_OSD_LayerSetAttr E_MI_OSD_ATTR_TYPE_AUTO_DETECT_BUFFER failed, handle: 0, Error[0x7]: MI_ERR_INVALID_HANDLE !!!, line=[1121].
08-26 18:33:39.835  3834  3866 I tvapi   : [null::eventScreenWindowMute:22]: eventScreenWindowMute flag = true
08-26 18:33:39.836  3834  3866 I tvapi   : [null::eventSystemInputSourceGetInputSource:38]: getFrom DB:deviceId =4
08-26 18:33:39.836  3834  3866 I tvapi   : [null::eventSystemInputSourceGetInputSource:153]: input source is :HDMI 1
08-26 18:33:39.836  3834  3866 I tvapi   : [null::anc:3]: select to tv
08-26 18:33:39.837  3834  3866 D TV_MtkTvConfig: Enter setConfigValue, inputGroup=-1, cfgId=g_misc__av_cond_mmp_mode, value=1, isUpdate=3
08-26 18:33:39.846  2713  3107 W SurfaceFlinger: Attempting to set client state on removed layer: Splash Screen com.cvte.settings#0
[network] 961.153, ni_mon_thread.1434 >>> [NETLINK] receive event
[network] 961.260, read_netlink.1365 >>> [NETLINK],RTM_NEWLINK
08-26 18:33:39.846  2713  3107 W SurfaceFlinger: Attempting to destroy on removed layer: Splash Screen com.cvte.settings#0
[network] 961.260, _print_newlink_info.1253 >>> [NETLINK]Interface:wlan0 Link:Down
08-26 18:33:39.854  2700  2822 E hwcomposer: HWComposerDisplayHalMiOsd::hwcMiDisplay: MI_OSD_LayerSetAttr E_MI_OSD_ATTR_TYPE_AUTO_DETECT_BUFFER failed, handle: 0, Error[0x7]: MI_ERR_INVALID_HANDLE !!!, line=[1121].
08-26 18:33:39.870  2700  2822 E hwcomposer: HWComposerDisplayHalMiOsd::hwcMiDisplay: MI_OSD_LayerSetAttr E_MI_OSD_ATTR_TYPE_AUTO_DETECT_BUFFER failed, handle: 0, Error[0x7]: MI_ERR_INVALID_HANDLE !!!, line=[1121].
08-26 18:33:39.919  3834  3866 D TV_MtkTvConfig: Leave setConfigValue, return value = 0
08-26 18:33:39.920  3834  3866 I tvapi   : [null::eventTVTeletextIsOn:23]: eventTVTeletextIsOn 0
08-26 18:33:39.920  3797  3847 D CLog    : [null:26::a]: time = -1
08-26 18:33:39.921  3797  3847 D CLog    : [null:4::onTvNotify]: notifySystemSignalLostPowerOffTimeRemaining
08-26 18:33:39.921  3797  3847 D CLog    : [null:0::onTvNotify]: notifySystemSignalLostPowerOffTimeRemaining
08-26 18:33:39.921  4393  4407 D SpeechService: [ (a.java:159)#onTvNotify ] Get Action=notifySystemSignalLostPowerOffTimeRemaining Get Bundle=Bundle[mParcelledData.dataSize=52]
08-26 18:33:39.922  3834  3866 I tvapi   : [null::eventSystemInputSourceGetInputSource:38]: getFrom DB:deviceId =4
08-26 18:33:39.922  3834  3866 I tvapi   : [null::eventSystemInputSourceGetInputSource:153]: input source is :HDMI 1
08-26 18:33:39.923  4393  4407 D SpeechService: [ (a.java:164)#onTvNotify ] Current cate: INPUTSOURCE_HDMI
08-26 18:33:39.954  2700  2822 E hwcomposer: HWComposerDisplayHalMiOsd::hwcMiDisplay: MI_OSD_LayerSetAttr E_MI_OSD_ATTR_TYPE_AUTO_DETECT_BUFFER failed, handle: 0, Error[0x7]: MI_ERR_INVALID_HANDLE !!!, line=[1121].
08-26 18:33:40.119  3797  3847 D CLog    : [null:4::onTvNotify]: notifySystemInputSourceChange
08-26 18:33:40.119  3797  3847 D CLog    : [null:0::onTvNotify]: notifySystemInputSourceChange
08-26 18:33:40.120  4393  4407 D SpeechService: [ (a.java:159)#onTvNotify ] Get Action=notifySystemInputSourceChange Get Bundle=null
08-26 18:33:40.121  3834  3834 I tvapi   : [null::eventSystemInputSourceGetInputSource:38]: getFrom DB:deviceId =4
08-26 18:33:40.121  3834  3834 I tvapi   : [null::eventSystemInputSourceGetInputSource:153]: input source is :HDMI 1
08-26 18:33:40.122  4393  4407 D SpeechService: [ (a.java:164)#onTvNotify ] Current cate: INPUTSOURCE_HDMI
08-26 18:33:40.125  3834  3834 I tvapi   : [null::recordSourceTypeByProperty:3]: recordSourceTypeByProperty start
08-26 18:33:40.125  3834  3834 I tvapi   : [null::getSourceMediaCondition:22]: getSourceMediaCondition:true
08-26 18:33:40.125  3834  3866 I tvapi   : [null::eventSystemInputSourceGetInputSource:38]: getFrom DB:deviceId =4
08-26 18:33:40.125  3834  3866 I tvapi   : [null::eventSystemInputSourceGetInputSource:153]: input source is :HDMI 1
08-26 18:33:40.126  3834  3834 D TV_MtkTvConfig: Enter getConfigValue, inputGroup=-1, cfgId=g_video__shop_mode
08-26 18:33:40.126  3834  3834 D TV_MtkTvConfig: Leave getConfigValue
08-26 18:33:40.127  3834  3834 I tvapi   : [null::getConfigValue:37]: cfgId:g_video__shop_mode, getCfgValue=0
08-26 18:33:40.127  3834  3834 D TV_MtkTvConfig: Enter getConfigValue, inputGroup=-1, cfgId=g_video__shop_mode
08-26 18:33:40.127  3834  3834 D TV_MtkTvConfig: Leave getConfigValue
08-26 18:33:40.127  3834  3834 D TV_MtkTvConfig: Enter getMinMaxConfigValue, inputGroup=-1, cfgId=g_video__shop_mode
08-26 18:33:40.128  3834  3834 D TV_MtkTvConfig: Leave getMinMaxConfigValue
08-26 18:33:40.128  3834  3834 D TV_MtkTvConfig: Enter getMinMaxConfigValue, inputGroup=-1, cfgId=g_video__shop_mode
08-26 18:33:40.128  3834  3834 D TV_MtkTvConfig: Leave getMinMaxConfigValue
08-26 18:33:40.129  3834  3834 I tvapi   : [null::getMaxValue:26]: value:65536
08-26 18:33:40.129  3834  3834 I tvapi   : [null::getMax:54]: max:1,itemID:g_video__shop_mode
08-26 18:33:40.130  3834  3834 I tvapi   : [null::getDefault:76]: [g_video__shop_mode] get value:0 ,Min value:0, Max value:1
08-26 18:33:40.130  3834  3834 D TV_MtkTvConfig: Enter getMinMaxConfigValue, inputGroup=-1, cfgId=g_video__shop_mode
08-26 18:33:40.130  3834  3834 D TV_MtkTvConfig: Leave getMinMaxConfigValue
08-26 18:33:40.131  3834  3834 I tvapi   : [null::eventGetPlaceMode:34]: eventGetPlaceMode = OPTION_PLACE_MODE_HOME
08-26 18:33:40.315  2815  2815 D         : read_message(L589): read buffer res: 0x0004, buf[0] = 0x0003
08-26 18:33:40.316  3834  3866 D TV_MtkTvConfig: Enter getConfigValue, inputGroup=-1, cfgId=g_pip_pop__pip_pop_tv_focus_win
08-26 18:33:40.316  3834  3866 D TV_MtkTvConfig: Leave getConfigValue
08-26 18:33:40.316  3834  3866 D TV_MtkTvAVModeBase: isFreeze
08-26 18:33:40.316  3834  3866 D MtkTvAvMode_jni: native_isFreeze
08-26 18:33:40.316  3834  3866 D MtkTvAvMode_jni: native_isFreeze, b_freeze = 0
08-26 18:33:40.318  3182  3282 D WindowManager: enter interceptKeyBeforeDispatching 1
08-26 18:33:40.318  3182  3282 I WindowManager: cvteInterceptKeyBeforeDispatching Go in event =20
08-26 18:33:40.318  3182  3282 D WindowManager: enter cvteInterceptKeyBeforeDispatching onGlobalKeyEvent
08-26 18:33:40.318  3834  3866 D Evan    : onGlobalKeyEvent keycode=20
08-26 18:33:40.318  3834  3866 I tvapi   : [null::eventTvScanAtvIsScanning:22]: eventTvScanAtvIsScanning bScanning=false
08-26 18:33:40.319  3834  3866 I tvapi   : [null::eventTvScanDtmbIsScanning:22]: eventTvScanDtmbIsScanning bScanning=false
08-26 18:33:40.319  3834  3866 D hotkey  : [null::isFragmentShowing:9]: isFragmentShowing fragments=null
08-26 18:33:40.319  3834  3866 D hotkey  : [null::handleMapKeyEvent:17]: KeyEvent { action=ACTION_DOWN, keyCode=KEYCODE_DPAD_DOWN, scanCode=108, metaState=0, flags=0x8, repeatCount=0, eventTime=958988, downTime=958988, deviceId=3, source=0x301 }
08-26 18:33:40.319  3834  3866 I tvapi   : [null::tq:9]: keyevent SIGNAL_LOST resetTimer
08-26 18:33:40.320  3834  3866 D MtkTvInputSource_jni: native_getCurrentInputSourceName
08-26 18:33:40.320  3834  3866 D MtkTvInputSource_jni: native_getCurrentInputSourceName
08-26 18:33:40.321  3834  3866 I tvapi   : [null::getCurrentSourceTypeName:60]: getCurrentSourceTypeName: currentSourceTypeName: DTV
08-26 18:33:40.321  3834  3866 D MtkTvInputSource_jni: native_getCurrentInputSourceName
08-26 18:33:40.321  3834  3866 I tvapi   : [null::getCurrentSourceTypeName:60]: getCurrentSourceTypeName: currentSourceTypeName: DTV
08-26 18:33:40.321  3834  3866 D MtkTvInputSource_jni: native_getCurrentInputSourceName
08-26 18:33:40.322  3834  3866 I tvapi   : [null::getCurrentSourceTypeName:60]: getCurrentSourceTypeName: currentSourceTypeName: DTV
08-26 18:33:40.322  3834  3866 D MtkTvInputSource_jni: native_getCurrentInputSourceName
08-26 18:33:40.322  3834  3866 I tvapi   : [null::getCurrentSourceTypeName:60]: getCurrentSourceTypeName: currentSourceTypeName: DTV
08-26 18:33:40.323  3797  3847 D CLog    : [null:26::a]: time = -1
08-26 18:33:40.323  3797  3847 D CLog    : [null:4::onTvNotify]: notifySystemSignalLostPowerOffTimeRemaining
08-26 18:33:40.323  3797  3847 D CLog    : [null:0::onTvNotify]: notifySystemSignalLostPowerOffTimeRemaining
08-26 18:33:40.324  4393  4407 D SpeechService: [ (a.java:159)#onTvNotify ] Get Action=notifySystemSignalLostPowerOffTimeRemaining Get Bundle=Bundle[mParcelledData.dataSize=52]
08-26 18:33:40.325  3834  3866 I tvapi   : [null::eventSystemInputSourceGetInputSource:38]: getFrom DB:deviceId =4
08-26 18:33:40.325  3834  3866 I tvapi   : [null::eventSystemInputSourceGetInputSource:153]: input source is :HDMI 1
08-26 18:33:40.325  4393  4407 D SpeechService: [ (a.java:164)#onTvNotify ] Current cate: INPUTSOURCE_HDMI
08-26 18:33:40.326  3797  3847 D Evan    : handleKeyEvent:20
08-26 18:33:40.328  3182  3282 D WindowManager: onGlobalKeyEvent ret = false
08-26 18:33:40.328  3182  3282 D WindowManager: enter interceptKeyBeforeDispatching 3
08-26 18:33:40.330  4751  4751 D CLog    : [MenuInfoFragment.java:195::onChildFocusChanged]: onChildFocusChanged: mLastFocusMenuId=TextButtonNetWorkWireless
08-26 18:33:40.347  2691  4027 D gralloc : mali_gralloc_select_format: req_format=0x1 req_fmt_mapped=0x1 internal_format=0x700000001 usage=0xb00
08-26 18:33:40.348  2691  4027 D gralloc : [mali_gralloc_ion_allocate():914] allocating buffer (1920, 1080) usage=0xb00, format=0x700000001, size=8486912, heap_type=0, ion_flags=0x0
08-26 18:33:40.378  2700  2822 E hwcomposer: HWComposerDisplayHalMiOsd::hwcMiDisplay: MI_OSD_LayerSetAttr E_MI_OSD_ATTR_TYPE_AUTO_DETECT_BUFFER failed, handle: 0, Error[0x7]: MI_ERR_INVALID_HANDLE !!!, line=[1121].
08-26 18:33:40.416  2815  2815 D         : read_message(L589): read buffer res: 0x0004, buf[0] = 0x0003
08-26 18:33:40.417  3834  3866 D TV_MtkTvConfig: Enter getConfigValue, inputGroup=-1, cfgId=g_pip_pop__pip_pop_tv_focus_win
08-26 18:33:40.417  3834  3866 D TV_MtkTvConfig: Leave getConfigValue
08-26 18:33:40.417  3834  3866 D TV_MtkTvAVModeBase: isFreeze
08-26 18:33:40.417  3834  3866 D MtkTvAvMode_jni: native_isFreeze
08-26 18:33:40.417  3834  3866 D MtkTvAvMode_jni: native_isFreeze, b_freeze = 0
08-26 18:33:40.418  3182  3282 D WindowManager: enter interceptKeyBeforeDispatching 1
08-26 18:33:40.418  3182  3282 I WindowManager: cvteInterceptKeyBeforeDispatching Go in event =20
08-26 18:33:40.418  3182  3282 D WindowManager: enter cvteInterceptKeyBeforeDispatching onGlobalKeyEvent
08-26 18:33:40.419  3834  3866 D Evan    : onGlobalKeyEvent keycode=20
08-26 18:33:40.419  3834  3866 I tvapi   : [null::eventTvScanAtvIsScanning:22]: eventTvScanAtvIsScanning bScanning=false
08-26 18:33:40.419  3834  3866 I tvapi   : [null::eventTvScanDtmbIsScanning:22]: eventTvScanDtmbIsScanning bScanning=false
08-26 18:33:40.420  3834  3866 D hotkey  : [null::isFragmentShowing:9]: isFragmentShowing fragments=null
08-26 18:33:40.420  3834  3866 D hotkey  : [null::handleMapKeyEvent:17]: KeyEvent { action=ACTION_UP, keyCode=KEYCODE_DPAD_DOWN, scanCode=108, metaState=0, flags=0x8, repeatCount=0, eventTime=959089, downTime=958988, deviceId=3, source=0x301 }
08-26 18:33:40.420  3834  3866 I tvapi   : [null::tq:9]: keyevent SIGNAL_LOST resetTimer
08-26 18:33:40.420  3834  3866 D MtkTvInputSource_jni: native_getCurrentInputSourceName
08-26 18:33:40.421  3834  3866 D MtkTvInputSource_jni: native_getCurrentInputSourceName
08-26 18:33:40.421  3834  3866 I tvapi   : [null::getCurrentSourceTypeName:60]: getCurrentSourceTypeName: currentSourceTypeName: DTV
08-26 18:33:40.421  3834  3866 D MtkTvInputSource_jni: native_getCurrentInputSourceName
08-26 18:33:40.422  3834  3866 I tvapi   : [null::getCurrentSourceTypeName:60]: getCurrentSourceTypeName: currentSourceTypeName: DTV
08-26 18:33:40.422  3834  3866 D MtkTvInputSource_jni: native_getCurrentInputSourceName
08-26 18:33:40.422  3834  3866 I tvapi   : [null::getCurrentSourceTypeName:60]: getCurrentSourceTypeName: currentSourceTypeName: DTV
08-26 18:33:40.422  3834  3866 D MtkTvInputSource_jni: native_getCurrentInputSourceName
08-26 18:33:40.423  3834  3866 I tvapi   : [null::getCurrentSourceTypeName:60]: getCurrentSourceTypeName: currentSourceTypeName: DTV
08-26 18:33:40.423  3797  3847 D CLog    : [null:26::a]: time = -1
08-26 18:33:40.424  3797  3847 D CLog    : [null:4::onTvNotify]: notifySystemSignalLostPowerOffTimeRemaining
08-26 18:33:40.424  3797  3847 D CLog    : [null:0::onTvNotify]: notifySystemSignalLostPowerOffTimeRemaining
08-26 18:33:40.425  4393  4407 D SpeechService: [ (a.java:159)#onTvNotify ] Get Action=notifySystemSignalLostPowerOffTimeRemaining Get Bundle=Bundle[mParcelledData.dataSize=52]
08-26 18:33:40.425  3834  3866 I tvapi   : [null::eventSystemInputSourceGetInputSource:38]: getFrom DB:deviceId =4
08-26 18:33:40.426  3834  3866 I tvapi   : [null::eventSystemInputSourceGetInputSource:153]: input source is :HDMI 1
08-26 18:33:40.427  4393  4407 D SpeechService: [ (a.java:164)#onTvNotify ] Current cate: INPUTSOURCE_HDMI
08-26 18:33:40.428  3797  3847 D Evan    : handleKeyEvent:20
08-26 18:33:40.429  3182  3282 D WindowManager: onGlobalKeyEvent ret = false
08-26 18:33:40.429  3182  3282 D WindowManager: enter interceptKeyBeforeDispatching 3
08-26 18:33:40.911  2815  2815 D         : read_message(L589): read buffer res: 0x0004, buf[0] = 0x0003
08-26 18:33:40.912  2815  2815 D         : read_message(L589): read buffer res: 0x0004, buf[0] = 0x0003
08-26 18:33:40.912  3834  3866 D TV_MtkTvConfig: Enter getConfigValue, inputGroup=-1, cfgId=g_pip_pop__pip_pop_tv_focus_win
08-26 18:33:40.912  3834  3866 D TV_MtkTvConfig: Leave getConfigValue
08-26 18:33:40.912  3834  3866 D TV_MtkTvAVModeBase: isFreeze
08-26 18:33:40.912  3834  3866 D MtkTvAvMode_jni: native_isFreeze
08-26 18:33:40.913  3834  3866 D MtkTvAvMode_jni: native_isFreeze, b_freeze = 0
08-26 18:33:40.913  3834  3866 D TV_MtkTvConfig: Enter getConfigValue, inputGroup=-1, cfgId=g_pip_pop__pip_pop_tv_focus_win
08-26 18:33:40.914  3182  3282 D WindowManager: enter interceptKeyBeforeDispatching 1
08-26 18:33:40.914  3182  3282 I WindowManager: cvteInterceptKeyBeforeDispatching Go in event =23
08-26 18:33:40.914  3182  3282 D WindowManager: enter cvteInterceptKeyBeforeDispatching onGlobalKeyEvent
08-26 18:33:40.914  3834  3866 D TV_MtkTvConfig: Leave getConfigValue
08-26 18:33:40.914  3834  3866 D TV_MtkTvAVModeBase: isFreeze
08-26 18:33:40.914  3834  3864 D Evan    : onGlobalKeyEvent keycode=23
08-26 18:33:40.914  3834  3866 D MtkTvAvMode_jni: native_isFreeze
08-26 18:33:40.914  3834  3864 I tvapi   : [null::eventTvScanAtvIsScanning:22]: eventTvScanAtvIsScanning bScanning=false
08-26 18:33:40.914  3834  3866 D MtkTvAvMode_jni: native_isFreeze, b_freeze = 0
08-26 18:33:40.915  3834  3864 I tvapi   : [null::eventTvScanDtmbIsScanning:22]: eventTvScanDtmbIsScanning bScanning=false
08-26 18:33:40.915  3834  3864 D hotkey  : [null::isFragmentShowing:9]: isFragmentShowing fragments=null
08-26 18:33:40.915  3834  3864 D hotkey  : [null::handleMapKeyEvent:17]: KeyEvent { action=ACTION_DOWN, keyCode=KEYCODE_DPAD_CENTER, scanCode=353, metaState=0, flags=0x8, repeatCount=0, eventTime=959584, downTime=959584, deviceId=3, source=0x301 }
08-26 18:33:40.916  3834  3864 I tvapi   : [null::tq:9]: keyevent SIGNAL_LOST resetTimer
08-26 18:33:40.916  3834  3864 D MtkTvInputSource_jni: native_getCurrentInputSourceName
08-26 18:33:40.916  3834  3864 D MtkTvInputSource_jni: native_getCurrentInputSourceName
08-26 18:33:40.917  3834  3864 I tvapi   : [null::getCurrentSourceTypeName:60]: getCurrentSourceTypeName: currentSourceTypeName: DTV
08-26 18:33:40.917  3834  3864 D MtkTvInputSource_jni: native_getCurrentInputSourceName
08-26 18:33:40.917  3834  3864 I tvapi   : [null::getCurrentSourceTypeName:60]: getCurrentSourceTypeName: currentSourceTypeName: DTV
08-26 18:33:40.917  3834  3864 D MtkTvInputSource_jni: native_getCurrentInputSourceName
08-26 18:33:40.918  3834  3864 I tvapi   : [null::getCurrentSourceTypeName:60]: getCurrentSourceTypeName: currentSourceTypeName: DTV
08-26 18:33:40.918  3834  3864 D MtkTvInputSource_jni: native_getCurrentInputSourceName
08-26 18:33:40.918  3834  3864 I tvapi   : [null::getCurrentSourceTypeName:60]: getCurrentSourceTypeName: currentSourceTypeName: DTV
08-26 18:33:40.919  3797  3847 D CLog    : [null:26::a]: time = -1
08-26 18:33:40.919  3797  3847 D CLog    : [null:4::onTvNotify]: notifySystemSignalLostPowerOffTimeRemaining
08-26 18:33:40.919  3797  3847 D CLog    : [null:0::onTvNotify]: notifySystemSignalLostPowerOffTimeRemaining
08-26 18:33:40.920  4393  4407 D SpeechService: [ (a.java:159)#onTvNotify ] Get Action=notifySystemSignalLostPowerOffTimeRemaining Get Bundle=Bundle[mParcelledData.dataSize=52]
[network] 962.583, ni_mon_thread.1434 >>> [NETLINK] receive event
[network] 962.599, read_netlink.1365 >>> [NETLINK],RTM_NEWLINK
[network] 962.599, _print_newlink_info.1253 >>> [NETLINK]Interface:wlan0 Link:Down
08-26 18:33:40.921  3834  3864 I tvapi   : [null::eventSystemInputSourceGetInputSource:38]: getFrom DB:deviceId =4
08-26 18:33:40.921  3834  3864 I tvapi   : [null::eventSystemInputSourceGetInputSource:153]: input source is :HDMI 1
08-26 18:33:40.922  4393  4407 D SpeechService: [ (a.java:164)#onTvNotify ] Current cate: INPUTSOURCE_HDMI
08-26 18:33:40.923  3797  3847 D Evan    : handleKeyEvent:23
08-26 18:33:40.924  3182  3282 D WindowManager: onGlobalKeyEvent ret = false
08-26 18:33:40.924  3182  3282 D WindowManager: enter interceptKeyBeforeDispatching 3
08-26 18:33:40.924  3182  3282 D WindowManager: enter interceptKeyBeforeDispatching 1
08-26 18:33:40.924  3182  3282 I WindowManager: cvteInterceptKeyBeforeDispatching Go in event =23
08-26 18:33:40.924  3182  3282 D WindowManager: enter cvteInterceptKeyBeforeDispatching onGlobalKeyEvent
08-26 18:33:40.924  3834  3864 D Evan    : onGlobalKeyEvent keycode=23
08-26 18:33:40.925  3834  3864 I tvapi   : [null::eventTvScanAtvIsScanning:22]: eventTvScanAtvIsScanning bScanning=false
08-26 18:33:40.925  3834  3864 I tvapi   : [null::eventTvScanDtmbIsScanning:22]: eventTvScanDtmbIsScanning bScanning=false
08-26 18:33:40.926  3834  3864 D hotkey  : [null::isFragmentShowing:9]: isFragmentShowing fragments=null
08-26 18:33:40.926  3834  3864 D hotkey  : [null::handleMapKeyEvent:17]: KeyEvent { action=ACTION_UP, keyCode=KEYCODE_DPAD_CENTER, scanCode=353, metaState=0, flags=0x8, repeatCount=0, eventTime=959584, downTime=959584, deviceId=3, source=0x301 }
08-26 18:33:40.926  3834  3864 I tvapi   : [null::tq:9]: keyevent SIGNAL_LOST resetTimer
08-26 18:33:40.926  3834  3864 D MtkTvInputSource_jni: native_getCurrentInputSourceName
08-26 18:33:40.927  3834  3864 D MtkTvInputSource_jni: native_getCurrentInputSourceName
08-26 18:33:40.927  3834  3864 I tvapi   : [null::getCurrentSourceTypeName:60]: getCurrentSourceTypeName: currentSourceTypeName: DTV
08-26 18:33:40.927  3834  3864 D MtkTvInputSource_jni: native_getCurrentInputSourceName
08-26 18:33:40.928  3834  3864 I tvapi   : [null::getCurrentSourceTypeName:60]: getCurrentSourceTypeName: currentSourceTypeName: DTV
08-26 18:33:40.928  3834  3864 D MtkTvInputSource_jni: native_getCurrentInputSourceName
08-26 18:33:40.928  3834  3864 I tvapi   : [null::getCurrentSourceTypeName:60]: getCurrentSourceTypeName: currentSourceTypeName: DTV
08-26 18:33:40.928  3834  3864 D MtkTvInputSource_jni: native_getCurrentInputSourceName
08-26 18:33:40.929  3834  3864 I tvapi   : [null::getCurrentSourceTypeName:60]: getCurrentSourceTypeName: currentSourceTypeName: DTV
08-26 18:33:40.929  3797  3847 D CLog    : [null:26::a]: time = -1
08-26 18:33:40.930  3797  3847 D CLog    : [null:4::onTvNotify]: notifySystemSignalLostPowerOffTimeRemaining
08-26 18:33:40.930  3797  3847 D CLog    : [null:0::onTvNotify]: notifySystemSignalLostPowerOffTimeRemaining
08-26 18:33:40.930  4393  4407 D SpeechService: [ (a.java:159)#onTvNotify ] Get Action=notifySystemSignalLostPowerOffTimeRemaining Get Bundle=Bundle[mParcelledData.dataSize=52]
08-26 18:33:40.931  3834  3864 I tvapi   : [null::eventSystemInputSourceGetInputSource:38]: getFrom DB:deviceId =4
08-26 18:33:40.931  3834  3864 I tvapi   : [null::eventSystemInputSourceGetInputSource:153]: input source is :HDMI 1
08-26 18:33:40.932  4393  4407 D SpeechService: [ (a.java:164)#onTvNotify ] Current cate: INPUTSOURCE_HDMI
08-26 18:33:40.933  3797  3847 D Evan    : handleKeyEvent:23
08-26 18:33:40.934  3182  3282 D WindowManager: onGlobalKeyEvent ret = false
08-26 18:33:40.934  3182  3282 D WindowManager: enter interceptKeyBeforeDispatching 3
08-26 18:33:40.936  3182  3933 I ActivityManager: START u0 {act=com.cvte.intent.action.WIFI_SETTINGS cmp=com.cvte.settings/.net.wifi.activity.WiFiActivity} from uid 1000
08-26 18:33:40.953  3182  3933 D ActivityManager: prePackageName =com.cvte.tv.launcher.space  curPackage =com.cvte.settings  nextpackageName =com.cvte.settings
08-26 18:33:40.953  3182  3933 D TestIniFileReader: read ini file ,sectionName is vod
08-26 18:33:40.967  3182  3933 D TestIniFileReader: read ini file ,sectionName is vod
08-26 18:33:40.970  2700  2822 E hwcomposer: HWComposerDisplayHalMiOsd::hwcMiDisplay: MI_OSD_LayerSetAttr E_MI_OSD_ATTR_TYPE_AUTO_DETECT_BUFFER failed, handle: 0, Error[0x7]: MI_ERR_INVALID_HANDLE !!!, line=[1121].
08-26 18:33:40.977  4751  4751 D SettingsBaseFragment: onPause: class=NetworkSettingFragment{bf6d8c #0 id=0x7f0f0081 com.cvte.settings.net.NetworkSettingFragment}
08-26 18:33:40.978  2691  4027 D gralloc : mali_gralloc_select_format: req_format=0x1 req_fmt_mapped=0x1 internal_format=0x700000001 usage=0xb00
08-26 18:33:40.978  4751  4751 D CLog    : [MenuInfoFragment.java:240::onPause]: onPause: lastFocusMenuId=TextButtonNetWorkWireless
08-26 18:33:40.978  2691  4027 D gralloc : [mali_gralloc_ion_allocate():914] allocating buffer (1920, 1080) usage=0xb00, format=0x700000001, size=8486912, heap_type=0, ion_flags=0x0
08-26 18:33:40.998  2700  2822 E hwcomposer: HWComposerDisplayHalMiOsd::hwcMiDisplay: MI_OSD_LayerSetAttr E_MI_OSD_ATTR_TYPE_AUTO_DETECT_BUFFER failed, handle: 0, Error[0x7]: MI_ERR_INVALID_HANDLE !!!, line=[1121].
08-26 18:33:40.967  3182  3933 D ActivityManager: prePackageName =com.cvte.tv.launcher.space  curPackage =com.cvte.settings  nextpackageName =com.cvte.settings
08-26 18:33:41.000  3182  3933 D ActivityManager: prePackageName =com.cvte.settings  curPackage =com.cvte.settings  nextpackageName =com.cvte.settings
08-26 18:33:41.000  3182  3933 D TestIniFileReader: read ini file ,sectionName is vod
08-26 18:33:41.046  2691  4027 D gralloc : mali_gralloc_select_format: req_format=0x1 req_fmt_mapped=0x1 internal_format=0x700000001 usage=0x900
08-26 18:33:41.047  2691  4027 D gralloc : [mali_gralloc_ion_allocate():914] allocating buffer (1920, 1080) usage=0x900, format=0x700000001, size=8486912, heap_type=0, ion_flags=0x0
08-26 18:33:41.048  2691  4027 D gralloc : mali_gralloc_select_format: req_format=0x1 req_fmt_mapped=0x1 internal_format=0x700000001 usage=0x900
08-26 18:33:41.048  2691  4027 D gralloc : [mali_gralloc_ion_allocate():914] allocating buffer (1920, 1080) usage=0x900, format=0x700000001, size=8486912, heap_type=0, ion_flags=0x0
08-26 18:33:41.050  2700  2822 E hwcomposer: HWComposerDisplayHalMiOsd::hwcMiDisplay: MI_OSD_LayerSetAttr E_MI_OSD_ATTR_TYPE_AUTO_DETECT_BUFFER failed, handle: 0, Error[0x7]: MI_ERR_INVALID_HANDLE !!!, line=[1121].
08-26 18:33:41.051  2691  4027 D gralloc : mali_gralloc_select_format: req_format=0x1 req_fmt_mapped=0x1 internal_format=0x700000001 usage=0x900
08-26 18:33:41.051  2691  4027 D gralloc : [mali_gralloc_ion_allocate():914] allocating buffer (1920, 1080) usage=0x900, format=0x700000001, size=8486912, heap_type=0, ion_flags=0x0
08-26 18:33:41.054  4751  4770 D mali_winsys: EGLint new_window_surface(egl_winsys_display *, void *, EGLSurface, EGLConfig, egl_winsys_surface **, EGLBoolean) returns 0x3000
[network] 962.728, ni_mon_thread.1434 >>> [NETLINK] receive event
[network] 963.267, read_netlink.1365 >>> [NETLINK],RTM_NEWLINK
[network] 963.267, _print_newlink_info.1253 >>> [NETLINK]Interface:wlan0 Link:Up
08-26 18:33:41.056  3182  3933 I WifiService: startScan uid=1000
08-26 18:33:41.058  3182  3489 D WifiScanningService: tryToStartNewScan
08-26 18:33:41.064  3182  3489 I AlarmManager: Setting Wakeup Alarm type[2] sPackageName is null @974737 and next wakeup alarm is @Thu Aug 26 18:17:41 PDT 2021
08-26 18:33:41.067  4751  4751 E WifiItemTextViewConfig:: refreshStatusText--:2
08-26 18:33:41.067  2839  2839 D MTK_KL  : 4,6303,943382507,-;[MI_PCM_Close:2059][6527] hPcm:0x81000000, eErrCode:0x0
08-26 18:33:41.067  2839  2839 D MTK_KL  : 4,6304,959739793,-;Process wificond granted CAP_NET_ADMIN from Android group net_admin.
08-26 18:33:41.067  2839  2839 D MTK_KL  : 4,6305,959739797,-;  Please update the .rc file to explictly set 'capabilities NET_ADMIN'
08-26 18:33:41.067  2839  2839 D MTK_KL  : 4,6306,959739799,-;  Implicit grants are deprecated and will be removed in the future.
08-26 18:33:41.067  2839  2839 D MTK_KL  : 4,6307,959739803,-;Process wificond granted CAP_NET_ADMIN from Android group net_admin.
08-26 18:33:41.067  2839  2839 D MTK_KL  : 4,6308,959739805,-;  Please update the .rc file to explictly set 'capabilities NET_ADMIN'
08-26 18:33:41.067  2839  2839 D MTK_KL  : 4,6309,959739807,-;  Implicit grants are deprecated and will be removed in the future.
