08-26 18:33:41.068  4751  4751 E WifiItemTextViewConfig:: refreshStatusText--:2
08-26 18:33:41.068  4751  4751 D WiFiAdapter: onBindViewHolder: accessPoint=AccessPoint(GZVN,saved,connectable,WPA_WPA2),position=1
08-26 18:33:41.069  4751  4751 D WiFiAdapter: onBindViewHolder: accessPoint=AccessPoint(civic,connectable,WPA_WPA2),position=2
08-26 18:33:41.070  4751  4751 D WiFiAdapter: onBindViewHolder: accessPoint=AccessPoint(xiaomi2.4g,connectable,WPA_WPA2),position=3
08-26 18:33:41.071  4751  4751 D WiFiAdapter: onBindViewHolder: accessPoint=AccessPoint(civic1,connectable,WPA_WPA2),position=4
08-26 18:33:41.072  4751  4751 D WiFiAdapter: onBindViewHolder: accessPoint=AccessPoint(CVTE_WEP,connectable,WEP),position=5
08-26 18:33:41.080  4751  4751 W View    : requestLayout() improperly called by android.widget.LinearLayout{70402f0 V.E...... ......ID 0,0-1280,152 #7f0f00b0 app:id/content} during layout: running second layout pass
08-26 18:33:41.080  4751  4751 W View    : requestLayout() improperly called by android.widget.TextView{b3a9069 V.ED..... ..S...ID 169,47-769,104 #7f0f0150 app:id/ssid} during layout: running second layout pass
08-26 18:33:41.082  4751  4751 E WifiItemTextViewConfig:: refreshStatusText--:2
08-26 18:33:41.087  2691  4027 D gralloc : mali_gralloc_select_format: req_format=0x1 req_fmt_mapped=0x1 internal_format=0x700000001 usage=0xb00
08-26 18:33:41.087  2691  4027 D gralloc : [mali_gralloc_ion_allocate():914] allocating buffer (1920, 1080) usage=0xb00, format=0x700000001, size=8486912, heap_type=0, ion_flags=0x0
08-26 18:33:41.104  2691  4027 D gralloc : mali_gralloc_select_format: req_format=0x1 req_fmt_mapped=0x1 internal_format=0x700000001 usage=0xb00
08-26 18:33:41.104  2691  4027 D gralloc : [mali_gralloc_ion_allocate():914] allocating buffer (1920, 1080) usage=0xb00, format=0x700000001, size=8486912, heap_type=0, ion_flags=0x0
08-26 18:33:41.113  2691  4027 D gralloc : mali_gralloc_select_format: req_format=0x1 req_fmt_mapped=0x1 internal_format=0x1 usage=0x366
08-26 18:33:41.113  2691  4027 D gralloc : [mali_gralloc_ion_allocate():914] allocating buffer (1152, 648) usage=0x366, format=0x1, size=2985984, heap_type=0, ion_flags=0x3
[network] 963.269, ni_mon_thread.1434 >>> [NETLINK] receive event
[ACFG]open bootvideo file fail 118
08-26 18:33:41.117  2713  2713 E SurfaceFlinger: 0
[network] 963.600, read_netlink.1365 >>> [NETLINK],RTM_NEWLINK
[network] 963.600, _print_newlink_info.1253 >>> [NETLINK]Interface:wlan0 Link:Up
08-26 18:33:41.118  2713  2713 W libc    : Unable to set property "vendor.mstar.osd.enableTrapezoid" to "0": error code: 0x18
08-26 18:33:41.119  2839  2839 D MTK_KL  : 11,6310,959793419,-;selinux: avc:  denied  { set } for property=vendor.mstar.osd.enableTrapezoid pid=2713 uid=1000 gid=1003 scontext=u:r:surfaceflinger:s0 tcontext=u:object_r:mstar_system_prop:s0 tclass=property_service permissive=0\x0a
08-26 18:33:41.119  2839  2839 D MTK_KL  : 11,6311,959793462,-;init: Unable to set property 'vendor.mstar.osd.enableTrapezoid' to '0' from uid:1000 gid:1003 pid:2713: SELinux permission check failed
08-26 18:33:41.119  2839  2839 D MTK_KL  : 11,6312,959794411,-;selinux: avc:  denied  { set } for property=vendor.mstar.osd.enableTrapezoid pid=2713 uid=1000 gid=1003 scontext=u:r:surfaceflinger:s0 tcontext=u:object_r:mstar_system_prop:s0 tclass=property_service permissive=0\x0a
08-26 18:33:41.119  2713  2713 W libc    : Unable to set property "vendor.mstar.osd.enableTrapezoid" to "1": error code: 0x18
08-26 18:33:41.119  2839  2839 D MTK_KL  : 11,6313,959794480,-;init: Unable to set property 'vendor.mstar.osd.enableTrapezoid' to '1' from uid:1000 gid:1003 pid:2713: SELinux permission check failed
08-26 18:33:41.119  2713  2713 E SurfaceFlinger: 1
08-26 18:33:41.126  3834  3834 D TV_MtkTvAVModeBase: Enter getPictureMode, directly return
08-26 18:33:41.126  3834  3834 D MtkTvAvMode_jni: Java_com_mediatek_twoworlds_tv_TVNative_getPictureMode_1native
08-26 18:33:41.126  2713  2791 E BufferQueueProducer: [com.cvte.settings/com.cvte.settings.Settings$NetworkSettings#0] disconnect: not connected (req=1)
08-26 18:33:41.126  4751  4770 W libEGL  : EGLNativeWindowType 0x96259808 disconnect failed
08-26 18:33:41.127  3834  3834 D MtkTvAvMode_jni: Java_com_mediatek_twoworlds_tv_TVNative_getSoundEffect_1native(picture_mode:7)
08-26 18:33:41.127  3834  3834 I tvapi   : [null::eventGetCurrentPictureMode:33]: eventGetCurrentPictureMode:enumModeOptionId=OPTION_PICTURE_MODE_STANDARD
08-26 18:33:41.162  2700  2822 E hwcomposer: HWComposerDisplayHalMiOsd::hwcMiDisplay: MI_OSD_LayerSetAttr E_MI_OSD_ATTR_TYPE_AUTO_DETECT_BUFFER failed, handle: 0, Error[0x7]: MI_ERR_INVALID_HANDLE !!!, line=[1121].
08-26 18:33:41.179  4751  4751 D SettingsBaseFragment: onSaveInstanceState: class=NetworkSettingFragment{bf6d8c #0 id=0x7f0f0081 com.cvte.settings.net.NetworkSettingFragment}
08-26 18:33:41.181  4751  4751 D SettingsBaseFragment: onStop: class=NetworkSettingFragment{bf6d8c #0 id=0x7f0f0081 com.cvte.settings.net.NetworkSettingFragment}
08-26 18:33:41.192  2700  2822 E hwcomposer: HWComposerDisplayHalMiOsd::hwcMiDisplay: MI_OSD_LayerSetAttr E_MI_OSD_ATTR_TYPE_AUTO_DETECT_BUFFER failed, handle: 0, Error[0x7]: MI_ERR_INVALID_HANDLE !!!, line=[1121].
08-26 18:33:41.285  4751  4751 E WifiItemTextViewConfig:: refreshStatusText--:2
08-26 18:33:41.286  4751  4751 E WifiItemTextViewConfig:: refreshStatusText--:2
08-26 18:33:41.286  4751  4751 D WiFiAdapter: onBindViewHolder: accessPoint=AccessPoint(GZVN,saved,connectable,WPA_WPA2),position=1
08-26 18:33:41.287  4751  4751 D WiFiAdapter: onBindViewHolder: accessPoint=AccessPoint(civic,connectable,WPA_WPA2),position=2
08-26 18:33:41.288  4751  4751 D WiFiAdapter: onBindViewHolder: accessPoint=AccessPoint(xiaomi2.4g,connectable,WPA_WPA2),position=3
08-26 18:33:41.289  4751  4751 D WiFiAdapter: onBindViewHolder: accessPoint=AccessPoint(civic1,connectable,WPA_WPA2),position=4
08-26 18:33:41.290  4751  4751 D WiFiAdapter: onBindViewHolder: accessPoint=AccessPoint(CVTE_WEP,connectable,WEP),position=5
[network] 963.602, ni_mon_thread.1434 >>> [NETLINK] receive event
[network] 963.934, read_netlink.1365 >>> [NETLINK],RTM_NEWLINK
[network] 963.934, _print_newlink_info.1253 >>> [NETLINK]Interface:wlan0 Link:Up
08-26 18:33:41.294  4751  4751 W View    : requestLayout() improperly called by android.widget.LinearLayout{e327b8f V.E...... ......ID 0,0-1280,152 #7f0f00b0 app:id/content} during layout: running second layout pass
08-26 18:33:41.294  4751  4751 W View    : requestLayout() improperly called by android.widget.TextView{cbe5e1c V.ED..... ..S...ID 169,47-769,104 #7f0f0150 app:id/ssid} during layout: running second layout pass
08-26 18:33:41.295  4751  4751 E WifiItemTextViewConfig:: refreshStatusText--:2
08-26 18:33:41.299  2691  4027 D gralloc : mali_gralloc_select_format: req_format=0x1 req_fmt_mapped=0x1 internal_format=0x700000001 usage=0xb00
08-26 18:33:41.299  2691  4027 D gralloc : [mali_gralloc_ion_allocate():914] allocating buffer (1920, 1080) usage=0xb00, format=0x700000001, size=8486912, heap_type=0, ion_flags=0x0
08-26 18:33:41.319  2700  2822 E hwcomposer: HWComposerDisplayHalMiOsd::hwcMiDisplay: MI_OSD_LayerSetAttr E_MI_OSD_ATTR_TYPE_AUTO_DETECT_BUFFER failed, handle: 0, Error[0x7]: MI_ERR_INVALID_HANDLE !!!, line=[1121].
08-26 18:33:42.481  3182  3933 D WificondControl: Scan result ready event
08-26 18:33:42.482  3646  3646 E wpa_supplicant: Failed to invoke HIDL iface callback
08-26 18:33:42.482  3646  3646 E wpa_supplicant: Failed to invoke HIDL iface callback
08-26 18:33:42.482  3182  3215 I EthernetTracker: interfaceLinkStateChanged, iface: wlan0, up: false
08-26 18:33:42.482  3646  3646 E wpa_supplicant: Failed to invoke HIDL iface callback
08-26 18:33:42.482  3646  3646 I chatty  : uid=1010(wifi) /vendor/bin/hw/rtk_supplicant identical 4 lines
08-26 18:33:42.482  3646  3646 E wpa_supplicant: Failed to invoke HIDL iface callback
08-26 18:33:42.483  2839  2839 D MTK_KL  : 3,6314,961158306,-;wakeup_source_activate by [timerfd] be return~
08-26 18:33:42.483  2839  2839 D MTK_KL  : 3,6315,961158391,-;wakeup_source_activate by [timerfd] be return~
08-26 18:33:42.484  3182  3488 I AlarmManager: Setting Wakeup Alarm type[2] sPackageName is null @1041157 and next wakeup alarm is @Thu Aug 26 18:17:41 PDT 2021
08-26 18:33:42.484  3646  3646 E wpa_supplicant: Failed to invoke HIDL iface callback
08-26 18:33:42.484  3646  3646 E wpa_supplicant: Failed to invoke HIDL iface callback
08-26 18:33:42.486  3182  3215 D PppoeUtils: updateInterface: wlan0 link down
08-26 18:33:42.493  3182  3489 D WifiScanningService: tryToStartNewScan
08-26 18:33:42.499  3182  3488 D WifiStateMachine: CMD_START_CONNECT sup state DisconnectedState my state DisconnectedState nid=2 roam=false
08-26 18:33:42.501  3182  3489 I AlarmManager: Setting Wakeup Alarm type[2] sPackageName is null @976173 and next wakeup alarm is @Thu Aug 26 18:17:41 PDT 2021
08-26 18:33:42.501  3182  3488 I WifiStateMachine: Connecting with dc:bd:7a:72:b0:a5 as the mac address
08-26 18:33:42.501  3182  3488 W LastMileLogger: Failed to open free_buffer pseudo-file: /sys/kernel/debug/tracing/instances/wifi/free_buffer (No such file or directory)
08-26 18:33:42.501  3182  3488 W LastMileLogger: Failed to arm fail-safe.
08-26 18:33:42.502  2811  2811 E wificond: Received error messsage: Operation not supported on transport endpoint
08-26 18:33:42.502  2811  2811 E wificond: NL80211_CMD_ABORT_SCAN failed
08-26 18:33:42.502  2811  2811 W wificond: Abort scan failed
08-26 18:33:42.502  3182  3488 D SupplicantStaIfaceHal: connectToNetwork "GZVN"WPA_PSK
08-26 18:33:42.502  3182  3488 D SupplicantStaIfaceHal: Network is already saved, will not trigger remove and add operation.
08-26 18:33:42.503  2839  2839 D MTK_KL  : 4,6316,961175991,-;Process wificond granted CAP_NET_ADMIN from Android group net_admin.
[network] 963.935, ni_mon_thread.1434 >>> [NETLINK] receive event
[network] 964.267, read_netlink.1365 >>> [NETLINK],RTM_NEWLINK
08-26 18:33:42.503  2839  2839 D MTK_KL  : 4,6317,961175997,-;  Please update the .rc file to explictly set 'capabilities NET_ADMIN'
[network] 964.267, _print_newlink_info.1253 >>> [NETLINK]Interface:wlan0 Link:Up
08-26 18:33:42.503  2839  2839 D MTK_KL  : 4,6318,961175999,-;  Implicit grants are deprecated and will be removed in the future.
08-26 18:33:42.503  2839  2839 D MTK_KL  : 4,6319,961176004,-;Process wificond granted CAP_NET_ADMIN from Android group net_admin.
08-26 18:33:42.503  2839  2839 D MTK_KL  : 4,6320,961176007,-;  Please update the .rc file to explictly set 'capabilities NET_ADMIN'
08-26 18:33:42.503  2839  2839 D MTK_KL  : 4,6321,961176009,-;  Implicit grants are deprecated and will be removed in the future.
08-26 18:33:42.503  2839  2839 D MTK_KL  : 4,6322,961177478,-;Process wificond granted CAP_NET_ADMIN from Android group net_admin.
08-26 18:33:42.503  2839  2839 D MTK_KL  : 4,6323,961177484,-;  Please update the .rc file to explictly set 'capabilities NET_ADMIN'
08-26 18:33:42.503  2839  2839 D MTK_KL  : 4,6324,961177486,-;  Implicit grants are deprecated and will be removed in the future.
08-26 18:33:42.503  2839  2839 D MTK_KL  : 4,6325,961177490,-;Process wificond granted CAP_NET_ADMIN from Android group net_admin.
08-26 18:33:42.503  2839  2839 D MTK_KL  : 4,6326,961177493,-;  Please update the .rc file to explictly set 'capabilities NET_ADMIN'
08-26 18:33:42.503  2839  2839 D MTK_KL  : 4,6327,961177495,-;  Implicit grants are deprecated and will be removed in the future.
08-26 18:33:42.543  3646  3646 I wpa_supplicant: wlan0: CTRL-EVENT-SSID-REENABLED id=0 ssid="GZVN"
08-26 18:33:42.545  2696  2696 D WifiHAL : Start get packet fate command
08-26 18:33:42.545  2696  2696 D WifiHAL : createRequest Get Tx packet fate request
08-26 18:33:42.546  2696  2696 D WifiHAL : Start get packet fate command
08-26 18:33:42.546  2696  2696 D WifiHAL : createRequest Get Rx packet fate request
08-26 18:33:42.565  4751  4751 E WifiItemTextViewConfig:: refreshStatusText--:2
08-26 18:33:42.566  4751  4751 E WifiItemTextViewConfig:: refreshStatusText--:2
08-26 18:33:42.566  4751  4751 D WiFiAdapter: onBindViewHolder: accessPoint=AccessPoint(GZVN,saved,connectable,WPA_WPA2),position=1
08-26 18:33:42.567  4751  4751 D WiFiAdapter: onBindViewHolder: accessPoint=AccessPoint(civic,connectable,WPA_WPA2),position=2
08-26 18:33:42.568  4751  4751 D WiFiAdapter: onBindViewHolder: accessPoint=AccessPoint(xiaomi2.4g,connectable,WPA_WPA2),position=3
08-26 18:33:42.568  4751  4751 D WiFiAdapter: onBindViewHolder: accessPoint=AccessPoint(civic1,connectable,WPA_WPA2),position=4
08-26 18:33:42.569  4751  4751 D WiFiAdapter: onBindViewHolder: accessPoint=AccessPoint(CVTE_WEP,connectable,WEP),position=5
08-26 18:33:42.573  4751  4751 W View    : requestLayout() improperly called by android.widget.LinearLayout{84587fa V.E...... ......ID 0,0-1280,152 #7f0f00b0 app:id/content} during layout: running second layout pass
08-26 18:33:42.573  4751  4751 W View    : requestLayout() improperly called by android.widget.TextView{a6541ab V.ED..... ..S...ID 169,47-769,104 #7f0f0150 app:id/ssid} during layout: running second layout pass
08-26 18:33:42.574  4751  4751 E WifiItemTextViewConfig:: refreshStatusText--:2
08-26 18:33:42.600  2700  2822 E hwcomposer: HWComposerDisplayHalMiOsd::hwcMiDisplay: MI_OSD_LayerSetAttr E_MI_OSD_ATTR_TYPE_AUTO_DETECT_BUFFER failed, handle: 0, Error[0x7]: MI_ERR_INVALID_HANDLE !!!, line=[1121].
08-26 18:33:43.443  3182  3517 E TaskPersister: File error accessing recents directory (directory doesn't exist?).
[network] 964.269, ni_mon_thread.1434 >>> [NETLINK] receive event
[network] 964.601, read_netlink.1365 >>> [NETLINK],RTM_NEWLINK
[network] 964.601, _print_newlink_info.1253 >>> [NETLINK]Interface:wlan0 Link:Up
08-26 18:33:43.859  2815  2815 D         : read_message(L589): read buffer res: 0x0004, buf[0] = 0x0003
08-26 18:33:43.859  3834  3864 D TV_MtkTvConfig: Enter getConfigValue, inputGroup=-1, cfgId=g_pip_pop__pip_pop_tv_focus_win
08-26 18:33:43.860  3834  3864 D TV_MtkTvConfig: Leave getConfigValue
08-26 18:33:43.860  3834  3864 D TV_MtkTvAVModeBase: isFreeze
08-26 18:33:43.860  3834  3864 D MtkTvAvMode_jni: native_isFreeze
08-26 18:33:43.860  3834  3864 D MtkTvAvMode_jni: native_isFreeze, b_freeze = 0
08-26 18:33:43.861  3182  3282 D WindowManager: enter interceptKeyBeforeDispatching 1
08-26 18:33:43.862  3182  3282 I WindowManager: cvteInterceptKeyBeforeDispatching Go in event =3
08-26 18:33:43.862  3182  3282 D WindowManager: enter cvteInterceptKeyBeforeDispatching onGlobalKeyEvent
08-26 18:33:43.862  3834  3864 D Evan    : onGlobalKeyEvent keycode=3
08-26 18:33:43.862  3834  3864 I tvapi   : [null::eventTvScanAtvIsScanning:22]: eventTvScanAtvIsScanning bScanning=false
08-26 18:33:43.862  3834  3864 I tvapi   : [null::eventTvScanDtmbIsScanning:22]: eventTvScanDtmbIsScanning bScanning=false
08-26 18:33:43.863  3834  3864 D hotkey  : [null::isFragmentShowing:9]: isFragmentShowing fragments=null
08-26 18:33:43.863  3834  3864 D hotkey  : [null::handleMapKeyEvent:17]: KeyEvent { action=ACTION_DOWN, keyCode=KEYCODE_HOME, scanCode=172, metaState=0, flags=0x8, repeatCount=0, eventTime=962531, downTime=962531, deviceId=3, source=0x301 }
08-26 18:33:43.864  3834  3864 I tvapi   : [null::tq:9]: keyevent SIGNAL_LOST resetTimer
08-26 18:33:43.864  3834  3864 D MtkTvInputSource_jni: native_getCurrentInputSourceName
08-26 18:33:43.864  3834  3864 D MtkTvInputSource_jni: native_getCurrentInputSourceName
08-26 18:33:43.865  3834  3864 I tvapi   : [null::getCurrentSourceTypeName:60]: getCurrentSourceTypeName: currentSourceTypeName: DTV
08-26 18:33:43.865  3834  3864 D MtkTvInputSource_jni: native_getCurrentInputSourceName
08-26 18:33:43.866  3834  3864 I tvapi   : [null::getCurrentSourceTypeName:60]: getCurrentSourceTypeName: currentSourceTypeName: DTV
08-26 18:33:43.866  3834  3864 D MtkTvInputSource_jni: native_getCurrentInputSourceName
08-26 18:33:43.867  3834  3864 I tvapi   : [null::getCurrentSourceTypeName:60]: getCurrentSourceTypeName: currentSourceTypeName: DTV
08-26 18:33:43.867  3834  3864 D MtkTvInputSource_jni: native_getCurrentInputSourceName
08-26 18:33:43.867  3834  3864 I tvapi   : [null::getCurrentSourceTypeName:60]: getCurrentSourceTypeName: currentSourceTypeName: DTV
08-26 18:33:43.868  3797  3847 D CLog    : [null:26::a]: time = -1
08-26 18:33:43.868  3797  3847 D CLog    : [null:4::onTvNotify]: notifySystemSignalLostPowerOffTimeRemaining
08-26 18:33:43.868  3797  3847 D CLog    : [null:0::onTvNotify]: notifySystemSignalLostPowerOffTimeRemaining
08-26 18:33:43.869  4393  4407 D SpeechService: [ (a.java:159)#onTvNotify ] Get Action=notifySystemSignalLostPowerOffTimeRemaining Get Bundle=Bundle[mParcelledData.dataSize=52]
08-26 18:33:43.870  3834  3864 I tvapi   : [null::eventSystemInputSourceGetInputSource:38]: getFrom DB:deviceId =4
08-26 18:33:43.870  3834  3864 I tvapi   : [null::eventSystemInputSourceGetInputSource:153]: input source is :HDMI 1
08-26 18:33:43.871  4393  4407 D SpeechService: [ (a.java:164)#onTvNotify ] Current cate: INPUTSOURCE_HDMI
08-26 18:33:43.872  3797  3847 D Evan    : handleKeyEvent:3
08-26 18:33:43.873  3182  3282 D WindowManager: onGlobalKeyEvent ret = false
08-26 18:33:43.873  3182  3282 D WindowManager: enter interceptKeyBeforeDispatching 3
08-26 18:33:43.908  3182  3933 D WificondControl: Scan result ready event
[network] 964.602, ni_mon_thread.1434 >>> [NETLINK] receive event
[network] 964.934, read_netlink.1374 >>> [NETLINK],RTM_NEWADDR
08-26 18:33:43.908  3646  3646 E wpa_supplicant: Failed to invoke HIDL iface callback
08-26 18:33:43.909  3646  3646 I chatty  : uid=1010(wifi) /vendor/bin/hw/rtk_supplicant identical 8 lines
[NETLINK]NEWADDR ADDRESS=fe80::debd:7aff:fe72:b0a5/64 INTERFACE=wlan0 FLAGS=196 SCOPE=253
[network] 964.935, _print_addr_change_info.1333 >>> [NETLINK]PREFERRED=4294967295 VALID=4294967295 CSTAMP=96288 TSTAMP=96288
08-26 18:33:43.909  3646  3646 E wpa_supplicant: Failed to invoke HIDL iface callback
08-26 18:33:43.909  3646  3646 I wpa_supplicant: wlan0: Trying to associate with 94:d9:b3:71:82:83 (SSID='GZVN' freq=2412 MHz)
08-26 18:33:43.909  3646  3646 E wpa_supplicant: Failed to invoke HIDL iface callback
08-26 18:33:43.910  3646  3646 I chatty  : uid=1010(wifi) /vendor/bin/hw/rtk_supplicant identical 4 lines
08-26 18:33:43.910  3646  3646 E wpa_supplicant: Failed to invoke HIDL iface callback
08-26 18:33:43.910  3182  3215 I EthernetTracker: interfaceLinkStateChanged, iface: wlan0, up: false
08-26 18:33:43.912  3182  3215 D PppoeUtils: updateInterface: wlan0 link down
08-26 18:33:43.914  4393  4393 D SpeechService: [ (NetWorkReceiver.java:46)#onReceive ] NetWorkReceiver onReceive:android.net.wifi.STATE_CHANGE
08-26 18:33:43.915  3182  3207 W BroadcastQueue: Background execution not allowed: receiving Intent { act=android.net.wifi.STATE_CHANGE flg=0x4000010 (has extras) } to com.cvte.tv.speech/.AutoRunReceiver
08-26 18:33:43.919  4393  4393 I SpeechService: [ (NetWorkReceiver.java:66)#onReceive ] ----------------> Network hasConnected=false
08-26 18:33:44.017  3182  3196 I system_server: Background concurrent copying GC freed 12220(967KB) AllocSpace objects, 14(408KB) LOS objects, 19% free, 5MB/6MB, paused 312us total 102.759ms
08-26 18:33:44.027  2815  2815 D         : read_message(L589): read buffer res: 0x0004, buf[0] = 0x0003
08-26 18:33:44.028  3834  3864 D TV_MtkTvConfig: Enter getConfigValue, inputGroup=-1, cfgId=g_pip_pop__pip_pop_tv_focus_win
08-26 18:33:44.028  3834  3864 D TV_MtkTvConfig: Leave getConfigValue
08-26 18:33:44.028  3834  3864 D TV_MtkTvAVModeBase: isFreeze
08-26 18:33:44.029  3834  3864 D MtkTvAvMode_jni: native_isFreeze
08-26 18:33:44.029  3834  3864 D MtkTvAvMode_jni: native_isFreeze, b_freeze = 0
08-26 18:33:44.030  3182  3282 D WindowManager: enter interceptKeyBeforeDispatching 1
08-26 18:33:44.030  3182  3282 I WindowManager: cvteInterceptKeyBeforeDispatching Go in event =3
08-26 18:33:44.030  3182  3282 D WindowManager: enter cvteInterceptKeyBeforeDispatching onGlobalKeyEvent
08-26 18:33:44.030  3834  3864 D Evan    : onGlobalKeyEvent keycode=3
08-26 18:33:44.031  3834  3864 I tvapi   : [null::eventTvScanAtvIsScanning:22]: eventTvScanAtvIsScanning bScanning=false
08-26 18:33:44.031  3834  3864 I tvapi   : [null::eventTvScanDtmbIsScanning:22]: eventTvScanDtmbIsScanning bScanning=false
08-26 18:33:44.031  3834  3864 D hotkey  : [null::isFragmentShowing:9]: isFragmentShowing fragments=null
08-26 18:33:44.031  3834  3864 D hotkey  : [null::handleMapKeyEvent:17]: KeyEvent { action=ACTION_UP, keyCode=KEYCODE_HOME, scanCode=172, metaState=0, flags=0x8, repeatCount=0, eventTime=962700, downTime=962531, deviceId=3, source=0x301 }
08-26 18:33:44.032  3834  3864 I tvapi   : [null::tq:9]: keyevent SIGNAL_LOST resetTimer
08-26 18:33:44.032  3834  3864 D MtkTvInputSource_jni: native_getCurrentInputSourceName
08-26 18:33:44.032  3834  3864 D MtkTvInputSource_jni: native_getCurrentInputSourceName
08-26 18:33:44.033  3834  3864 I tvapi   : [null::getCurrentSourceTypeName:60]: getCurrentSourceTypeName: currentSourceTypeName: DTV
08-26 18:33:44.033  3834  3864 D MtkTvInputSource_jni: native_getCurrentInputSourceName
[network] 964.936, ni_mon_thread.1434 >>> [NETLINK] receive event
[network] 965.269, read_netlink.1374 >>> [NETLINK],RTM_NEWADDR
08-26 18:33:44.033  3834  3864 I tvapi   : [null::getCurrentSourceTypeName:60]: getCurrentSourceTypeName: currentSourceTypeName: DTV
[NETLINK]NEWADDR ADDRESS=fe80::debd:7aff:fe72:b0a5/64 INTERFACE=wlan0 FLAGS=128 SCOPE=253
08-26 18:33:44.034  3834  3864 D MtkTvInputSource_jni: native_getCurrentInputSourceName
[network] 965.269, _print_addr_change_info.1333 >>> [NETLINK]PREFERRED=4294967295 VALID=4294967295 CSTAMP=96288 TSTAMP=96288
08-26 18:33:44.034  3834  3864 I tvapi   : [null::getCurrentSourceTypeName:60]: getCurrentSourceTypeName: currentSourceTypeName: DTV
08-26 18:33:44.034  3834  3864 D MtkTvInputSource_jni: native_getCurrentInputSourceName
08-26 18:33:44.035  3834  3864 I tvapi   : [null::getCurrentSourceTypeName:60]: getCurrentSourceTypeName: currentSourceTypeName: DTV
08-26 18:33:44.036  3797  3847 D CLog    : [null:26::a]: time = -1
08-26 18:33:44.036  3797  3847 D CLog    : [null:4::onTvNotify]: notifySystemSignalLostPowerOffTimeRemaining
08-26 18:33:44.036  3797  3847 D CLog    : [null:0::onTvNotify]: notifySystemSignalLostPowerOffTimeRemaining
08-26 18:33:44.037  4393  4407 D SpeechService: [ (a.java:159)#onTvNotify ] Get Action=notifySystemSignalLostPowerOffTimeRemaining Get Bundle=Bundle[mParcelledData.dataSize=52]
08-26 18:33:44.037  3834  3864 I tvapi   : [null::eventSystemInputSourceGetInputSource:38]: getFrom DB:deviceId =4
08-26 18:33:44.038  3834  3864 I tvapi   : [null::eventSystemInputSourceGetInputSource:153]: input source is :HDMI 1
08-26 18:33:44.038  4393  4407 D SpeechService: [ (a.java:164)#onTvNotify ] Current cate: INPUTSOURCE_HDMI
08-26 18:33:44.040  3797  3847 D Evan    : handleKeyEvent:3
08-26 18:33:44.041  3182  3282 D WindowManager: onGlobalKeyEvent ret = false
08-26 18:33:44.041  3182  3282 D WindowManager: enter interceptKeyBeforeDispatching 3
08-26 18:33:44.050  3182  3282 E ActivityManager: Sending non-protected broadcast com.cvte.tv.launcher.home from system 3182:system/1000 pkg android
08-26 18:33:44.050  3182  3282 E ActivityManager: java.lang.Throwable
08-26 18:33:44.050  3182  3282 E ActivityManager:       at com.android.server.am.ActivityManagerService.checkBroadcastFromSystem(ActivityManagerService.java:21622)
08-26 18:33:44.050  3182  3282 E ActivityManager:       at com.android.server.am.ActivityManagerService.broadcastIntentLocked(ActivityManagerService.java:22133)
08-26 18:33:44.050  3182  3282 E ActivityManager:       at com.android.server.am.ActivityManagerService.broadcastIntent(ActivityManagerService.java:22397)
08-26 18:33:44.050  3182  3282 E ActivityManager:       at android.app.ContextImpl.sendBroadcastAsUser(ContextImpl.java:1191)
08-26 18:33:44.050  3182  3282 E ActivityManager:       at com.android.server.policy.PhoneWindowManager.launchHomeFromHotKey(PhoneWindowManager.java:4701)
08-26 18:33:44.050  3182  3282 E ActivityManager:       at com.android.server.policy.PhoneWindowManager.launchHomeFromHotKey(PhoneWindowManager.java:4642)
08-26 18:33:44.050  3182  3282 E ActivityManager:       at com.android.server.policy.PhoneWindowManager.handleShortPressOnHome(PhoneWindowManager.java:2073)
08-26 18:33:44.050  3182  3282 E ActivityManager:       at com.android.server.policy.PhoneWindowManager.interceptKeyBeforeDispatching(PhoneWindowManager.java:3947)
08-26 18:33:44.050  3182  3282 E ActivityManager:       at com.android.server.wm.InputMonitor.interceptKeyBeforeDispatching(InputMonitor.java:480)
08-26 18:33:44.050  3182  3282 E ActivityManager:       at com.android.server.input.InputManagerService.interceptKeyBeforeDispatching(InputManagerService.java:1854)
08-26 18:33:44.056  3646  3646 E wpa_supplicant: Failed to invoke HIDL iface callback
08-26 18:33:44.056  3646  3646 I chatty  : uid=1010(wifi) /vendor/bin/hw/rtk_supplicant identical 2 lines
08-26 18:33:44.056  3646  3646 E wpa_supplicant: Failed to invoke HIDL iface callback
08-26 18:33:44.056  3182  3215 I EthernetTracker: interfaceLinkStateChanged, iface: wlan0, up: true
08-26 18:33:44.056  3646  3646 E wpa_supplicant: Failed to invoke HIDL iface callback
08-26 18:33:44.056  3646  3646 E wpa_supplicant: Failed to invoke HIDL iface callback
08-26 18:33:44.056  3646  3646 I wpa_supplicant: wlan0: Associated with 94:d9:b3:71:82:83
08-26 18:33:44.056  3646  3646 I wpa_supplicant: wlan0: CTRL-EVENT-SUBNET-STATUS-UPDATE status=0
08-26 18:33:44.058  2811  2811 I wificond: Regulatory domain changed to country: CN
08-26 18:33:44.058  3182  3215 D PppoeUtils: updateInterface: wlan0 link up
08-26 18:33:44.058  3182  3215 I EthernetTracker: interfaceLinkStateChanged, iface: wlan0, up: true
08-26 18:33:44.059  3646  3646 I wpa_supplicant: wlan0: CTRL-EVENT-REGDOM-CHANGE init=COUNTRY_IE type=COUNTRY alpha2=CN
08-26 18:33:44.059  3182  3282 E ActivityManager: Sending non-protected broadcast com.cvte.tv.launcher.home from system 3182:system/1000 pkg android
08-26 18:33:44.059  3182  3282 E ActivityManager: java.lang.Throwable
08-26 18:33:44.059  3182  3282 E ActivityManager:       at com.android.server.am.ActivityManagerService.checkBroadcastFromSystem(ActivityManagerService.java:21622)
08-26 18:33:44.059  3182  3282 E ActivityManager:       at com.android.server.am.ActivityManagerService.broadcastIntentLocked(ActivityManagerService.java:22249)
08-26 18:33:44.059  3182  3282 E ActivityManager:       at com.android.server.am.ActivityManagerService.broadcastIntent(ActivityManagerService.java:22397)
08-26 18:33:44.059  3182  3282 E ActivityManager:       at android.app.ContextImpl.sendBroadcastAsUser(ContextImpl.java:1191)
08-26 18:33:44.059  3182  3282 E ActivityManager:       at com.android.server.policy.PhoneWindowManager.launchHomeFromHotKey(PhoneWindowManager.java:4701)
08-26 18:33:44.059  3182  3282 E ActivityManager:       at com.android.server.policy.PhoneWindowManager.launchHomeFromHotKey(PhoneWindowManager.java:4642)
08-26 18:33:44.059  3182  3282 E ActivityManager:       at com.android.server.policy.PhoneWindowManager.handleShortPressOnHome(PhoneWindowManager.java:2073)
08-26 18:33:44.059  3182  3282 E ActivityManager:       at com.android.server.policy.PhoneWindowManager.interceptKeyBeforeDispatching(PhoneWindowManager.java:3947)
08-26 18:33:44.059  3182  3282 E ActivityManager:       at com.android.server.wm.InputMonitor.interceptKeyBeforeDispatching(InputMonitor.java:480)
08-26 18:33:44.059  3182  3282 E ActivityManager:       at com.android.server.input.InputManagerService.interceptKeyBeforeDispatching(InputManagerService.java:1854)
08-26 18:33:44.060  3182  3215 D PppoeUtils: updateInterface: wlan0 link up
08-26 18:33:44.060  3646  3646 E wpa_supplicant: Failed to invoke HIDL iface callback
08-26 18:33:44.060  3646  3646 E wpa_supplicant: Failed to invoke HIDL iface callback
08-26 18:33:44.060  3182  3215 I EthernetTracker: interfaceLinkStateChanged, iface: wlan0, up: true
08-26 18:33:44.061  3646  3646 E wpa_supplicant: Failed to invoke HIDL iface callback
08-26 18:33:44.061  3646  3646 I chatty  : uid=1010(wifi) /vendor/bin/hw/rtk_supplicant identical 2 lines
08-26 18:33:44.061  3646  3646 E wpa_supplicant: Failed to invoke HIDL iface callback
08-26 18:33:44.062  3182  3215 D PppoeUtils: updateInterface: wlan0 link up
08-26 18:33:44.063  3182  3215 I EthernetTracker: interfaceLinkStateChanged, iface: wlan0, up: true
08-26 18:33:44.064  2811  2811 I wificond: 2.4Ghz frequencies: 2412 2417 2422 2427 2432 2437 2442 2447 2452 2457 2462 2467 2472
08-26 18:33:44.064  2811  2811 I wificond: 5Ghz non-DFS frequencies:
08-26 18:33:44.064  2811  2811 I wificond: 5Ghz DFS frequencies:
08-26 18:33:44.064  3646  3646 E wpa_supplicant: Failed to invoke HIDL iface callback
08-26 18:33:44.064  3646  3646 E wpa_supplicant: Failed to invoke HIDL iface callback
08-26 18:33:44.065  3182  3215 D PppoeUtils: updateInterface: wlan0 link up
08-26 18:33:44.065  3646  3646 E wpa_supplicant: Failed to invoke HIDL iface callback
08-26 18:33:44.065  3646  3646 I chatty  : uid=1010(wifi) /vendor/bin/hw/rtk_supplicant identical 2 lines
08-26 18:33:44.065  3646  3646 E wpa_supplicant: Failed to invoke HIDL iface callback
08-26 18:33:44.065  3646  3646 I wpa_supplicant: wlan0: WPA: RX message 1 of 4-Way Handshake from 94:d9:b3:71:82:83 (ver=2)
08-26 18:33:44.065  3646  3646 I wpa_supplicant: wlan0: WPA: Sending EAPOL-Key 2/4
08-26 18:33:44.072  4393  4393 D SpeechService: [ (NetWorkReceiver.java:46)#onReceive ] NetWorkReceiver onReceive:android.net.wifi.STATE_CHANGE
08-26 18:33:44.073  3182  3207 W BroadcastQueue: Background execution not allowed: receiving Intent { act=android.net.wifi.STATE_CHANGE flg=0x4000010 (has extras) } to com.cvte.tv.speech/.AutoRunReceiver
08-26 18:33:44.073  3182  3215 D AutofillManagerService: Close system dialogs
08-26 18:33:44.074  4393  4393 I SpeechService: [ (NetWorkReceiver.java:66)#onReceive ] ----------------> Network hasConnected=false
08-26 18:33:44.074  3547  3547 V StatusBar: mStatusBarWindow: com.android.systemui.statusbar.phone.StatusBarWindowView{7133d85 V.ED..... ......ID 0,0-1920,0} canPanelBeCollapsed(): false
08-26 18:33:44.075  3182  3282 I ActivityManager: START u0 {act=android.intent.action.MAIN cat=[android.intent.category.HOME,android.intent.category.COMMON_HOME] flg=0x10200000 cmp=com.cvte.tv.launcher.space/.MainActivity} from uid 1000
08-26 18:33:44.076  3646  3646 I wpa_supplicant: wlan0: WPA: RX message 3 of 4-Way Handshake from 94:d9:b3:71:82:83 (ver=2)
08-26 18:33:44.076  3646  3646 I wpa_supplicant: wlan0: WPA: Sending EAPOL-Key 4/4
08-26 18:33:44.077  3646  3646 E wpa_supplicant: Failed to invoke HIDL iface callback
08-26 18:33:44.077  3646  3646 I chatty  : uid=1010(wifi) /vendor/bin/hw/rtk_supplicant identical 4 lines
08-26 18:33:44.077  3646  3646 E wpa_supplicant: Failed to invoke HIDL iface callback
08-26 18:33:44.077  3646  3646 I wpa_supplicant: wlan0: WPA: Key negotiation completed with 94:d9:b3:71:82:83 [PTK=CCMP GTK=CCMP]
08-26 18:33:44.077  3646  3646 I wpa_supplicant: wlan0: CTRL-EVENT-CONNECTED - Connection to 94:d9:b3:71:82:83 completed [id=0 id_str=%7B%22configKey%22%3A%22%5C%22GZVN%5C%22WPA_PSK%22%2C%22creatorUid%22%3A%221000%22%7D]
08-26 18:33:44.077  3646  3646 E wpa_supplicant: Failed to invoke HIDL iface callback
08-26 18:33:44.078  3646  3646 I chatty  : uid=1010(wifi) /vendor/bin/hw/rtk_supplicant identical 4 lines
08-26 18:33:44.078  3646  3646 E wpa_supplicant: Failed to invoke HIDL iface callback
08-26 18:33:44.079  3182  3215 I EthernetTracker: interfaceLinkStateChanged, iface: wlan0, up: true
08-26 18:33:44.081  3182  3215 D PppoeUtils: updateInterface: wlan0 link up
08-26 18:33:44.094  3182  3282 D ActivityManager: prePackageName =com.cvte.settings  curPackage =com.cvte.tv.launcher.space  nextpackageName =com.cvte.tv.launcher.space
08-26 18:33:44.094  3182  3282 D TestIniFileReader: read ini file ,sectionName is vod
08-26 18:33:44.108  3182  3282 D TestIniFileReader: read ini file ,sectionName is vod
08-26 18:33:44.116  3182  3282 W InputDispatcher: Excessive delay in interceptKeyBeforeDispatching; took 86 ms
08-26 18:33:44.108  3182  3282 D ActivityManager: prePackageName =com.cvte.settings  curPackage =com.cvte.tv.launcher.space  nextpackageName =com.cvte.tv.launcher.space
08-26 18:33:44.142  3182  3932 D ActivityManager: prePackageName =com.cvte.settings  curPackage =com.cvte.tv.launcher.space  nextpackageName =com.cvte.tv.launcher.space
08-26 18:33:44.143  3182  3932 D TestIniFileReader: read ini file ,sectionName is vod
08-26 18:33:44.172  4393  4393 D SpeechService: [ (NetWorkReceiver.java:46)#onReceive ] NetWorkReceiver onReceive:android.net.wifi.STATE_CHANGE
08-26 18:33:44.173  3182  3207 W BroadcastQueue: Background execution not allowed: receiving Intent { act=android.net.wifi.STATE_CHANGE flg=0x4000010 (has extras) } to com.cvte.tv.speech/.AutoRunReceiver
08-26 18:33:44.173  4393  4393 I SpeechService: [ (NetWorkReceiver.java:66)#onReceive ] ----------------> Network hasConnected=false
08-26 18:33:44.182  4393  4393 D SpeechService: [ (NetWorkReceiver.java:46)#onReceive ] NetWorkReceiver onReceive:android.net.wifi.STATE_CHANGE
08-26 18:33:44.181  3182  3207 W BroadcastQueue: Background execution not allowed: receiving Intent { act=android.net.wifi.STATE_CHANGE flg=0x4000010 (has extras) } to com.cvte.tv.speech/.AutoRunReceiver
08-26 18:33:44.184  3182  3488 D ConnectivityService: registerNetworkAgent NetworkAgentInfo{ ni{[type: WIFI[], state: CONNECTING/CONNECTING, reason: (unspecified), extra: (none), failover: false, available: true, roaming: false]}  network{107}  nethandle{462967197709}  lp{{InterfaceName: wlan0 LinkAddresses: []  Routes: [] DnsAddresses: [] UsePrivateDns: false PrivateDnsServerName: null Domains: null MTU: 0ServerAddress: null}}  nc{[ Transports: WIFI Capabilities: NOT_METERED&INTERNET&NOT_RESTRICTED&TRUSTED&NOT_VPN&NOT_ROAMING&FOREGROUND&NOT_CONGESTED&NOT_SUSPENDED Unwanted:  LinkUpBandwidth>=1048576Kbps LinkDnBandwidth>=1048576Kbps SSID: "GZVN"]}  Score{20}  everValidated{false}  lastValidated{false}  created{false} lingering{false} explicitlySelected{false} acceptUnvalidated{false} everCaptivePortalDetected{false} lastCaptivePortalDetected{false} clat{null} }
08-26 18:33:44.185  4393  4393 I SpeechService: [ (NetWorkReceiver.java:66)#onReceive ] ----------------> Network hasConnected=false
08-26 18:33:44.185  3182  3491 D ConnectivityService: NetworkAgentInfo [WIFI () - 107] EVENT_NETWORK_INFO_CHANGED, going from null to CONNECTING
08-26 18:33:44.190  3182  3207 W BroadcastQueue: Background execution not allowed: receiving Intent { act=android.net.wifi.STATE_CHANGE flg=0x4000010 (has extras) } to com.cvte.tv.speech/.AutoRunReceiver
08-26 18:33:44.191  4393  4393 D SpeechService: [ (NetWorkReceiver.java:46)#onReceive ] NetWorkReceiver onReceive:android.net.wifi.STATE_CHANGE
08-26 18:33:44.191  3834  3864 E JavaBinder: *** Uncaught remote exception!  (Exceptions are not yet supported across processes.)
08-26 18:33:44.191  3834  3864 E JavaBinder: java.lang.RuntimeException: android.os.RemoteException: TV Api not found
08-26 18:33:44.191  3834  3864 E JavaBinder:    at android.os.Parcel.writeException(Parcel.java:1779)
08-26 18:33:44.191  3834  3864 E JavaBinder:    at android.os.Binder.execTransact(Binder.java:746)
08-26 18:33:44.191  3834  3864 E JavaBinder: Caused by: android.os.RemoteException: TV Api not found
08-26 18:33:44.191  3834  3864 E JavaBinder:    at com.cvte.tv.api.TvApiManagerService$1.getTVApiTvSystemHotelMode(TvApiManagerService.java:1164)
08-26 18:33:44.191  3834  3864 E JavaBinder:    at com.cvte.tv.api.aidl.ITvApiManager$Stub.onTransact(ITvApiManager.java:889)
08-26 18:33:44.191  3834  3864 E JavaBinder:    at android.os.Binder.execTransact(Binder.java:731)
08-26 18:33:44.192  3834  3866 E JavaBinder: *** Uncaught remote exception!  (Exceptions are not yet supported across processes.)
08-26 18:33:44.192  3834  3866 E JavaBinder: java.lang.RuntimeException: android.os.RemoteException: TV Api not found
08-26 18:33:44.192  3834  3866 E JavaBinder:    at android.os.Parcel.writeException(Parcel.java:1779)
08-26 18:33:44.192  3834  3866 E JavaBinder:    at android.os.Binder.execTransact(Binder.java:746)
08-26 18:33:44.192  3834  3866 E JavaBinder: Caused by: android.os.RemoteException: TV Api not found
08-26 18:33:44.192  3834  3866 E JavaBinder:    at com.cvte.tv.api.TvApiManagerService$1.getTVApiTvSystemHotelMode(TvApiManagerService.java:1164)
08-26 18:33:44.192  3834  3866 E JavaBinder:    at com.cvte.tv.api.aidl.ITvApiManager$Stub.onTransact(ITvApiManager.java:889)
08-26 18:33:44.192  3834  3866 E JavaBinder:    at android.os.Binder.execTransact(Binder.java:731)
08-26 18:33:44.195  4393  4393 I SpeechService: [ (NetWorkReceiver.java:66)#onReceive ] ----------------> Network hasConnected=false
08-26 18:33:44.197  2696  2696 D WifiHAL : Getting APF capabilities, halHandle = 0xb3f902c0
08-26 18:33:44.197  2696  2696 I WifiHAL :
08-26 18:33:44.197  2696  2696 I WifiHAL : createRequest: APF get capabilities request
08-26 18:33:44.197  2696  2696 I WifiHAL : Request Response failed for APF, result = -95
08-26 18:33:44.199  3182  3488 E WifiVendorHal: getApfCapabilities(l.1737) failed {.code = ERROR_NOT_AVAILABLE, .description = }
08-26 18:33:44.205  3182  3943 I AlarmManager: Setting Wakeup Alarm type[2] sPackageName is null @998877 and next wakeup alarm is @Thu Aug 26 18:17:41 PDT 2021
08-26 18:33:44.210  3182  3491 D ConnectivityService: NetworkAgentInfo [WIFI () - 107] EVENT_NETWORK_INFO_CHANGED, going from CONNECTING to CONNECTING
08-26 18:33:44.242  3182  3943 I AlarmManager: Setting Wakeup Alarm type[2] sPackageName is null @998914 and next wakeup alarm is @Thu Aug 26 18:17:41 PDT 2021
08-26 18:33:44.243  3182  6596 D DhcpClient: Receive thread started
08-26 18:33:44.246  3182  3943 D DhcpClient: Broadcasting DHCPDISCOVER
08-26 18:33:44.247  3182  3943 I AlarmManager: Setting Wakeup Alarm type[2] sPackageName is null @964906 and next wakeup alarm is @Thu Aug 26 18:17:41 PDT 2021
08-26 18:33:44.259  2691  4027 D gralloc : mali_gralloc_select_format: req_format=0x1 req_fmt_mapped=0x1 internal_format=0x700000001 usage=0x900
08-26 18:33:44.259  2691  4027 D gralloc : [mali_gralloc_ion_allocate():914] allocating buffer (1920, 1080) usage=0x900, format=0x700000001, size=8486912, heap_type=0, ion_flags=0x0
08-26 18:33:44.260  2691  4027 D gralloc : mali_gralloc_select_format: req_format=0x1 req_fmt_mapped=0x1 internal_format=0x700000001 usage=0x900
08-26 18:33:44.260  2691  4027 D gralloc : [mali_gralloc_ion_allocate():914] allocating buffer (1920, 1080) usage=0x900, format=0x700000001, size=8486912, heap_type=0, ion_flags=0x0
08-26 18:33:44.262  2691  4027 D gralloc : mali_gralloc_select_format: req_format=0x1 req_fmt_mapped=0x1 internal_format=0x700000001 usage=0x900
08-26 18:33:44.262  2691  4027 D gralloc : [mali_gralloc_ion_allocate():914] allocating buffer (1920, 1080) usage=0x900, format=0x700000001, size=8486912, heap_type=0, ion_flags=0x0
08-26 18:33:44.266  4589  4611 D mali_winsys: EGLint new_window_surface(egl_winsys_display *, void *, EGLSurface, EGLConfig, egl_winsys_surface **, EGLBoolean) returns 0x3000
08-26 18:33:44.271  2700  2822 E hwcomposer: HWComposerDisplayHalMiOsd::hwcMiDisplay: MI_OSD_LayerSetAttr E_MI_OSD_ATTR_TYPE_AUTO_DETECT_BUFFER failed, handle: 0, Error[0x7]: MI_ERR_INVALID_HANDLE !!!, line=[1121].
08-26 18:33:44.285  4589  4589 E RecyclerView: No adapter attached; skipping layout
08-26 18:33:44.408  2691  4027 D gralloc : mali_gralloc_select_format: req_format=0x1 req_fmt_mapped=0x1 internal_format=0x700000001 usage=0xb00
08-26 18:33:44.408  2691  4027 D gralloc : [mali_gralloc_ion_allocate():914] allocating buffer (1920, 1080) usage=0xb00, format=0x700000001, size=8486912, heap_type=0, ion_flags=0x0
08-26 18:33:44.429  3834  3866 E JavaBinder: *** Uncaught remote exception!  (Exceptions are not yet supported across processes.)
08-26 18:33:44.429  3834  3866 E JavaBinder: java.lang.RuntimeException: android.os.RemoteException: TV Api not found
08-26 18:33:44.429  3834  3866 E JavaBinder:    at android.os.Parcel.writeException(Parcel.java:1779)
08-26 18:33:44.429  3834  3866 E JavaBinder:    at android.os.Binder.execTransact(Binder.java:746)
08-26 18:33:44.429  3834  3866 E JavaBinder: Caused by: android.os.RemoteException: TV Api not found
08-26 18:33:44.429  3834  3866 E JavaBinder:    at com.cvte.tv.api.TvApiManagerService$1.getTVApiTvSystemHotelMode(TvApiManagerService.java:1164)
08-26 18:33:44.429  3834  3866 E JavaBinder:    at com.cvte.tv.api.aidl.ITvApiManager$Stub.onTransact(ITvApiManager.java:889)
08-26 18:33:44.429  3834  3866 E JavaBinder:    at android.os.Binder.execTransact(Binder.java:731)
08-26 18:33:44.430  3834  3864 E JavaBinder: *** Uncaught remote exception!  (Exceptions are not yet supported across processes.)
08-26 18:33:44.430  3834  3864 E JavaBinder: java.lang.RuntimeException: android.os.RemoteException: TV Api not found
08-26 18:33:44.430  3834  3864 E JavaBinder:    at android.os.Parcel.writeException(Parcel.java:1779)
08-26 18:33:44.430  3834  3864 E JavaBinder:    at android.os.Binder.execTransact(Binder.java:746)
08-26 18:33:44.430  3834  3864 E JavaBinder: Caused by: android.os.RemoteException: TV Api not found
08-26 18:33:44.430  3834  3864 E JavaBinder:    at com.cvte.tv.api.TvApiManagerService$1.getTVApiTvSystemHotelMode(TvApiManagerService.java:1164)
08-26 18:33:44.430  3834  3864 E JavaBinder:    at com.cvte.tv.api.aidl.ITvApiManager$Stub.onTransact(ITvApiManager.java:889)
08-26 18:33:44.430  3834  3864 E JavaBinder:    at android.os.Binder.execTransact(Binder.java:731)
08-26 18:33:44.435  4589  4589 W Ucx     : AndroidManifest permissions for the following required Ucx activities are missing:
08-26 18:33:44.435  4589  4589 W Ucx     :
08-26 18:33:44.435  4589  4589 W Ucx     :      com.ucfunnel.ucx.UcxActivity
08-26 18:33:44.435  4589  4589 W Ucx     :      com.ucfunnel.ucx.MraidActivity
08-26 18:33:44.435  4589  4589 W Ucx     :      com.ucfunnel.ucx.UcxVideoPlayerActivity
08-26 18:33:44.435  4589  4589 W Ucx     :
08-26 18:33:44.435  4589  4589 W Ucx     : Please update your manifest to include them.
08-26 18:33:44.440  2691  4027 D gralloc : mali_gralloc_select_format: req_format=0x1 req_fmt_mapped=0x1 internal_format=0x1 usage=0x366
08-26 18:33:44.440  2691  4027 D gralloc : [mali_gralloc_ion_allocate():914] allocating buffer (1152, 648) usage=0x366, format=0x1, size=2985984, heap_type=0, ion_flags=0x3
08-26 18:33:44.445  2713  2713 E SurfaceFlinger: 0
08-26 18:33:44.445  2713  2713 W libc    : Unable to set property "vendor.mstar.osd.enableTrapezoid" to "0": error code: 0x18
08-26 18:33:44.447  2839  2839 D MTK_KL  : 11,6328,963121022,-;selinux: avc:  denied  { set } for property=vendor.mstar.osd.enableTrapezoid pid=2713 uid=1000 gid=1003 scontext=u:r:surfaceflinger:s0 tcontext=u:object_r:mstar_system_prop:s0 tclass=property_service permissive=0\x0a
08-26 18:33:44.447  2839  2839 D MTK_KL  : 11,6329,963121065,-;init: Unable to set property 'vendor.mstar.osd.enableTrapezoid' to '0' from uid:1000 gid:1003 pid:2713: SELinux permission check failed
08-26 18:33:44.447  2713  2713 W libc    : Unable to set property "vendor.mstar.osd.enableTrapezoid" to "1": error code: 0x18
08-26 18:33:44.447  2713  2713 E SurfaceFlinger: 1
08-26 18:33:44.451  2839  2839 D MTK_KL  : 11,6330,963122783,-;selinux: avc:  denied  { set } for property=vendor.mstar.osd.enableTrapezoid pid=2713 uid=1000 gid=1003 scontext=u:r:surfaceflinger:s0 tcontext=u:object_r:mstar_system_prop:s0 tclass=property_service permissive=0\x0a
08-26 18:33:44.451  2839  2839 D MTK_KL  : 11,6331,963122824,-;init: Unable to set property 'vendor.mstar.osd.enableTrapezoid' to '1' from uid:1000 gid:1003 pid:2713: SELinux permission check failed
08-26 18:33:44.459  2713  2792 E BufferQueueProducer: [com.cvte.settings/com.cvte.settings.net.wifi.activity.WiFiActivity#0] disconnect: not connected (req=1)
08-26 18:33:44.460  4751  4770 W libEGL  : EGLNativeWindowType 0x95fa5008 disconnect failed
08-26 18:33:44.485  2700  2822 E hwcomposer: HWComposerDisplayHalMiOsd::hwcMiDisplay: MI_OSD_LayerSetAttr E_MI_OSD_ATTR_TYPE_AUTO_DETECT_BUFFER failed, handle: 0, Error[0x7]: MI_ERR_INVALID_HANDLE !!!, line=[1121].
08-26 18:33:44.503  2700  2822 E hwcomposer: HWComposerDisplayHalMiOsd::hwcMiDisplay: MI_OSD_LayerSetAttr E_MI_OSD_ATTR_TYPE_AUTO_DETECT_BUFFER failed, handle: 0, Error[0x7]: MI_ERR_INVALID_HANDLE !!!, line=[1121].
08-26 18:33:44.510  4589  4589 D Ucx     : Failed to retrieve GPS location: access appears to be disabled.
08-26 18:33:44.512  4589  4589 D Ucx     : Failed to retrieve network location: access appears to be disabled.
08-26 18:33:44.513  4589  6547 D Ucx     : Unable to obtain AdvertisingIdClient.getAdvertisingIdInfo()
08-26 18:33:44.513  4589  6548 D Ucx     : Unable to obtain AdvertisingIdClient.getAdvertisingIdInfo()
08-26 18:33:44.516  4589  4589 W Ucx     : AndroidManifest permissions for the following required Ucx activities are missing:
08-26 18:33:44.516  4589  4589 W Ucx     :
08-26 18:33:44.516  4589  4589 W Ucx     :      com.ucfunnel.ucx.UcxActivity
08-26 18:33:44.516  4589  4589 W Ucx     :      com.ucfunnel.ucx.MraidActivity
08-26 18:33:44.516  4589  4589 W Ucx     :      com.ucfunnel.ucx.UcxVideoPlayerActivity
08-26 18:33:44.516  4589  4589 W Ucx     :
08-26 18:33:44.516  4589  4589 W Ucx     : Please update your manifest to include them.
08-26 18:33:44.528  4589  4589 D Ucx     : Failed to retrieve GPS location: access appears to be disabled.
08-26 18:33:44.528  4589  6546 D Ucx     : Unable to obtain AdvertisingIdClient.getAdvertisingIdInfo()
08-26 18:33:44.529  4589  4589 D Ucx     : Failed to retrieve network location: access appears to be disabled.
08-26 18:33:44.531  4589  6547 D Ucx     : Unable to obtain AdvertisingIdClient.getAdvertisingIdInfo()
08-26 18:33:44.534  4589  4589 W Ucx     : AndroidManifest permissions for the following required Ucx activities are missing:
08-26 18:33:44.534  4589  4589 W Ucx     :
08-26 18:33:44.534  4589  4589 W Ucx     :      com.ucfunnel.ucx.UcxActivity
08-26 18:33:44.534  4589  4589 W Ucx     :      com.ucfunnel.ucx.MraidActivity
08-26 18:33:44.534  4589  4589 W Ucx     :      com.ucfunnel.ucx.UcxVideoPlayerActivity
08-26 18:33:44.534  4589  4589 W Ucx     :
08-26 18:33:44.534  4589  4589 W Ucx     : Please update your manifest to include them.
08-26 18:33:44.548  4589  6548 D Ucx     : Unable to obtain AdvertisingIdClient.getAdvertisingIdInfo()
08-26 18:33:44.550  4589  4589 D Ucx     : Failed to retrieve GPS location: access appears to be disabled.
08-26 18:33:44.552  4589  4589 D Ucx     : Failed to retrieve network location: access appears to be disabled.
08-26 18:33:44.553  4589  6546 D Ucx     : Unable to obtain AdvertisingIdClient.getAdvertisingIdInfo()
08-26 18:33:44.556  4589  4589 W Ucx     : AndroidManifest permissions for the following required Ucx activities are missing:
08-26 18:33:44.556  4589  4589 W Ucx     :
08-26 18:33:44.556  4589  4589 W Ucx     :      com.ucfunnel.ucx.UcxActivity
08-26 18:33:44.556  4589  4589 W Ucx     :      com.ucfunnel.ucx.MraidActivity
08-26 18:33:44.556  4589  4589 W Ucx     :      com.ucfunnel.ucx.UcxVideoPlayerActivity
08-26 18:33:44.556  4589  4589 W Ucx     :
08-26 18:33:44.556  4589  4589 W Ucx     : Please update your manifest to include them.
08-26 18:33:44.568  4589  4589 D Ucx     : Failed to retrieve GPS location: access appears to be disabled.
08-26 18:33:44.569  4589  4589 D Ucx     : Failed to retrieve network location: access appears to be disabled.
08-26 18:33:44.570  4589  6547 D Ucx     : Unable to obtain AdvertisingIdClient.getAdvertisingIdInfo()
08-26 18:33:44.571  4589  6548 D Ucx     : Unable to obtain AdvertisingIdClient.getAdvertisingIdInfo()
08-26 18:33:44.710  2691  4027 D gralloc : mali_gralloc_select_format: req_format=0x1 req_fmt_mapped=0x1 internal_format=0x700000001 usage=0xb00
08-26 18:33:44.710  2691  4027 D gralloc : [mali_gralloc_ion_allocate():914] allocating buffer (1920, 1080) usage=0xb00, format=0x700000001, size=8486912, heap_type=0, ion_flags=0x0
08-26 18:33:44.713  4589  4589 D Ucx     : Failed to retrieve GPS location: access appears to be disabled.
08-26 18:33:44.714  4589  4589 D Ucx     : Failed to retrieve network location: access appears to be disabled.
08-26 18:33:44.720  4589  4589 D Ucx     : Loading url
08-26 18:33:44.720  4589  4589 I Ucx     : Fetching ad for task #0
08-26 18:33:44.724  4589  4589 D Ucx     : Failed to retrieve GPS location: access appears to be disabled.
08-26 18:33:44.725  4589  4589 D Ucx     : Failed to retrieve network location: access appears to be disabled.
08-26 18:33:44.730  4589  4589 D Ucx     : Loading url
08-26 18:33:44.731  4589  4589 I Ucx     : Fetching ad for task #0
08-26 18:33:44.735  4589  4589 D Ucx     : Failed to retrieve GPS location: access appears to be disabled.
08-26 18:33:44.736  4589  4589 D Ucx     : Failed to retrieve network location: access appears to be disabled.
08-26 18:33:44.740  4589  4589 D Ucx     : Loading url
08-26 18:33:44.740  4589  4589 I Ucx     : Fetching ad for task #0
08-26 18:33:44.743  4589  4589 D Ucx     : Failed to retrieve GPS location: access appears to be disabled.
08-26 18:33:44.743  2700  2822 E hwcomposer: HWComposerDisplayHalMiOsd::hwcMiDisplay: MI_OSD_LayerSetAttr E_MI_OSD_ATTR_TYPE_AUTO_DETECT_BUFFER failed, handle: 0, Error[0x7]: MI_ERR_INVALID_HANDLE !!!, line=[1121].
08-26 18:33:44.744  4589  4589 D Ucx     : Failed to retrieve network location: access appears to be disabled.
08-26 18:33:44.748  4589  4589 D Ucx     : Loading url
08-26 18:33:44.748  4589  4589 I Ucx     : Fetching ad for task #0
