08-26 18:33:35.455  2815  2815 D         : read_message(L589): read buffer res: 0x0004, buf[0] = 0x0003
08-26 18:33:35.455  3834  3864 D TV_MtkTvConfig: Enter getConfigValue, inputGroup=-1, cfgId=g_pip_pop__pip_pop_tv_focus_win
08-26 18:33:35.456  3834  3864 D TV_MtkTvConfig: Leave getConfigValue
08-26 18:33:35.456  3834  3864 D TV_MtkTvAVModeBase: isFreeze
08-26 18:33:35.456  3834  3864 D MtkTvAvMode_jni: native_isFreeze
08-26 18:33:35.456  3834  3864 D MtkTvAvMode_jni: native_isFreeze, b_freeze = 0
08-26 18:33:35.457  3182  3282 D WindowManager: enter interceptKeyBeforeDispatching 1
08-26 18:33:35.457  3182  3282 I WindowManager: cvteInterceptKeyBeforeDispatching Go in event =22
08-26 18:33:35.457  3182  3282 D WindowManager: enter cvteInterceptKeyBeforeDispatching onGlobalKeyEvent
08-26 18:33:35.458  3834  3864 D Evan    : onGlobalKeyEvent keycode=22
08-26 18:33:35.458  3834  3864 I tvapi   : [null::eventTvScanAtvIsScanning:22]: eventTvScanAtvIsScanning bScanning=false
08-26 18:33:35.458  3834  3864 I tvapi   : [null::eventTvScanDtmbIsScanning:22]: eventTvScanDtmbIsScanning bScanning=false
08-26 18:33:35.459  3834  3864 D hotkey  : [null::handleMapKeyEvent:17]: KeyEvent { action=ACTION_DOWN, keyCode=KEYCODE_DPAD_RIGHT, scanCode=106, metaState=0, flags=0x8, repeatCount=0, eventTime=954128, downTime=954128, deviceId=3, source=0x301 }
08-26 18:33:35.459  3834  3864 I tvapi   : [null::tq:9]: keyevent SIGNAL_LOST resetTimer
08-26 18:33:35.459  3834  3864 D MtkTvInputSource_jni: native_getCurrentInputSourceName
08-26 18:33:35.460  3834  3864 D MtkTvInputSource_jni: native_getCurrentInputSourceName
08-26 18:33:35.460  3834  3864 I tvapi   : [null::getCurrentSourceTypeName:60]: getCurrentSourceTypeName: currentSourceTypeName: DTV
08-26 18:33:35.460  3834  3864 D MtkTvInputSource_jni: native_getCurrentInputSourceName
08-26 18:33:35.461  3834  3864 I tvapi   : [null::getCurrentSourceTypeName:60]: getCurrentSourceTypeName: currentSourceTypeName: DTV
08-26 18:33:35.461  3834  3864 D MtkTvInputSource_jni: native_getCurrentInputSourceName
08-26 18:33:35.461  3834  3864 I tvapi   : [null::getCurrentSourceTypeName:60]: getCurrentSourceTypeName: currentSourceTypeName: DTV
08-26 18:33:35.461  3834  3864 D MtkTvInputSource_jni: native_getCurrentInputSourceName
08-26 18:33:35.462  3834  3864 I tvapi   : [null::getCurrentSourceTypeName:60]: getCurrentSourceTypeName: currentSourceTypeName: DTV
08-26 18:33:35.462  3797  3847 D CLog    : [null:26::a]: time = -1
08-26 18:33:35.462  3797  3847 D CLog    : [null:4::onTvNotify]: notifySystemSignalLostPowerOffTimeRemaining
08-26 18:33:35.462  3797  3847 D CLog    : [null:0::onTvNotify]: notifySystemSignalLostPowerOffTimeRemaining
08-26 18:33:35.463  4393  4407 D SpeechService: [ (a.java:159)#onTvNotify ] Get Action=notifySystemSignalLostPowerOffTimeRemaining Get Bundle=Bundle[mParcelledData.dataSize=52]
08-26 18:33:35.464  3834  3864 I tvapi   : [null::eventSystemInputSourceGetInputSource:38]: getFrom DB:deviceId =4
08-26 18:33:35.464  3834  3864 I tvapi   : [null::eventSystemInputSourceGetInputSource:153]: input source is :HDMI 1
08-26 18:33:35.465  4393  4407 D SpeechService: [ (a.java:164)#onTvNotify ] Current cate: INPUTSOURCE_HDMI
08-26 18:33:35.466  3797  3847 D Evan    : handleKeyEvent:22
08-26 18:33:35.467  3182  3282 D WindowManager: onGlobalKeyEvent ret = false
08-26 18:33:35.467  3182  3282 D WindowManager: enter interceptKeyBeforeDispatching 3
08-26 18:33:35.519  2700  2822 E hwcomposer: HWComposerDisplayHalMiOsd::hwcMiDisplay: MI_OSD_LayerSetAttr E_MI_OSD_ATTR_TYPE_AUTO_DETECT_BUFFER failed, handle: 0, Error[0x7]: MI_ERR_INVALID_HANDLE !!!, line=[1121].
08-26 18:33:35.539  2700  2822 E hwcomposer: HWComposerDisplayHalMiOsd::hwcMiDisplay: MI_OSD_LayerSetAttr E_MI_OSD_ATTR_TYPE_AUTO_DETECT_BUFFER failed, handle: 0, Error[0x7]: MI_ERR_INVALID_HANDLE !!!, line=[1121].
08-26 18:33:35.545  2815  2815 D         : read_message(L589): read buffer res: 0x0004, buf[0] = 0x0003
08-26 18:33:35.545  3834  3864 D TV_MtkTvConfig: Enter getConfigValue, inputGroup=-1, cfgId=g_pip_pop__pip_pop_tv_focus_win
08-26 18:33:35.546  3834  3864 D TV_MtkTvConfig: Leave getConfigValue
08-26 18:33:35.546  3834  3864 D TV_MtkTvAVModeBase: isFreeze
08-26 18:33:35.546  3834  3864 D MtkTvAvMode_jni: native_isFreeze
08-26 18:33:35.547  3834  3864 D MtkTvAvMode_jni: native_isFreeze, b_freeze = 0
08-26 18:33:35.547  3182  3282 D WindowManager: enter interceptKeyBeforeDispatching 1
08-26 18:33:35.547  3182  3282 I WindowManager: cvteInterceptKeyBeforeDispatching Go in event =22
08-26 18:33:35.547  3182  3282 D WindowManager: enter cvteInterceptKeyBeforeDispatching onGlobalKeyEvent
08-26 18:33:35.548  3834  3864 D Evan    : onGlobalKeyEvent keycode=22
08-26 18:33:35.548  3834  3864 I tvapi   : [null::eventTvScanAtvIsScanning:22]: eventTvScanAtvIsScanning bScanning=false
08-26 18:33:35.548  3834  3864 I tvapi   : [null::eventTvScanDtmbIsScanning:22]: eventTvScanDtmbIsScanning bScanning=false
08-26 18:33:35.549  3834  3864 D hotkey  : [null::handleMapKeyEvent:17]: KeyEvent { action=ACTION_UP, keyCode=KEYCODE_DPAD_RIGHT, scanCode=106, metaState=0, flags=0x8, repeatCount=0, eventTime=954218, downTime=954128, deviceId=3, source=0x301 }
08-26 18:33:35.549  3834  3864 I tvapi   : [null::tq:9]: keyevent SIGNAL_LOST resetTimer
08-26 18:33:35.550  3834  3864 D MtkTvInputSource_jni: native_getCurrentInputSourceName
08-26 18:33:35.550  3834  3864 D MtkTvInputSource_jni: native_getCurrentInputSourceName
08-26 18:33:35.551  3834  3864 I tvapi   : [null::getCurrentSourceTypeName:60]: getCurrentSourceTypeName: currentSourceTypeName: DTV
08-26 18:33:35.551  3834  3864 D MtkTvInputSource_jni: native_getCurrentInputSourceName
08-26 18:33:35.552  3834  3864 I tvapi   : [null::getCurrentSourceTypeName:60]: getCurrentSourceTypeName: currentSourceTypeName: DTV
08-26 18:33:35.552  3834  3864 D MtkTvInputSource_jni: native_getCurrentInputSourceName
08-26 18:33:35.553  3834  3864 I tvapi   : [null::getCurrentSourceTypeName:60]: getCurrentSourceTypeName: currentSourceTypeName: DTV
08-26 18:33:35.553  3834  3864 D MtkTvInputSource_jni: native_getCurrentInputSourceName
08-26 18:33:35.553  3834  3864 I tvapi   : [null::getCurrentSourceTypeName:60]: getCurrentSourceTypeName: currentSourceTypeName: DTV
08-26 18:33:35.554  3797  3847 D CLog    : [null:26::a]: time = -1
08-26 18:33:35.554  3797  3847 D CLog    : [null:4::onTvNotify]: notifySystemSignalLostPowerOffTimeRemaining
08-26 18:33:35.554  3797  3847 D CLog    : [null:0::onTvNotify]: notifySystemSignalLostPowerOffTimeRemaining
08-26 18:33:35.555  4393  4407 D SpeechService: [ (a.java:159)#onTvNotify ] Get Action=notifySystemSignalLostPowerOffTimeRemaining Get Bundle=Bundle[mParcelledData.dataSize=52]
08-26 18:33:35.555  3834  3864 I tvapi   : [null::eventSystemInputSourceGetInputSource:38]: getFrom DB:deviceId =4
08-26 18:33:35.556  3834  3864 I tvapi   : [null::eventSystemInputSourceGetInputSource:153]: input source is :HDMI 1
08-26 18:33:35.556  4393  4407 D SpeechService: [ (a.java:164)#onTvNotify ] Current cate: INPUTSOURCE_HDMI
08-26 18:33:35.557  3797  3847 D Evan    : handleKeyEvent:22
08-26 18:33:35.559  3182  3282 D WindowManager: onGlobalKeyEvent ret = false
08-26 18:33:35.559  3182  3282 D WindowManager: enter interceptKeyBeforeDispatching 3
08-26 18:33:35.560  2700  2822 E hwcomposer: HWComposerDisplayHalMiOsd::hwcMiDisplay: MI_OSD_LayerSetAttr E_MI_OSD_ATTR_TYPE_AUTO_DETECT_BUFFER failed, handle: 0, Error[0x7]: MI_ERR_INVALID_HANDLE !!!, line=[1121].
08-26 18:33:35.579  2700  2822 I chatty  : uid=1000(system) graphic_mi_work identical 1 line
08-26 18:33:35.599  2700  2822 E hwcomposer: HWComposerDisplayHalMiOsd::hwcMiDisplay: MI_OSD_LayerSetAttr E_MI_OSD_ATTR_TYPE_AUTO_DETECT_BUFFER failed, handle: 0, Error[0x7]: MI_ERR_INVALID_HANDLE !!!, line=[1121].
08-26 18:33:35.612  2815  2815 D         : read_message(L589): read buffer res: 0x0004, buf[0] = 0x0003
08-26 18:33:35.613  3834  3864 D TV_MtkTvConfig: Enter getConfigValue, inputGroup=-1, cfgId=g_pip_pop__pip_pop_tv_focus_win
08-26 18:33:35.613  3834  3864 D TV_MtkTvConfig: Leave getConfigValue
08-26 18:33:35.613  3834  3864 D TV_MtkTvAVModeBase: isFreeze
08-26 18:33:35.614  3834  3864 D MtkTvAvMode_jni: native_isFreeze
08-26 18:33:35.614  3834  3864 D MtkTvAvMode_jni: native_isFreeze, b_freeze = 0
08-26 18:33:35.615  3182  3282 D WindowManager: enter interceptKeyBeforeDispatching 1
08-26 18:33:35.615  3182  3282 I WindowManager: cvteInterceptKeyBeforeDispatching Go in event =22
08-26 18:33:35.615  3182  3282 D WindowManager: enter cvteInterceptKeyBeforeDispatching onGlobalKeyEvent
08-26 18:33:35.615  3834  3864 D Evan    : onGlobalKeyEvent keycode=22
08-26 18:33:35.616  3834  3864 I tvapi   : [null::eventTvScanAtvIsScanning:22]: eventTvScanAtvIsScanning bScanning=false
08-26 18:33:35.616  3834  3864 I tvapi   : [null::eventTvScanDtmbIsScanning:22]: eventTvScanDtmbIsScanning bScanning=false
08-26 18:33:35.616  3834  3864 D hotkey  : [null::handleMapKeyEvent:17]: KeyEvent { action=ACTION_DOWN, keyCode=KEYCODE_DPAD_RIGHT, scanCode=106, metaState=0, flags=0x8, repeatCount=0, eventTime=954285, downTime=954285, deviceId=3, source=0x301 }
08-26 18:33:35.617  3834  3864 I tvapi   : [null::tq:9]: keyevent SIGNAL_LOST resetTimer
08-26 18:33:35.617  3834  3864 D MtkTvInputSource_jni: native_getCurrentInputSourceName
08-26 18:33:35.617  3834  3864 D MtkTvInputSource_jni: native_getCurrentInputSourceName
08-26 18:33:35.618  3834  3864 I tvapi   : [null::getCurrentSourceTypeName:60]: getCurrentSourceTypeName: currentSourceTypeName: DTV
08-26 18:33:35.618  3834  3864 D MtkTvInputSource_jni: native_getCurrentInputSourceName
08-26 18:33:35.619  3834  3864 I tvapi   : [null::getCurrentSourceTypeName:60]: getCurrentSourceTypeName: currentSourceTypeName: DTV
08-26 18:33:35.619  2700  2822 E hwcomposer: HWComposerDisplayHalMiOsd::hwcMiDisplay: MI_OSD_LayerSetAttr E_MI_OSD_ATTR_TYPE_AUTO_DETECT_BUFFER failed, handle: 0, Error[0x7]: MI_ERR_INVALID_HANDLE !!!, line=[1121].
08-26 18:33:35.619  3834  3864 D MtkTvInputSource_jni: native_getCurrentInputSourceName
08-26 18:33:35.620  3834  3864 I tvapi   : [null::getCurrentSourceTypeName:60]: getCurrentSourceTypeName: currentSourceTypeName: DTV
08-26 18:33:35.620  3834  3864 D MtkTvInputSource_jni: native_getCurrentInputSourceName
08-26 18:33:35.621  3834  3864 I tvapi   : [null::getCurrentSourceTypeName:60]: getCurrentSourceTypeName: currentSourceTypeName: DTV
08-26 18:33:35.621  3797  3847 D CLog    : [null:26::a]: time = -1
08-26 18:33:35.622  3797  3847 D CLog    : [null:4::onTvNotify]: notifySystemSignalLostPowerOffTimeRemaining
08-26 18:33:35.622  3797  3847 D CLog    : [null:0::onTvNotify]: notifySystemSignalLostPowerOffTimeRemaining
08-26 18:33:35.623  4393  4407 D SpeechService: [ (a.java:159)#onTvNotify ] Get Action=notifySystemSignalLostPowerOffTimeRemaining Get Bundle=Bundle[mParcelledData.dataSize=52]
08-26 18:33:35.623  3834  3864 I tvapi   : [null::eventSystemInputSourceGetInputSource:38]: getFrom DB:deviceId =4
08-26 18:33:35.624  3834  3864 I tvapi   : [null::eventSystemInputSourceGetInputSource:153]: input source is :HDMI 1
08-26 18:33:35.624  4393  4407 D SpeechService: [ (a.java:164)#onTvNotify ] Current cate: INPUTSOURCE_HDMI
08-26 18:33:35.625  3797  3847 D Evan    : handleKeyEvent:22
08-26 18:33:35.627  3182  3282 D WindowManager: onGlobalKeyEvent ret = false
08-26 18:33:35.627  3182  3282 D WindowManager: enter interceptKeyBeforeDispatching 3
08-26 18:33:35.679  2700  2822 E hwcomposer: HWComposerDisplayHalMiOsd::hwcMiDisplay: MI_OSD_LayerSetAttr E_MI_OSD_ATTR_TYPE_AUTO_DETECT_BUFFER failed, handle: 0, Error[0x7]: MI_ERR_INVALID_HANDLE !!!, line=[1121].
08-26 18:33:35.699  2700  2822 E hwcomposer: HWComposerDisplayHalMiOsd::hwcMiDisplay: MI_OSD_LayerSetAttr E_MI_OSD_ATTR_TYPE_AUTO_DETECT_BUFFER failed, handle: 0, Error[0x7]: MI_ERR_INVALID_HANDLE !!!, line=[1121].
08-26 18:33:35.702  2815  2815 D         : read_message(L589): read buffer res: 0x0004, buf[0] = 0x0003
08-26 18:33:35.703  3834  3864 D TV_MtkTvConfig: Enter getConfigValue, inputGroup=-1, cfgId=g_pip_pop__pip_pop_tv_focus_win
08-26 18:33:35.703  3834  3864 D TV_MtkTvConfig: Leave getConfigValue
08-26 18:33:35.704  3834  3864 D TV_MtkTvAVModeBase: isFreeze
08-26 18:33:35.704  3834  3864 D MtkTvAvMode_jni: native_isFreeze
08-26 18:33:35.704  3834  3864 D MtkTvAvMode_jni: native_isFreeze, b_freeze = 0
08-26 18:33:35.704  3182  3282 D WindowManager: enter interceptKeyBeforeDispatching 1
08-26 18:33:35.704  3182  3282 I WindowManager: cvteInterceptKeyBeforeDispatching Go in event =22
08-26 18:33:35.704  3182  3282 D WindowManager: enter cvteInterceptKeyBeforeDispatching onGlobalKeyEvent
08-26 18:33:35.705  3834  3864 D Evan    : onGlobalKeyEvent keycode=22
08-26 18:33:35.705  3834  3864 I tvapi   : [null::eventTvScanAtvIsScanning:22]: eventTvScanAtvIsScanning bScanning=false
08-26 18:33:35.705  3834  3864 I tvapi   : [null::eventTvScanDtmbIsScanning:22]: eventTvScanDtmbIsScanning bScanning=false
08-26 18:33:35.706  3834  3864 D hotkey  : [null::handleMapKeyEvent:17]: KeyEvent { action=ACTION_UP, keyCode=KEYCODE_DPAD_RIGHT, scanCode=106, metaState=0, flags=0x8, repeatCount=0, eventTime=954375, downTime=954285, deviceId=3, source=0x301 }
08-26 18:33:35.706  3834  3864 I tvapi   : [null::tq:9]: keyevent SIGNAL_LOST resetTimer
08-26 18:33:35.706  3834  3864 D MtkTvInputSource_jni: native_getCurrentInputSourceName
08-26 18:33:35.707  3834  3864 D MtkTvInputSource_jni: native_getCurrentInputSourceName
08-26 18:33:35.708  3834  3864 I tvapi   : [null::getCurrentSourceTypeName:60]: getCurrentSourceTypeName: currentSourceTypeName: DTV
08-26 18:33:35.708  3834  3864 D MtkTvInputSource_jni: native_getCurrentInputSourceName
08-26 18:33:35.709  3834  3864 I tvapi   : [null::getCurrentSourceTypeName:60]: getCurrentSourceTypeName: currentSourceTypeName: DTV
08-26 18:33:35.709  3834  3864 D MtkTvInputSource_jni: native_getCurrentInputSourceName
08-26 18:33:35.710  3834  3864 I tvapi   : [null::getCurrentSourceTypeName:60]: getCurrentSourceTypeName: currentSourceTypeName: DTV
08-26 18:33:35.711  3834  3864 D MtkTvInputSource_jni: native_getCurrentInputSourceName
08-26 18:33:35.712  3834  3864 I tvapi   : [null::getCurrentSourceTypeName:60]: getCurrentSourceTypeName: currentSourceTypeName: DTV
08-26 18:33:35.712  3797  3847 D CLog    : [null:26::a]: time = -1
08-26 18:33:35.712  3797  3847 D CLog    : [null:4::onTvNotify]: notifySystemSignalLostPowerOffTimeRemaining
08-26 18:33:35.712  3797  3847 D CLog    : [null:0::onTvNotify]: notifySystemSignalLostPowerOffTimeRemaining
08-26 18:33:35.713  4393  4407 D SpeechService: [ (a.java:159)#onTvNotify ] Get Action=notifySystemSignalLostPowerOffTimeRemaining Get Bundle=Bundle[mParcelledData.dataSize=52]
08-26 18:33:35.714  3834  3864 I tvapi   : [null::eventSystemInputSourceGetInputSource:38]: getFrom DB:deviceId =4
08-26 18:33:35.714  3834  3864 I tvapi   : [null::eventSystemInputSourceGetInputSource:153]: input source is :HDMI 1
08-26 18:33:35.715  4393  4407 D SpeechService: [ (a.java:164)#onTvNotify ] Current cate: INPUTSOURCE_HDMI
08-26 18:33:35.716  3797  3847 D Evan    : handleKeyEvent:22
08-26 18:33:35.717  3182  3282 D WindowManager: onGlobalKeyEvent ret = false
08-26 18:33:35.717  3182  3282 D WindowManager: enter interceptKeyBeforeDispatching 3
08-26 18:33:35.720  2700  2822 E hwcomposer: HWComposerDisplayHalMiOsd::hwcMiDisplay: MI_OSD_LayerSetAttr E_MI_OSD_ATTR_TYPE_AUTO_DETECT_BUFFER failed, handle: 0, Error[0x7]: MI_ERR_INVALID_HANDLE !!!, line=[1121].
08-26 18:33:35.759  2700  2822 I chatty  : uid=1000(system) graphic_mi_work identical 2 lines
08-26 18:33:35.779  2700  2822 E hwcomposer: HWComposerDisplayHalMiOsd::hwcMiDisplay: MI_OSD_LayerSetAttr E_MI_OSD_ATTR_TYPE_AUTO_DETECT_BUFFER failed, handle: 0, Error[0x7]: MI_ERR_INVALID_HANDLE !!!, line=[1121].
08-26 18:33:35.792  2815  2815 D         : read_message(L589): read buffer res: 0x0004, buf[0] = 0x0003
08-26 18:33:35.793  3834  3864 D TV_MtkTvConfig: Enter getConfigValue, inputGroup=-1, cfgId=g_pip_pop__pip_pop_tv_focus_win
08-26 18:33:35.793  3834  3864 D TV_MtkTvConfig: Leave getConfigValue
08-26 18:33:35.793  3834  3864 D TV_MtkTvAVModeBase: isFreeze
08-26 18:33:35.794  3834  3864 D MtkTvAvMode_jni: native_isFreeze
08-26 18:33:35.794  3834  3864 D MtkTvAvMode_jni: native_isFreeze, b_freeze = 0
08-26 18:33:35.795  3182  3282 D WindowManager: enter interceptKeyBeforeDispatching 1
08-26 18:33:35.795  3182  3282 I WindowManager: cvteInterceptKeyBeforeDispatching Go in event =22
08-26 18:33:35.795  3182  3282 D WindowManager: enter cvteInterceptKeyBeforeDispatching onGlobalKeyEvent
08-26 18:33:35.795  3834  3864 D Evan    : onGlobalKeyEvent keycode=22
08-26 18:33:35.795  3834  3864 I tvapi   : [null::eventTvScanAtvIsScanning:22]: eventTvScanAtvIsScanning bScanning=false
08-26 18:33:35.796  3834  3864 I tvapi   : [null::eventTvScanDtmbIsScanning:22]: eventTvScanDtmbIsScanning bScanning=false
08-26 18:33:35.796  3834  3864 D hotkey  : [null::handleMapKeyEvent:17]: KeyEvent { action=ACTION_DOWN, keyCode=KEYCODE_DPAD_RIGHT, scanCode=106, metaState=0, flags=0x8, repeatCount=0, eventTime=954465, downTime=954465, deviceId=3, source=0x301 }
08-26 18:33:35.796  3834  3864 I tvapi   : [null::tq:9]: keyevent SIGNAL_LOST resetTimer
08-26 18:33:35.796  3834  3864 D MtkTvInputSource_jni: native_getCurrentInputSourceName
08-26 18:33:35.797  3834  3864 D MtkTvInputSource_jni: native_getCurrentInputSourceName
08-26 18:33:35.797  3834  3864 I tvapi   : [null::getCurrentSourceTypeName:60]: getCurrentSourceTypeName: currentSourceTypeName: DTV
08-26 18:33:35.798  3834  3864 D MtkTvInputSource_jni: native_getCurrentInputSourceName
08-26 18:33:35.798  3834  3864 I tvapi   : [null::getCurrentSourceTypeName:60]: getCurrentSourceTypeName: currentSourceTypeName: DTV
08-26 18:33:35.798  3834  3864 D MtkTvInputSource_jni: native_getCurrentInputSourceName
08-26 18:33:35.799  3834  3864 I tvapi   : [null::getCurrentSourceTypeName:60]: getCurrentSourceTypeName: currentSourceTypeName: DTV
08-26 18:33:35.799  3834  3864 D MtkTvInputSource_jni: native_getCurrentInputSourceName
08-26 18:33:35.799  3834  3864 I tvapi   : [null::getCurrentSourceTypeName:60]: getCurrentSourceTypeName: currentSourceTypeName: DTV
08-26 18:33:35.800  3797  3847 D CLog    : [null:26::a]: time = -1
08-26 18:33:35.800  3797  3847 D CLog    : [null:4::onTvNotify]: notifySystemSignalLostPowerOffTimeRemaining
08-26 18:33:35.800  3797  3847 D CLog    : [null:0::onTvNotify]: notifySystemSignalLostPowerOffTimeRemaining
08-26 18:33:35.801  4393  4407 D SpeechService: [ (a.java:159)#onTvNotify ] Get Action=notifySystemSignalLostPowerOffTimeRemaining Get Bundle=Bundle[mParcelledData.dataSize=52]
08-26 18:33:35.801  3834  3864 I tvapi   : [null::eventSystemInputSourceGetInputSource:38]: getFrom DB:deviceId =4
08-26 18:33:35.801  3834  3864 I tvapi   : [null::eventSystemInputSourceGetInputSource:153]: input source is :HDMI 1
08-26 18:33:35.802  4393  4407 D SpeechService: [ (a.java:164)#onTvNotify ] Current cate: INPUTSOURCE_HDMI
08-26 18:33:35.803  3797  3847 D Evan    : handleKeyEvent:22
08-26 18:33:35.804  3182  3282 D WindowManager: onGlobalKeyEvent ret = false
08-26 18:33:35.804  3182  3282 D WindowManager: enter interceptKeyBeforeDispatching 3
08-26 18:33:35.858  2700  2822 E hwcomposer: HWComposerDisplayHalMiOsd::hwcMiDisplay: MI_OSD_LayerSetAttr E_MI_OSD_ATTR_TYPE_AUTO_DETECT_BUFFER failed, handle: 0, Error[0x7]: MI_ERR_INVALID_HANDLE !!!, line=[1121].
08-26 18:33:35.878  2700  2822 E hwcomposer: HWComposerDisplayHalMiOsd::hwcMiDisplay: MI_OSD_LayerSetAttr E_MI_OSD_ATTR_TYPE_AUTO_DETECT_BUFFER failed, handle: 0, Error[0x7]: MI_ERR_INVALID_HANDLE !!!, line=[1121].
08-26 18:33:35.894  2815  2815 D         : read_message(L589): read buffer res: 0x0004, buf[0] = 0x0003
08-26 18:33:35.894  3834  3864 D TV_MtkTvConfig: Enter getConfigValue, inputGroup=-1, cfgId=g_pip_pop__pip_pop_tv_focus_win
08-26 18:33:35.895  3834  3864 D TV_MtkTvConfig: Leave getConfigValue
08-26 18:33:35.895  3834  3864 D TV_MtkTvAVModeBase: isFreeze
08-26 18:33:35.895  3834  3864 D MtkTvAvMode_jni: native_isFreeze
08-26 18:33:35.895  3834  3864 D MtkTvAvMode_jni: native_isFreeze, b_freeze = 0
08-26 18:33:35.896  3182  3282 D WindowManager: enter interceptKeyBeforeDispatching 1
08-26 18:33:35.896  3182  3282 I WindowManager: cvteInterceptKeyBeforeDispatching Go in event =22
08-26 18:33:35.896  3182  3282 D WindowManager: enter cvteInterceptKeyBeforeDispatching onGlobalKeyEvent
08-26 18:33:35.897  3834  3864 D Evan    : onGlobalKeyEvent keycode=22
08-26 18:33:35.897  3834  3864 I tvapi   : [null::eventTvScanAtvIsScanning:22]: eventTvScanAtvIsScanning bScanning=false
08-26 18:33:35.897  3834  3864 I tvapi   : [null::eventTvScanDtmbIsScanning:22]: eventTvScanDtmbIsScanning bScanning=false
08-26 18:33:35.898  3834  3864 D hotkey  : [null::handleMapKeyEvent:17]: KeyEvent { action=ACTION_UP, keyCode=KEYCODE_DPAD_RIGHT, scanCode=106, metaState=0, flags=0x8, repeatCount=0, eventTime=954567, downTime=954465, deviceId=3, source=0x301 }
08-26 18:33:35.898  3834  3864 I tvapi   : [null::tq:9]: keyevent SIGNAL_LOST resetTimer
08-26 18:33:35.898  3834  3864 D MtkTvInputSource_jni: native_getCurrentInputSourceName
08-26 18:33:35.898  2700  2822 E hwcomposer: HWComposerDisplayHalMiOsd::hwcMiDisplay: MI_OSD_LayerSetAttr E_MI_OSD_ATTR_TYPE_AUTO_DETECT_BUFFER failed, handle: 0, Error[0x7]: MI_ERR_INVALID_HANDLE !!!, line=[1121].
08-26 18:33:35.899  3834  3864 D MtkTvInputSource_jni: native_getCurrentInputSourceName
08-26 18:33:35.899  3834  3864 I tvapi   : [null::getCurrentSourceTypeName:60]: getCurrentSourceTypeName: currentSourceTypeName: DTV
08-26 18:33:35.899  3834  3864 D MtkTvInputSource_jni: native_getCurrentInputSourceName
08-26 18:33:35.900  3834  3864 I tvapi   : [null::getCurrentSourceTypeName:60]: getCurrentSourceTypeName: currentSourceTypeName: DTV
08-26 18:33:35.900  3834  3864 D MtkTvInputSource_jni: native_getCurrentInputSourceName
08-26 18:33:35.900  3834  3864 I tvapi   : [null::getCurrentSourceTypeName:60]: getCurrentSourceTypeName: currentSourceTypeName: DTV
08-26 18:33:35.901  3834  3864 D MtkTvInputSource_jni: native_getCurrentInputSourceName
08-26 18:33:35.901  3834  3864 I tvapi   : [null::getCurrentSourceTypeName:60]: getCurrentSourceTypeName: currentSourceTypeName: DTV
08-26 18:33:35.902  3797  3847 D CLog    : [null:26::a]: time = -1
08-26 18:33:35.902  3797  3847 D CLog    : [null:4::onTvNotify]: notifySystemSignalLostPowerOffTimeRemaining
08-26 18:33:35.902  3797  3847 D CLog    : [null:0::onTvNotify]: notifySystemSignalLostPowerOffTimeRemaining
08-26 18:33:35.903  4393  4407 D SpeechService: [ (a.java:159)#onTvNotify ] Get Action=notifySystemSignalLostPowerOffTimeRemaining Get Bundle=Bundle[mParcelledData.dataSize=52]
08-26 18:33:35.904  3834  3864 I tvapi   : [null::eventSystemInputSourceGetInputSource:38]: getFrom DB:deviceId =4
08-26 18:33:35.904  3834  3864 I tvapi   : [null::eventSystemInputSourceGetInputSource:153]: input source is :HDMI 1
08-26 18:33:35.905  4393  4407 D SpeechService: [ (a.java:164)#onTvNotify ] Current cate: INPUTSOURCE_HDMI
08-26 18:33:35.906  3797  3847 D Evan    : handleKeyEvent:22
08-26 18:33:35.908  3182  3282 D WindowManager: onGlobalKeyEvent ret = false
08-26 18:33:35.908  3182  3282 D WindowManager: enter interceptKeyBeforeDispatching 3
08-26 18:33:35.918  2700  2822 E hwcomposer: HWComposerDisplayHalMiOsd::hwcMiDisplay: MI_OSD_LayerSetAttr E_MI_OSD_ATTR_TYPE_AUTO_DETECT_BUFFER failed, handle: 0, Error[0x7]: MI_ERR_INVALID_HANDLE !!!, line=[1121].
08-26 18:33:35.938  2700  2822 I chatty  : uid=1000(system) graphic_mi_work identical 1 line
08-26 18:33:35.958  2700  2822 E hwcomposer: HWComposerDisplayHalMiOsd::hwcMiDisplay: MI_OSD_LayerSetAttr E_MI_OSD_ATTR_TYPE_AUTO_DETECT_BUFFER failed, handle: 0, Error[0x7]: MI_ERR_INVALID_HANDLE !!!, line=[1121].
08-26 18:33:37.525  2815  2815 D         : read_message(L589): read buffer res: 0x0004, buf[0] = 0x0003
08-26 18:33:37.525  3834  3864 D TV_MtkTvConfig: Enter getConfigValue, inputGroup=-1, cfgId=g_pip_pop__pip_pop_tv_focus_win
08-26 18:33:37.526  3834  3864 D TV_MtkTvConfig: Leave getConfigValue
08-26 18:33:37.526  3834  3864 D TV_MtkTvAVModeBase: isFreeze
08-26 18:33:37.526  3834  3864 D MtkTvAvMode_jni: native_isFreeze
08-26 18:33:37.526  3834  3864 D MtkTvAvMode_jni: native_isFreeze, b_freeze = 0
08-26 18:33:37.528  3182  3282 D WindowManager: enter interceptKeyBeforeDispatching 1
08-26 18:33:37.528  3182  3282 I WindowManager: cvteInterceptKeyBeforeDispatching Go in event =21
08-26 18:33:37.528  3182  3282 D WindowManager: enter cvteInterceptKeyBeforeDispatching onGlobalKeyEvent
08-26 18:33:37.528  3834  3864 D Evan    : onGlobalKeyEvent keycode=21
08-26 18:33:37.529  3834  3864 I tvapi   : [null::eventTvScanAtvIsScanning:22]: eventTvScanAtvIsScanning bScanning=false
08-26 18:33:37.529  3834  3864 I tvapi   : [null::eventTvScanDtmbIsScanning:22]: eventTvScanDtmbIsScanning bScanning=false
08-26 18:33:37.529  3834  3864 D hotkey  : [null::handleMapKeyEvent:17]: KeyEvent { action=ACTION_DOWN, keyCode=KEYCODE_DPAD_LEFT, scanCode=105, metaState=0, flags=0x8, repeatCount=0, eventTime=956198, downTime=956198, deviceId=3, source=0x301 }
08-26 18:33:37.530  3834  3864 I tvapi   : [null::tq:9]: keyevent SIGNAL_LOST resetTimer
08-26 18:33:37.530  3834  3864 D MtkTvInputSource_jni: native_getCurrentInputSourceName
08-26 18:33:37.531  3834  3864 D MtkTvInputSource_jni: native_getCurrentInputSourceName
08-26 18:33:37.532  3834  3864 I tvapi   : [null::getCurrentSourceTypeName:60]: getCurrentSourceTypeName: currentSourceTypeName: DTV
08-26 18:33:37.532  3834  3864 D MtkTvInputSource_jni: native_getCurrentInputSourceName
08-26 18:33:37.532  3834  3864 I tvapi   : [null::getCurrentSourceTypeName:60]: getCurrentSourceTypeName: currentSourceTypeName: DTV
08-26 18:33:37.532  3834  3864 D MtkTvInputSource_jni: native_getCurrentInputSourceName
08-26 18:33:37.533  3834  3864 I tvapi   : [null::getCurrentSourceTypeName:60]: getCurrentSourceTypeName: currentSourceTypeName: DTV
08-26 18:33:37.533  3834  3864 D MtkTvInputSource_jni: native_getCurrentInputSourceName
08-26 18:33:37.534  3834  3864 I tvapi   : [null::getCurrentSourceTypeName:60]: getCurrentSourceTypeName: currentSourceTypeName: DTV
08-26 18:33:37.534  3797  3847 D CLog    : [null:26::a]: time = -1
08-26 18:33:37.535  3797  3847 D CLog    : [null:4::onTvNotify]: notifySystemSignalLostPowerOffTimeRemaining
08-26 18:33:37.535  3797  3847 D CLog    : [null:0::onTvNotify]: notifySystemSignalLostPowerOffTimeRemaining
08-26 18:33:37.535  4393  4407 D SpeechService: [ (a.java:159)#onTvNotify ] Get Action=notifySystemSignalLostPowerOffTimeRemaining Get Bundle=Bundle[mParcelledData.dataSize=52]
08-26 18:33:37.536  3834  3864 I tvapi   : [null::eventSystemInputSourceGetInputSource:38]: getFrom DB:deviceId =4
08-26 18:33:37.536  3834  3864 I tvapi   : [null::eventSystemInputSourceGetInputSource:153]: input source is :HDMI 1
08-26 18:33:37.537  4393  4407 D SpeechService: [ (a.java:164)#onTvNotify ] Current cate: INPUTSOURCE_HDMI
08-26 18:33:37.538  3797  3847 D Evan    : handleKeyEvent:21
08-26 18:33:37.540  3182  3282 D WindowManager: onGlobalKeyEvent ret = false
08-26 18:33:37.540  3182  3282 D WindowManager: enter interceptKeyBeforeDispatching 3
08-26 18:33:37.580  2700  2822 E hwcomposer: HWComposerDisplayHalMiOsd::hwcMiDisplay: MI_OSD_LayerSetAttr E_MI_OSD_ATTR_TYPE_AUTO_DETECT_BUFFER failed, handle: 0, Error[0x7]: MI_ERR_INVALID_HANDLE !!!, line=[1121].
08-26 18:33:37.619  2700  2822 I chatty  : uid=1000(system) graphic_mi_work identical 2 lines
08-26 18:33:37.639  2700  2822 E hwcomposer: HWComposerDisplayHalMiOsd::hwcMiDisplay: MI_OSD_LayerSetAttr E_MI_OSD_ATTR_TYPE_AUTO_DETECT_BUFFER failed, handle: 0, Error[0x7]: MI_ERR_INVALID_HANDLE !!!, line=[1121].
08-26 18:33:37.649  2815  2815 D         : read_message(L589): read buffer res: 0x0004, buf[0] = 0x0003
08-26 18:33:37.649  3834  3864 D TV_MtkTvConfig: Enter getConfigValue, inputGroup=-1, cfgId=g_pip_pop__pip_pop_tv_focus_win
08-26 18:33:37.650  3834  3864 D TV_MtkTvConfig: Leave getConfigValue
08-26 18:33:37.650  3834  3864 D TV_MtkTvAVModeBase: isFreeze
08-26 18:33:37.650  3834  3864 D MtkTvAvMode_jni: native_isFreeze
08-26 18:33:37.651  3834  3864 D MtkTvAvMode_jni: native_isFreeze, b_freeze = 0
08-26 18:33:37.652  3182  3282 D WindowManager: enter interceptKeyBeforeDispatching 1
08-26 18:33:37.652  3182  3282 I WindowManager: cvteInterceptKeyBeforeDispatching Go in event =21
08-26 18:33:37.652  3182  3282 D WindowManager: enter cvteInterceptKeyBeforeDispatching onGlobalKeyEvent
08-26 18:33:37.652  3834  3864 D Evan    : onGlobalKeyEvent keycode=21
08-26 18:33:37.653  3834  3864 I tvapi   : [null::eventTvScanAtvIsScanning:22]: eventTvScanAtvIsScanning bScanning=false
08-26 18:33:37.653  3834  3864 I tvapi   : [null::eventTvScanDtmbIsScanning:22]: eventTvScanDtmbIsScanning bScanning=false
08-26 18:33:37.654  3834  3864 D hotkey  : [null::handleMapKeyEvent:17]: KeyEvent { action=ACTION_UP, keyCode=KEYCODE_DPAD_LEFT, scanCode=105, metaState=0, flags=0x8, repeatCount=0, eventTime=956321, downTime=956198, deviceId=3, source=0x301 }
08-26 18:33:37.654  3834  3864 I tvapi   : [null::tq:9]: keyevent SIGNAL_LOST resetTimer
08-26 18:33:37.654  3834  3864 D MtkTvInputSource_jni: native_getCurrentInputSourceName
08-26 18:33:37.654  3834  3864 D MtkTvInputSource_jni: native_getCurrentInputSourceName
08-26 18:33:37.655  3834  3864 I tvapi   : [null::getCurrentSourceTypeName:60]: getCurrentSourceTypeName: currentSourceTypeName: DTV
08-26 18:33:37.655  3834  3864 D MtkTvInputSource_jni: native_getCurrentInputSourceName
08-26 18:33:37.655  3834  3864 I tvapi   : [null::getCurrentSourceTypeName:60]: getCurrentSourceTypeName: currentSourceTypeName: DTV
08-26 18:33:37.656  3834  3864 D MtkTvInputSource_jni: native_getCurrentInputSourceName
08-26 18:33:37.656  3834  3864 I tvapi   : [null::getCurrentSourceTypeName:60]: getCurrentSourceTypeName: currentSourceTypeName: DTV
08-26 18:33:37.656  3834  3864 D MtkTvInputSource_jni: native_getCurrentInputSourceName
08-26 18:33:37.657  3834  3864 I tvapi   : [null::getCurrentSourceTypeName:60]: getCurrentSourceTypeName: currentSourceTypeName: DTV
08-26 18:33:37.657  3797  3847 D CLog    : [null:26::a]: time = -1
08-26 18:33:37.657  3797  3847 D CLog    : [null:4::onTvNotify]: notifySystemSignalLostPowerOffTimeRemaining
08-26 18:33:37.657  3797  3847 D CLog    : [null:0::onTvNotify]: notifySystemSignalLostPowerOffTimeRemaining
08-26 18:33:37.658  4393  4407 D SpeechService: [ (a.java:159)#onTvNotify ] Get Action=notifySystemSignalLostPowerOffTimeRemaining Get Bundle=Bundle[mParcelledData.dataSize=52]
08-26 18:33:37.659  3834  3864 I tvapi   : [null::eventSystemInputSourceGetInputSource:38]: getFrom DB:deviceId =4
08-26 18:33:37.659  3834  3864 I tvapi   : [null::eventSystemInputSourceGetInputSource:153]: input source is :HDMI 1
08-26 18:33:37.660  4393  4407 D SpeechService: [ (a.java:164)#onTvNotify ] Current cate: INPUTSOURCE_HDMI
08-26 18:33:37.660  2700  2822 E hwcomposer: HWComposerDisplayHalMiOsd::hwcMiDisplay: MI_OSD_LayerSetAttr E_MI_OSD_ATTR_TYPE_AUTO_DETECT_BUFFER failed, handle: 0, Error[0x7]: MI_ERR_INVALID_HANDLE !!!, line=[1121].
08-26 18:33:37.661  3797  3847 D Evan    : handleKeyEvent:21
08-26 18:33:37.662  3182  3282 D WindowManager: onGlobalKeyEvent ret = false
08-26 18:33:37.662  3182  3282 D WindowManager: enter interceptKeyBeforeDispatching 3
08-26 18:33:37.679  2700  2822 E hwcomposer: HWComposerDisplayHalMiOsd::hwcMiDisplay: MI_OSD_LayerSetAttr E_MI_OSD_ATTR_TYPE_AUTO_DETECT_BUFFER failed, handle: 0, Error[0x7]: MI_ERR_INVALID_HANDLE !!!, line=[1121].
08-26 18:33:37.716  2815  2815 D         : read_message(L589): read buffer res: 0x0004, buf[0] = 0x0003
08-26 18:33:37.717  3834  3864 D TV_MtkTvConfig: Enter getConfigValue, inputGroup=-1, cfgId=g_pip_pop__pip_pop_tv_focus_win
08-26 18:33:37.717  3834  3864 D TV_MtkTvConfig: Leave getConfigValue
08-26 18:33:37.717  3834  3864 D TV_MtkTvAVModeBase: isFreeze
08-26 18:33:37.717  3834  3864 D MtkTvAvMode_jni: native_isFreeze
08-26 18:33:37.717  3834  3864 D MtkTvAvMode_jni: native_isFreeze, b_freeze = 0
08-26 18:33:37.718  3182  3282 D WindowManager: enter interceptKeyBeforeDispatching 1
08-26 18:33:37.718  3182  3282 I WindowManager: cvteInterceptKeyBeforeDispatching Go in event =21
08-26 18:33:37.718  3182  3282 D WindowManager: enter cvteInterceptKeyBeforeDispatching onGlobalKeyEvent
08-26 18:33:37.718  3834  3864 D Evan    : onGlobalKeyEvent keycode=21
08-26 18:33:37.719  3834  3864 I tvapi   : [null::eventTvScanAtvIsScanning:22]: eventTvScanAtvIsScanning bScanning=false
08-26 18:33:37.719  3834  3864 I tvapi   : [null::eventTvScanDtmbIsScanning:22]: eventTvScanDtmbIsScanning bScanning=false
08-26 18:33:37.719  3834  3864 D hotkey  : [null::handleMapKeyEvent:17]: KeyEvent { action=ACTION_DOWN, keyCode=KEYCODE_DPAD_LEFT, scanCode=105, metaState=0, flags=0x8, repeatCount=0, eventTime=956389, downTime=956389, deviceId=3, source=0x301 }
08-26 18:33:37.719  3834  3864 I tvapi   : [null::tq:9]: keyevent SIGNAL_LOST resetTimer
08-26 18:33:37.720  3834  3864 D MtkTvInputSource_jni: native_getCurrentInputSourceName
08-26 18:33:37.720  3834  3864 D MtkTvInputSource_jni: native_getCurrentInputSourceName
08-26 18:33:37.721  3834  3864 I tvapi   : [null::getCurrentSourceTypeName:60]: getCurrentSourceTypeName: currentSourceTypeName: DTV
08-26 18:33:37.721  3834  3864 D MtkTvInputSource_jni: native_getCurrentInputSourceName
08-26 18:33:37.721  3834  3864 I tvapi   : [null::getCurrentSourceTypeName:60]: getCurrentSourceTypeName: currentSourceTypeName: DTV
08-26 18:33:37.721  3834  3864 D MtkTvInputSource_jni: native_getCurrentInputSourceName
08-26 18:33:37.722  3834  3864 I tvapi   : [null::getCurrentSourceTypeName:60]: getCurrentSourceTypeName: currentSourceTypeName: DTV
08-26 18:33:37.722  3834  3864 D MtkTvInputSource_jni: native_getCurrentInputSourceName
08-26 18:33:37.722  3834  3864 I tvapi   : [null::getCurrentSourceTypeName:60]: getCurrentSourceTypeName: currentSourceTypeName: DTV
08-26 18:33:37.723  3797  3847 D CLog    : [null:26::a]: time = -1
08-26 18:33:37.723  3797  3847 D CLog    : [null:4::onTvNotify]: notifySystemSignalLostPowerOffTimeRemaining
08-26 18:33:37.723  3797  3847 D CLog    : [null:0::onTvNotify]: notifySystemSignalLostPowerOffTimeRemaining
08-26 18:33:37.724  4393  4407 D SpeechService: [ (a.java:159)#onTvNotify ] Get Action=notifySystemSignalLostPowerOffTimeRemaining Get Bundle=Bundle[mParcelledData.dataSize=52]
08-26 18:33:37.725  3834  3864 I tvapi   : [null::eventSystemInputSourceGetInputSource:38]: getFrom DB:deviceId =4
08-26 18:33:37.725  3834  3864 I tvapi   : [null::eventSystemInputSourceGetInputSource:153]: input source is :HDMI 1
08-26 18:33:37.726  4393  4407 D SpeechService: [ (a.java:164)#onTvNotify ] Current cate: INPUTSOURCE_HDMI
08-26 18:33:37.726  3797  3847 D Evan    : handleKeyEvent:21
08-26 18:33:37.728  3182  3282 D WindowManager: onGlobalKeyEvent ret = false
08-26 18:33:37.728  3182  3282 D WindowManager: enter interceptKeyBeforeDispatching 3
08-26 18:33:37.779  2700  2822 E hwcomposer: HWComposerDisplayHalMiOsd::hwcMiDisplay: MI_OSD_LayerSetAttr E_MI_OSD_ATTR_TYPE_AUTO_DETECT_BUFFER failed, handle: 0, Error[0x7]: MI_ERR_INVALID_HANDLE !!!, line=[1121].
08-26 18:33:37.799  2700  2822 E hwcomposer: HWComposerDisplayHalMiOsd::hwcMiDisplay: MI_OSD_LayerSetAttr E_MI_OSD_ATTR_TYPE_AUTO_DETECT_BUFFER failed, handle: 0, Error[0x7]: MI_ERR_INVALID_HANDLE !!!, line=[1121].
08-26 18:33:37.817  2815  2815 D         : read_message(L589): read buffer res: 0x0004, buf[0] = 0x0003
08-26 18:33:37.818  3834  3864 D TV_MtkTvConfig: Enter getConfigValue, inputGroup=-1, cfgId=g_pip_pop__pip_pop_tv_focus_win
08-26 18:33:37.818  3834  3864 D TV_MtkTvConfig: Leave getConfigValue
08-26 18:33:37.818  3834  3864 D TV_MtkTvAVModeBase: isFreeze
08-26 18:33:37.819  3834  3864 D MtkTvAvMode_jni: native_isFreeze
08-26 18:33:37.819  3834  3864 D MtkTvAvMode_jni: native_isFreeze, b_freeze = 0
08-26 18:33:37.820  2700  2822 E hwcomposer: HWComposerDisplayHalMiOsd::hwcMiDisplay: MI_OSD_LayerSetAttr E_MI_OSD_ATTR_TYPE_AUTO_DETECT_BUFFER failed, handle: 0, Error[0x7]: MI_ERR_INVALID_HANDLE !!!, line=[1121].
08-26 18:33:37.820  3182  3282 D WindowManager: enter interceptKeyBeforeDispatching 1
08-26 18:33:37.820  3182  3282 I WindowManager: cvteInterceptKeyBeforeDispatching Go in event =21
08-26 18:33:37.820  3182  3282 D WindowManager: enter cvteInterceptKeyBeforeDispatching onGlobalKeyEvent
08-26 18:33:37.820  3834  3864 D Evan    : onGlobalKeyEvent keycode=21
08-26 18:33:37.821  3834  3864 I tvapi   : [null::eventTvScanAtvIsScanning:22]: eventTvScanAtvIsScanning bScanning=false
08-26 18:33:37.821  3834  3864 I tvapi   : [null::eventTvScanDtmbIsScanning:22]: eventTvScanDtmbIsScanning bScanning=false
08-26 18:33:37.821  3834  3864 D hotkey  : [null::handleMapKeyEvent:17]: KeyEvent { action=ACTION_UP, keyCode=KEYCODE_DPAD_LEFT, scanCode=105, metaState=0, flags=0x8, repeatCount=0, eventTime=956490, downTime=956389, deviceId=3, source=0x301 }
08-26 18:33:37.822  3834  3864 I tvapi   : [null::tq:9]: keyevent SIGNAL_LOST resetTimer
08-26 18:33:37.822  3834  3864 D MtkTvInputSource_jni: native_getCurrentInputSourceName
08-26 18:33:37.822  3834  3864 D MtkTvInputSource_jni: native_getCurrentInputSourceName
08-26 18:33:37.823  3834  3864 I tvapi   : [null::getCurrentSourceTypeName:60]: getCurrentSourceTypeName: currentSourceTypeName: DTV
08-26 18:33:37.823  3834  3864 D MtkTvInputSource_jni: native_getCurrentInputSourceName
08-26 18:33:37.824  3834  3864 I tvapi   : [null::getCurrentSourceTypeName:60]: getCurrentSourceTypeName: currentSourceTypeName: DTV
08-26 18:33:37.824  3834  3864 D MtkTvInputSource_jni: native_getCurrentInputSourceName
08-26 18:33:37.824  3834  3864 I tvapi   : [null::getCurrentSourceTypeName:60]: getCurrentSourceTypeName: currentSourceTypeName: DTV
08-26 18:33:37.825  3834  3864 D MtkTvInputSource_jni: native_getCurrentInputSourceName
08-26 18:33:37.826  3834  3864 I tvapi   : [null::getCurrentSourceTypeName:60]: getCurrentSourceTypeName: currentSourceTypeName: DTV
08-26 18:33:37.826  3797  3847 D CLog    : [null:26::a]: time = -1
08-26 18:33:37.826  3797  3847 D CLog    : [null:4::onTvNotify]: notifySystemSignalLostPowerOffTimeRemaining
08-26 18:33:37.826  3797  3847 D CLog    : [null:0::onTvNotify]: notifySystemSignalLostPowerOffTimeRemaining
08-26 18:33:37.827  4393  4407 D SpeechService: [ (a.java:159)#onTvNotify ] Get Action=notifySystemSignalLostPowerOffTimeRemaining Get Bundle=Bundle[mParcelledData.dataSize=52]
08-26 18:33:37.828  3834  3864 I tvapi   : [null::eventSystemInputSourceGetInputSource:38]: getFrom DB:deviceId =4
08-26 18:33:37.829  3834  3864 I tvapi   : [null::eventSystemInputSourceGetInputSource:153]: input source is :HDMI 1
08-26 18:33:37.831  4393  4407 D SpeechService: [ (a.java:164)#onTvNotify ] Current cate: INPUTSOURCE_HDMI
08-26 18:33:37.832  3797  3847 D Evan    : handleKeyEvent:21
08-26 18:33:37.834  3182  3282 D WindowManager: onGlobalKeyEvent ret = false
08-26 18:33:37.834  3182  3282 D WindowManager: enter interceptKeyBeforeDispatching 3
08-26 18:33:37.840  2700  2822 E hwcomposer: HWComposerDisplayHalMiOsd::hwcMiDisplay: MI_OSD_LayerSetAttr E_MI_OSD_ATTR_TYPE_AUTO_DETECT_BUFFER failed, handle: 0, Error[0x7]: MI_ERR_INVALID_HANDLE !!!, line=[1121].
08-26 18:33:37.859  2700  2822 I chatty  : uid=1000(system) graphic_mi_work identical 1 line
08-26 18:33:37.879  2700  2822 E hwcomposer: HWComposerDisplayHalMiOsd::hwcMiDisplay: MI_OSD_LayerSetAttr E_MI_OSD_ATTR_TYPE_AUTO_DETECT_BUFFER failed, handle: 0, Error[0x7]: MI_ERR_INVALID_HANDLE !!!, line=[1121].
08-26 18:33:37.907  2815  2815 D         : read_message(L589): read buffer res: 0x0004, buf[0] = 0x0003
08-26 18:33:37.908  3834  3864 D TV_MtkTvConfig: Enter getConfigValue, inputGroup=-1, cfgId=g_pip_pop__pip_pop_tv_focus_win
08-26 18:33:37.908  3834  3864 D TV_MtkTvConfig: Leave getConfigValue
08-26 18:33:37.909  3834  3864 D TV_MtkTvAVModeBase: isFreeze
08-26 18:33:37.909  3834  3864 D MtkTvAvMode_jni: native_isFreeze
08-26 18:33:37.909  3834  3864 D MtkTvAvMode_jni: native_isFreeze, b_freeze = 0
08-26 18:33:37.909  3182  3282 D WindowManager: enter interceptKeyBeforeDispatching 1
08-26 18:33:37.910  3182  3282 I WindowManager: cvteInterceptKeyBeforeDispatching Go in event =21
08-26 18:33:37.910  3182  3282 D WindowManager: enter cvteInterceptKeyBeforeDispatching onGlobalKeyEvent
08-26 18:33:37.910  3834  3864 D Evan    : onGlobalKeyEvent keycode=21
08-26 18:33:37.910  3834  3864 I tvapi   : [null::eventTvScanAtvIsScanning:22]: eventTvScanAtvIsScanning bScanning=false
08-26 18:33:37.910  3834  3864 I tvapi   : [null::eventTvScanDtmbIsScanning:22]: eventTvScanDtmbIsScanning bScanning=false
08-26 18:33:37.911  3834  3864 D hotkey  : [null::handleMapKeyEvent:17]: KeyEvent { action=ACTION_DOWN, keyCode=KEYCODE_DPAD_LEFT, scanCode=105, metaState=0, flags=0x8, repeatCount=0, eventTime=956580, downTime=956580, deviceId=3, source=0x301 }
08-26 18:33:37.911  3834  3864 I tvapi   : [null::tq:9]: keyevent SIGNAL_LOST resetTimer
08-26 18:33:37.911  3834  3864 D MtkTvInputSource_jni: native_getCurrentInputSourceName
08-26 18:33:37.912  3834  3864 D MtkTvInputSource_jni: native_getCurrentInputSourceName
08-26 18:33:37.912  3834  3864 I tvapi   : [null::getCurrentSourceTypeName:60]: getCurrentSourceTypeName: currentSourceTypeName: DTV
08-26 18:33:37.912  3834  3864 D MtkTvInputSource_jni: native_getCurrentInputSourceName
08-26 18:33:37.913  3834  3864 I tvapi   : [null::getCurrentSourceTypeName:60]: getCurrentSourceTypeName: currentSourceTypeName: DTV
08-26 18:33:37.913  3834  3864 D MtkTvInputSource_jni: native_getCurrentInputSourceName
08-26 18:33:37.913  3834  3864 I tvapi   : [null::getCurrentSourceTypeName:60]: getCurrentSourceTypeName: currentSourceTypeName: DTV
08-26 18:33:37.913  3834  3864 D MtkTvInputSource_jni: native_getCurrentInputSourceName
08-26 18:33:37.914  3834  3864 I tvapi   : [null::getCurrentSourceTypeName:60]: getCurrentSourceTypeName: currentSourceTypeName: DTV
08-26 18:33:37.914  3797  3847 D CLog    : [null:26::a]: time = -1
08-26 18:33:37.914  3797  3847 D CLog    : [null:4::onTvNotify]: notifySystemSignalLostPowerOffTimeRemaining
08-26 18:33:37.915  3797  3847 D CLog    : [null:0::onTvNotify]: notifySystemSignalLostPowerOffTimeRemaining
08-26 18:33:37.915  4393  4407 D SpeechService: [ (a.java:159)#onTvNotify ] Get Action=notifySystemSignalLostPowerOffTimeRemaining Get Bundle=Bundle[mParcelledData.dataSize=52]
08-26 18:33:37.916  3834  3864 I tvapi   : [null::eventSystemInputSourceGetInputSource:38]: getFrom DB:deviceId =4
08-26 18:33:37.916  3834  3864 I tvapi   : [null::eventSystemInputSourceGetInputSource:153]: input source is :HDMI 1
08-26 18:33:37.917  4393  4407 D SpeechService: [ (a.java:164)#onTvNotify ] Current cate: INPUTSOURCE_HDMI
08-26 18:33:37.918  3797  3847 D Evan    : handleKeyEvent:21
08-26 18:33:37.919  3182  3282 D WindowManager: onGlobalKeyEvent ret = false
08-26 18:33:37.919  3182  3282 D WindowManager: enter interceptKeyBeforeDispatching 3
08-26 18:33:37.959  2700  2822 E hwcomposer: HWComposerDisplayHalMiOsd::hwcMiDisplay: MI_OSD_LayerSetAttr E_MI_OSD_ATTR_TYPE_AUTO_DETECT_BUFFER failed, handle: 0, Error[0x7]: MI_ERR_INVALID_HANDLE !!!, line=[1121].
08-26 18:33:37.999  2700  2822 I chatty  : uid=1000(system) graphic_mi_work identical 2 lines
08-26 18:33:38.019  2700  2822 E hwcomposer: HWComposerDisplayHalMiOsd::hwcMiDisplay: MI_OSD_LayerSetAttr E_MI_OSD_ATTR_TYPE_AUTO_DETECT_BUFFER failed, handle: 0, Error[0x7]: MI_ERR_INVALID_HANDLE !!!, line=[1121].
08-26 18:33:38.020  2815  2815 D         : read_message(L589): read buffer res: 0x0004, buf[0] = 0x0003
08-26 18:33:38.020  3834  3864 D TV_MtkTvConfig: Enter getConfigValue, inputGroup=-1, cfgId=g_pip_pop__pip_pop_tv_focus_win
08-26 18:33:38.021  3834  3864 D TV_MtkTvConfig: Leave getConfigValue
08-26 18:33:38.021  3834  3864 D TV_MtkTvAVModeBase: isFreeze
08-26 18:33:38.021  3834  3864 D MtkTvAvMode_jni: native_isFreeze
08-26 18:33:38.022  3834  3864 D MtkTvAvMode_jni: native_isFreeze, b_freeze = 0
08-26 18:33:38.023  3182  3282 D WindowManager: enter interceptKeyBeforeDispatching 1
08-26 18:33:38.023  3182  3282 I WindowManager: cvteInterceptKeyBeforeDispatching Go in event =21
08-26 18:33:38.023  3182  3282 D WindowManager: enter cvteInterceptKeyBeforeDispatching onGlobalKeyEvent
08-26 18:33:38.023  3834  3864 D Evan    : onGlobalKeyEvent keycode=21
08-26 18:33:38.024  3834  3864 I tvapi   : [null::eventTvScanAtvIsScanning:22]: eventTvScanAtvIsScanning bScanning=false
08-26 18:33:38.024  3834  3864 I tvapi   : [null::eventTvScanDtmbIsScanning:22]: eventTvScanDtmbIsScanning bScanning=false
08-26 18:33:38.024  3834  3864 D hotkey  : [null::handleMapKeyEvent:17]: KeyEvent { action=ACTION_UP, keyCode=KEYCODE_DPAD_LEFT, scanCode=105, metaState=0, flags=0x8, repeatCount=0, eventTime=956693, downTime=956580, deviceId=3, source=0x301 }
[ACFG]open bootvideo file fail 117
08-26 18:33:38.024  3834  3864 I tvapi   : [null::tq:9]: keyevent SIGNAL_LOST resetTimer
08-26 18:33:38.025  3834  3864 D MtkTvInputSource_jni: native_getCurrentInputSourceName
08-26 18:33:38.025  3834  3864 D MtkTvInputSource_jni: native_getCurrentInputSourceName
08-26 18:33:38.026  3834  3864 I tvapi   : [null::getCurrentSourceTypeName:60]: getCurrentSourceTypeName: currentSourceTypeName: DTV
08-26 18:33:38.026  3834  3864 D MtkTvInputSource_jni: native_getCurrentInputSourceName
08-26 18:33:38.027  3834  3864 I tvapi   : [null::getCurrentSourceTypeName:60]: getCurrentSourceTypeName: currentSourceTypeName: DTV
08-26 18:33:38.027  3834  3864 D MtkTvInputSource_jni: native_getCurrentInputSourceName
08-26 18:33:38.028  3834  3864 I tvapi   : [null::getCurrentSourceTypeName:60]: getCurrentSourceTypeName: currentSourceTypeName: DTV
08-26 18:33:38.028  3834  3864 D MtkTvInputSource_jni: native_getCurrentInputSourceName
08-26 18:33:38.029  3834  3864 I tvapi   : [null::getCurrentSourceTypeName:60]: getCurrentSourceTypeName: currentSourceTypeName: DTV
08-26 18:33:38.030  3797  3847 D CLog    : [null:26::a]: time = -1
08-26 18:33:38.031  3797  3847 D CLog    : [null:4::onTvNotify]: notifySystemSignalLostPowerOffTimeRemaining
08-26 18:33:38.031  3797  3847 D CLog    : [null:0::onTvNotify]: notifySystemSignalLostPowerOffTimeRemaining
08-26 18:33:38.032  4393  4407 D SpeechService: [ (a.java:159)#onTvNotify ] Get Action=notifySystemSignalLostPowerOffTimeRemaining Get Bundle=Bundle[mParcelledData.dataSize=52]
08-26 18:33:38.032  3834  3864 I tvapi   : [null::eventSystemInputSourceGetInputSource:38]: getFrom DB:deviceId =4
08-26 18:33:38.032  3834  3864 I tvapi   : [null::eventSystemInputSourceGetInputSource:153]: input source is :HDMI 1
08-26 18:33:38.033  4393  4407 D SpeechService: [ (a.java:164)#onTvNotify ] Current cate: INPUTSOURCE_HDMI
08-26 18:33:38.034  3797  3847 D Evan    : handleKeyEvent:21
08-26 18:33:38.035  3182  3282 D WindowManager: onGlobalKeyEvent ret = false
08-26 18:33:38.036  3182  3282 D WindowManager: enter interceptKeyBeforeDispatching 3
08-26 18:33:38.040  2700  2822 E hwcomposer: HWComposerDisplayHalMiOsd::hwcMiDisplay: MI_OSD_LayerSetAttr E_MI_OSD_ATTR_TYPE_AUTO_DETECT_BUFFER failed, handle: 0, Error[0x7]: MI_ERR_INVALID_HANDLE !!!, line=[1121].
08-26 18:33:38.059  2700  2822 E hwcomposer: HWComposerDisplayHalMiOsd::hwcMiDisplay: MI_OSD_LayerSetAttr E_MI_OSD_ATTR_TYPE_AUTO_DETECT_BUFFER failed, handle: 0, Error[0x7]: MI_ERR_INVALID_HANDLE !!!, line=[1121].
08-26 18:33:38.537  2815  2815 D         : read_message(L589): read buffer res: 0x0004, buf[0] = 0x0003
08-26 18:33:38.538  3834  3864 D TV_MtkTvConfig: Enter getConfigValue, inputGroup=-1, cfgId=g_pip_pop__pip_pop_tv_focus_win
08-26 18:33:38.538  3834  3864 D TV_MtkTvConfig: Leave getConfigValue
08-26 18:33:38.538  3834  3864 D TV_MtkTvAVModeBase: isFreeze
08-26 18:33:38.539  3834  3864 D MtkTvAvMode_jni: native_isFreeze
08-26 18:33:38.539  3834  3864 D MtkTvAvMode_jni: native_isFreeze, b_freeze = 0
08-26 18:33:38.540  3182  3282 D WindowManager: enter interceptKeyBeforeDispatching 1
08-26 18:33:38.540  3182  3282 I WindowManager: cvteInterceptKeyBeforeDispatching Go in event =20
08-26 18:33:38.540  3182  3282 D WindowManager: enter cvteInterceptKeyBeforeDispatching onGlobalKeyEvent
08-26 18:33:38.540  3834  3864 D Evan    : onGlobalKeyEvent keycode=20
08-26 18:33:38.541  3834  3864 I tvapi   : [null::eventTvScanAtvIsScanning:22]: eventTvScanAtvIsScanning bScanning=false
08-26 18:33:38.541  3834  3864 I tvapi   : [null::eventTvScanDtmbIsScanning:22]: eventTvScanDtmbIsScanning bScanning=false
08-26 18:33:38.541  3834  3864 D hotkey  : [null::handleMapKeyEvent:17]: KeyEvent { action=ACTION_DOWN, keyCode=KEYCODE_DPAD_DOWN, scanCode=108, metaState=0, flags=0x8, repeatCount=0, eventTime=957210, downTime=957210, deviceId=3, source=0x301 }
08-26 18:33:38.541  3834  3864 I tvapi   : [null::tq:9]: keyevent SIGNAL_LOST resetTimer
08-26 18:33:38.542  3834  3864 D MtkTvInputSource_jni: native_getCurrentInputSourceName
08-26 18:33:38.542  3834  3864 D MtkTvInputSource_jni: native_getCurrentInputSourceName
08-26 18:33:38.543  3834  3864 I tvapi   : [null::getCurrentSourceTypeName:60]: getCurrentSourceTypeName: currentSourceTypeName: DTV
08-26 18:33:38.543  3834  3864 D MtkTvInputSource_jni: native_getCurrentInputSourceName
08-26 18:33:38.543  3834  3864 I tvapi   : [null::getCurrentSourceTypeName:60]: getCurrentSourceTypeName: currentSourceTypeName: DTV
08-26 18:33:38.544  3834  3864 D MtkTvInputSource_jni: native_getCurrentInputSourceName
08-26 18:33:38.544  3834  3864 I tvapi   : [null::getCurrentSourceTypeName:60]: getCurrentSourceTypeName: currentSourceTypeName: DTV
08-26 18:33:38.544  3834  3864 D MtkTvInputSource_jni: native_getCurrentInputSourceName
