01-01 08:00:05.755  2862  2862 D MTK_KL  : 3,1924,4739741,-;GetCodecProfileCapInfo CodecSuportByHashKey fail!! (4 0)
01-01 08:00:05.755  2862  2862 D MTK_KL  : 3,1925,4739744,-;[HVD][ERR]MDrv_HVD_EX_GetCodecProfileCapInfo:
01-01 08:00:05.755  2862  2862 D MTK_KL  : 3,1926,4739746,-;GetCodecProfileCapInfo CodecSuportByHashKey fail!! (5 0)
01-01 08:00:05.755  2862  2862 D MTK_KL  : 3,1927,4739750,-;[HVD][ERR]MDrv_HVD_EX_GetCodecProfileCapInfo:
01-01 08:00:05.755  2862  2862 D MTK_KL  : 3,1928,4739753,-;GetCodecProfileCapInfo CodecSuportByHashKey fail!! (9 0)
01-01 08:00:05.755  2862  2862 D MTK_KL  : 3,1929,4739755,-;[HVD][ERR]MDrv_HVD_EX_GetCodecProfileCapInfo:
01-01 08:00:05.755  2862  2862 D MTK_KL  : 3,1930,4739758,-;GetCodecProfileCapInfo CodecSuportByHashKey fail!! (10 0)
01-01 08:00:05.755  2862  2862 D MTK_KL  : 3,1931,4739763,-;[HVD][ERR]MDrv_HVD_EX_GetCodecProfileCapInfo:
01-01 08:00:05.755  2862  2862 D MTK_KL  : 3,1932,4739765,-;GetCodecProfileCapInfo CodecSuportByHashKey fail!! (15 0)
01-01 08:00:05.755  2862  2862 D MTK_KL  : 3,1933,4739768,-;[HVD][ERR]MDrv_HVD_EX_GetCodecProfileCapInfo:
01-01 08:00:05.755  2862  2862 D MTK_KL  : 3,1934,4739771,-;GetCodecProfileCapInfo CodecSuportByHashKey fail!! (17 0)
01-01 08:00:05.755  2862  2862 D MTK_KL  : 3,1935,4739773,-;[HVD][ERR]MDrv_HVD_EX_GetCodecProfileCapInfo:
01-01 08:00:05.755  2862  2862 D MTK_KL  : 3,1936,4739775,-;GetCodecProfileCapInfo CodecSuportByHashKey fail!! (18 0)
01-01 08:00:05.755  2862  2862 D MTK_KL  : 3,1937,4739777,-;[HVD][ERR]MDrv_HVD_EX_GetCodecProfileCapInfo:
01-01 08:00:05.755  2862  2862 D MTK_KL  : 3,1938,4739780,-;GetCodecProfileCapInfo CodecSuportByHashKey fail!! (19 0)
01-01 08:00:05.755  2862  2862 D MTK_KL  : 3,1939,4739783,-;[HVD][ERR]MDrv_HVD_EX_GetCodecProfileCapInfo:
01-01 08:00:05.755  2862  2862 D MTK_KL  : 3,1940,4739786,-;GetCodecProfileCapInfo CodecSuportByHashKey fail!! (21 0)
01-01 08:00:05.755  2862  2862 D MTK_KL  : 3,1941,4739789,-;[HVD][ERR]MDrv_HVD_EX_GetCodecProfileCapInfo:
01-01 08:00:05.755  2862  2862 D MTK_KL  : 3,1942,4739791,-;GetCodecProfileCapInfo CodecSuportByHashKey fail!! (11 1)
01-01 08:00:05.755  2862  2862 D MTK_KL  : 6,1943,4739823,-;TSIO capability:
01-01 08:00:05.755  2862  2862 D MTK_KL  : 6,1944,4739825,-;s32MaxLiveInNum     = 2
01-01 08:00:05.755  2862  2862 D MTK_KL  : 6,1945,4739827,-;s32MaxFileInNum    = 1
01-01 08:00:05.755  2862  2862 D MTK_KL  : 6,1946,4739829,-;s32MaxVideoOutputNum   = 3
01-01 08:00:05.755  2862  2862 D MTK_KL  : 6,1947,4739830,-;s32MaxAudioOutputNum     = 2
01-01 08:00:05.755  2862  2862 D MTK_KL  : 6,1948,4739832,-;s32MaxPvrNum    = 2
01-01 08:00:05.755  2862  2862 D MTK_KL  : 6,1949,4739834,-;s32MaxTsoNum   = 0
01-01 08:00:05.755  2862  2862 D MTK_KL  : 6,1950,4740366,-;hTso = 0x0
01-01 08:00:05.755  2862  2862 D MTK_KL  : 4,1951,4740373,-;_pu1SecBuf 0xd39f7000
01-01 08:00:05.755  2862  2862 D MTK_KL  : 4,1952,4740386,-;_pu1PesBuf 0xd3c1e000
01-01 08:00:05.755  2862  2862 D MTK_KL  : 4,1953,4740390,-;MTGHightAddrBase 0xffffffff00000000 0x  (null)
01-01 08:00:05.755  2862  2862 D MTK_KL  : 6,1954,4740524,-;MTG DMX Init Succ!
01-01 08:00:05.755  2862  2862 D MTK_KL  : 4,1955,4767766,c;[VDEC]MTGVDEC_Init 2494
01-01 08:00:05.755  2862  2862 D MTK_KL  : 4,1956,4767818,-;<MI3_WARN>_MI_SVP_Init: Module has been inited!
01-01 08:00:05.755  2862  2862 D MTK_KL  : 4,1957,4784331,-;un-supported mtal ioctl: (NAME: MTAL_IOCTYPE_MTVENC DIR: 00000001 SIZE: 00000004 TYPE: 00000029 NR: 00000000)
01-01 08:00:05.755  2862  2862 D MTK_KL  : 3,1958,4784467,-;[HVD][ERR]MDrv_HVD_EX_GetCodecProfileCapInfo:
01-01 08:00:05.755  2862  2862 D MTK_KL  : 3,1959,4784472,-;GetCodecProfileCapInfo CodecSuportByHashKey fail!! (4 0)
01-01 08:00:05.755  2862  2862 D MTK_KL  : 3,1960,4784474,-;[HVD][ERR]MDrv_HVD_EX_GetCodecProfileCapInfo:
01-01 08:00:05.755  2862  2862 D MTK_KL  : 3,1961,4784477,-;GetCodecProfileCapInfo CodecSuportByHashKey fail!! (5 0)
01-01 08:00:05.755  2862  2862 D MTK_KL  : 3,1962,4784481,-;[HVD][ERR]MDrv_HVD_EX_GetCodecProfileCapInfo:
01-01 08:00:05.755  2862  2862 D MTK_KL  : 3,1963,4784484,-;GetCodecProfileCapInfo CodecSuportByHashKey fail!! (9 0)
01-01 08:00:05.755  2862  2862 D MTK_KL  : 3,1964,4784486,-;[HVD][ERR]MDrv_HVD_EX_GetCodecProfileCapInfo:
01-01 08:00:05.755  2862  2862 D MTK_KL  : 3,1965,4784489,-;GetCodecProfileCapInfo CodecSuportByHashKey fail!! (10 0)
01-01 08:00:05.755  2862  2862 D MTK_KL  : 3,1966,4784494,-;[HVD][ERR]MDrv_HVD_EX_GetCodecProfileCapInfo:
01-01 08:00:05.755  2862  2862 D MTK_KL  : 3,1967,4784497,-;GetCodecProfileCapInfo CodecSuportByHashKey fail!! (15 0)
01-01 08:00:05.755  2862  2862 D MTK_KL  : 3,1968,4784500,-;[HVD][ERR]MDrv_HVD_EX_GetCodecProfileCapInfo:
01-01 08:00:05.755  2862  2862 D MTK_KL  : 3,1969,4784502,-;GetCodecProfileCapInfo CodecSuportByHashKey fail!! (17 0)
01-01 08:00:05.755  2862  2862 D MTK_KL  : 3,1970,4784504,-;[HVD][ERR]MDrv_HVD_EX_GetCodecProfileCapInfo:
01-01 08:00:05.755  2862  2862 D MTK_KL  : 3,1971,4784507,-;GetCodecProfileCapInfo CodecSuportByHashKey fail!! (18 0)
01-01 08:00:05.755  2862  2862 D MTK_KL  : 3,1972,4784509,-;[HVD][ERR]MDrv_HVD_EX_GetCodecProfileCapInfo:
01-01 08:00:05.755  2862  2862 D MTK_KL  : 3,1973,4784512,-;GetCodecProfileCapInfo CodecSuportByHashKey fail!! (19 0)
01-01 08:00:05.755  2862  2862 D MTK_KL  : 3,1974,4784515,-;[HVD][ERR]MDrv_HVD_EX_GetCodecProfileCapInfo:
01-01 08:00:05.755  2862  2862 D MTK_KL  : 3,1975,4784517,-;GetCodecProfileCapInfo CodecSuportByHashKey fail!! (21 0)
01-01 08:00:05.755  2862  2862 D MTK_KL  : 3,1976,4784520,-;[HVD][ERR]MDrv_HVD_EX_GetCodecProfileCapInfo:
01-01 08:00:05.755  2862  2862 D MTK_KL  : 3,1977,4784523,-;GetCodecProfileCapInfo CodecSuportByHashKey fail!! (11 1)
01-01 08:00:05.755  2862  2862 D MTK_KL  : 4,1978,4963389,c;[VDEC]MTGVDEC_GetDecoderNum 5238 u4DecNum 3
01-01 08:00:05.756  2862  2862 D MTK_KL  : 6,1979,5255572,-;<MI3_INFO><<<MI_GPIO_GetHandle[1313]The GPIO = 8 has not been opened !
01-01 08:00:05.756  2862  2862 D MTK_KL  : 6,1980,5255601,-;<MI3_INFO><<<MI_GPIO_GetHandle[1313]The GPIO = 10 has not been opened !
01-01 08:00:05.756  2862  2862 D MTK_KL  : 6,1981,5255627,-;<MI3_INFO><<<MI_GPIO_GetHandle[1313]The GPIO = 7 has not been opened !
01-01 08:00:05.756  2862  2862 D MTK_KL  : 6,1982,5255648,-;<MI3_INFO><<<MI_PM_GetHandle[5636]Not init PM module
01-01 08:00:05.756  2862  2862 D MTK_KL  : 6,1983,5255651,-;<MI3_INFO><<<MI_PM_Open[5508]Not init PM module
01-01 08:00:05.756  2862  2862 D MTK_KL  : 3,1984,5255654,-;<MI3_ERR>_MI_DIPSOUT_PanelInit[5847]: DEVICE_PANEL _MI_DIPSOUT_PanelInit[5847] MI_PM_Open fail! 
01-01 08:00:05.756  2862  2862 D MTK_KL  : 6,1985,5255676,-;<MI3_INFO><<<MI_PWM_GetHandle[478]The PWM 0 channel has not been opened !
01-01 08:00:05.756  2862  2862 D MTK_KL  : 3,1986,5272577,-;<MI3_ERR>MI_FLASH_GetEnvVar[5122]: Get Env String fail!!
01-01 08:00:05.756  2862  2862 D MTK_KL  : 3,1987,5272586,-;<MI3_ERR>_MI_DISPOUT_GetPanelBacklightEnv[3184]: Get new env from emmc failed!! 
01-01 08:00:05.756  2862  2862 D MTK_KL  : 3,1988,5272617,-;<MI3_ERR>_MI_FLASH_Close[4828]: Module handle still used
01-01 08:00:05.756  2862  2862 D MTK_KL  : 4,1989,5295544,-;<MI3_WARN>Warning: MI_SYS_Init() already be inited!
01-01 08:00:05.756  2862  2862 D MTK_KL  : 4,1990,5295839,-;<MI3_WARN>Warning: MI_SYS_Init() already be inited!
01-01 08:00:05.756  2862  2862 D MTK_KL  : 4,1991,5298180,-;<MI3_WARN>Warning: MI_SYS_Init() already be inited!
01-01 08:00:05.756  2862  2862 D MTK_KL  : 4,1992,5329381,-;Mtal opened!
01-01 08:00:05.756  2862  2862 D MTK_KL  : 3,1993,5333294,-;[MDrv_Queue_Init][773] Already inited.
01-01 08:00:05.756  2862  2862 D MTK_KL  : 3,1994,5334032,-;[MDrv_Queue_Init][773] Already inited.
01-01 08:00:05.756  2862  2862 D MTK_KL  : 3,1995,5334577,-;[MDrv_Queue_Init][773] Already inited.
01-01 08:00:05.756  2862  2862 D MTK_KL  : 4,1996,5341463,c;$$$ Thread PID not root(1000) ignore
01-01 08:00:05.756  2862  2862 D MTK_KL  : 4,1997,5391357,-;<MI3_WARN>Warning: MI_SYS_Init() already be inited!
01-01 08:00:05.756  2862  2862 D MTK_KL  : 3,1998,5393738,-;[MDrv_Queue_Init][773] Already inited.
01-01 08:00:05.756  2862  2862 D MTK_KL  : 7,1999,5475456,-;<UTPA_DEBUG>[Utopia][MIU]: [MIU INFO] miu open
01-01 08:00:05.756  2862  2862 D MTK_KL  : 7,2000,5475457,-;<UTPA_DEBUG>[Utopia][MIU]: [MIU INFO] miu open
01-01 08:00:05.756  2862  2862 D MTK_KL  : 4,2001,5475744,-;--------->MBX DRIVER OPEN: cnt=0
01-01 08:00:05.756  2862  2862 D MTK_KL  : 4,2002,5475795,-;_MDrv_MBXIO_FASYNC is invoked
01-01 08:00:05.756  2862  2862 D MTK_KL  : 4,2003,5475799,-;_MDrv_MBXIO_FASYNC is ok
01-01 08:00:05.756  2862  2862 D MTK_KL  : 4,2004,5484650,-;--------->MBX DRIVER OPEN: cnt=1
01-01 08:00:05.756  2862  2862 D MTK_KL  : 4,2005,5484685,-;_MDrv_MBXIO_FASYNC is invoked
01-01 08:00:05.756  2862  2862 D MTK_KL  : 4,2006,5484689,-;_MDrv_MBXIO_FASYNC is ok
01-01 08:00:05.756  2862  2862 D MTK_KL  : 7,2007,5487912,-;<UTPA_DEBUG>[Utopia][MIU]: [MIU INFO] miu open
01-01 08:00:05.756  2862  2862 D MTK_KL  : 4,2008,5488110,-;--------->MBX DRIVER OPEN: cnt=2
01-01 08:00:05.756  2862  2862 D MTK_KL  : 4,2009,5488143,-;_MDrv_MBXIO_FASYNC is invoked
01-01 08:00:05.756  2862  2862 D MTK_KL  : 4,2010,5488147,-;_MDrv_MBXIO_FASYNC is ok
01-01 08:00:05.756  2862  2862 D MTK_KL  : 6,2011,5496658,-;<MI3_INFO><<<MI_IIC_Init[1052]MI_IIC_Init:0x2
01-01 08:00:05.756  2862  2862 D MTK_KL  : 4,2012,5496884,-;[MI][MI_DISP_Init][17062]:wait _bDispInited 
01-01 08:00:05.756  2862  2862 D MTK_KL  : 4,2013,5496888,-;pstInitParams ca636e80, _bDoInit 1
01-01 08:00:05.756  2862  2862 D MTK_KL  : 4,2014,5496891,-;[MI][MI_DISP_Init][17068]:return MI_HAS_INITED 
01-01 08:00:05.767  2862  2862 D MTK_KL  : 14,2156,5940865,-;init: Service 'pre-init' (pid 2843) exited with status 0
01-01 08:00:05.804  2844  2844 D fast_connect: value = RTL8192EU 
01-01 08:00:05.804  2844  2844 D fast_connect: dev_info name = RTL8192EU
01-01 08:00:05.804  2844  2844 D fast_connect: value = MT7662STA 
01-01 08:00:05.804  2844  2844 D fast_connect: dev_info name = MT7662STA
01-01 08:00:05.805  2844  2844 D fast_connect: value = MT7603STA 
01-01 08:00:05.805  2844  2844 D fast_connect: dev_info name = MT7603STA
01-01 08:00:05.805  2844  2844 D fast_connect: value = RAL5370 
01-01 08:00:05.805  2844  2844 D fast_connect: dev_info name = RAL5370
01-01 08:00:05.805  2844  2844 D fast_connect: value = RTL8188ETV 
01-01 08:00:05.805  2844  2844 D fast_connect: dev_info name = RTL8188ETV
01-01 08:00:05.805  2844  2844 D fast_connect: value = RTL8812AUS 
01-01 08:00:05.805  2844  2844 D fast_connect: dev_info name = RTL8812AUS
01-01 08:00:05.805  2844  2844 D fast_connect: value = MT7601STA 
01-01 08:00:05.805  2844  2844 D fast_connect: dev_info name = MT7601STA
01-01 08:00:05.805  2844  2844 D fast_connect: value = RTL8723BU 
01-01 08:00:05.805  2844  2844 D fast_connect: dev_info name = RTL8723BU
01-01 08:00:05.805  2844  2844 D fast_connect: value = MT7668STA 
01-01 08:00:05.805  2844  2844 D fast_connect: dev_info name = MT7668STA
01-01 08:00:05.805  2844  2844 D fast_connect: value = MT7663STA 
01-01 08:00:05.805  2844  2844 D fast_connect: dev_info name = MT7663STA
01-01 08:00:05.805  2844  2844 D fast_connect: parse_config successfully!!
01-01 08:00:05.805  2844  2844 D fast_connect: detect_wifi_device!!!
01-01 08:00:05.805  2844  2844 D fast_connect: init_detect_wifi_device successfully!!
01-01 08:00:05.807  2844  2844 D fast_connect: get_wifi_device_num num = 0
01-01 08:00:05.834  2846  2846 I         : voice_loadconfig(/system/etc/hidraw_setting) load!
01-01 08:00:05.834  2846  2846 I         : voice_loadconfig(/vendor/etc/hidraw_setting) load!
01-01 08:00:05.835  2846  2846 I         : voice_loadconfig(/vendor/etc/hidraw_setting) size=201!
01-01 08:00:05.835  2853  2853 I installd: installd firing up
01-01 08:00:05.883  2846  2846 D         : voice_conf_parse_config
01-01 08:00:05.883  2846  2846 D         : voice_conf_parse_config line:[Rcu]
01-01 08:00:05.883  2846  2846 I         : voice_conf_parse_config Find Group[Rcu]
01-01 08:00:05.883  2846  2846 D         : voice_conf_parse_config line:Vid=005d
01-01 08:00:05.883  2846  2846 I         : voice_conf_parse_config Find Item[Rcu:Vid=005d]
01-01 08:00:05.883  2846  2846 D         : voice_conf_parse_config line:Pid=0002
01-01 08:00:05.883  2846  2846 I         : voice_conf_parse_config Find Item[Rcu:Pid=0002]
01-01 08:00:05.883  2846  2846 D         : voice_conf_parse_config line:Ver=0000
01-01 08:00:05.883  2846  2846 I         : voice_conf_parse_config Find Item[Rcu:Ver=0000]
01-01 08:00:05.883  2846  2846 D         : voice_conf_parse_config line:[ReportID]
01-01 08:00:05.883  2846  2846 I         : voice_conf_parse_config Find Group[ReportID]
01-01 08:00:05.883  2846  2846 D         : voice_conf_parse_config line:Key=1
01-01 08:00:05.883  2846  2846 I         : voice_conf_parse_config Find Item[ReportID:Key=1]
01-01 08:00:05.883  2846  2846 D         : voice_conf_parse_config line:Data=5a
01-01 08:00:05.883  2846  2846 I         : voice_conf_parse_config Find Item[ReportID:Data=5a]
01-01 08:00:05.883  2846  2846 D         : voice_conf_parse_config line:Cmd=5a
01-01 08:00:05.883  2846  2846 I         : voice_conf_parse_config Find Item[ReportID:Cmd=5a]
01-01 08:00:05.883  2846  2846 D         : voice_conf_parse_config line:[ReportValue]
01-01 08:00:05.883  2846  2846 I         : voice_conf_parse_config Find Group[ReportValue]
01-01 08:00:05.883  2846  2846 D         : voice_conf_parse_config line:KeyDownLen=8
01-01 08:00:05.883  2846  2846 I         : voice_conf_parse_config Find Item[ReportValue:KeyDownLen=8]
01-01 08:00:05.883  2846  2846 D         : voice_conf_parse_config line:KeyDown=0,0,3e,0,0,0,0,0;
01-01 08:00:05.883  2846  2846 I         : voice_conf_parse_config Find Item[ReportValue:KeyDown=0,0,3e,0,0,0,0,0;]
01-01 08:00:05.883  2846  2846 D         : voice_conf_parse_config line:KeyUpLen=8
01-01 08:00:05.883  2846  2846 I         : voice_conf_parse_config Find Item[ReportValue:KeyUpLen=8]
01-01 08:00:05.883  2846  2846 D         : voice_conf_parse_config line:KeyUp=0,0,3f,0,0,0,0,0;
01-01 08:00:05.884  2846  2846 I         : voice_conf_parse_config Find Item[ReportValue:KeyUp=0,0,3f,0,0,0,0,0;]
01-01 08:00:05.884  2846  2846 D         : voice_conf_parse_config line:[Settings]
01-01 08:00:05.884  2846  2846 I         : voice_conf_parse_config Find Group[Settings]
01-01 08:00:05.884  2846  2846 D         : voice_conf_parse_config line:DecodeType=1
01-01 08:00:05.884  2846  2846 I         : voice_conf_parse_config Find Item[Settings:DecodeType=1]
01-01 08:00:05.884  2846  2846 D         : voice_conf_parse_config line:DataMask=1
01-01 08:00:05.884  2846  2846 I         : voice_conf_parse_config Find Item[Settings:DataMask=1]
01-01 08:00:05.884  2846  2846 D         : voice_conf_parse_config line:AutoCmd=1
01-01 08:00:05.884  2846  2846 I         : voice_conf_parse_config Find Item[Settings:AutoCmd=1]
01-01 08:00:05.884  2846  2846 D         : use config VID: 005d
01-01 08:00:05.884  2846  2846 D         : use config PID: 0002
01-01 08:00:05.884  2846  2846 D         : use config version: 0000
01-01 08:00:05.884  2846  2846 D         : use config key report id: 01
01-01 08:00:05.884  2846  2846 D         : use config data report id: 5a
01-01 08:00:05.884  2846  2846 D         : use config cmd report id: 5a
01-01 08:00:05.884  2846  2846 D         : use config keydown len: 8
01-01 08:00:05.884  2846  2846 D         : key down data:
01-01 08:00:05.884  2846  2846 D         : data[0] = 00
01-01 08:00:05.884  2846  2846 D         : data[1] = 00
01-01 08:00:05.884  2846  2846 D         : data[2] = 3e
01-01 08:00:05.884  2846  2846 D         : data[3] = 00
01-01 08:00:05.884  2846  2846 D         : data[4] = 00
01-01 08:00:05.884  2846  2846 D         : data[5] = 00
01-01 08:00:05.884  2846  2846 D         : data[6] = 00
01-01 08:00:05.884  2846  2846 D         : data[7] = 00
01-01 08:00:05.884  2846  2846 D         : use config keyup len: 8
01-01 08:00:05.884  2846  2846 D         : key up data:
01-01 08:00:05.884  2846  2846 D         : data[0] = 00
01-01 08:00:05.884  2846  2846 D         : data[1] = 00
01-01 08:00:05.884  2846  2846 D         : data[2] = 3f
01-01 08:00:05.884  2846  2846 D         : data[3] = 00
01-01 08:00:05.884  2846  2846 D         : data[4] = 00
01-01 08:00:05.884  2846  2846 D         : data[5] = 00
01-01 08:00:05.884  2846  2846 D         : data[6] = 00
01-01 08:00:05.884  2846  2846 D         : data[7] = 00
01-01 08:00:05.884  2846  2846 D         : use config decode type: 1
01-01 08:00:05.884  2846  2846 D         : use config data mask: 1
01-01 08:00:05.884  2846  2846 D         : use config autocmd status: 1
01-01 08:00:05.884  2846  2846 D         : UIPC_Init(L566): UIPC_Init
01-01 08:00:05.884  2846  2846 D         : uipc_main_init(L200): ### uipc_main_init ###
01-01 08:00:05.884  2846  2846 D         : UIPC_Open(L591): UIPC_Open : ch_id 0, p_cback 0x56b4059
01-01 08:00:05.884  2846  2846 D         : uipc_setup_server_locked(L328): SETUP CHANNEL SERVER 0
01-01 08:00:05.884  2846  2846 I         : create_server_socket(L134): create_server_socket /data/misc/bluedroid/.voice_ctrl
01-01 08:00:05.884  2846  2846 I         : create_server_socket(L150): created socket fd 6
01-01 08:00:05.884  2846  2846 D         : uipc_setup_server_locked(L344): ADD SERVER FD TO ACTIVE SET 6
01-01 08:00:05.884  2846  2846 I         : uipc_wakeup_locked(L320): UIPC SEND WAKE UP
01-01 08:00:05.884  2846  2846 D         : UIPC_Open(L591): UIPC_Open : ch_id 1, p_cback 0x56b4641
01-01 08:00:05.884  2846  2846 D         : uipc_setup_server_locked(L328): SETUP CHANNEL SERVER 1
01-01 08:00:05.884  2846  2846 I         : create_server_socket(L134): create_server_socket /data/misc/bluedroid/.voice_data
01-01 08:00:05.884  2846  2846 I         : create_server_socket(L150): created socket fd 7
01-01 08:00:05.884  2846  2846 D         : uipc_setup_server_locked(L344): ADD SERVER FD TO ACTIVE SET 7
01-01 08:00:05.884  2846  2846 I         : uipc_wakeup_locked(L320): UIPC SEND WAKE UP
01-01 08:00:05.915  2742  2742 I mstar.hardware.: type=1400 audit(0.0:47): avc: denied { read write } for name="cb_system" dev="tmpfs" ino=4057 scontext=u:r:hal_graphics_composer_mstar:s0 tcontext=u:object_r:cb_device:s0 tclass=chr_file permissive=1
01-01 08:00:05.915  2742  2742 I mstar.hardware.: type=1400 audit(0.0:48): avc: denied { open } for path="/dev/cb_system" dev="tmpfs" ino=4057 scontext=u:r:hal_graphics_composer_mstar:s0 tcontext=u:object_r:cb_device:s0 tclass=chr_file permissive=1
01-01 08:00:05.915  2742  2742 I mtkcbp0_2742: type=1400 audit(0.0:49): avc: denied { ioctl } for path="/dev/cb_system" dev="tmpfs" ino=4057 ioctlcmd=0x3701 scontext=u:r:hal_graphics_composer_mstar:s0 tcontext=u:object_r:cb_device:s0 tclass=chr_file permissive=1
01-01 08:00:05.918  2742  2742 D MTK_MW  : {CMPB} API [946684805.824]:[_IMtkPb_Ctrl_RM_Util_Init:#1405],begin 
01-01 08:00:05.919  2742  2742 D MTAL    : [MTAL] try to open mtal
01-01 08:00:05.919  2742  2742 D MTAL    : [MTAL] open /dev/mtal_system ok
01-01 08:00:05.919  2862  2862 D MTK_KL  : 4,2157,6095060,-;Mtal opened!
01-01 08:00:05.923  2862  2862 D MTK_KL  : 36,2158,6095715,-;type=1400 audit(946684805.671:46): avc: granted { read open } for pid=2863 comm="init" path="/dev/ttyS0" dev="tmpfs" ino=1361 scontext=u:r:init:s0 tcontext=u:object_r:serial_device:s0 tclass=chr_file
01-01 08:00:05.923  2862  2862 D MTK_KL  : 38,2159,6095754,-;type=1400 audit(946684805.915:47): avc: denied { read write } for pid=2742 comm="mstar.hardware." name="cb_system" dev="tmpfs" ino=4057 scontext=u:r:hal_graphics_composer_mstar:s0 tcontext=u:object_r:cb_device:s0 tclass=chr_file permissive=1
01-01 08:00:05.923  2862  2862 D MTK_KL  : 38,2160,6096209,-;type=1400 audit(946684805.915:47): avc: denied { read write } for pid=2742 comm="mstar.hardware." name="cb_system" dev="tmpfs" ino=4057 scontext=u:r:hal_graphics_composer_mstar:s0 tcontext=u:object_r:cb_device:s0 tclass=chr_file permissive=1
01-01 08:00:05.923  2862  2862 D MTK_KL  : 38,2161,6096238,-;type=1400 audit(946684805.915:48): avc: denied { open } for pid=2742 comm="mstar.hardware." path="/dev/cb_system" dev="tmpfs" ino=4057 scontext=u:r:hal_graphics_composer_mstar:s0 tcontext=u:object_r:cb_device:s0 tclass=chr_file permissive=1
01-01 08:00:05.923  2862  2862 D MTK_KL  : 4,2162,6098786,-;audit_log_lost: 90 callbacks suppressed
01-01 08:00:05.923  2862  2862 D MTK_KL  : 4,2163,6098789,-;audit: audit_lost=31 audit_rate_limit=5 audit_backlog_limit=64
01-01 08:00:05.923  2862  2862 D MTK_KL  : 3,2164,6098794,-;audit: rate limit exceeded
01-01 08:00:05.930  2742  2742 E cutils-trace: Error opening trace file: No such file or directory (2)
01-01 08:00:05.931  2862  2862 D MTK_KL  : 38,2165,6103527,-;type=1400 audit(946684805.915:48): avc: denied { open } for pid=2742 comm="mstar.hardware." path="/dev/cb_system" dev="tmpfs" ino=4057 scontext=u:r:hal_graphics_composer_mstar:s0 tcontext=u:object_r:cb_device:s0 tclass=chr_file permissive=1
01-01 08:00:05.931  2862  2862 D MTK_KL  : 38,2166,6103567,-;type=1400 audit(946684805.915:49): avc: denied { ioctl } for pid=2742 comm="mtkcbp0_2742" path="/dev/cb_system" dev="tmpfs" ino=4057 ioctlcmd=0x3701 scontext=u:r:hal_graphics_composer_mstar:s0 tcontext=u:object_r:cb_device:s0 tclass=chr_file permissive=1
01-01 08:00:05.931  2862  2862 D MTK_KL  : 4,2167,6105526,c;$$$ Thread PID not root(1000) ignore
01-01 08:00:05.970  2869  2869 E cutils-trace: Error opening trace file: No such file or directory (2)
01-01 08:00:05.971  2365  2365 W hwservicemanager: getTransport: Cannot find entry android.hardware.usb.gadget@1.0::IUsbGadget/default in either framework or device manifest.
01-01 08:00:05.971  2857  2857 I mediametrics: ServiceManager: 0xb0f10100
01-01 08:00:05.972  2857  2857 D MediaAnalyticsService: MediaAnalyticsService created
01-01 08:00:05.973  2869  2869 I usbd    : Usb HAL not found
01-01 08:00:05.979  2862  2862 D MTK_KL  : 3,2168,6151432,-;zram: [ZSM] meta size = 20*128000 (B) = 2500 (KB)
01-01 08:00:05.979  2862  2862 D MTK_KL  : 14,2169,6151536,-;init: Service 'usbd' (pid 2869) exited with status 0
01-01 08:00:05.979  2862  2862 D MTK_KL  : 6,2170,6153559,-;zram0: detected capacity change from 0 to 524288000
01-01 08:00:06.016  2868  2868 I /system/bin/tombstoned: tombstoned successfully initialized
01-01 08:00:06.032  2862  2862 D MTK_KL  : 6,2171,6203267,-;Adding 511996k swap on /dev/block/zram0.  Priority:0 extents:1 across:511996k SS
01-01 08:00:06.035  2742  2742 E gralloc : Arm Module v1.0
01-01 08:00:06.037  2742  2742 D hwcomposer: HWCDisplayDevice::addConfig: initConfigs new config 0: 1280 x 720 @ 60.0 Hz, DPI: 77.0 x 77.0
01-01 08:00:06.037  2742  2742 D hwcomposer: HWComposerDevice::initPrimaryDevice: callHotplug called, but no valid callback registered, storing display
01-01 08:00:06.037  2742  2742 D hwcomposer: HWComposerDevice::HWComposerDevice: create event work thread
01-01 08:00:06.038  2742  2742 D hwcomposer: HWComposerDevice::getFunctionImpl: doGetFunction: getFunctionImpl function descriptor: 1 (AcceptDisplayChanges)
01-01 08:00:06.038  2742  2742 D hwcomposer: HWComposerDevice::getFunctionImpl: doGetFunction: getFunctionImpl function descriptor: 2 (CreateLayer)
01-01 08:00:06.038  2742  2742 D hwcomposer: HWComposerDevice::getFunctionImpl: doGetFunction: getFunctionImpl function descriptor: 3 (CreateVirtualDisplay)
01-01 08:00:06.038  2742  2742 D hwcomposer: HWComposerDevice::getFunctionImpl: doGetFunction: getFunctionImpl function descriptor: 4 (DestroyLayer)
01-01 08:00:06.038  2742  2742 D hwcomposer: HWComposerDevice::getFunctionImpl: doGetFunction: getFunctionImpl function descriptor: 5 (DestroyVirtualDisplay)
01-01 08:00:06.038  2742  2742 D hwcomposer: HWComposerDevice::getFunctionImpl: doGetFunction: getFunctionImpl function descriptor: 6 (Dump)
01-01 08:00:06.038  2742  2742 D hwcomposer: HWComposerDevice::getFunctionImpl: doGetFunction: getFunctionImpl function descriptor: 7 (GetActiveConfig)
01-01 08:00:06.038  2742  2742 D hwcomposer: HWComposerDevice::getFunctionImpl: doGetFunction: getFunctionImpl function descriptor: 8 (GetChangedCompositionTypes)
01-01 08:00:06.038  2742  2742 D hwcomposer: HWComposerDevice::getFunctionImpl: doGetFunction: getFunctionImpl function descriptor: 9 (GetClientTargetSupport)
01-01 08:00:06.038  2742  2742 D hwcomposer: HWComposerDevice::getFunctionImpl: doGetFunction: getFunctionImpl function descriptor: 10 (GetColorModes)
01-01 08:00:06.038  2742  2742 D hwcomposer: HWComposerDevice::getFunctionImpl: doGetFunction: getFunctionImpl function descriptor: 11 (GetDisplayAttribute)
01-01 08:00:06.038  2742  2742 D hwcomposer: HWComposerDevice::getFunctionImpl: doGetFunction: getFunctionImpl function descriptor: 12 (GetDisplayConfigs)
01-01 08:00:06.038  2742  2742 D hwcomposer: HWComposerDevice::getFunctionImpl: doGetFunction: getFunctionImpl function descriptor: 13 (GetDisplayName)
01-01 08:00:06.038  2742  2742 D hwcomposer: HWComposerDevice::getFunctionImpl: doGetFunction: getFunctionImpl function descriptor: 14 (GetDisplayRequests)
01-01 08:00:06.038  2742  2742 D hwcomposer: HWComposerDevice::getFunctionImpl: doGetFunction: getFunctionImpl function descriptor: 15 (GetDisplayType)
01-01 08:00:06.038  2742  2742 D hwcomposer: HWComposerDevice::getFunctionImpl: doGetFunction: getFunctionImpl function descriptor: 16 (GetDozeSupport)
01-01 08:00:06.038  2742  2742 D hwcomposer: HWComposerDevice::getFunctionImpl: doGetFunction: getFunctionImpl function descriptor: 17 (GetHdrCapabilities)
01-01 08:00:06.038  2742  2742 D hwcomposer: HWComposerDevice::getFunctionImpl: doGetFunction: getFunctionImpl function descriptor: 18 (GetMaxVirtualDisplayCount)
01-01 08:00:06.038  2742  2742 D hwcomposer: HWComposerDevice::getFunctionImpl: doGetFunction: getFunctionImpl function descriptor: 19 (GetReleaseFences)
01-01 08:00:06.038  2742  2742 D hwcomposer: HWComposerDevice::getFunctionImpl: doGetFunction: getFunctionImpl function descriptor: 20 (PresentDisplay)
01-01 08:00:06.038  2742  2742 D hwcomposer: HWComposerDevice::getFunctionImpl: doGetFunction: getFunctionImpl function descriptor: 21 (RegisterCallback)
01-01 08:00:06.038  2742  2742 D hwcomposer: HWComposerDevice::getFunctionImpl: doGetFunction: getFunctionImpl function descriptor: 22 (SetActiveConfig)
01-01 08:00:06.038  2742  2742 D hwcomposer: HWComposerDevice::getFunctionImpl: doGetFunction: getFunctionImpl function descriptor: 23 (SetClientTarget)
01-01 08:00:06.038  2742  2742 D hwcomposer: HWComposerDevice::getFunctionImpl: doGetFunction: getFunctionImpl function descriptor: 24 (SetColorMode)
01-01 08:00:06.038  2742  2742 D hwcomposer: HWComposerDevice::getFunctionImpl: doGetFunction: getFunctionImpl function descriptor: 25 (SetColorTransform)
01-01 08:00:06.038  2742  2742 D hwcomposer: HWComposerDevice::getFunctionImpl: doGetFunction: getFunctionImpl function descriptor: 26 (SetCursorPosition)
01-01 08:00:06.038  2742  2742 D hwcomposer: HWComposerDevice::getFunctionImpl: doGetFunction: getFunctionImpl function descriptor: 27 (SetLayerBlendMode)
01-01 08:00:06.038  2742  2742 D hwcomposer: HWComposerDevice::getFunctionImpl: doGetFunction: getFunctionImpl function descriptor: 28 (SetLayerBuffer)
01-01 08:00:06.038  2742  2742 D hwcomposer: HWComposerDevice::getFunctionImpl: doGetFunction: getFunctionImpl function descriptor: 29 (SetLayerColor)
01-01 08:00:06.038  2742  2742 D hwcomposer: HWComposerDevice::getFunctionImpl: doGetFunction: getFunctionImpl function descriptor: 30 (SetLayerCompositionType)
01-01 08:00:06.038  2742  2742 D hwcomposer: HWComposerDevice::getFunctionImpl: doGetFunction: getFunctionImpl function descriptor: 31 (SetLayerDataspace)
01-01 08:00:06.038  2742  2742 D hwcomposer: HWComposerDevice::getFunctionImpl: doGetFunction: getFunctionImpl function descriptor: 32 (SetLayerDisplayFrame)
01-01 08:00:06.038  2742  2742 D hwcomposer: HWComposerDevice::getFunctionImpl: doGetFunction: getFunctionImpl function descriptor: 33 (SetLayerPlaneAlpha)
01-01 08:00:06.038  2742  2742 D hwcomposer: HWComposerDevice::getFunctionImpl: doGetFunction: getFunctionImpl function descriptor: 34 (SetLayerSidebandStream)
01-01 08:00:06.038  2742  2742 D hwcomposer: HWComposerDevice::getFunctionImpl: doGetFunction: getFunctionImpl function descriptor: 35 (SetLayerSourceCrop)
01-01 08:00:06.038  2742  2742 D hwcomposer: HWComposerDevice::getFunctionImpl: doGetFunction: getFunctionImpl function descriptor: 36 (SetLayerSurfaceDamage)
01-01 08:00:06.038  2742  2742 D hwcomposer: HWComposerDevice::getFunctionImpl: doGetFunction: getFunctionImpl function descriptor: 37 (SetLayerTransform)
01-01 08:00:06.038  2742  2742 D hwcomposer: HWComposerDevice::getFunctionImpl: doGetFunction: getFunctionImpl function descriptor: 38 (SetLayerVisibleRegion)
01-01 08:00:06.038  2742  2742 D hwcomposer: HWComposerDevice::getFunctionImpl: doGetFunction: getFunctionImpl function descriptor: 39 (SetLayerZOrder)
01-01 08:00:06.038  2742  2742 D hwcomposer: HWComposerDevice::getFunctionImpl: doGetFunction: getFunctionImpl function descriptor: 40 (SetOutputBuffer)
01-01 08:00:06.038  2742  2742 D hwcomposer: HWComposerDevice::getFunctionImpl: doGetFunction: getFunctionImpl function descriptor: 41 (SetPowerMode)
01-01 08:00:06.038  2742  2742 D hwcomposer: HWComposerDevice::getFunctionImpl: doGetFunction: getFunctionImpl function descriptor: 42 (SetVsyncEnabled)
01-01 08:00:06.038  2742  2742 D hwcomposer: HWComposerDevice::getFunctionImpl: doGetFunction: getFunctionImpl function descriptor: 43 (ValidateDisplay)
01-01 08:00:06.038  2742  2742 D hwcomposer: HWComposerDevice::getFunctionImpl: doGetFunction: getFunctionImpl function descriptor: 44 (SetLayerFloatColor)
01-01 08:00:06.038  2742  2742 D hwcomposer: HWComposerDevice::getFunctionImpl: doGetFunction: getFunctionImpl function descriptor: 45 (SetLayerPerFrameMetadata)
01-01 08:00:06.038  2742  2742 D hwcomposer: HWComposerDevice::getFunctionImpl: doGetFunction: getFunctionImpl function descriptor: 46 (GetPerFrameMetadataKeys)
01-01 08:00:06.038  2742  2742 D hwcomposer: HWComposerDevice::getFunctionImpl: doGetFunction: getFunctionImpl function descriptor: 47 (SetReadbackBuffer)
01-01 08:00:06.038  2742  2742 D hwcomposer: HWComposerDevice::getFunctionImpl: doGetFunction: getFunctionImpl function descriptor: 48 (GetReadbackBufferAttributes)
01-01 08:00:06.038  2742  2742 D hwcomposer: HWComposerDevice::getFunctionImpl: doGetFunction: getFunctionImpl function descriptor: 49 (GetReadbackBufferFence)
01-01 08:00:06.038  2742  2742 D hwcomposer: HWComposerDevice::getFunctionImpl: doGetFunction: getFunctionImpl function descriptor: 50 (GetRenderIntents)
01-01 08:00:06.038  2742  2742 D hwcomposer: HWComposerDevice::getFunctionImpl: doGetFunction: getFunctionImpl function descriptor: 51 (SetColorModeWithRenderIntent)
01-01 08:00:06.038  2742  2742 D hwcomposer: HWComposerDevice::getFunctionImpl: doGetFunction: getFunctionImpl function descriptor: 52 (GetDataspaceSaturationMatrix)
01-01 08:00:06.038  2742  2742 D hwcomposer: HWComposerDevice::getFunctionImpl: doGetFunction: getFunctionImpl function descriptor: 55 (get3DTransform)
01-01 08:00:06.038  2742  2742 D hwcomposer: HWComposerDevice::getFunctionImpl: doGetFunction: getFunctionImpl function descriptor: 56 (getCurrentTiming)
01-01 08:00:06.038  2742  2742 D hwcomposer: HWComposerDevice::getFunctionImpl: doGetFunction: getFunctionImpl function descriptor: 57 (isStbTarget)
01-01 08:00:06.038  2742  2742 D hwcomposer: HWComposerDevice::getFunctionImpl: doGetFunction: getFunctionImpl function descriptor: 58 (getOsdWidth)
01-01 08:00:06.038  2742  2742 D hwcomposer: HWComposerDevice::getFunctionImpl: doGetFunction: getFunctionImpl function descriptor: 59 (getOsdHeight)
01-01 08:00:06.038  2742  2742 D hwcomposer: HWComposerDevice::getFunctionImpl: doGetFunction: getFunctionImpl function descriptor: 60 (getMirrorMode)
01-01 08:00:06.038  2742  2742 D hwcomposer: HWComposerDevice::getFunctionImpl: doGetFunction: getFunctionImpl function descriptor: 61 (getRefreshPeriod)
01-01 08:00:06.038  2742  2742 D hwcomposer: HWComposerDevice::getFunctionImpl: doGetFunction: getFunctionImpl function descriptor: 62 (captureScreen)
01-01 08:00:06.038  2742  2742 D hwcomposer: HWComposerDevice::getFunctionImpl: doGetFunction: getFunctionImpl function descriptor: 63 (releaseCaptureScreenMemory)
01-01 08:00:06.038  2742  2742 D hwcomposer: HWComposerDevice::getFunctionImpl: doGetFunction: getFunctionImpl function descriptor: 66 (setClientTargetDisplayFrame)
01-01 08:00:06.038  2742  2742 D hwcomposer: HWComposerDevice::getFunctionImpl: doGetFunction: getFunctionImpl function descriptor: 53 (SetLayerName)
01-01 08:00:06.038  2742  2742 D hwcomposer: HWComposerDevice::getFunctionImpl: doGetFunction: getFunctionImpl function descriptor: 54 (getVendorUsage)
01-01 08:00:06.038  2742  2742 E ComposerHal: ltdebug hal is 0x0xb28b4500
01-01 08:00:06.038  2742  2742 E ComposerHal: composer2.3 is0x0x0
01-01 08:00:06.039  2742  2742 I ServiceManagement: Removing namespace from process name mstar.hardware.hwcomposer.composer@2.3-service to composer@2.3-service.
01-01 08:00:06.040  2862  2862 D MTK_KL  : 4,2172,6213409,-;[MI][MI_DISP_Init][17062]:wait _bDispInited 
01-01 08:00:06.040  2862  2862 D MTK_KL  : 4,2173,6213415,-;pstInitParams   (null), _bDoInit 1
01-01 08:00:06.040  2862  2862 D MTK_KL  : 4,2174,6213418,-;[MI][MI_DISP_Init][17068]:return MI_HAS_INITED 
01-01 08:00:06.056  2862  2862 D MTK_KL  : 1,2175,6218624,-;[_MDrv_GFLIPIO_Open,1124][pid:2899][name:hwcVsyncThread]_devGFLIP.refCnt=0
01-01 08:00:06.056  2862  2862 D MTK_KL  : 14,2176,6231145,-;init: Received control message 'start' for 'mdnsd' from pid: 2841 (/system/bin/adbd --root_seclabel=u:r:xu:s0)
01-01 08:00:06.056  2862  2862 D MTK_KL  : 14,2177,6231636,-;init: starting service 'mdnsd'...
01-01 08:00:06.067  2862  2862 D MTK_KL  : 14,2178,6236096,-;init: Created socket '/dev/socket/mdnsd', mode 660, user 1020, group 3003
01-01 08:00:06.068  2742  2899 D hwcomposer: HWComposerDevice::eventWorkThread: Trapezoid Correct type change newCorrectType is 1
01-01 08:00:06.075  2862  2862 D MTK_KL  : 14,2179,6247416,-;init: Service 'zram-svc' (pid 2864) exited with status 0
01-01 08:00:06.084  2841  2900 I adbd    : initializing functionfs
01-01 08:00:06.084  2841  2900 I adbd    : opening control endpoint /dev/usb-ffs/adb/ep0
01-01 08:00:06.087  2862  2862 D MTK_KL  : 6,2180,6260251,-;read descriptors
01-01 08:00:06.087  2862  2862 D MTK_KL  : 6,2181,6260260,-;read strings
01-01 08:00:06.088  2841  2900 I adbd    : functionfs successfully initialized
01-01 08:00:06.088  2841  2900 I adbd    : registering usb transport
01-01 08:00:06.091  2862  2862 D MTK_KL  : 14,2182,6264670,-;init: processing action (sys.usb.config=adb && sys.usb.configfs=1 && sys.usb.ffs.ready=1) from (/init.usb.configfs.rc:20)
01-01 08:00:06.091  2862  2862 D MTK_KL  : 4,2183,6265631,-;==20190815==> UDC start
01-01 08:00:06.091  2862  2862 D MTK_KL  : 4,2184,6266836,-;end probe_driver
01-01 08:00:06.091  2862  2862 D MTK_KL  : 4,2185,6266861,-;[UDC]pullup_i:0x1
01-01 08:00:06.091  2862  2862 D MTK_KL  : 6,2186,6267051,-;android_work: did not send uevent (0 0   (null))
01-01 08:00:06.092  2841  2907 E cutils-trace: Error opening trace file: No such file or directory (2)
01-01 08:00:06.120  2754  2754 E gralloc : Arm Module v1.0
01-01 08:00:06.124  2754  2754 I ConfigStore: android::hardware::configstore::V1_0::ISurfaceFlingerConfigs::hasWideColorDisplay retrieved: 0
01-01 08:00:06.124  2754  2754 I ConfigStore: android::hardware::configstore::V1_0::ISurfaceFlingerConfigs::hasHDRDisplay retrieved: 0
01-01 08:00:06.156  2842  2842 I wificond: wificond is starting up...
01-01 08:00:06.159  2862  2862 D MTK_KL  : 4,2187,6332368,-;Process wificond granted CAP_NET_ADMIN from Android group net_admin.
01-01 08:00:06.159  2862  2862 D MTK_KL  : 4,2188,6332373,-;  Please update the .rc file to explictly set 'capabilities NET_ADMIN'
01-01 08:00:06.159  2862  2862 D MTK_KL  : 4,2189,6332375,-;  Implicit grants are deprecated and will be removed in the future.
01-01 08:00:06.159  2862  2862 D MTK_KL  : 4,2190,6332408,-;Process wificond granted CAP_NET_ADMIN from Android group net_admin.
01-01 08:00:06.159  2862  2862 D MTK_KL  : 4,2191,6332410,-;  Please update the .rc file to explictly set 'capabilities NET_ADMIN'
01-01 08:00:06.159  2862  2862 D MTK_KL  : 4,2192,6332412,-;  Implicit grants are deprecated and will be removed in the future.
01-01 08:00:06.185  2856  2856 V MediaUtils: physMem: 863764480
01-01 08:00:06.185  2856  2856 V MediaUtils: requested limit: 172752880
01-01 08:00:06.185  2856  2856 V MediaUtils: actual limit: 536870912
01-01 08:00:06.185  2856  2856 V MediaUtils: original limits: 4294967295/4294967295
01-01 08:00:06.185  2856  2856 V MediaUtils: new limits: 536870912/4294967295
01-01 08:00:06.201  2848  2848 D AT_SUDO : atsudo main begin.....
01-01 08:00:06.201  2848  2848 D AT_SUDO : [main(L:14)] 
01-01 08:00:06.244  2855  2855 I mediaserver: ServiceManager: 0xaf310120
01-01 08:00:06.245  2866  2866 I gatekeeperd: Starting gatekeeperd...
01-01 08:00:06.246  2866  2866 E cutils-trace: Error opening trace file: No such file or directory (2)
01-01 08:00:06.274  2856  2856 W /system/bin/mediaextractor: libminijail[2856]: failed to get path of fd 4: No such file or directory
01-01 08:00:06.274  2856  2856 W /system/bin/mediaextractor: libminijail[2856]: allowing syscall: clock_gettime
01-01 08:00:06.274  2856  2856 W /system/bin/mediaextractor: libminijail[2856]: allowing syscall: connect
01-01 08:00:06.274  2856  2856 W /system/bin/mediaextractor: libminijail[2856]: allowing syscall: fcntl64
01-01 08:00:06.274  2856  2856 W /system/bin/mediaextractor: libminijail[2856]: allowing syscall: socket
01-01 08:00:06.274  2856  2856 W /system/bin/mediaextractor: libminijail[2856]: allowing syscall: writev
01-01 08:00:06.275  2862  2862 D MTK_KL  : 5,2193,6448333,-;random: crng init done
01-01 08:00:06.275  2862  2862 D MTK_KL  : 5,2194,6448338,-;random: 1 urandom warning(s) missed due to ratelimiting
01-01 08:00:06.283  2754  2754 I SurfaceFlinger: EGL information:
01-01 08:00:06.283  2754  2754 I SurfaceFlinger: vendor    : Android
01-01 08:00:06.283  2754  2754 I SurfaceFlinger: version   : 1.4 Android META-EGL
01-01 08:00:06.283  2754  2754 I SurfaceFlinger: extensions: EGL_KHR_get_all_proc_addresses EGL_ANDROID_presentation_time EGL_KHR_swap_buffers_with_damage EGL_ANDROID_get_native_client_buffer EGL_ANDROID_front_buffer_auto_refresh EGL_ANDROID_get_frame_timestamps EGL_EXT_surface_SMPTE2086_metadata EGL_EXT_surface_CTA861_3_metadata EGL_KHR_image EGL_KHR_image_base EGL_EXT_image_gl_colorspace EGL_KHR_gl_colorspace EGL_KHR_gl_texture_2D_image EGL_KHR_gl_texture_cubemap_image EGL_KHR_gl_renderbuffer_image EGL_KHR_fence_sync EGL_KHR_create_context EGL_KHR_config_attribs EGL_KHR_surfaceless_context EGL_EXT_create_context_robustness EGL_ANDROID_image_native_buffer EGL_KHR_wait_sync EGL_ANDROID_recordable EGL_KHR_partial_update EGL_EXT_pixel_format_float EGL_KHR_mutable_render_buffer EGL_IMG_context_priority EGL_KHR_no_config_context 
01-01 08:00:06.283  2754  2754 I SurfaceFlinger: Client API: OpenGL_ES
01-01 08:00:06.283  2754  2754 I SurfaceFlinger: EGLSurface: 8-8-8-8, config=0xaeef91e8
01-01 08:00:06.283  2754  2754 I SurfaceFlinger: EGLsampleBuffers:1, EGLSamples:4
01-01 08:00:06.284  2856  2856 W /system/bin/mediaextractor: libminijail[2856]: logging seccomp filter failures
01-01 08:00:06.285  2754  2754 I SurfaceFlinger: OpenGL ES informations:
01-01 08:00:06.285  2754  2754 I SurfaceFlinger: vendor    : ARM
01-01 08:00:06.285  2754  2754 I SurfaceFlinger: renderer  : Mali-G31
01-01 08:00:06.285  2754  2754 I SurfaceFlinger: version   : OpenGL ES 3.2 v1.r16p0-01rel0-1ed1a0f27-20200731.f09ad4d98d1748d9d672a205a394428d
01-01 08:00:06.285  2754  2754 I SurfaceFlinger: extensions: GL_EXT_debug_marker GL_ARM_rgba8 GL_ARM_mali_shader_binary GL_OES_depth24 GL_OES_depth_texture GL_OES_depth_texture_cube_map GL_OES_packed_depth_stencil GL_OES_rgb8_rgba8 GL_EXT_read_format_bgra GL_OES_compressed_paletted_texture GL_OES_compressed_ETC1_RGB8_texture GL_OES_standard_derivatives GL_OES_EGL_image GL_OES_EGL_image_external GL_OES_EGL_image_external_essl3 GL_OES_EGL_sync GL_OES_texture_npot GL_OES_vertex_half_float GL_OES_required_internalformat GL_OES_vertex_array_object GL_OES_mapbuffer GL_EXT_texture_format_BGRA8888 GL_EXT_texture_rg GL_EXT_texture_type_2_10_10_10_REV GL_OES_fbo_render_mipmap GL_OES_element_index_uint GL_EXT_shadow_samplers GL_OES_texture_compression_astc GL_KHR_texture_compression_astc_ldr GL_KHR_texture_compression_astc_hdr GL_KHR_texture_compression_astc_sliced_3d GL_EXT_texture_compression_astc_decode_mode GL_EXT_texture_compression_astc_decode_mode_rgb9e5 GL_KHR_debug GL_EXT_occlusion_query_boolean GL_EXT_disjoint_timer_query GL_EXT_blend_minmax GL_EXT_discard_
01-01 08:00:06.286  2754  2754 I SurfaceFlinger: GL_MAX_TEXTURE_SIZE = 8192
01-01 08:00:06.286  2754  2754 I SurfaceFlinger: GL_MAX_VIEWPORT_DIMS = 8192
01-01 08:00:06.301  2742  2931 D hwcomposer: HWComposerDevice::registerCallback: callback descriptor[Hotplug],pointer = 0x664a64d
01-01 08:00:06.301  2742  2931 D hwcomposer: HWComposerDevice::registerCallback: Sending pending hotplug(0, Connected)
01-01 08:00:06.302  2742  2931 D hwcomposer: HWCDisplayDevicePrimary::initHdrCapabilities: HDRCapabilities support size = 2; [0]: HAL_HDR_HDR10; [1]: HAL_HDR_HLG; mMaxLuminance = 0 mMaxAverageLuminance = 0 mMinLuminance = 0; mSupportedMetaKeys size = 12 support meta keys:, 0, 1, 2, 3, 4, 5, 6, 7, 8, 9, 10, 11;
01-01 08:00:06.302  2742  2931 D hwcomposer: HWCDisplayDevice::getHdrCapabilities: HDR capabilities is HDRCapabilities support size = 2; [0]: HAL_HDR_HDR10; [1]: HAL_HDR_HLG; mMaxLuminance = 0 mMaxAverageLuminance = 0 mMinLuminance = 0; mSupportedMetaKeys size = 12 support meta keys:, 0, 1, 2, 3, 4, 5, 6, 7, 8, 9, 10, 11;
01-01 08:00:06.302  2754  2754 D mali_winsys: EGLint new_window_surface(egl_winsys_display *, void *, EGLSurface, EGLConfig, egl_winsys_surface **, EGLBoolean) returns 0x3000
01-01 08:00:06.307  2733  2733 I gralloc : density = 160
01-01 08:00:06.308  2733  2935 I MI3     : MI_SYS_Init() without Parameter
01-01 08:00:06.309  2733  2733 E Utopia  : [MSOS][ERROR][MsOS_CreateMutex][2230]    [MsOS_CreateMutex][2230] Update max number of msos mutex: 256
01-01 08:00:06.310  2733  2733 I Utopia  : [MSOS][INFO][MsOS_SHM_Init][1097]     Mappd share memory: 0xtAE2D5000
01-01 08:00:06.310  2733  2733 I Utopia  : [MSOS][INFO][_MsOS_InitEventGroup][4039]     Flag=MSOS_SHM_QUERY Addr=0xAE2ECC18
01-01 08:00:06.310  2733  2733 I         : [utopia info] open: /vendor/etc/utopia.conf
01-01 08:00:06.311  2862  2862 D MTK_KL  : 4,2195,6484827,-;<MI3_WARN>Warning: MI_SYS_Init() already be inited!
01-01 08:00:06.311  2862  2862 D MTK_KL  : 3,2196,6486408,-;[MDrv_Queue_Init][773] Already inited.
01-01 08:00:06.314  2733  2733 D Utopia  : [PWS][35mFunction = void PWSRegisterToUtopia(FUtopiaOpen), Line = 1134, PWS Register finished[m
01-01 08:00:06.314  2859  2859 W statsd  : statscompanion service unavailable!
01-01 08:00:06.321  2733  2733 W Utopia  : [MSOS][WARN][MsOS_Init][5835]     Already inited.
01-01 08:00:06.321  2733  2733 I Utopia  : [[MsOS_MMA_Init]][000355] MsOS_MMA_Init size=49152
01-01 08:00:06.321  2733  2733 D Utopia  : [SYS][35mFunction = MS_U32 SYSOpen(void **, void *), Line = 1698, current resource pri_shm content is: 0[m
01-01 08:00:06.321  2733  2733 D Utopia  : [SYS][35mFunction = MS_U32 SYSOpen(void **, void *), Line = 1717, [SYS INFO] OPEN INSTANCE...[m
01-01 08:00:06.323  2862  2862 D MTK_KL  : 7,2197,6497319,-;<UTPA_DEBUG>[Utopia][MIU]: [MIU INFO] miu open
01-01 08:00:06.323  2862  2862 D MTK_KL  : 4,2198,6497515,-;--------->MBX DRIVER OPEN: cnt=5
01-01 08:00:06.323  2862  2862 D MTK_KL  : 4,2199,6497547,-;_MDrv_MBXIO_FASYNC is invoked
01-01 08:00:06.323  2862  2862 D MTK_KL  : 4,2200,6497551,-;_MDrv_MBXIO_FASYNC is ok
01-01 08:00:06.327  2862  2862 D MTK_KL  : 14,2201,6501431,-;init: Service 'xbugs_init' (pid 2845) exited with status 0
01-01 08:00:06.336  2752  2752 I FastMixerState: sMaxFastTracks = 8
01-01 08:00:06.336  2733  2935 I MI3     : _MI_WRAPPER_SYS_SecurityAuthentication[754]: Invalid parameter!
01-01 08:00:06.336  2733  2935 I MI3     : _MI_WRAPPER_SYS_SecurityAuthentication[754]: pstInitParams is NULL.
01-01 08:00:06.337  2733  2935 I MI3     : MI_IIC_Init[164]: Error 0x2: failed to ioctl(MI_DEV_IOC_IIC_INIT)
01-01 08:00:06.337  2733  2935 I MI3     : _s32MikAextinFd: 39, aextin init result : 2  
01-01 08:00:06.337  2733  2935 I MI3     : Open MI_OSD kernel module successful
01-01 08:00:06.338  2733  2935 I MI3     : _s32MikCipherFd: 50, cipher init result : 0  
01-01 08:00:06.338  2859  2859 I statsd  : using statsd socket
01-01 08:00:06.339  2862  2862 D MTK_KL  : 6,2202,6512717,-;<MI3_INFO><<<MI_IIC_Init[1052]MI_IIC_Init:0x2
01-01 08:00:06.339  2862  2862 D MTK_KL  : 4,2203,6512889,-;[MI][MI_DISP_Init][17062]:wait _bDispInited 
01-01 08:00:06.339  2862  2862 D MTK_KL  : 4,2204,6512893,-;pstInitParams ca0dfc00, _bDoInit 1
01-01 08:00:06.339  2862  2862 D MTK_KL  : 4,2205,6512895,-;[MI][MI_DISP_Init][17068]:return MI_HAS_INITED 
01-01 08:00:06.339  2862  2862 D MTK_KL  : 4,2206,6513290,-;[MI_AEXTIN_Init:2248][2733] AextinInitCnt:7
01-01 08:00:06.339  2862  2862 D MTK_KL  : 4,2207,6513293,-;[MI_AEXTIN_Init:2314][2733] eErrCode:0x2
01-01 08:00:06.339  2862  2862 D MTK_KL  : 6,2208,6513651,-;<MI3_INFO><<<MI_SAR_Init[2724]MI_SAR_Init:0x2
01-01 08:00:06.342  2733  2733 E fbdev   : [Tdebug] the model ini path is /vendor/tvconfig/config/model/Customer_1.ini len:45
01-01 08:00:06.343  2862  2862 D MTK_KL  : 4,2209,6517021,-;<MI3_WARN>_MI_SVP_Init: Module has been inited!
01-01 08:00:06.347  2752  2752 V MediaUtils: physMem: 863764480
01-01 08:00:06.347  2752  2752 V MediaUtils: requested limit: 172752880
01-01 08:00:06.347  2752  2752 V MediaUtils: actual limit: 172752880
01-01 08:00:06.347  2752  2752 V MediaUtils: original limits: 4294967295/4294967295
01-01 08:00:06.347  2752  2752 V MediaUtils: new limits: 172752880/4294967295
01-01 08:00:06.348  2752  2752 I audioserver: ServiceManager: 0xad310260
01-01 08:00:06.348  2752  2752 W BatteryNotifier: batterystats service unavailable!
01-01 08:00:06.348  2752  2752 E cutils-trace: Error opening trace file: No such file or directory (2)
01-01 08:00:06.355  2733  2733 I fbdev   : FBDEV FB MmapLayout in miu=0, phyMemAddr[0x20f2f000], phyMiuBaseAddr[0x0], len=0x1800000, map to 0x0xa6abf000
01-01 08:00:06.355  2733  2733 I gralloc : info.reserved[0] = 1280, info.reserved[1] = 720
01-01 08:00:06.355  2733  2733 I [Gralloc]: using (fd=53)
01-01 08:00:06.355  2733  2733 I [Gralloc]: id           = MSTAR VFB
01-01 08:00:06.355  2733  2733 I [Gralloc]: xres         = 1280 px
01-01 08:00:06.355  2733  2733 I [Gralloc]: yres         = 720 px
01-01 08:00:06.355  2733  2733 I [Gralloc]: xres_virtual = 1280 px
01-01 08:00:06.355  2733  2733 I [Gralloc]: yres_virtual = 2880 px
01-01 08:00:06.355  2733  2733 I [Gralloc]: bpp          = 32
01-01 08:00:06.355  2733  2733 I [Gralloc]: r            =  0:8
01-01 08:00:06.355  2733  2733 I [Gralloc]: g            =  8:8
01-01 08:00:06.355  2733  2733 I [Gralloc]: b            = 16:8
01-01 08:00:06.355  2733  2733 I [Gralloc]: width        = 203 mm (160.157639 dpi)
01-01 08:00:06.355  2733  2733 I [Gralloc]: height       = 114 mm (160.421051 dpi)
01-01 08:00:06.355  2733  2733 I [Gralloc]: refresh rate = 59.81 Hz
01-01 08:00:06.355  2733  2733 I fbdev   : fbdev_mmap map to 0x0xa6abf000
01-01 08:00:06.357  2754  2946 I MI3     : MI_SYS_Init() without Parameter
01-01 08:00:06.357  2754  2754 E Utopia  : [MSOS][ERROR][MsOS_CreateMutex][2230]    [MsOS_CreateMutex][2230] Update max number of msos mutex: 256
01-01 08:00:06.358  2754  2754 I Utopia  : [MSOS][INFO][MsOS_SHM_Init][1097]     Mappd share memory: 0xtA9527000
01-01 08:00:06.358  2754  2754 I Utopia  : [MSOS][INFO][_MsOS_InitEventGroup][4039]     Flag=MSOS_SHM_QUERY Addr=0xA953EC18
01-01 08:00:06.358  2754  2754 I         : [utopia info] open: /vendor/etc/utopia.conf
01-01 08:00:06.359  2365  2365 W hwservicemanager: getTransport: Cannot find entry android.hardware.audio@4.0::IDevicesFactory/msd in either framework or device manifest.
01-01 08:00:06.359  2862  2862 D MTK_KL  : 4,2210,6532927,-;<MI3_WARN>Warning: MI_SYS_Init() already be inited!
01-01 08:00:06.359  2862  2862 D MTK_KL  : 3,2211,6534374,-;[MDrv_Queue_Init][773] Already inited.
01-01 08:00:06.362  2754  2754 D Utopia  : [PWS][35mFunction = void PWSRegisterToUtopia(FUtopiaOpen), Line = 1134, PWS Register finished[m
01-01 08:00:06.362  2752  2752 I AudioFlinger: Using default 3000 mSec as standby time.
01-01 08:00:06.368  2754  2754 W Utopia  : [MSOS][WARN][MsOS_Init][5835]     Already inited.
01-01 08:00:06.368  2754  2754 I Utopia  : [[MsOS_MMA_Init]][000355] MsOS_MMA_Init size=49152
01-01 08:00:06.369  2754  2754 D Utopia  : [SYS][35mFunction = MS_U32 SYSOpen(void **, void *), Line = 1698, current resource pri_shm content is: 0[m
01-01 08:00:06.369  2754  2754 D Utopia  : [SYS][35mFunction = MS_U32 SYSOpen(void **, void *), Line = 1717, [SYS INFO] OPEN INSTANCE...[m
01-01 08:00:06.371  2862  2862 D MTK_KL  : 7,2212,6544908,-;<UTPA_DEBUG>[Utopia][MIU]: [MIU INFO] miu open
01-01 08:00:06.371  2862  2862 D MTK_KL  : 4,2213,6545421,-;--------->MBX DRIVER OPEN: cnt=6
01-01 08:00:06.371  2862  2862 D MTK_KL  : 4,2214,6545463,-;_MDrv_MBXIO_FASYNC is invoked
01-01 08:00:06.371  2862  2862 D MTK_KL  : 4,2215,6545467,-;_MDrv_MBXIO_FASYNC is ok
01-01 08:00:06.375  2752  2752 E APM::Serializer: deserialize: Could not parse /odm/etc/audio_policy_configuration.xml document.
01-01 08:00:06.384  2854  2854 E cutils-trace: Error opening trace file: No such file or directory (2)
