01-01 08:00:07.792  2619  2619 I Zygote  : Preloading classes...
01-01 08:00:07.829  2619  2619 I PackageBackwardCompatibility: Loaded android.content.pm.OrgApacheHttpLegacyUpdater
01-01 08:00:07.830  2619  2619 I PackageBackwardCompatibility: Could not find android.content.pm.AndroidTestBaseUpdater, ignoring
01-01 08:00:07.889  2862  2862 D MTK_KL  : 4,2706,8059226,-;** EARC Chip Capability is SUPPORT_ARC\x0d
01-01 08:00:07.889  2862  2862 D MTK_KL  : 0,2707,8059246,-; _bForceDisableEarc :1,[_MI_CEC_Hw_Init][1852]
01-01 08:00:07.890  2862  2862 D MTK_KL  : 4,2708,8065024,-;[MSOS][MsOS_DisableInterrupt][3826] Un-used interrupt enum = 0x8B.
01-01 08:00:07.890  2862  2862 D MTK_KL  : 3,2709,8065030,-;<MI3_ERR>MI_OS_DisableInterrupt[2417]: MI_OS_DisableInterrupt: eIntNum = 139 fail!
01-01 08:00:07.890  2862  2862 D MTK_KL  : 4,2710,8065033,-;[MSOS][MsOS_DetachInterrupt][3702] Already detach interrupt enum = 0x8B.
01-01 08:00:07.890  2862  2862 D MTK_KL  : 4,2711,8065149,-;\x1b[35m[MsOS_ReleaseMutex][1745] Try to unlock a mutex which locked by others \x1b[m
01-01 08:00:07.890  2862  2862 D MTK_KL  : 3,2712,8065154,-;<MI3_ERR>MI_OS_ReleaseMutex[1418]: MI_OS_ReleaseMutex: MutexId = 1985216699 fail!
01-01 08:00:07.890  2862  2862 D MTK_KL  : 6,2713,8065157,-;[MI][MI_CEC_Open 2140]CEC Handle = 0x43454300
01-01 08:00:07.890  2862  2862 D MTK_KL  : 4,2714,8065610,c;[DemodClkClose]not 5863!
01-01 08:00:07.890  2862  2862 D MTK_KL  : 4,2715,8065618,-;/home/code/android/vendor/mediatek/proprietary_tv/apollo/linux_core/driver/ko/target/linux/app_if/mtal/sglue/brdcst_if/tuner_src/TunerMIF/mif_pd_glue.c DTMB_TunerOpen 
01-01 08:00:07.890  2862  2862 D MTK_KL  : 6,2716,8065648,-;<MI3_INFO><<<MI_TUNER_GetHandle[7924]The TUNER = 0 has not been opened !
01-01 08:00:07.890  2862  2862 D MTK_KL  : 4,2717,8065650,-;MK_CloseVoid no valid handle
01-01 08:00:07.890  2862  2862 D MTK_KL  : 4,2718,8065661,-;\x1b[45;37m  Mif_GetBrdCstIfType[4513][dtmb bring]  ::   \x1b[0m
01-01 08:00:07.890  2862  2862 D MTK_KL  : 4,2719,8065664,c;[Mif_GetBrdCstIfType]CN config=5
01-01 08:00:07.890  2862  2862 D MTK_KL  : 4,2720,8065710,-;[MApi_CMA_Pool_Init:303]heap_info heap_id:17, flags:1 
01-01 08:00:07.890  2862  2862 D MTK_KL  : 7,2721,8065715,-;\x1b[35mFunction = CMA_Pool_ioctl, Line = 3194, copy_from_user: 40 bytes, cmd is 0xC0285000\x1b[m
01-01 08:00:07.890  2862  2862 D MTK_KL  : 7,2722,8065720,-;\x1b[35mFunction = CMA_Pool_Init, Line = 908, create proc_info\x1b[m
01-01 08:00:07.890  2862  2862 D MTK_KL  : 7,2723,8065724,-;\x1b[35mFunction = CMA_Pool_Init, Line = 973, create heap_info\x1b[m
01-01 08:00:07.890  2862  2862 D MTK_KL  : 4,2724,8065733,c; -IO: fptIniThreadNfy trigger
01-01 08:00:07.890  2862  2862 D MTK_KL  : 7,2725,8065914,-;\x1b[35mCMA_POOL_IOC_INIT costs 0 ms\x1b[m\x0a
01-01 08:00:07.890  2862  2862 D MTK_KL  : 4,2726,8065921,-;[MApi_CMA_Pool_Init:321]heap_info pool_handle_id:23, miu:0 heap_miu_start_offset:599785472 heap_length:0x1000000
01-01 08:00:07.890  2862  2862 D MTK_KL  : 4,2727,8065926,-;[MApi_CMA_Pool_Init:378]ret == true=1
01-01 08:00:07.890  2862  2862 D MTK_KL  : 4,2728,8065932,-;[MApi_CMA_Pool_GetMem:414]alloc_param  pool_handle_id:17  offset_in_pool:0 length:400500000 flags:0
01-01 08:00:07.890  2862  2862 D MTK_KL  : 7,2729,8065936,-;\x1b[35mFunction = CMA_Pool_ioctl, Line = 3194, copy_from_user: 32 bytes, cmd is 0xC0205002\x1b[m
01-01 08:00:07.890  2862  2862 D MTK_KL  : 7,2730,8065944,-;\x1b[31mdma_alloc_at_from_contiguous(alloc 1280 pages, at_addr 0x43C00000, start pfn 0x43C00)\x1b[m
01-01 08:00:07.890  2862  2862 D MTK_KL  : 7,2731,8065946,-;\x1b[35mFunction = dma_alloc_at_from_contiguous, Line = 636, find bit_map from 0x0\x1b[m
01-01 08:00:07.890  2862  2862 D MTK_KL  : 7,2732,8065950,-;\x1b[32m[InitThread] Before dma_alloc_at_from_contiguous \x1b[m
01-01 08:00:07.890  2862  2862 D MTK_KL  : 7,2733,8065952,-;\x1b[32mcma_area having \x1b[m
01-01 08:00:07.890  2862  2862 D MTK_KL  : 7,2734,8065958,-;\x1b[32m4096 free pages\x1b[m
01-01 08:00:07.892  2862  2862 D MTK_KL  : 4,2735,8066692,c; -IO: fptIniThreadNfy trigger
01-01 08:00:07.892  2862  2862 D MTK_KL  : 4,2736,8066890,+; -IO: fptIniThreadNfy trigger
01-01 08:00:07.892  2862  2862 D MTK_KL  : 7,2737,8067265,-;\x1b[35mmigration data is 0 kb\x1b[m
01-01 08:00:07.892  2862  2862 D MTK_KL  : 4,2738,8067297,c; -IO: fptIniThreadNfy trigger
01-01 08:00:07.892  2862  2862 D MTK_KL  : 7,2739,8067647,-;\x1b[35malloc_contig_range costs 1 ms\x1b[m\x0a
01-01 08:00:07.892  2862  2862 D MTK_KL  : 7,2740,8067652,-;\x1b[32m[InitThread] After dma_alloc_at_from_contiguous \x1b[m
01-01 08:00:07.892  2862  2862 D MTK_KL  : 7,2741,8067656,-;\x1b[32mcma_area having \x1b[m
01-01 08:00:07.892  2862  2862 D MTK_KL  : 7,2742,8067663,-;\x1b[32m2816 free pages\x1b[m
01-01 08:00:07.892  2862  2862 D MTK_KL  : 4,2743,8067811,c; -IO: fptIniThreadNfy trigger
01-01 08:00:07.892  2862  2862 D MTK_KL  : 7,2744,8068007,-;\x1b[35mFunction = CMA_Pool_Alloc, Line = 2097, mapping from 0x43C00000 to 0x44100000\x1b[m
01-01 08:00:07.892  2862  2862 D MTK_KL  : 7,2745,8068014,-;dump heap_id 23 information: min_start 0x43C00000, max_end 0x44100000
01-01 08:00:07.892  2862  2862 D MTK_KL  : 7,2746,8068022,-;allocated info: cpu address 0xE9A78000, phy_addr 0x43C00000, length 0x500000, pid 3102, freed 0, mapped 1 "InitThread"
01-01 08:00:07.892  2862  2862 D MTK_KL  : 7,2747,8068033,-;\x1b[35mCMA_POOL_IOC_ALLOC costs 2 ms\x1b[m\x0a
01-01 08:00:07.892  2862  2862 D MTK_KL  : 4,2748,8068041,-;\x1b[35mFunction = MApi_CMA_Pool_GetMem, Line = 431, alloc_param->virt_addr is 0xE9A78000\x1b[m
01-01 08:00:07.892  2862  2862 D MTK_KL  : 3,2749,8068083,-;<MI3_ERR>_MI_TUNER_ApplyOpenParams[3821]: 1st time to set dmd buffer and tuner isn't inited!
01-01 08:00:07.892  2862  2862 D MTK_KL  : 3,2750,8068129,-;<MI3_ERR>_MI_TUNER_ApplyOpenParams[3836]: Error: failed to MApi_DigiTuner_Init(0)
01-01 08:00:07.892  2862  2862 D MTK_KL  : 3,2751,8068133,-;<MI3_ERR>MI_TUNER_Open[7776]: Error 0x3: failed to _MI_TUNER_ApplyOpenParams()
01-01 08:00:07.892  2862  2862 D MTK_KL  : 4,2752,8068147,-;\x1b[45;37m  DTMB_TunerOpen[4274][dtmb]  ::   \x1b[0m
01-01 08:00:07.892  2862  2862 D MTK_KL  : 3,2753,8068176,-;<MI3_ERR>_MI_TUNER_ApplyOpenParams[3836]: Error: failed to MApi_DigiTuner_Init(0)
01-01 08:00:07.892  2862  2862 D MTK_KL  : 3,2754,8068178,-;<MI3_ERR>MI_TUNER_Open[7776]: Error 0x3: failed to _MI_TUNER_ApplyOpenParams()
01-01 08:00:07.895  2862  2862 D MTK_KL  : 4,2755,8068838,c; -IO: fptIniThreadNfy trigger
01-01 08:00:07.895  2862  2862 D MTK_KL  : 3,2756,8068873,-;<MI3_ERR>_MI_TUNER_ApplyOpenParams[3836]: Error: failed to MApi_DigiTuner_Init(0)
01-01 08:00:07.895  2862  2862 D MTK_KL  : 3,2757,8068877,-;<MI3_ERR>MI_TUNER_Open[7776]: Error 0x3: failed to _MI_TUNER_ApplyOpenParams()
01-01 08:00:07.895  2862  2862 D MTK_KL  : 4,2758,8069012,-;[MI][MI_DISP_Init][17062]:wait _bDispInited 
01-01 08:00:07.895  2862  2862 D MTK_KL  : 4,2759,8069016,-;pstInitParams cdf9db74, _bDoInit 1
01-01 08:00:07.895  2862  2862 D MTK_KL  : 4,2760,8069018,-;[MI][MI_DISP_Init][17068]:return MI_HAS_INITED 
01-01 08:00:07.895  2862  2862 D MTK_KL  : 6,2761,8069039,-;<MI3_INFO><<<MI_DISP_OpenController[18070]
01-01 08:00:07.895  2862  2862 D MTK_KL  : 6,2762,8069042,-;[MI][MI_DISP_OpenController 18072]DispController Handle = 0x0
01-01 08:00:07.895  2862  2862 D MTK_KL  : 6,2763,8069072,-;<MI3_INFO><<<MI_DISP_GetHandle[18793]
01-01 08:00:07.895  2862  2862 D MTK_KL  : 4,2764,8069085,-;[MI][MI_DISP_Open][18301]:DISP Open name is init_thread
01-01 08:00:07.895  2862  2862 D MTK_KL  : 6,2765,8069162,-;[MI][MI_DISP_Open 18468]Window Index = 1
01-01 08:00:07.895  2862  2862 D MTK_KL  : 6,2766,8069172,-;<MI3_INFO><<<MI_DISP_GetHandle[18793]
01-01 08:00:07.895  2862  2862 D MTK_KL  : 4,2767,8069181,-;[MI][MI_DISP_Open][18301]:DISP Open name is init_thread
01-01 08:00:07.895  2862  2862 D MTK_KL  : 6,2768,8069250,-;[MI][MI_DISP_Open 18468]Window Index = 2
01-01 08:00:07.943  2862  2862 D MTK_KL  : 4,2769,8116131,-;_MTGVDO_LoadNlaIni[8669] NLA Parsing:, i: 0, j: 0, NLA point: 0, 25, 50, 75, 100
01-01 08:00:07.943  2862  2862 D MTK_KL  : 4,2770,8116138,-;_MTGVDO_LoadNlaIni[8669] NLA Parsing:, i: 0, j: 1, NLA point: 80, 110, 128, 145, 178
01-01 08:00:07.944  2862  2862 D MTK_KL  : 4,2771,8116142,-;_MTGVDO_LoadNlaIni[8669] NLA Parsing:, i: 0, j: 2, NLA point: 80, 110, 128, 148, 178
01-01 08:00:07.944  2862  2862 D MTK_KL  : 4,2772,8116146,-;_MTGVDO_LoadNlaIni[8669] NLA Parsing:, i: 0, j: 3, NLA point: 0, 80, 155, 175, 255
01-01 08:00:07.944  2862  2862 D MTK_KL  : 4,2773,8116150,-;_MTGVDO_LoadNlaIni[8669] NLA Parsing:, i: 0, j: 4, NLA point: 0, 12, 28, 45, 63
01-01 08:00:07.944  2862  2862 D MTK_KL  : 4,2774,8116154,-;_MTGVDO_LoadNlaIni[8669] NLA Parsing:, i: 0, j: 5, NLA point: 30, 40, 50, 60, 70
01-01 08:00:07.944  2862  2862 D MTK_KL  : 4,2775,8116158,-;_MTGVDO_LoadNlaIni[8669] NLA Parsing:, i: 0, j: 6, NLA point: 8192, 22528, 36864, 50944, 65280
01-01 08:00:07.944  2862  2862 D MTK_KL  : 4,2776,8118462,-;_MTGVDO_LoadNlaIni[8669] NLA Parsing:, i: 1, j: 0, NLA point: 0, 25, 50, 75, 100
01-01 08:00:07.944  2862  2862 D MTK_KL  : 4,2777,8118467,-;_MTGVDO_LoadNlaIni[8669] NLA Parsing:, i: 1, j: 1, NLA point: 88, 108, 128, 138, 148
01-01 08:00:07.944  2862  2862 D MTK_KL  : 4,2778,8118471,-;_MTGVDO_LoadNlaIni[8669] NLA Parsing:, i: 1, j: 2, NLA point: 0, 64, 128, 192, 255
01-01 08:00:07.944  2862  2862 D MTK_KL  : 4,2779,8118475,-;_MTGVDO_LoadNlaIni[8669] NLA Parsing:, i: 1, j: 3, NLA point: 0, 64, 128, 192, 255
01-01 08:00:07.944  2862  2862 D MTK_KL  : 4,2780,8118479,-;_MTGVDO_LoadNlaIni[8669] NLA Parsing:, i: 1, j: 4, NLA point: 0, 11, 23, 41, 63
01-01 08:00:07.944  2862  2862 D MTK_KL  : 4,2781,8118483,-;_MTGVDO_LoadNlaIni[8669] NLA Parsing:, i: 1, j: 5, NLA point: 0, 25, 50, 75, 100
01-01 08:00:07.944  2862  2862 D MTK_KL  : 4,2782,8118487,-;_MTGVDO_LoadNlaIni[8669] NLA Parsing:, i: 1, j: 6, NLA point: 8192, 22528, 36864, 50944, 65280
01-01 08:00:07.947  2862  2862 D MTK_KL  : 4,2783,8121044,-;_MTGVDO_LoadNlaIni[8669] NLA Parsing:, i: 2, j: 0, NLA point: 0, 25, 50, 75, 100
01-01 08:00:07.947  2862  2862 D MTK_KL  : 4,2784,8121051,-;_MTGVDO_LoadNlaIni[8669] NLA Parsing:, i: 2, j: 1, NLA point: 80, 110, 128, 145, 178
01-01 08:00:07.947  2862  2862 D MTK_KL  : 4,2785,8121055,-;_MTGVDO_LoadNlaIni[8669] NLA Parsing:, i: 2, j: 2, NLA point: 80, 110, 128, 148, 178
01-01 08:00:07.947  2862  2862 D MTK_KL  : 4,2786,8121059,-;_MTGVDO_LoadNlaIni[8669] NLA Parsing:, i: 2, j: 3, NLA point: 0, 80, 155, 175, 255
01-01 08:00:07.947  2862  2862 D MTK_KL  : 4,2787,8121063,-;_MTGVDO_LoadNlaIni[8669] NLA Parsing:, i: 2, j: 4, NLA point: 0, 12, 28, 45, 63
01-01 08:00:07.947  2862  2862 D MTK_KL  : 4,2788,8121067,-;_MTGVDO_LoadNlaIni[8669] NLA Parsing:, i: 2, j: 5, NLA point: 30, 40, 50, 60, 70
01-01 08:00:07.947  2862  2862 D MTK_KL  : 4,2789,8121071,-;_MTGVDO_LoadNlaIni[8669] NLA Parsing:, i: 2, j: 6, NLA point: 8192, 22528, 36864, 50944, 65280
01-01 08:00:07.951  2862  2862 D MTK_KL  : 4,2790,8123739,-;_MTGVDO_LoadNlaIni[8669] NLA Parsing:, i: 3, j: 0, NLA point: 0, 25, 50, 75, 100
01-01 08:00:07.951  2862  2862 D MTK_KL  : 4,2791,8123746,-;_MTGVDO_LoadNlaIni[8669] NLA Parsing:, i: 3, j: 1, NLA point: 80, 110, 128, 145, 178
01-01 08:00:07.951  2862  2862 D MTK_KL  : 4,2792,8123750,-;_MTGVDO_LoadNlaIni[8669] NLA Parsing:, i: 3, j: 2, NLA point: 80, 110, 128, 148, 178
01-01 08:00:07.951  2862  2862 D MTK_KL  : 4,2793,8123754,-;_MTGVDO_LoadNlaIni[8669] NLA Parsing:, i: 3, j: 3, NLA point: 0, 80, 155, 175, 255
01-01 08:00:07.951  2862  2862 D MTK_KL  : 4,2794,8123757,-;_MTGVDO_LoadNlaIni[8669] NLA Parsing:, i: 3, j: 4, NLA point: 0, 12, 28, 45, 63
01-01 08:00:07.951  2862  2862 D MTK_KL  : 4,2795,8123761,-;_MTGVDO_LoadNlaIni[8669] NLA Parsing:, i: 3, j: 5, NLA point: 30, 40, 50, 60, 70
01-01 08:00:07.951  2862  2862 D MTK_KL  : 4,2796,8123766,-;_MTGVDO_LoadNlaIni[8669] NLA Parsing:, i: 3, j: 6, NLA point: 8192, 22528, 36864, 50944, 65280
01-01 08:00:07.951  2862  2862 D MTK_KL  : 4,2797,8126096,-;_MTGVDO_LoadNlaIni[8669] NLA Parsing:, i: 4, j: 0, NLA point: 0, 25, 50, 75, 100
01-01 08:00:07.951  2862  2862 D MTK_KL  : 4,2798,8126102,-;_MTGVDO_LoadNlaIni[8669] NLA Parsing:, i: 4, j: 1, NLA point: 80, 110, 128, 145, 178
01-01 08:00:07.951  2862  2862 D MTK_KL  : 4,2799,8126106,-;_MTGVDO_LoadNlaIni[8669] NLA Parsing:, i: 4, j: 2, NLA point: 80, 110, 128, 148, 178
01-01 08:00:07.951  2862  2862 D MTK_KL  : 4,2800,8126110,-;_MTGVDO_LoadNlaIni[8669] NLA Parsing:, i: 4, j: 3, NLA point: 0, 80, 155, 175, 255
01-01 08:00:07.951  2862  2862 D MTK_KL  : 4,2801,8126113,-;_MTGVDO_LoadNlaIni[8669] NLA Parsing:, i: 4, j: 4, NLA point: 0, 12, 28, 45, 63
01-01 08:00:07.951  2862  2862 D MTK_KL  : 4,2802,8126117,-;_MTGVDO_LoadNlaIni[8669] NLA Parsing:, i: 4, j: 5, NLA point: 30, 40, 50, 60, 70
01-01 08:00:07.951  2862  2862 D MTK_KL  : 4,2803,8126121,-;_MTGVDO_LoadNlaIni[8669] NLA Parsing:, i: 4, j: 6, NLA point: 8192, 22528, 36864, 50944, 65280
01-01 08:00:07.955  2862  2862 D MTK_KL  : 4,2804,8128706,-;_MTGVDO_LoadNlaIni[8669] NLA Parsing:, i: 5, j: 0, NLA point: 0, 25, 50, 75, 100
01-01 08:00:07.955  2862  2862 D MTK_KL  : 4,2805,8128713,-;_MTGVDO_LoadNlaIni[8669] NLA Parsing:, i: 5, j: 1, NLA point: 80, 110, 128, 145, 178
01-01 08:00:07.955  2862  2862 D MTK_KL  : 4,2806,8128717,-;_MTGVDO_LoadNlaIni[8669] NLA Parsing:, i: 5, j: 2, NLA point: 80, 110, 128, 148, 178
01-01 08:00:07.955  2862  2862 D MTK_KL  : 4,2807,8128721,-;_MTGVDO_LoadNlaIni[8669] NLA Parsing:, i: 5, j: 3, NLA point: 0, 80, 155, 175, 255
01-01 08:00:07.955  2862  2862 D MTK_KL  : 4,2808,8128725,-;_MTGVDO_LoadNlaIni[8669] NLA Parsing:, i: 5, j: 4, NLA point: 0, 12, 28, 45, 63
01-01 08:00:07.955  2862  2862 D MTK_KL  : 4,2809,8128728,-;_MTGVDO_LoadNlaIni[8669] NLA Parsing:, i: 5, j: 5, NLA point: 30, 40, 50, 60, 70
01-01 08:00:07.955  2862  2862 D MTK_KL  : 4,2810,8128732,-;_MTGVDO_LoadNlaIni[8669] NLA Parsing:, i: 5, j: 6, NLA point: 8192, 22528, 36864, 50944, 65280
01-01 08:00:07.959  2862  2862 D MTK_KL  : 4,2811,8131461,-;_MTGVDO_LoadNlaIni[8669] NLA Parsing:, i: 6, j: 0, NLA point: 0, 25, 50, 75, 100
01-01 08:00:07.959  2862  2862 D MTK_KL  : 4,2812,8131467,-;_MTGVDO_LoadNlaIni[8669] NLA Parsing:, i: 6, j: 1, NLA point: 80, 110, 128, 145, 178
01-01 08:00:07.959  2862  2862 D MTK_KL  : 4,2813,8131471,-;_MTGVDO_LoadNlaIni[8669] NLA Parsing:, i: 6, j: 2, NLA point: 80, 110, 128, 148, 178
01-01 08:00:07.959  2862  2862 D MTK_KL  : 4,2814,8131475,-;_MTGVDO_LoadNlaIni[8669] NLA Parsing:, i: 6, j: 3, NLA point: 0, 80, 155, 175, 255
01-01 08:00:07.959  2862  2862 D MTK_KL  : 4,2815,8131485,-;_MTGVDO_LoadNlaIni[8669] NLA Parsing:, i: 6, j: 4, NLA point: 0, 12, 28, 45, 63
01-01 08:00:07.959  2862  2862 D MTK_KL  : 4,2816,8131491,-;_MTGVDO_LoadNlaIni[8669] NLA Parsing:, i: 6, j: 5, NLA point: 30, 40, 50, 60, 70
01-01 08:00:07.959  2862  2862 D MTK_KL  : 4,2817,8131500,-;_MTGVDO_LoadNlaIni[8669] NLA Parsing:, i: 6, j: 6, NLA point: 8192, 22528, 36864, 50944, 65280
01-01 08:00:07.959  2862  2862 D MTK_KL  : 4,2818,8134001,-;_MTGVDO_LoadNlaIni[8669] NLA Parsing:, i: 7, j: 0, NLA point: 0, 25, 50, 75, 100
01-01 08:00:07.959  2862  2862 D MTK_KL  : 4,2819,8134008,-;_MTGVDO_LoadNlaIni[8669] NLA Parsing:, i: 7, j: 1, NLA point: 80, 110, 128, 145, 178
01-01 08:00:07.959  2862  2862 D MTK_KL  : 4,2820,8134012,-;_MTGVDO_LoadNlaIni[8669] NLA Parsing:, i: 7, j: 2, NLA point: 80, 110, 128, 148, 178
01-01 08:00:07.959  2862  2862 D MTK_KL  : 4,2821,8134016,-;_MTGVDO_LoadNlaIni[8669] NLA Parsing:, i: 7, j: 3, NLA point: 0, 80, 155, 175, 255
01-01 08:00:07.959  2862  2862 D MTK_KL  : 4,2822,8134020,-;_MTGVDO_LoadNlaIni[8669] NLA Parsing:, i: 7, j: 4, NLA point: 0, 12, 28, 45, 63
01-01 08:00:07.959  2862  2862 D MTK_KL  : 4,2823,8134024,-;_MTGVDO_LoadNlaIni[8669] NLA Parsing:, i: 7, j: 5, NLA point: 30, 40, 50, 60, 70
01-01 08:00:07.959  2862  2862 D MTK_KL  : 4,2824,8134028,-;_MTGVDO_LoadNlaIni[8669] NLA Parsing:, i: 7, j: 6, NLA point: 8192, 22528, 36864, 50944, 65280
01-01 08:00:07.963  2862  2862 D MTK_KL  : 4,2825,8136765,-;_MTGVDO_LoadNlaIni[8669] NLA Parsing:, i: 8, j: 0, NLA point: 0, 25, 50, 75, 100
01-01 08:00:07.963  2862  2862 D MTK_KL  : 4,2826,8136773,-;_MTGVDO_LoadNlaIni[8669] NLA Parsing:, i: 8, j: 1, NLA point: 80, 110, 128, 145, 178
01-01 08:00:07.963  2862  2862 D MTK_KL  : 4,2827,8136777,-;_MTGVDO_LoadNlaIni[8669] NLA Parsing:, i: 8, j: 2, NLA point: 80, 110, 128, 148, 178
01-01 08:00:07.963  2862  2862 D MTK_KL  : 4,2828,8136781,-;_MTGVDO_LoadNlaIni[8669] NLA Parsing:, i: 8, j: 3, NLA point: 0, 80, 155, 175, 255
01-01 08:00:07.963  2862  2862 D MTK_KL  : 4,2829,8136785,-;_MTGVDO_LoadNlaIni[8669] NLA Parsing:, i: 8, j: 4, NLA point: 0, 12, 28, 45, 63
01-01 08:00:07.963  2862  2862 D MTK_KL  : 4,2830,8136789,-;_MTGVDO_LoadNlaIni[8669] NLA Parsing:, i: 8, j: 5, NLA point: 30, 40, 50, 60, 70
01-01 08:00:07.963  2862  2862 D MTK_KL  : 4,2831,8136793,-;_MTGVDO_LoadNlaIni[8669] NLA Parsing:, i: 8, j: 6, NLA point: 8192, 22528, 36864, 50944, 65280
01-01 08:00:07.967  2862  2862 D MTK_KL  : 4,2832,8141911,-;MTGVDECEX_MtVdecexInit 1058 Open ATV Device:0 
01-01 08:00:07.967  2862  2862 D MTK_KL  : 6,2833,8142035,-;[MI][MI_EXTIN_Open 2861]Extin Handle = 0x43000600
01-01 08:00:07.967  2862  2862 D MTK_KL  : 4,2834,8142039,-;[MTGVDECEX_MtVdecexInit 1066] 43000600
01-01 08:00:07.967  2862  2862 D MTK_KL  : 4,2835,8142050,-; Open CVBS Device:1 
01-01 08:00:07.967  2862  2862 D MTK_KL  : 6,2836,8142068,-;[MI][MI_EXTIN_Open 2861]Extin Handle = 0x43000301
01-01 08:00:07.967  2862  2862 D MTK_KL  : 4,2837,8142194,-;\x1b[1;31miniparser_load[1199]: 
01-01 08:00:07.967  2862  2862 D MTK_KL  : 4,2838,8142197,-;iniparser: cannot open /vendor/tvconfig/config/HSY/Color.ini
01-01 08:00:07.967  2862  2862 D MTK_KL  : 4,2839,8142199,-;\x1b[0m
01-01 08:00:07.967  2862  2862 D MTK_KL  : 4,2840,8142205,-;[MTVDO][_MTVDO_ParseHSY][1504] MI_SYS_OpenConfigFile: MTVDO_HSY_INI_PATH failed.
01-01 08:00:07.967  2862  2862 D MTK_KL  : 4,2841,8142682,-;\x1b[1;31miniparser_load[1199]: 
01-01 08:00:07.967  2862  2862 D MTK_KL  : 4,2842,8142686,-;iniparser: cannot open /vendor/tvconfig/config/gamma/gammatable_1.ini
01-01 08:00:07.967  2862  2862 D MTK_KL  : 4,2843,8142688,-;\x1b[0m
01-01 08:00:07.967  2862  2862 D MTK_KL  : 4,2844,8142758,-;[_MTVDO_ParsePanelGammaTable] Dbg: panel ini path = /vendor/tvconfig/config/panel/PNL_CUSTOMER_DEFAULT.ini 
01-01 08:00:07.978  3057  3117 D BootAnimation: pBootVideoEnableValue = 0
01-01 08:00:07.978  3057  3117 D BootAnimation: mBootVideo false!
01-01 08:00:07.978  3057  3117 E cutils-trace: Error opening trace file: No such file or directory (2)
01-01 08:00:07.987  2862  2862 D MTK_KL  : 4,2845,8161152,-;[MTVDO][_MTVDO_ParsePanelGammaTable][2231] fail to _MTVDO_ParseGammaTableInfo[1].
01-01 08:00:07.987  2862  2862 D MTK_KL  : 4,2846,8161282,-;[MTGVDO_Init] Parsing Panel ini Gamma Failed! 
01-01 08:00:07.987  2862  2862 D MTK_KL  : 4,2847,8162505,c;[VDEC]Already initialized MTGVDEC module
01-01 08:00:07.987  2862  2862 D MTK_KL  : 4,2848,8162649,-;MTGDMX_Init 993
01-01 08:00:07.987  2862  2862 D MTK_KL  : 4,2849,8162652,-;MTGDMX_Init 997
01-01 08:00:07.987  2862  2862 D MTK_KL  : 4,2850,8162819,c;[SWDMX]_SWDMX_Init()
01-01 08:00:07.987  2862  2862 D MTK_KL  : 4,2851,8163358,+;[SWDMX]Swdmx Init OK
01-01 08:00:07.991  2862  2862 D MTK_KL  : 6,2852,8164145,-;MI_VBI_SetDebugLevel(Level = 32)
01-01 08:00:07.991  2862  2862 D MTK_KL  : 7,2853,8164314,-;<UTPA_DEBUG>[Utopia][SYS]: [ERROR][HAL_SYS_Query][1083]Unknown query!
01-01 08:00:07.991  2862  2862 D MTK_KL  : 6,2854,8164811,-;MI VBI Semaphore: 1985216608
01-01 08:00:08.007  2862  2862 D MTK_KL  : 4,2855,8179438,-;[MI][_MTGVDO_OutputRectChangeCheck][7279]:Output rect{0, 0, 1366, 768}. Panel{0, 0, 1366, 768}
01-01 08:00:08.007  2862  2862 D MTK_KL  : 4,2856,8179464,-;[MI][_MTGVDO_OutputRectChangeCheck][7279]:Output rect{0, 0, 1366, 768}. Panel{0, 0, 1366, 768}
01-01 08:00:08.027  2862  2862 D MTK_KL  : 6,2857,8199235,-;<MI3_INFO><<<MI_EXTIN_SetAttr[3428]MI_EXTIN_SetAttr fail! hExtin: 0x43ffffff eAttrType: 32781
01-01 08:00:08.063  3057  3117 D libEGL  : loaded /vendor/lib/egl/libGLES_mali.so
01-01 08:00:08.091  2862  2862 D MTK_KL  : 4,2858,8263274,-;[MI][_MTGVDECEX_RegAutoDetectSourceNfy][2466]:CB_MTAL_VDECEX_AUTO_DETECT_SRC, ExtInType:E_MI_EXTIN_TYPE_CVBS, Index:2, SignalStatus:1 ,SignalStatus:No connect
01-01 08:00:08.091  2862  2862 D MTK_KL  : 4,2859,8263299,-;[MI][_MTGVDECEX_RegAutoDetectSourceNfy][2466]:CB_MTAL_VDECEX_AUTO_DETECT_SRC, ExtInType:E_MI_EXTIN_TYPE_CVBS, Index:3, SignalStatus:1 ,SignalStatus:No connect
01-01 08:00:08.095  2862  2862 D MTK_KL  : 6,2860,8271193,-;Exit VBI monitor Task
01-01 08:00:08.095  2862  2862 D MTK_KL  : 4,2861,8271212,-;[MsOS_DeleteTask][1230] MsOS_DeleteTask is not supported
01-01 08:00:08.095  2862  2862 D MTK_KL  : 3,2862,8271293,-;<UTPA_ERR>[Utopia][VBI]: VBI already Opened
01-01 08:00:08.099  2862  2862 D MTK_KL  : 7,2863,8271504,-;<UTPA_DEBUG>[Utopia][SYS]: [ERROR][HAL_SYS_Query][1083]Unknown query!
01-01 08:00:08.099  2862  2862 D MTK_KL  : 4,2864,8271509,-;[MSOS][MsOS_AttachInterrupt][3556] Already attach interrupt enum = 0x1C.
01-01 08:00:08.151  2862  2862 D MTK_KL  : 4,2865,8323259,-;[MI][_MTGVDECEX_RegAutoDetectSourceNfy][2496]:CB_MTAL_VDECEX_AUTO_DETECT_SRC, ExtInType:E_MI_EXTIN_TYPE_VGA, Index:12, SignalStatus:1 ,SignalStatus:No connect
01-01 08:00:08.175  2862  2862 D MTK_KL  : 4,2866,8347256,-;<MI3_WARN>Error: Invalid board index = -1, with eBoardId = 35
01-01 08:00:08.175  2862  2862 D MTK_KL  : 4,2867,8347264,-;[_MI_AUDIO_PopNoiseEliminatorTask:3789][2622] Audio HW mute is unmute
01-01 08:00:08.178  3057  3117 E gralloc : Arm Module v1.0
01-01 08:00:08.181  3057  3117 I ConfigStore: android::hardware::configstore::V1_0::ISurfaceFlingerConfigs::hasWideColorDisplay retrieved: 0
01-01 08:00:08.182  3057  3117 I ConfigStore: android::hardware::configstore::V1_0::ISurfaceFlingerConfigs::hasHDRDisplay retrieved: 0
01-01 08:00:08.183  3057  3117 D mali_winsys: EGLint new_window_surface(egl_winsys_display *, void *, EGLSurface, EGLConfig, egl_winsys_surface **, EGLBoolean) returns 0x3000
01-01 08:00:08.187  3057  3117 D BootAnimation: pBootVideoEnableValue = 0
01-01 08:00:08.188  3057  3117 D BootAnimation: mBootVideo false!
01-01 08:00:08.192  3057  3117 D BootAnimation: BootAnimationShownTiming start time: 8309ms
01-01 08:00:08.203  2862  2862 D MTK_KL  : 6,2868,8379209,-;Exit VBI monitor Task
01-01 08:00:08.203  2862  2862 D MTK_KL  : 4,2869,8379235,-;[MsOS_DeleteTask][1230] MsOS_DeleteTask is not supported
01-01 08:00:08.203  2862  2862 D MTK_KL  : 6,2870,8379284,-;[FUSION]modify pgprot to NC
01-01 08:00:08.203  2862  2862 D MTK_KL  : 4,2871,8379469,-;[MI][MI_DISP_Init][17062]:wait _bDispInited 
01-01 08:00:08.203  2862  2862 D MTK_KL  : 4,2872,8379473,-;pstInitParams cdf9dd68, _bDoInit 1
01-01 08:00:08.203  2862  2862 D MTK_KL  : 4,2873,8379475,-;[MI][MI_DISP_Init][17068]:return MI_HAS_INITED 
01-01 08:00:08.203  2862  2862 D MTK_KL  : 6,2874,8379494,-;<MI3_INFO><<<MI_DISP_OpenController[18070]
01-01 08:00:08.203  2862  2862 D MTK_KL  : 6,2875,8379497,-;[MI][MI_DISP_OpenController 18072]DispController Handle = 0x0
01-01 08:00:08.203  2862  2862 D MTK_KL  : 4,2876,8379500,-;MI_DISP_OpenController failed!, try to get controller handle.
01-01 08:00:08.207  2862  2862 D MTK_KL  : 4,2877,8379657,-;_MTGPMX_CreateEventHandlerTask() succeeded
01-01 08:00:08.207  2862  2862 D MTK_KL  : 4,2878,8381349,c;mtal_ioctl_tunerhal argument copy error
01-01 08:00:08.207  2862  2862 D MTK_KL  : 4,2879,8381359,-;error mtal ioctl(-5): (NAME: MTAL_IOCTYPE_MTFE_TUNERHAL DIR: 00000003 SIZE: 00000020 TYPE: 00000026 NR: 00000009)
01-01 08:00:08.207  2862  2862 D MTK_KL  : 4,2880,8381406,c;mtal_ioctl_tunerhal argument copy error
01-01 08:00:08.207  2862  2862 D MTK_KL  : 4,2881,8381411,-;error mtal ioctl(-5): (NAME: MTAL_IOCTYPE_MTFE_TUNERHAL DIR: 00000003 SIZE: 00000020 TYPE: 00000026 NR: 00000009)
01-01 08:00:08.207  2862  2862 D MTK_KL  : 4,2882,8381459,c;mtal_ioctl_tunerhal argument copy error
01-01 08:00:08.207  2862  2862 D MTK_KL  : 4,2883,8381463,-;error mtal ioctl(-5): (NAME: MTAL_IOCTYPE_MTFE_TUNERHAL DIR: 00000003 SIZE: 00000020 TYPE: 00000026 NR: 00000009)
01-01 08:00:08.207  2862  2862 D MTK_KL  : 4,2884,8381481,c;mtal_ioctl_tunerhal argument copy error
01-01 08:00:08.207  2862  2862 D MTK_KL  : 4,2885,8381485,-;error mtal ioctl(-5): (NAME: MTAL_IOCTYPE_MTFE_TUNERHAL DIR: 00000003 SIZE: 00000020 TYPE: 00000026 NR: 00000009)
01-01 08:00:08.227  2862  2862 D MTK_KL  : 4,2886,8401831,c;[GLUE]__Glue_Hashkey_IsSupport(457) Hashkey Convert eSpec 15  to u4HashKeyIpBit 65535, Support = 1.
01-01 08:00:08.227  2862  2862 D MTK_KL  : 4,2887,8401877,-;Not Support Efuse enum:1049
01-01 08:00:08.227  2862  2862 D MTK_KL  : 4,2888,8401895,-;Not Support Efuse enum:1094
01-01 08:00:08.227  2862  2862 D MTK_KL  : 4,2889,8401911,-;Not Support Efuse enum:1095
01-01 08:00:08.227  2862  2862 D MTK_KL  : 4,2890,8401917,c;[GLUE]__Glue_Efuse_IsSupport(505) Efuse Android eSpec 15 , Support ANDROID=1, ANDROID_ANTV=1, ANDROID_AOSP=1.
01-01 08:00:08.227  2862  2862 D MTK_KL  : 4,2891,8401920,+;[GLUE]__Glue_Efuse_IsSupport(533) Efuse Convert eSpec 15  to u4EfuseIpBit 0x419,  support = 1.
01-01 08:00:08.227  2862  2862 D MTK_KL  : 4,2892,8401924,+;[GLUE]MTGDRVCUST_IsSupport(558) eSpec 15 (fgSupport  1 = bHashKeySupported 1 && bEfuseSupported 1).
01-01 08:00:08.227  2862  2862 D MTK_KL  : 3,2893,8402473,-;<MI3_ERR>_MI_DISPOUT_PanelPowerOnOff[6147]: DEVICE_PANEL _MI_DISPOUT_PanelPowerOnOff[6147]  Panel Driver STR resume Done 
01-01 08:00:08.227  2862  2862 D MTK_KL  : 4,2894,8402658,-;[MI][MUTE_INFO][_MI_DISP_SetMuteFlag][32639]: E_MI_DISP_MUTE_ACTION_UNMUTE
01-01 08:00:08.227  2862  2862 D MTK_KL  : 3,2895,8402661,-;unsupported MTGSYS_ShowLogo
01-01 08:00:08.227  2862  2862 D MTK_KL  : 4,2896,8402668,-;[mute performance] E_MI_DISP_MUTE_ACTION_UNMUTE [8343]
01-01 08:00:08.227  2862  2862 D MTK_KL  : 4,2897,8402732,-;[_MTGPMX_EventHandlerTask][166] MI_DISPOUT_PowerOn OK
01-01 08:00:08.271  2862  2862 D MTK_KL  : 4,2898,8443328,-;[MI][_MTGVDECEX_RegAutoDetectSourceNfy][2559]:CB_MTAL_VDECEX_AUTO_DETECT_SRC, ExtInType:E_MI_EXTIN_TYPE_HDMI, Index:13, SignalStatus:1 ,SignalStatus:No connect
01-01 08:00:08.271  2862  2862 D MTK_KL  : 4,2899,8443375,-;[MI][_MTGVDECEX_RegAutoDetectSourceNfy][2559]:CB_MTAL_VDECEX_AUTO_DETECT_SRC, ExtInType:E_MI_EXTIN_TYPE_HDMI, Index:14, SignalStatus:1 ,SignalStatus:No connect
01-01 08:00:08.276  2733  2934 D gralloc : mali_gralloc_select_format: req_format=0x2b req_fmt_mapped=0x2b internal_format=0x90000002b usage=0xb00
01-01 08:00:08.277  2733  2934 W gralloc : WARNING: internal format modifier bits not mutually exclusive. AFBC basic bit is always set, so extended AFBC support bits must always be checked.
01-01 08:00:08.277  2733  2934 D gralloc : [mali_gralloc_ion_allocate():914] allocating buffer (1280, 720) usage=0xb00, format=0x90000002b, size=3993600, heap_type=0, ion_flags=0x0
01-01 08:00:08.277  2733  2934 E ion     : ioctl c0044901 failed with code -1: Invalid argument
01-01 08:00:08.295  2862  2862 D MTK_KL  : 4,2900,8470628,-;[MI][MTGVDO_SetEnable][9999]:eVdpId 1, fgEnable 0
01-01 08:00:08.295  2862  2862 D MTK_KL  : 4,2901,8471047,-;[MI][MTGVDO_SetEnable][9999]:eVdpId 0, fgEnable 0
01-01 08:00:08.334  2742  3058 E fbdev   : [Tdebug] the model ini path is /vendor/tvconfig/config/model/Customer_1.ini len:45
01-01 08:00:08.335  2862  2862 D MTK_KL  : 4,2902,8508020,-;[WARN] Detect 'init_thread' MAP_FIXED mmap to the range reserved for DFB from 0x20010000 to 0x2001052c 
01-01 08:00:08.335  2862  2862 D MTK_KL  : 4,2903,8508031,-;[Fusion] 'init_thread'(pid: 3047) is mapping the '/data/vendor/3rd_rw/fusion.0' to reserved vma from 0x20010000 to 0x2001052c 
01-01 08:00:08.347  2742  3058 I fbdev   : FBDEV FB MmapLayout in miu=0, phyMemAddr[0x20f2f000], phyMiuBaseAddr[0x0], len=0x1800000, map to 0x0xa7fca000
01-01 08:00:08.347  2742  3058 I fbdev   : fbdev_mmap map to 0x0xa7fca000
01-01 08:00:08.347  2742  3058 D hwcomposer: HWComposerOSD::present: Final enableGLCompositor = 0
01-01 08:00:08.347  2862  2862 D MTK_KL  : 6,2904,8521739,-;[FBDEV] restoreFbInfo fb:1 
01-01 08:00:08.347  2862  2862 D MTK_KL  : 3,2905,8521746,-;[FBDEV] mstar_fb_open fb:1  bUseMapping = 0 
01-01 08:00:08.347  2862  2862 D MTK_KL  : 6,2906,8521785,-;[FBDEV] _fb_miosd_init curTimingWidth=1366,curTimingHeight=768
01-01 08:00:08.347  2862  2862 D MTK_KL  : 6,2907,8522507,-;[FBDEV] mstar_FB_LayerCreate ret=0 LayerHandle=20001 
01-01 08:00:08.347  2862  2862 D MTK_KL  : 6,2908,8522623,-;[FBDEV] mstar_FB_WindowCreate ret=0,WindowHandle=40000
01-01 08:00:08.347  2862  2862 D MTK_KL  : 6,2909,8522694,-;[FBDEV] mstar_FB_SurfaceCreate ret=0 physicaladdr=0x20b3a000,surfacehandle=80000 gSurfacecnt=1
01-01 08:00:08.347  2862  2862 D MTK_KL  : 6,2910,8522813,-;[FBDEV] mstar_FB_SurfaceCreate ret=0 physicaladdr=0x20d34400,surfacehandle=80001 gSurfacecnt=2
01-01 08:00:08.348  2742  2850 D hwcomposer: HWComposerDisplayHalMiOsd::hwcMiDisplay: Create new window handle = 0x40001
01-01 08:00:08.348  2742  2850 D hwcomposer: HWComposerDisplayHalMiOsd::hwcMiDisplay: Create new surface handle=0x80002, Cache size = 1
01-01 08:00:08.372  2742  2850 D hwcomposer: HWComposerDisplayHalMiOsd::hwcMiDisplay: Layer[0]: show!!!!
01-01 08:00:08.407  2860  2962 I ServiceManager: Waiting for service package_native...
01-01 08:00:08.419  2862  2862 D MTK_KL  : 6,2911,8591215,-;[FBDEV] Layer:20001 MirrorMode is none
01-01 08:00:08.419  2862  2862 D MTK_KL  : 6,2912,8591271,-;[FBDEV] FBIOGET_DFB_RESERVED dfbreserved=1
01-01 08:00:08.419  2862  2862 D MTK_KL  : 6,2913,8591290,-;[FBDEV] mstar_fb_ioctl bootLogoUsed = 0 
01-01 08:00:08.435  2733  2934 D gralloc : mali_gralloc_select_format: req_format=0x2b req_fmt_mapped=0x2b internal_format=0x90000002b usage=0xb00
01-01 08:00:08.435  2733  2934 D gralloc : [mali_gralloc_ion_allocate():914] allocating buffer (1280, 720) usage=0xb00, format=0x90000002b, size=3993600, heap_type=0, ion_flags=0x0
01-01 08:00:08.447  2742  3058 I fbdev   : fbdev_mmap map to 0x0xa7fca000
01-01 08:00:08.447  2742  3058 D hwcomposer: HWComposerOSD::present: Final enableGLCompositor = 0
01-01 08:00:08.473  2742  2850 D hwcomposer: HWComposerDisplayHalMiOsd::hwcMiDisplay: Create new surface handle=0x80003, Cache size = 2
01-01 08:00:08.498  2619  2619 E ActivityRecognitionHardware: activity_recognition HAL is deprecated. class_init is effectively a no-op
01-01 08:00:08.507  2862  2862 D MTK_KL  : 4,2914,8682093,-;PEIFEN   [_MDrv_GFLIPIO_Init][280] u16Idx=3,u16AllocIdx=64 ; u32GopIdx=2 
01-01 08:00:08.507  2862  2862 D MTK_KL  : 3,2915,8682112,-;<UTPA_ERR>[Utopia][GOP DRV]: \x0aNot support 2G palette!'
01-01 08:00:08.527  2862  2862 D MTK_KL  : 3,2916,8698387,-;<UTPA_ERR>[Utopia][GOP DRV]: \x0aNot support 2G palette!'
01-01 08:00:08.527  2862  2862 D MTK_KL  : 6,2917,8700308,-;<MI3_INFO><<<_MI_DISP_SetBrightness[11297]Video window: 2 doesn't support brightness adjustment !
01-01 08:00:08.527  2862  2862 D MTK_KL  : 6,2918,8700315,-;<MI3_INFO><<<_MI_DISP_SetContrast[11732]Video window: 2 doesn't support contrast adjustment!
01-01 08:00:08.527  2862  2862 D MTK_KL  : 6,2919,8700318,-;<MI3_INFO><<<_MI_DISP_SetSaturation[11588]Video window: 2 doesn't support saturation adjustment!
01-01 08:00:08.527  2862  2862 D MTK_KL  : 6,2920,8700322,-;<MI3_INFO><<<_MI_DISP_SetHue[11443]Video window: 2 doesn't support hue adjustment!
01-01 08:00:08.529  2742  2850 D hwcomposer: HWComposerDisplayHalMiOsd::hwcCloseMiBootLogo: Close bootlogo successfully, closeThreshold = 3
01-01 08:00:08.611  2619  2619 I zygote  : Thread[1,tid=2619,Native,Thread*=0xafcb8000,peer=0x13000000,"main"] recursive attempt to load library "/system/lib/libmedia_jni.so"
01-01 08:00:08.611  2619  2619 D MtpDeviceJNI: register_android_mtp_MtpDevice
01-01 08:00:08.612  2619  2619 I zygote  : Thread[1,tid=2619,Native,Thread*=0xafcb8000,peer=0x13000000,"main"] recursive attempt to load library "/system/lib/libmedia_jni.so"
01-01 08:00:08.612  2619  2619 I zygote  : Thread[1,tid=2619,Native,Thread*=0xafcb8000,peer=0x13000000,"main"] recursive attempt to load library "/system/lib/libmedia_jni.so"
01-01 08:00:08.646  2742  3058 I fbdev   : fbdev_mmap map to 0x0xa7fca000
01-01 08:00:08.646  2742  3058 D hwcomposer: HWComposerOSD::present: Final enableGLCompositor = 0
01-01 08:00:08.656  2742  2850 D hwcomposer: HWComposerDisplayHalMiOsd::hwcMiDisplay: Create new surface handle=0x80004, Cache size = 3
01-01 08:00:08.659  2862  2862 D MTK_KL  : 6,2921,8834525,-;<MI3_INFO><<<MI_OSD_SurfaceDisableColorKey[11218]MI_ERR_INVALID_HANDLE!
01-01 08:00:08.659  2862  2862 D MTK_KL  : 6,2922,8834562,-;<MI3_INFO><<<MI_OSD_SurfaceSetColorKey[11238]MI_ERR_INVALID_HANDLE!
01-01 08:00:08.783  2772  3167 I GRM     : MtkRmServiceCreateComponent.2127, create component exit...
01-01 08:00:08.786  2772  3167 I chatty  : uid=0(root) MtkRmServer identical 4 lines
01-01 08:00:08.787  2772  3167 I GRM     : MtkRmServiceCreateComponent.2127, create component exit...
01-01 08:00:08.790  2772  3167 I GRM     : resource:VideoDecoder(0), type:0!
01-01 08:00:08.790  2772  3167 I GRM     : MtkRmServiceRegisterGroup.4496, register group entry:svctx_rm_ctrl_vdec0_share.0xb5425460
01-01 08:00:08.790  2772  3167 I GRM     : group member:b54252d0
01-01 08:00:08.790  2772  3167 I GRM     : group member:b5425410
01-01 08:00:08.791  2772  3167 I GRM     : MtkRmServiceCreateComponent.2127, create component exit...
01-01 08:00:08.791  2862  2862 D MTK_KL  : 4,2923,8965800,c;[GLUE]__Glue_Hashkey_IsSupport(457) Hashkey Convert eSpec 10  to u4HashKeyIpBit 65535, Support = 1.
01-01 08:00:08.791  2862  2862 D MTK_KL  : 4,2924,8965808,+;[GLUE]__Glue_Efuse_IsSupport(533) Efuse Convert eSpec 10  to u4EfuseIpBit 0xffff,  support = 1.
01-01 08:00:08.791  2862  2862 D MTK_KL  : 4,2925,8965812,+;[GLUE]MTGDRVCUST_IsSupport(558) eSpec 10 (fgSupport  1 = bHashKeySupported 1 && bEfuseSupported 1).
01-01 08:00:08.791  2862  2862 D MTK_KL  : 4,2926,8966168,+;[GLUE]__Glue_Hashkey_IsSupport(457) Hashkey Convert eSpec 13  to u4HashKeyIpBit 65535, Support = 1.
01-01 08:00:08.791  2862  2862 D MTK_KL  : 4,2927,8966201,-;Not Support Efuse enum:1028
01-01 08:00:08.791  2862  2862 D MTK_KL  : 4,2928,8966206,c;[GLUE]__Glue_Efuse_IsSupport(533) Efuse Convert eSpec 13  to u4EfuseIpBit 0x404,  support = 1.
01-01 08:00:08.791  2862  2862 D MTK_KL  : 4,2929,8966210,+;[GLUE]MTGDRVCUST_IsSupport(558) eSpec 13 (fgSupport  1 = bHashKeySupported 1 && bEfuseSupported 1).
01-01 08:00:08.792  2772  3167 I GRM     : resource:DMXPlaybackPID(32), type:1!
01-01 08:00:08.792  2772  3167 I GRM     : MtkRmServiceRegisterGroup.4496, register group entry:svctx_rm_ctrl_dmx_share.0xb54254b0
01-01 08:00:08.792  2772  3167 I GRM     : group member:b54252d0
01-01 08:00:08.792  2772  3167 I GRM     : group member:b5425410
01-01 08:00:08.792  2772  3167 I GRM     : MtkRmServiceCreateComponent.2127, create component exit...
01-01 08:00:08.794  2772  3167 I GRM     : MtkRmServiceCreateComponent.2127, create component exit...
01-01 08:00:08.795  2772  3167 I GRM     : resource:RES_svctx(0), type:0!
01-01 08:00:08.795  2772  3167 I GRM     : MtkRmServiceRegisterGroup.4496, register group entry:svctx_rm_ctrl_user_define_share.0xb5425550
01-01 08:00:08.795  2772  3167 I GRM     : group member:b54252d0
01-01 08:00:08.799  2862  2862 D MTK_KL  : 4,2930,8974156,-;[MI][MTGVDO_SetMode][10124]: eVdpId 0, ucMode 3 
01-01 08:00:08.799  2862  2862 D MTK_KL  : 4,2931,8974164,-;[SGLUE_AUD][INFO][_AudDisplayNotify][4447]: u1DecId=0
01-01 08:00:08.799  2862  2862 D MTK_KL  : 4,2932,8974167,-;[SGLUE_AUD][INFO][_AudDisplayNotify][4460]: this function is abandon
01-01 08:00:08.799  2862  2862 D MTK_KL  : 6,2933,8974212,-;<MI3_INFO><<<mi_disp_NviewGetDmsWinId[1649]DMS win hasn't been created yet!
01-01 08:00:08.799  2862  2862 D MTK_KL  : 4,2934,8974492,-;[MI][MTGVDO_SetMode][10124]: eVdpId 1, ucMode 0 
01-01 08:00:08.799  2862  2862 D MTK_KL  : 4,2935,8974495,-;[SGLUE_AUD][INFO][_AudDisplayNotify][4447]: u1DecId=0
01-01 08:00:08.799  2862  2862 D MTK_KL  : 4,2936,8974498,-;[SGLUE_AUD][INFO][_AudDisplayNotify][4460]: this function is abandon
01-01 08:00:08.799  2862  2862 D MTK_KL  : 6,2937,8974532,-;<MI3_INFO><<<mi_disp_NviewGetDmsWinId[1649]DMS win hasn't been created yet!
01-01 08:00:08.808  2862  2862 D MTK_KL  : 4,2938,8981050,-;[SGLUE_AUD][INFO][_GlueSetOutPort][6698]: Dec (0), OutPort = 0x00000007, mute port mask:0x8
01-01 08:00:08.808  2862  2862 D MTK_KL  : 4,2939,8981057,-;[SGLUE_AUD][INFO][MTGADEC_MTAUD_SetChannelMute][6363]: dec: 0, ch: 0, mute: 1
01-01 08:00:08.808  2862  2862 D MTK_KL  : 4,2940,8981063,-;CPU: 3 PID: 3047 Comm: init_thread Tainted: P           O    4.9.118+ #1
01-01 08:00:08.809  2862  2862 D MTK_KL  : 4,2941,8981065,-;Hardware name: mt5862
01-01 08:00:08.809  2862  2862 D MTK_KL  : 4,2942,8981079,-;[<c010df8d>] (unwind_backtrace) from [<c010a213>] (show_stack+0xb/0xc)
01-01 08:00:08.810  2862  2862 D MTK_KL  : 4,2943,8981087,-;[<c010a213>] (show_stack) from [<c0346f6f>] (dump_stack+0x6b/0x78)
01-01 08:00:08.811  2862  2862 D MTK_KL  : 4,2944,8981444,-;[<c0346f6f>] (dump_stack) from [<cfd50c51>] (_AtvDetPollingThread+0x2a0/0x7f8 [dtv_driver])
01-01 08:00:08.811  2862  2862 D MTK_KL  : 4,2945,8982090,-;[<cfd50c51>] (_AtvDetPollingThread [dtv_driver]) from [<cfd5580f>] (MTGADEC_MTAUD_SetChannelMute+0x3a/0x98 [dtv_driver])
01-01 08:00:08.812  2862  2862 D MTK_KL  : 4,2946,8982700,-;[<cfd5580f>] (MTGADEC_MTAUD_SetChannelMute [dtv_driver]) from [<cfd63953>] (MTGADEC_MTAUD_AudSet+0x3006/0x4dbc [dtv_driver])
01-01 08:00:08.812  2862  2862 D MTK_KL  : 4,2947,8983304,-;[<cfd63953>] (MTGADEC_MTAUD_AudSet [dtv_driver]) from [<cfcfe19f>] (mtal_ioctl_mtauddec+0x1ed2/0x28d0 [dtv_driver])
01-01 08:00:08.812  2862  2862 D MTK_KL  : 4,2948,8983897,-;[<cfcfe19f>] (mtal_ioctl_mtauddec [dtv_driver]) from [<cfce258f>] (mtal_ioctl+0x296/0x2b0 [dtv_driver])
01-01 08:00:08.812  2862  2862 D MTK_KL  : 4,2949,8984198,-;[<cfce258f>] (mtal_ioctl [dtv_driver]) from [<c02050e3>] (do_vfs_ioctl+0x87/0x684)
01-01 08:00:08.812  2862  2862 D MTK_KL  : 4,2950,8984206,-;[<c02050e3>] (do_vfs_ioctl) from [<c0205729>] (SyS_ioctl+0x49/0x54)
01-01 08:00:08.812  2862  2862 D MTK_KL  : 4,2951,8984213,-;[<c0205729>] (SyS_ioctl) from [<c0106721>] (ret_fast_syscall+0x1/0x54)
01-01 08:00:08.812  2862  2862 D MTK_KL  : 4,2952,8984460,-;[_MI_AOUT_SetMultiMute:3283][3047] ePath:4, pszMuteName:MTAL, bMute:1, u32AutoUnmuteTimer:0, u32AoutMuteFlag:0x1
01-01 08:00:08.812  2862  2862 D MTK_KL  : 4,2953,8984468,-;[_MI_AOUT_ApplyMute:3006][3047] --> ePath:4, apply bMuteStatus:1
01-01 08:00:08.812  2862  2862 D MTK_KL  : 4,2954,8984472,-;[_MI_AOUT_ApplyMute:3039][3047] --> ePath:E_MI_AOUT_PATH_MAIN_SPEAKER, apply bMuteStatus:1
01-01 08:00:08.812  2862  2862 D MTK_KL  : 4,2955,8984480,-;[SGLUE_AUD][INFO][_AudMiChannelMute][6356]: path = 4, mute = 1
01-01 08:00:08.812  2862  2862 D MTK_KL  : 4,2956,8984519,-;[SGLUE_AUD][INFO][MTGADEC_MTAUD_SetChannelMute][6363]: dec: 0, ch: 8, mute: 1
01-01 08:00:08.812  2862  2862 D MTK_KL  : 4,2957,8984524,-;CPU: 3 PID: 3047 Comm: init_thread Tainted: P           O    4.9.118+ #1
01-01 08:00:08.812  2862  2862 D MTK_KL  : 4,2958,8984526,-;Hardware name: mt5862
01-01 08:00:08.812  2862  2862 D MTK_KL  : 4,2959,8984538,-;[<c010df8d>] (unwind_backtrace) from [<c010a213>] (show_stack+0xb/0xc)
01-01 08:00:08.812  2862  2862 D MTK_KL  : 4,2960,8984548,-;[<c010a213>] (show_stack) from [<c0346f6f>] (dump_stack+0x6b/0x78)
01-01 08:00:08.812  2862  2862 D MTK_KL  : 4,2961,8984922,-;[<c0346f6f>] (dump_stack) from [<cfd50c51>] (_AtvDetPollingThread+0x2a0/0x7f8 [dtv_driver])
01-01 08:00:08.812  2862  2862 D MTK_KL  : 4,2962,8985607,-;[<cfd50c51>] (_AtvDetPollingThread [dtv_driver]) from [<cfd5580f>] (MTGADEC_MTAUD_SetChannelMute+0x3a/0x98 [dtv_driver])
01-01 08:00:08.812  2862  2862 D MTK_KL  : 4,2963,8986239,-;[<cfd5580f>] (MTGADEC_MTAUD_SetChannelMute [dtv_driver]) from [<cfd63d0f>] (MTGADEC_MTAUD_AudSet+0x33c2/0x4dbc [dtv_driver])
01-01 08:00:08.812  2862  2862 D MTK_KL  : 4,2964,8986877,-;[<cfd63d0f>] (MTGADEC_MTAUD_AudSet [dtv_driver]) from [<cfcfe19f>] (mtal_ioctl_mtauddec+0x1ed2/0x28d0 [dtv_driver])
01-01 08:00:08.812  2862  2862 D MTK_KL  : 4,2965,8987513,-;[<cfcfe19f>] (mtal_ioctl_mtauddec [dtv_driver]) from [<cfce258f>] (mtal_ioctl+0x296/0x2b0 [dtv_driver])
01-01 08:00:08.812  2862  2862 D MTK_KL  : 4,2966,8987841,-;[<cfce258f>] (mtal_ioctl [dtv_driver]) from [<c02050e3>] (do_vfs_ioctl+0x87/0x684)
01-01 08:00:08.812  2862  2862 D MTK_KL  : 4,2967,8987854,-;[<c02050e3>] (do_vfs_ioctl) from [<c0205729>] (SyS_ioctl+0x49/0x54)
01-01 08:00:08.812  2862  2862 D MTK_KL  : 4,2968,8987862,-;[<c0205729>] (SyS_ioctl) from [<c0106721>] (ret_fast_syscall+0x1/0x54)
01-01 08:00:08.816  2862  2862 D MTK_KL  : 4,2969,8988237,-;[_MI_AOUT_SetMultiMute:3283][3047] ePath:5, pszMuteName:MTAL, bMute:1, u32AutoUnmuteTimer:0, u32AoutMuteFlag:0x1
01-01 08:00:08.816  2862  2862 D MTK_KL  : 4,2970,8988245,-;[_MI_AOUT_ApplyMute:3006][3047] --> ePath:5, apply bMuteStatus:1
01-01 08:00:08.816  2862  2862 D MTK_KL  : 4,2971,8988249,-;[_MI_AOUT_ApplyMute:3048][3047] --> ePath:E_MI_AOUT_PATH_HEADPHONE, apply bMuteStatus:1
01-01 08:00:08.816  2862  2862 D MTK_KL  : 4,2972,8988258,-;[SGLUE_AUD][INFO][_AudMiChannelMute][6356]: path = 5, mute = 1
01-01 08:00:08.816  2862  2862 D MTK_KL  : 4,2973,8988262,-;[SGLUE_AUD][INFO][MTGADEC_MTAUD_SetChannelMute][6363]: dec: 0, ch: 9, mute: 1
01-01 08:00:08.816  2862  2862 D MTK_KL  : 4,2974,8988267,-;CPU: 3 PID: 3047 Comm: init_thread Tainted: P           O    4.9.118+ #1
01-01 08:00:08.816  2862  2862 D MTK_KL  : 4,2975,8988269,-;Hardware name: mt5862
01-01 08:00:08.817  2862  2862 D MTK_KL  : 4,2976,8988282,-;[<c010df8d>] (unwind_backtrace) from [<c010a213>] (show_stack+0xb/0xc)
01-01 08:00:08.817  2862  2862 D MTK_KL  : 4,2977,8988290,-;[<c010a213>] (show_stack) from [<c0346f6f>] (dump_stack+0x6b/0x78)
01-01 08:00:08.818  2862  2862 D MTK_KL  : 4,2978,8988668,-;[<c0346f6f>] (dump_stack) from [<cfd50c51>] (_AtvDetPollingThread+0x2a0/0x7f8 [dtv_driver])
01-01 08:00:08.818  2862  2862 D MTK_KL  : 4,2979,8989337,-;[<cfd50c51>] (_AtvDetPollingThread [dtv_driver]) from [<cfd5580f>] (MTGADEC_MTAUD_SetChannelMute+0x3a/0x98 [dtv_driver])
01-01 08:00:08.818  2862  2862 D MTK_KL  : 4,2980,8989991,-;[<cfd5580f>] (MTGADEC_MTAUD_SetChannelMute [dtv_driver]) from [<cfd63d19>] (MTGADEC_MTAUD_AudSet+0x33cc/0x4dbc [dtv_driver])
01-01 08:00:08.818  2862  2862 D MTK_KL  : 4,2981,8990639,-;[<cfd63d19>] (MTGADEC_MTAUD_AudSet [dtv_driver]) from [<cfcfe19f>] (mtal_ioctl_mtauddec+0x1ed2/0x28d0 [dtv_driver])
01-01 08:00:08.818  2862  2862 D MTK_KL  : 4,2982,8991278,-;[<cfcfe19f>] (mtal_ioctl_mtauddec [dtv_driver]) from [<cfce258f>] (mtal_ioctl+0x296/0x2b0 [dtv_driver])
01-01 08:00:08.819  2862  2862 D MTK_KL  : 4,2983,8991613,-;[<cfce258f>] (mtal_ioctl [dtv_driver]) from [<c02050e3>] (do_vfs_ioctl+0x87/0x684)
01-01 08:00:08.819  2862  2862 D MTK_KL  : 4,2984,8991622,-;[<c02050e3>] (do_vfs_ioctl) from [<c0205729>] (SyS_ioctl+0x49/0x54)
01-01 08:00:08.820  2862  2862 D MTK_KL  : 4,2985,8991630,-;[<c0205729>] (SyS_ioctl) from [<c0106721>] (ret_fast_syscall+0x1/0x54)
01-01 08:00:08.821  2862  2862 D MTK_KL  : 4,2986,8991806,-;[SGLUE_AUD][INFO][_AudMiChannelMute][6356]: path = 5, mute = 1
01-01 08:00:08.822  2862  2862 D MTK_KL  : 4,2987,8991815,-;CPU: 3 PID: 3047 Comm: init_thread Tainted: P           O    4.9.118+ #1
01-01 08:00:08.822  2862  2862 D MTK_KL  : 4,2988,8991817,-;Hardware name: mt5862
01-01 08:00:08.822  2862  2862 D MTK_KL  : 4,2989,8991827,-;[<c010df8d>] (unwind_backtrace) from [<c010a213>] (show_stack+0xb/0xc)
01-01 08:00:08.822  2862  2862 D MTK_KL  : 4,2990,8991837,-;[<c010a213>] (show_stack) from [<c0346f6f>] (dump_stack+0x6b/0x78)
01-01 08:00:08.822  2862  2862 D MTK_KL  : 4,2991,8992189,-;[<c0346f6f>] (dump_stack) from [<cfd50c51>] (_AtvDetPollingThread+0x2a0/0x7f8 [dtv_driver])
01-01 08:00:08.822  2862  2862 D MTK_KL  : 4,2992,8992881,-;[<cfd50c51>] (_AtvDetPollingThread [dtv_driver]) from [<cfd63637>] (MTGADEC_MTAUD_AudSet+0x2cea/0x4dbc [dtv_driver])
01-01 08:00:08.822  2862  2862 D MTK_KL  : 4,2993,8993514,-;[<cfd63637>] (MTGADEC_MTAUD_AudSet [dtv_driver]) from [<cfcfe19f>] (mtal_ioctl_mtauddec+0x1ed2/0x28d0 [dtv_driver])
01-01 08:00:08.822  2862  2862 D MTK_KL  : 4,2994,8994120,-;[<cfcfe19f>] (mtal_ioctl_mtauddec [dtv_driver]) from [<cfce258f>] (mtal_ioctl+0x296/0x2b0 [dtv_driver])
01-01 08:00:08.822  2862  2862 D MTK_KL  : 4,2995,8994434,-;[<cfce258f>] (mtal_ioctl [dtv_driver]) from [<c02050e3>] (do_vfs_ioctl+0x87/0x684)
01-01 08:00:08.823  2862  2862 D MTK_KL  : 4,2996,8994446,-;[<c02050e3>] (do_vfs_ioctl) from [<c0205729>] (SyS_ioctl+0x49/0x54)
01-01 08:00:08.823  2862  2862 D MTK_KL  : 4,2997,8994453,-;[<c0205729>] (SyS_ioctl) from [<c0106721>] (ret_fast_syscall+0x1/0x54)
01-01 08:00:08.823  2862  2862 D MTK_KL  : 4,2998,8994485,-;[SGLUE_AUD][INFO][_AudMiChannelMute][6356]: path = 4, mute = 1
01-01 08:00:08.823  2862  2862 D MTK_KL  : 4,2999,8994491,-;CPU: 3 PID: 3047 Comm: init_thread Tainted: P           O    4.9.118+ #1
01-01 08:00:08.823  2862  2862 D MTK_KL  : 4,3000,8994495,-;Hardware name: mt5862
01-01 08:00:08.823  2862  2862 D MTK_KL  : 4,3001,8994504,-;[<c010df8d>] (unwind_backtrace) from [<c010a213>] (show_stack+0xb/0xc)
01-01 08:00:08.823  2862  2862 D MTK_KL  : 4,3002,8994511,-;[<c010a213>] (show_stack) from [<c0346f6f>] (dump_stack+0x6b/0x78)
01-01 08:00:08.823  2862  2862 D MTK_KL  : 4,3003,8994830,-;[<c0346f6f>] (dump_stack) from [<cfd50c51>] (_AtvDetPollingThread+0x2a0/0x7f8 [dtv_driver])
01-01 08:00:08.823  2862  2862 D MTK_KL  : 4,3004,8995458,-;[<cfd50c51>] (_AtvDetPollingThread [dtv_driver]) from [<cfd6363f>] (MTGADEC_MTAUD_AudSet+0x2cf2/0x4dbc [dtv_driver])
01-01 08:00:08.823  2862  2862 D MTK_KL  : 4,3005,8996139,-;[<cfd6363f>] (MTGADEC_MTAUD_AudSet [dtv_driver]) from [<cfcfe19f>] (mtal_ioctl_mtauddec+0x1ed2/0x28d0 [dtv_driver])
01-01 08:00:08.823  2862  2862 D MTK_KL  : 4,3006,8996903,-;[<cfcfe19f>] (mtal_ioctl_mtauddec [dtv_driver]) from [<cfce258f>] (mtal_ioctl+0x296/0x2b0 [dtv_driver])
01-01 08:00:08.823  2862  2862 D MTK_KL  : 4,3007,8997285,-;[<cfce258f>] (mtal_ioctl [dtv_driver]) from [<c02050e3>] (do_vfs_ioctl+0x87/0x684)
01-01 08:00:08.823  2862  2862 D MTK_KL  : 4,3008,8997299,-;[<c02050e3>] (do_vfs_ioctl) from [<c0205729>] (SyS_ioctl+0x49/0x54)
01-01 08:00:08.823  2862  2862 D MTK_KL  : 4,3009,8997307,-;[<c0205729>] (SyS_ioctl) from [<c0106721>] (ret_fast_syscall+0x1/0x54)
01-01 08:00:08.823  2862  2862 D MTK_KL  : 4,3010,8997476,-;[SGLUE_AUD][INFO][_AudMiChannelMute][6356]: path = 5, mute = 1
01-01 08:00:08.845  2742  3058 D hwcomposer: HWComposerOSD::present: Final enableGLCompositor = 0
01-01 08:00:08.961  2619  2619 I Zygote  : ...preloaded 6535 classes in 1170ms.
01-01 08:00:08.961  2619  2619 I zygote  : VMRuntime.preloadDexCaches starting
01-01 08:00:09.045  2742  3058 D hwcomposer: HWComposerOSD::present: Final enableGLCompositor = 0
01-01 08:00:09.056  2619  2619 I zygote  : VMRuntime.preloadDexCaches strings total=350765 before=14052 after=14052
01-01 08:00:09.056  2619  2619 I zygote  : VMRuntime.preloadDexCaches types total=33183 before=8147 after=8148
01-01 08:00:09.056  2619  2619 I zygote  : VMRuntime.preloadDexCaches fields total=145748 before=9221 after=9221
01-01 08:00:09.057  2619  2619 I zygote  : VMRuntime.preloadDexCaches methods total=259678 before=13474 after=13474
01-01 08:00:09.057  2619  2619 I zygote  : VMRuntime.preloadDexCaches finished
01-01 08:00:09.057  2619  2619 D Zygote32Timing: PreloadClasses took to complete: 1265ms
01-01 08:00:09.063  2862  2862 D MTK_KL  : 6,3011,9238110,-;capability: warning: `main' uses 32-bit capabilities (legacy support in use)
01-01 08:00:09.161  2619  2619 D Zygote32Timing: PreloadResources took to complete: 105ms
01-01 08:00:09.246  2742  3058 D hwcomposer: HWComposerOSD::present: Final enableGLCompositor = 0
01-01 08:00:09.248  2619  2619 D libEGL  : loaded /vendor/lib/egl/libGLES_mali.so
01-01 08:00:09.350  2619  2619 I Zygote  : Preloading shared libraries...
01-01 08:00:09.361  2619  2619 I Zygote  : Uninstalled ICU cache reference pinning...
01-01 08:00:09.362  2619  2619 I Zygote  : Installed AndroidKeyStoreProvider in 1ms.
01-01 08:00:09.382  2619  2619 I Zygote  : Warmed up JCA providers in 20ms.
01-01 08:00:09.382  2619  2619 D Zygote  : end preload
01-01 08:00:09.382  2619  2619 D Zygote32Timing: ZygotePreload took to complete: 1644ms
01-01 08:00:09.382  2619  2619 I zygote  : Waiting for a blocking GC Explicit
01-01 08:00:09.396  2619  2619 I zygote  : WaitForGcToComplete blocked Explicit on None for 13.920ms
01-01 08:00:09.412  2860  2962 I ServiceManager: Waiting for service package_native...
01-01 08:00:09.431  2619  2619 I zygote  : Explicit concurrent copying GC freed 5407(275KB) AllocSpace objects, 0(0B) LOS objects, 25% free, 2MB/2MB, paused 55us total 35.006ms
01-01 08:00:09.446  2742  3058 D hwcomposer: HWComposerOSD::present: Final enableGLCompositor = 0
01-01 08:00:09.466  2619  2619 I zygote  : Explicit concurrent copying GC freed 5(32KB) AllocSpace objects, 0(0B) LOS objects, 25% free, 2MB/2MB, paused 55us total 35.097ms
01-01 08:00:09.467  2619  2619 D Zygote32Timing: PostZygoteInitGC took to complete: 85ms
01-01 08:00:09.467  2619  2619 D Zygote32Timing: ZygoteInit took to complete: 1730ms
01-01 08:00:09.570  2619  2619 I Zygote  : System server process 3204 has been created
01-01 08:00:09.572  3204  3204 I Zygote  : seccomp disabled by setenforce 0
01-01 08:00:09.573  2619  2619 I Zygote  : Accepting command socket connections
01-01 08:00:09.592  3204  3204 I system_server: The ClassLoaderContext is a special shared library.
01-01 08:00:09.625  3204  3204 I chatty  : uid=1000 system_server identical 2 lines
