01-01 08:00:07.036  2861  2861 E MM_CP_ERR_OMX_CORE: MsVdecSupportWaitHashkeyReady() == TRUE
01-01 08:00:07.036  2861  2861 E MS_OMX_CORE: MsVdecSupportWaitHashkeyReady() == TRUE
01-01 08:00:07.036  2861  2861 E MM_CP_ERR_OMX_CORE: MsVdecSupportWaitHashkeyReady() == TRUE
01-01 08:00:07.036  2861  2861 E MS_OMX_CORE: MsVdecSupportWaitHashkeyReady() == TRUE
01-01 08:00:07.036  2861  2861 E MM_CP_ERR_OMX_CORE: MsVdecSupportWaitHashkeyReady() == TRUE
01-01 08:00:07.036  2861  2861 E MS_OMX_CORE: MsVdecSupportWaitHashkeyReady() == TRUE
01-01 08:00:07.036  2861  2861 E MM_CP_ERR_OMX_CORE: MsVdecSupportWaitHashkeyReady() == TRUE
01-01 08:00:07.036  2861  2861 E MS_OMX_CORE: MsVdecSupportWaitHashkeyReady() == TRUE
01-01 08:00:07.036  2861  2861 E MM_CP_ERR_OMX_CORE: MsVdecSupportWaitHashkeyReady() == TRUE
01-01 08:00:07.036  2861  2861 D OMX_WRAPPER_MI3: Codec[21] not support, 0x5139ce.
01-01 08:00:07.036  2861  2861 E MS_OMX_CORE: MsVdecSupportWaitHashkeyReady() == TRUE
01-01 08:00:07.036  2861  2861 E MM_CP_ERR_OMX_CORE: MsVdecSupportWaitHashkeyReady() == TRUE
01-01 08:00:07.036  2861  2861 D OMX_WRAPPER_MI3: Codec[10] not support, 0x5139ce.
01-01 08:00:07.036  2861  2861 E MS_OMX_CORE: MsVdecSupportWaitHashkeyReady() == TRUE
01-01 08:00:07.036  2861  2861 E MM_CP_ERR_OMX_CORE: MsVdecSupportWaitHashkeyReady() == TRUE
01-01 08:00:07.036  2861  2861 D OMX_WRAPPER_MI3: Codec[15] not support, 0x5139ce.
01-01 08:00:07.036  2861  2861 E MS_OMX_CORE: MsVdecSupportWaitHashkeyReady() == TRUE
01-01 08:00:07.036  2861  2861 E MM_CP_ERR_OMX_CORE: MsVdecSupportWaitHashkeyReady() == TRUE
01-01 08:00:07.036  2861  2861 D OMX_WRAPPER_MI3: Codec[17] not support, 0x5139ce.
01-01 08:00:07.036  2861  2861 E MS_OMX_CORE: MsVdecSupportWaitHashkeyReady() == TRUE
01-01 08:00:07.036  2861  2861 E MM_CP_ERR_OMX_CORE: MsVdecSupportWaitHashkeyReady() == TRUE
01-01 08:00:07.036  2861  2861 D OMX_WRAPPER_MI3: Codec[17] not support, 0x5139ce.
01-01 08:00:07.036  2861  2861 E MS_OMX_CORE: MsVdecSupportWaitHashkeyReady() == TRUE
01-01 08:00:07.036  2861  2861 E MM_CP_ERR_OMX_CORE: MsVdecSupportWaitHashkeyReady() == TRUE
01-01 08:00:07.036  2861  2861 E MS_OMX_CORE: MsVdecSupportWaitHashkeyReady() == TRUE
01-01 08:00:07.036  2861  2861 E MM_CP_ERR_OMX_CORE: MsVdecSupportWaitHashkeyReady() == TRUE
01-01 08:00:07.036  2861  2861 E MS_OMX_CORE: MsVdecSupportWaitHashkeyReady() == TRUE
01-01 08:00:07.036  2861  2861 E MM_CP_ERR_OMX_CORE: MsVdecSupportWaitHashkeyReady() == TRUE
01-01 08:00:07.036  2861  2861 E MS_OMX_CORE: MsVdecSupportWaitHashkeyReady() == TRUE
01-01 08:00:07.036  2861  2861 E MM_CP_ERR_OMX_CORE: MsVdecSupportWaitHashkeyReady() == TRUE
01-01 08:00:07.036  2861  2861 E MS_OMX_CORE: MsVdecSupportWaitHashkeyReady() == TRUE
01-01 08:00:07.036  2861  2861 E MM_CP_ERR_OMX_CORE: MsVdecSupportWaitHashkeyReady() == TRUE
01-01 08:00:07.036  2861  2861 E MS_OMX_CORE: MsVdecSupportWaitHashkeyReady() == TRUE
01-01 08:00:07.036  2861  2861 E MM_CP_ERR_OMX_CORE: MsVdecSupportWaitHashkeyReady() == TRUE
01-01 08:00:07.037  2861  2861 E MS_OMX_CORE: MsVdecSupportWaitHashkeyReady() == TRUE
01-01 08:00:07.037  2861  2861 E MM_CP_ERR_OMX_CORE: MsVdecSupportWaitHashkeyReady() == TRUE
01-01 08:00:07.037  2861  2861 E MS_OMX_CORE: MsVdecSupportWaitHashkeyReady() == TRUE
01-01 08:00:07.037  2861  2861 E MM_CP_ERR_OMX_CORE: MsVdecSupportWaitHashkeyReady() == TRUE
01-01 08:00:07.038  2861  2861 E MM_CP_ERR_OMX_VIDEO_VENC: E_MI_SYS_MMAP_ID_VIDEO_ENCODER has no layout
01-01 08:00:07.038  2861  2861 E MstarVencApi: E_MI_SYS_MMAP_ID_VIDEO_ENCODER has no layout
01-01 08:00:07.038  2861  2861 D MS_OMX_CORE: MS OMX Component List Begin
01-01 08:00:07.038  2861  2861 D MS_OMX_CORE: [0]VDEC:OMX.MS.AVS.Decoder: 1 Role(s):
01-01 08:00:07.038  2861  2861 D MS_OMX_CORE:   (0)video_decoder.avs
01-01 08:00:07.038  2861  2861 D MS_OMX_CORE: [1]VDEC:OMX.MS.AVS2.Decoder: 1 Role(s):
01-01 08:00:07.038  2861  2861 D MS_OMX_CORE:   (0)video_decoder.avs2
01-01 08:00:07.038  2861  2861 D MS_OMX_CORE: [2]VDEC:OMX.MS.FLV.Decoder: 1 Role(s):
01-01 08:00:07.038  2861  2861 D MS_OMX_CORE:   (0)video_decoder.flv
01-01 08:00:07.038  2861  2861 D MS_OMX_CORE: [3]VDEC:OMX.MS.VC1.Decoder: 1 Role(s):
01-01 08:00:07.038  2861  2861 D MS_OMX_CORE:   (0)video_decoder.vc1
01-01 08:00:07.038  2861  2861 D MS_OMX_CORE: [4]VDEC:OMX.MS.AVC.Decoder: 1 Role(s):
01-01 08:00:07.038  2861  2861 D MS_OMX_CORE:   (0)video_decoder.avc
01-01 08:00:07.038  2861  2861 D MS_OMX_CORE: [5]VDEC:OMX.MS.AVC.Decoder.secure: 1 Role(s):
01-01 08:00:07.038  2861  2861 D MS_OMX_CORE:   (0)video_decoder.avc
01-01 08:00:07.038  2861  2861 D MS_OMX_CORE: [6]VDEC:OMX.MS.AVC.Decoder.hdcp.secure: 1 Role(s):
01-01 08:00:07.038  2861  2861 D MS_OMX_CORE:   (0)video_decoder.avc
01-01 08:00:07.038  2861  2861 D MS_OMX_CORE: [7]VDEC:OMX.MS.HEVC.Decoder: 1 Role(s):
01-01 08:00:07.038  2861  2861 D MS_OMX_CORE:   (0)video_decoder.hevc
01-01 08:00:07.038  2861  2861 D MS_OMX_CORE: [8]VDEC:OMX.MS.HEVC.Decoder.secure: 1 Role(s):
01-01 08:00:07.038  2861  2861 D MS_OMX_CORE:   (0)video_decoder.hevc
01-01 08:00:07.038  2861  2861 D MS_OMX_CORE: [9]VDEC:OMX.MS.MPEG1.Decoder: 1 Role(s):
01-01 08:00:07.038  2861  2861 D MS_OMX_CORE:   (0)video_decoder.mpeg1
01-01 08:00:07.038  2861  2861 D MS_OMX_CORE: [10]VDEC:OMX.MS.MPEG2.Decoder: 1 Role(s):
01-01 08:00:07.038  2861  2861 D MS_OMX_CORE:   (0)video_decoder.mpeg2
01-01 08:00:07.038  2861  2861 D MS_OMX_CORE: [11]VDEC:OMX.MS.M4V.Decoder: 1 Role(s):
01-01 08:00:07.038  2861  2861 D MS_OMX_CORE:   (0)video_decoder.mpeg4
01-01 08:00:07.038  2861  2861 D MS_OMX_CORE: [12]VDEC:OMX.MS.H263.Decoder: 1 Role(s):
01-01 08:00:07.038  2861  2861 D MS_OMX_CORE:   (0)video_decoder.h263
01-01 08:00:07.038  2861  2861 D MS_OMX_CORE: [13]VDEC:OMX.MS.AV1.Decoder: 1 Role(s):
01-01 08:00:07.038  2861  2861 D MS_OMX_CORE:   (0)video_decoder.av1
01-01 08:00:07.038  2861  2861 D MS_OMX_CORE: [14]VDEC:OMX.MS.AV1.Decoder.secure: 1 Role(s):
01-01 08:00:07.038  2861  2861 D MS_OMX_CORE:   (0)video_decoder.av1
01-01 08:00:07.038  2861  2861 D MS_OMX_CORE: [15]ADEC:OMX.MS.AAC.Decoder: 2 Role(s):
01-01 08:00:07.038  2861  2861 D MS_OMX_CORE:   (0)audio_decoder.aac
01-01 08:00:07.038  2861  2861 D MS_OMX_CORE:   (1)audio_decoder.hwaac
01-01 08:00:07.038  2861  2861 D MS_OMX_CORE: [16]ADEC:OMX.MS.AAC.Decoder.secure: 2 Role(s):
01-01 08:00:07.038  2861  2861 D MS_OMX_CORE:   (0)audio_decoder.aac
01-01 08:00:07.038  2861  2861 D MS_OMX_CORE:   (1)audio_decoder.hwaac
01-01 08:00:07.038  2861  2861 D MS_OMX_CORE: [17]ADEC:OMX.MS.ADPCM.Decoder: 3 Role(s):
01-01 08:00:07.038  2861  2861 D MS_OMX_CORE:   (0)audio_decoder.adpcm
01-01 08:00:07.038  2861  2861 D MS_OMX_CORE:   (1)audio_decoder.adpcmms
01-01 08:00:07.038  2861  2861 D MS_OMX_CORE:   (2)audio_decoder.adpcmima
01-01 08:00:07.038  2861  2861 D MS_OMX_CORE: [18]ADEC:OMX.MS.DRA.Decoder: 1 Role(s):
01-01 08:00:07.038  2861  2861 D MS_OMX_CORE:   (0)audio_decoder.dra
01-01 08:00:07.038  2861  2861 D MS_OMX_CORE: [19]ADEC:OMX.MS.FLAC.Decoder: 1 Role(s):
01-01 08:00:07.038  2861  2861 D MS_OMX_CORE:   (0)audio_decoder.flac
01-01 08:00:07.038  2861  2861 D MS_OMX_CORE: [20]ADEC:OMX.MS.LPCM.Decoder: 1 Role(s):
01-01 08:00:07.038  2861  2861 D MS_OMX_CORE:   (0)audio_decoder.lpcm
01-01 08:00:07.038  2861  2861 D MS_OMX_CORE: [21]ADEC:OMX.MS.VORBIS.Decoder: 1 Role(s):
01-01 08:00:07.038  2861  2861 D MS_OMX_CORE:   (0)audio_decoder.vorbis
01-01 08:00:07.038  2861  2861 D MS_OMX_CORE: [22]VDEC:OMX.MS.MJPG.Decoder: 1 Role(s):
01-01 08:00:07.038  2861  2861 D MS_OMX_CORE:   (0)video_decoder.mjpeg
01-01 08:00:07.038  2861  2861 D MS_OMX_CORE: [23]VDEC:OMX.MS.WMV3.Decoder: 1 Role(s):
01-01 08:00:07.038  2861  2861 D MS_OMX_CORE:   (0)video_decoder.wmv
01-01 08:00:07.038  2861  2861 D MS_OMX_CORE: [24]ADEC:OMX.MS.Passthrough.Decoder: 1 Role(s):
01-01 08:00:07.038  2861  2861 D MS_OMX_CORE:   (0)audio_render.passthrough
01-01 08:00:07.038  2861  2861 D MS_OMX_CORE: [25]ADEC:OMX.MS.MP1.Decoder: 3 Role(s):
01-01 08:00:07.038  2861  2861 D MS_OMX_CORE:   (0)audio_decoder.mp3
01-01 08:00:07.038  2861  2861 D MS_OMX_CORE:   (1)audio_decoder.mp2
01-01 08:00:07.038  2861  2861 D MS_OMX_CORE:   (2)audio_decoder.mp1
01-01 08:00:07.039  2861  2861 D MS_OMX_CORE: [26]ADEC:OMX.MS.MP2.Decoder: 3 Role(s):
01-01 08:00:07.039  2861  2861 D MS_OMX_CORE:   (0)audio_decoder.mp3
01-01 08:00:07.039  2861  2861 D MS_OMX_CORE:   (1)audio_decoder.mp2
01-01 08:00:07.039  2861  2861 D MS_OMX_CORE:   (2)audio_decoder.mp1
01-01 08:00:07.039  2861  2861 D MS_OMX_CORE: [27]ADEC:OMX.MS.MP3.Decoder: 3 Role(s):
01-01 08:00:07.039  2861  2861 D MS_OMX_CORE:   (0)audio_decoder.mp3
01-01 08:00:07.039  2861  2861 D MS_OMX_CORE:   (1)audio_decoder.mp2
01-01 08:00:07.039  2861  2861 D MS_OMX_CORE:   (2)audio_decoder.mp1
01-01 08:00:07.039  2861  2861 D MS_OMX_CORE: MS OMX Component List End
01-01 08:00:07.078  2861  2861 W MediaCodecsXmlParser: unable to open media codecs configuration xml file: /data/misc/media/media_codecs_profiling_results.xml
01-01 08:00:07.078  2861  2861 W MediaCodecsXmlParser: parseTopLevelXMLFile(/data/misc/media/media_codecs_profiling_results.xml) failed
01-01 08:00:07.078  2861  2861 I ServiceManagement: Removing namespace from process name android.hardware.media.omx@1.0-service to omx@1.0-service.
01-01 08:00:07.088  2861  2861 I media.codec: IOmx HAL service created.
01-01 08:00:07.275  2862  2862 D MTK_KL  : 4,2278,7450129,-;<MI3_WARN>Warning: MI_SYS_Init() already be inited!
01-01 08:00:07.277  2862  2862 D MTK_KL  : 3,2279,7452878,-;[MDrv_Queue_Init][773] Already inited.
01-01 08:00:07.287  2862  2862 D MTK_KL  : 7,2280,7460696,-;<UTPA_DEBUG>[Utopia][MIU]: [MIU INFO] miu open
01-01 08:00:07.303  2862  2862 D MTK_KL  : 6,2281,7477363,-;<MI3_INFO><<<MI_IIC_Init[1052]MI_IIC_Init:0x2
01-01 08:00:07.303  2862  2862 D MTK_KL  : 4,2282,7477560,-;[MI][MI_DISP_Init][17062]:wait _bDispInited 
01-01 08:00:07.303  2862  2862 D MTK_KL  : 4,2283,7477564,-;pstInitParams c9e81180, _bDoInit 1
01-01 08:00:07.303  2862  2862 D MTK_KL  : 4,2284,7477567,-;[MI][MI_DISP_Init][17068]:return MI_HAS_INITED 
01-01 08:00:07.331  2862  2862 D MTK_KL  : 4,2285,7503769,-;[MI_AEXTIN_Init:2248][2958] AextinInitCnt:11
01-01 08:00:07.331  2862  2862 D MTK_KL  : 4,2286,7503775,-;[MI_AEXTIN_Init:2314][2958] eErrCode:0x2
01-01 08:00:07.331  2862  2862 D MTK_KL  : 6,2287,7504167,-;<MI3_INFO><<<MI_SAR_Init[2724]MI_SAR_Init:0x2
01-01 08:00:07.336  2862  2862 D MTK_KL  : 4,2288,7507898,-;<MI3_WARN>_MI_SVP_Init: Module has been inited!
01-01 08:00:07.336  2862  2862 D MTK_KL  : 4,2289,7509208,-;Mtal opened!
01-01 08:00:07.336  2862  2862 D MTK_KL  : 4,2290,7509398,c;CB_RegMultiCbFct:dtv_svc grab the CB_SC_TRIGGER,old owner is pid 2772
01-01 08:00:07.387  2752  2752 D APM::AudioPolicyEngine/Stream: set: 0x1 for Stream 
01-01 08:00:07.387  2752  2752 D APM::AudioPolicyEngine/Stream: set: 0x0 for Stream 
01-01 08:00:07.387  2752  2752 D APM::AudioPolicyEngine/Stream: set: 0x0 for Stream 
01-01 08:00:07.387  2752  2752 D APM::AudioPolicyEngine/Stream: set: 0x1 for Stream 
01-01 08:00:07.387  2752  2752 D APM::AudioPolicyEngine/Stream: set: 0x2 for Stream 
01-01 08:00:07.387  2752  2752 D APM::AudioPolicyEngine/Stream: set: 0x2 for Stream 
01-01 08:00:07.387  2752  2752 D APM::AudioPolicyEngine/Stream: set: 0x0 for Stream 
01-01 08:00:07.388  2752  2752 D APM::AudioPolicyEngine/Stream: set: 0x3 for Stream 
01-01 08:00:07.388  2752  2752 D APM::AudioPolicyEngine/Stream: set: 0x2 for Stream 
01-01 08:00:07.388  2752  2752 D APM::AudioPolicyEngine/Stream: set: 0x4 for Stream 
01-01 08:00:07.388  2752  2752 D APM::AudioPolicyEngine/Stream: set: 0x3 for Stream 
01-01 08:00:07.388  2752  2752 D APM::AudioPolicyEngine/Stream: set: 0x5 for Stream 
01-01 08:00:07.388  2752  2752 D APM::AudioPolicyEngine/Stream: set: 0x1 for Stream 
01-01 08:00:07.389  2752  2752 D APM::AudioPolicyEngine/Stream: set: 0x6 for Stream 
01-01 08:00:07.389  2752  2752 D APM::AudioPolicyEngine/Stream: set: 0x5 for Stream 
01-01 08:00:07.389  2752  2752 D APM::AudioPolicyEngine/Stream: set: 0x7 for Stream 
01-01 08:00:07.389  2752  2752 D APM::AudioPolicyEngine/Stream: set: 0x4 for Stream 
01-01 08:00:07.389  2752  2752 D APM::AudioPolicyEngine/Stream: set: 0x8 for Stream 
01-01 08:00:07.389  2752  2752 D APM::AudioPolicyEngine/Stream: set: 0x6 for Stream 
01-01 08:00:07.389  2752  2752 D APM::AudioPolicyEngine/Stream: set: 0x9 for Stream 
01-01 08:00:07.389  2752  2752 D APM::AudioPolicyEngine/Stream: set: 0x7 for Stream 
01-01 08:00:07.389  2752  2752 D APM::AudioPolicyEngine/Stream: set: 0xA for Stream 
01-01 08:00:07.389  2752  2752 D APM::AudioPolicyEngine/Stream: set: 0x8 for Stream 
01-01 08:00:07.389  2752  2752 D APM::AudioPolicyEngine/Stream: set: 0xB for Stream 
01-01 08:00:07.389  2752  2752 D APM::AudioPolicyEngine/Stream: set: 0x0 for Stream 
01-01 08:00:07.389  2752  2752 D APM::AudioPolicyEngine/Stream: set: 0xC for Stream 
01-01 08:00:07.389  2752  2752 E APM::AudioPolicyEngine/Strategy: set: trying to set an invalid device 0x0 for strategy Media
01-01 08:00:07.389  2752  2752 D APM::AudioPolicyEngine/Strategy: set: 0x2 for strategy Phone
01-01 08:00:07.389  2752  2752 E APM::AudioPolicyEngine/Strategy: set: trying to set an invalid device 0x0 for strategy Sonification
01-01 08:00:07.389  2752  2752 E APM::AudioPolicyEngine/Strategy: set: trying to set an invalid device 0x0 for strategy SonificationRespectful
01-01 08:00:07.389  2752  2752 E APM::AudioPolicyEngine/Strategy: set: trying to set an invalid device 0x0 for strategy Dtmf
01-01 08:00:07.389  2752  2752 E APM::AudioPolicyEngine/Strategy: set: trying to set an invalid device 0x0 for strategy EnforcedAudible
01-01 08:00:07.389  2752  2752 D APM::AudioPolicyEngine/Strategy: set: 0x4 for strategy TransmittedThroughSpeaker
01-01 08:00:07.389  2752  2752 E APM::AudioPolicyEngine/Strategy: set: trying to set an invalid device 0x0 for strategy Accessibility
01-01 08:00:07.389  2752  2752 E APM::AudioPolicyEngine/Strategy: set: trying to set an invalid device 0x0 for strategy Rerouting
01-01 08:00:07.390  2752  2752 E APM::AudioPolicyEngine/InputSource: set: trying to set an invalid device 0x0 for input source Default
01-01 08:00:07.390  2752  2752 E APM::AudioPolicyEngine/InputSource: set: trying to set an invalid device 0x0 for input source Mic
01-01 08:00:07.390  2752  2752 E APM::AudioPolicyEngine/InputSource: set: trying to set an invalid device 0x0 for input source VoiceUplink
01-01 08:00:07.390  2752  2752 E APM::AudioPolicyEngine/InputSource: set: trying to set an invalid device 0x0 for input source VoiceDownlink
01-01 08:00:07.390  2752  2752 E APM::AudioPolicyEngine/InputSource: set: trying to set an invalid device 0x0 for input source VoiceCall
01-01 08:00:07.390  2752  2752 E APM::AudioPolicyEngine/InputSource: set: trying to set an invalid device 0x0 for input source Camcorder
01-01 08:00:07.390  2752  2752 E APM::AudioPolicyEngine/InputSource: set: trying to set an invalid device 0x0 for input source VoiceRecognition
01-01 08:00:07.390  2752  2752 D APM::AudioPolicyEngine/InputSource: set: 0x80000004 for input source VoiceCommunication
01-01 08:00:07.390  2752  2752 E APM::AudioPolicyEngine/InputSource: set: trying to set an invalid device 0x0 for input source RemoteSubmix
01-01 08:00:07.390  2752  2752 E APM::AudioPolicyEngine/InputSource: set: trying to set an invalid device 0x0 for input source Unprocessed
01-01 08:00:07.390  2752  2752 E APM::AudioPolicyEngine/InputSource: set: trying to set an invalid device 0x0 for input source FmTuner
01-01 08:00:07.390  2752  2752 E APM::AudioPolicyEngine/InputSource: set: trying to set an invalid device 0x0 for input source Hotword
01-01 08:00:07.390  2752  2752 D APM::AudioPolicyEngine/Usage: set: 0 for Usage Unknown
01-01 08:00:07.390  2752  2752 D APM::AudioPolicyEngine/Usage: set: 0 for Usage Media
01-01 08:00:07.390  2752  2752 D APM::AudioPolicyEngine/Usage: set: 1 for Usage VoiceCommunication
01-01 08:00:07.390  2752  2752 D APM::AudioPolicyEngine/Usage: set: 4 for Usage VoiceCommunicationSignalling
01-01 08:00:07.390  2752  2752 D APM::AudioPolicyEngine/Usage: set: 2 for Usage Alarm
01-01 08:00:07.390  2752  2752 D APM::AudioPolicyEngine/Usage: set: 3 for Usage Notification
01-01 08:00:07.390  2752  2752 D APM::AudioPolicyEngine/Usage: set: 2 for Usage NotificationTelephonyRingtone
01-01 08:00:07.390  2752  2752 D APM::AudioPolicyEngine/Usage: set: 3 for Usage NotificationCommunicationRequest
01-01 08:00:07.390  2752  2752 D APM::AudioPolicyEngine/Usage: set: 3 for Usage NotificationCommunicationInstant
01-01 08:00:07.390  2752  2752 D APM::AudioPolicyEngine/Usage: set: 3 for Usage NotificationCommunicationDelated
01-01 08:00:07.390  2752  2752 D APM::AudioPolicyEngine/Usage: set: 3 for Usage NotificationEvent
01-01 08:00:07.390  2752  2752 D APM::AudioPolicyEngine/Usage: set: 7 for Usage AssistanceAccessibility
01-01 08:00:07.390  2752  2752 D APM::AudioPolicyEngine/Usage: set: 0 for Usage AssistanceNavigationGuidance
01-01 08:00:07.390  2752  2752 D APM::AudioPolicyEngine/Usage: set: 0 for Usage AssistanceSonification
01-01 08:00:07.390  2752  2752 D APM::AudioPolicyEngine/Usage: set: 0 for Usage BluetoothSco
01-01 08:00:07.390  2752  2752 D APM::AudioPolicyEngine/Usage: set: 0 for Usage Assistant
01-01 08:00:07.392  2752  2752 D APM::AudioPolicyEngine/PFWWrapper: start: Policy PFW successfully started!
01-01 08:00:07.404  2860  2962 I ServiceManager: Waiting for service package_native...
01-01 08:00:07.406  2754  2913 W SurfaceFlinger: Timed out waiting for hw vsync; faking it
01-01 08:00:07.457  2754  2754 D SurfaceFlinger: shader cache generated - 24 shaders in 1050.210327 ms
01-01 08:00:07.459  2862  2862 D MTK_KL  : 4,2291,7632477,+;[GLUE]Disable CEC PM Wakeup
01-01 08:00:07.459  2862  2862 D MTK_KL  : 4,2292,7632489,+;[GLUE]default u8PmWakeWowLanGpioNumber = 255 , Polarity = 255
01-01 08:00:07.459  2862  2862 D MTK_KL  : 4,2293,7632492,+;[GLUE]default u8PmWakeBtGpioNumber     = 255 , Polarity = 255
01-01 08:00:07.459  2862  2862 D MTK_KL  : 4,2294,7632495,+;[GLUE]default u8PmWakeEwbsGpioNumber     = 255 , Polarity = 255
01-01 08:00:07.459  2862  2862 D MTK_KL  : 3,2295,7633157,-;<MI3_ERR>_MI_PM_MbxInit[2527]: E_MBX_CLASS_IRKEY - MBX register msg success
01-01 08:00:07.459  2862  2862 D MTK_KL  : 4,2296,7633184,c;[GLUE] __Glue_PM_GetSarWakeupConfig _au8PmWakeUpSarKeys[0] = 0x46
01-01 08:00:07.459  2862  2862 D MTK_KL  : 4,2297,7633187,+;[GLUE] __Glue_PM_GetSarWakeupConfig _au8PmWakeUpSarKeys[1] = 0x3
01-01 08:00:07.459  2862  2862 D MTK_KL  : 4,2298,7633190,+;[GLUE] __Glue_PM_GetSarWakeupConfig _au8PmWakeUpSarKeys[2] = 0x46
01-01 08:00:07.459  2862  2862 D MTK_KL  : 4,2299,7633193,+;[GLUE] __Glue_PM_GetSarWakeupConfig _au8PmWakeUpSarKeys[3] = 0x0
01-01 08:00:07.459  2862  2862 D MTK_KL  : 4,2300,7633195,+;[GLUE] __Glue_PM_GetSarWakeupConfig _au8PmWakeUpSarKeys[4] = 0x0
01-01 08:00:07.459  2862  2862 D MTK_KL  : 4,2301,7633210,+;[GLUE][Suspend] stCallbkOutputParams.u64CallbackId = 0xe90d7000
01-01 08:00:07.459  2862  2862 D MTK_KL  : 4,2302,7633223,+;[GLUE][Resume] stCallbkOutputParams.u64CallbackId = 0xe90d9000
01-01 08:00:07.459  2862  2862 D MTK_KL  : 4,2303,7633235,+;[GLUE][Shutdown] stCallbkOutputParams.u64CallbackId = 0xe90db000
01-01 08:00:07.460  2754  2754 D SurfaceFlinger: Set power mode=2, type=0 flinger=0xaeeb2000
01-01 08:00:07.460  2742  2931 D hwcomposer: HWCDisplayDevice::setPowerMode: Device[0] setPowerMode(On)
01-01 08:00:07.460  2754  2754 D SurfaceFlinger: Finished set power mode=2, type=0
01-01 08:00:07.460  2862  2862 D MTK_KL  : 14,2304,7634995,-;init: Received control message 'start' for 'bootanim' from pid: 2754 (/system/bin/surfaceflinger)
01-01 08:00:07.460  2862  2862 D MTK_KL  : 14,2305,7635501,-;init: starting service 'bootanim'...
01-01 08:00:07.462  2742  2931 D hwcomposer: HWCDisplayDevice::setColorTransform: Device[0] setColorTransform(0)
01-01 08:00:07.463  2754  2754 W HwcComposer: command 0x2000000 generated error 8
01-01 08:00:07.463  2742  3058 D hwcomposer: HWComposerOSD::present: Final enableGLCompositor = 0
01-01 08:00:07.478  2858  2858 I mediaserver: ServiceManager: 0xaf290480
01-01 08:00:07.478  2858  2858 W BatteryNotifier: batterystats service unavailable!
01-01 08:00:07.489  2739  2944 I audio_hw_primary: adev_open
01-01 08:00:07.490  2739  3059 I MI3     : MI_SYS_Init() without Parameter
01-01 08:00:07.490  2739  2944 E Utopia  : [MSOS][ERROR][MsOS_CreateMutex][2230]    [MsOS_CreateMutex][2230] Update max number of msos mutex: 256
01-01 08:00:07.491  2862  2862 D MTK_KL  : 4,2306,7666437,-;<MI3_WARN>Warning: MI_SYS_Init() already be inited!
01-01 08:00:07.492  2739  2944 I Utopia  : [MSOS][INFO][MsOS_SHM_Init][1097]     Mappd share memory: 0xtB14AB000
01-01 08:00:07.492  2739  2944 I Utopia  : [MSOS][INFO][_MsOS_InitEventGroup][4039]     Flag=MSOS_SHM_QUERY Addr=0xB14C2C18
01-01 08:00:07.492  2739  2944 I         : [utopia info] open: /vendor/etc/utopia.conf
01-01 08:00:07.495  2862  2862 D MTK_KL  : 3,2307,7668064,-;[MDrv_Queue_Init][773] Already inited.
01-01 08:00:07.496  2739  2944 D Utopia  : [PWS][35mFunction = void PWSRegisterToUtopia(FUtopiaOpen), Line = 1134, PWS Register finished[m
01-01 08:00:07.503  2739  2944 W Utopia  : [MSOS][WARN][MsOS_Init][5835]     Already inited.
01-01 08:00:07.503  2739  2944 I Utopia  : [[MsOS_MMA_Init]][000355] MsOS_MMA_Init size=49152
01-01 08:00:07.503  2739  2944 D Utopia  : [SYS][35mFunction = MS_U32 SYSOpen(void **, void *), Line = 1698, current resource pri_shm content is: 0[m
01-01 08:00:07.503  2739  2944 D Utopia  : [SYS][35mFunction = MS_U32 SYSOpen(void **, void *), Line = 1717, [SYS INFO] OPEN INSTANCE...[m
01-01 08:00:07.504  2862  2862 D MTK_KL  : 7,2308,7679060,-;<UTPA_DEBUG>[Utopia][MIU]: [MIU INFO] miu open
01-01 08:00:07.504  2862  2862 D MTK_KL  : 4,2309,7679752,-;--------->MBX DRIVER OPEN: cnt=9
01-01 08:00:07.504  2862  2862 D MTK_KL  : 4,2310,7679791,-;_MDrv_MBXIO_FASYNC is invoked
01-01 08:00:07.505  2862  2862 D MTK_KL  : 4,2311,7679795,-;_MDrv_MBXIO_FASYNC is ok
01-01 08:00:07.521  2739  3059 I MI3     : _MI_WRAPPER_SYS_SecurityAuthentication[754]: Invalid parameter!
01-01 08:00:07.521  2739  3059 I MI3     : _MI_WRAPPER_SYS_SecurityAuthentication[754]: pstInitParams is NULL.
01-01 08:00:07.521  2739  3059 I MI3     : MI_IIC_Init[164]: Error 0x2: failed to ioctl(MI_DEV_IOC_IIC_INIT)
01-01 08:00:07.523  2862  2862 D MTK_KL  : 6,2312,7696348,-;<MI3_INFO><<<MI_IIC_Init[1052]MI_IIC_Init:0x2
01-01 08:00:07.523  2862  2862 D MTK_KL  : 4,2313,7696489,-;[MI][MI_DISP_Init][17062]:wait _bDispInited 
01-01 08:00:07.523  2862  2862 D MTK_KL  : 4,2314,7696493,-;pstInitParams c9279700, _bDoInit 1
01-01 08:00:07.523  2862  2862 D MTK_KL  : 4,2315,7696495,-;[MI][MI_DISP_Init][17068]:return MI_HAS_INITED 
01-01 08:00:07.537  2858  2858 I CmpbPlayerFactory: [CMPB Factory] createVendorPlayerFactory
01-01 08:00:07.537  2858  2858 I CmpbPlayerFactory: [CMPB Factory] getVendorPlayerType
01-01 08:00:07.538  2858  2858 E MediaPlayerFactory: unable to dlopen libmtkstrm_player.so
01-01 08:00:07.539  2862  2862 D MTK_KL  : 4,2316,7711386,c;[GLUE]: get GPIO_WAKE_SETTING:WOW_GPIO_NUM: 28
01-01 08:00:07.539  2862  2862 D MTK_KL  : 4,2317,7711421,+;[GLUE]: get GPIO_WAKE_SETTING:WOW_GPIO_POLARITY: 0
01-01 08:00:07.539  2862  2862 D MTK_KL  : 4,2318,7711448,+;[GLUE]: get GPIO_WAKE_SETTING:WOBT_GPIO_NUM: 15
01-01 08:00:07.539  2862  2862 D MTK_KL  : 4,2319,7711474,+;[GLUE]: get GPIO_WAKE_SETTING:WOBT_GPIO_POLARITY: 1
01-01 08:00:07.539  2862  2862 D MTK_KL  : 4,2320,7711501,+;[GLUE]: get GPIO_WAKE_SETTING:WOEWBS_GPIO_NUM: 255
01-01 08:00:07.539  2862  2862 D MTK_KL  : 4,2321,7711528,+;[GLUE]: fallback to get PM_GPIO_WAKE_SETTING:WOEWBS_PM_GPIO_NUM: 255
01-01 08:00:07.539  2862  2862 D MTK_KL  : 4,2322,7711555,+;[GLUE]: get GPIO_WAKE_SETTING:WOEWBS_GPIO_POLARITY: 1
01-01 08:00:07.539  2862  2862 D MTK_KL  : 4,2323,7711582,+;[GLUE]: get EWBS_GPIO_SETTING:BOARD_EWBS_GPIO_NUM: 255
01-01 08:00:07.539  2862  2862 D MTK_KL  : 4,2324,7711609,+;[GLUE]: get EWBS_GPIO_SETTING:BOARD_EWBS_GPIO_POLARITY: 255
01-01 08:00:07.539  2862  2862 D MTK_KL  : 4,2325,7712132,+;[GLUE]register_reboot_notifier: pdwnc_notifier
01-01 08:00:07.539  2862  2862 D MTK_KL  : 4,2326,7712139,+;[GLUE]x_sema_create: hSemaIrrcCtrl done
01-01 08:00:07.539  2862  2862 D MTK_KL  : 6,2327,7712168,-;<MI3_INFO><<<MI_SAR_Init[2724]MI_SAR_Init:0x2
01-01 08:00:07.543  2739  3059 I MI3     : _s32MikAextinFd: 35, aextin init result : 2  
01-01 08:00:07.544  2739  3059 I MI3     : Open MI_OSD kernel module successful
01-01 08:00:07.544  2739  3059 I MI3     : _s32MikCipherFd: 46, cipher init result : 0  
01-01 08:00:07.546  2862  2862 D MTK_KL  : 4,2328,7719474,-;[MI_AEXTIN_Init:2248][2944] AextinInitCnt:12
01-01 08:00:07.546  2862  2862 D MTK_KL  : 4,2329,7719479,-;[MI_AEXTIN_Init:2314][2944] eErrCode:0x2
01-01 08:00:07.546  2862  2862 D MTK_KL  : 6,2330,7719852,-;<MI3_INFO><<<MI_SAR_Init[2724]MI_SAR_Init:0x2
01-01 08:00:07.547  2739  2944 I audio_hw_primary: mi_device_init: MI_SYS_Init success, ret=0x0
01-01 08:00:07.548  2739  2944 E audio_hw_primary: mi_device_open: MI_AOUT_GetHandle fail, try open MI_AOUT later, ret=0x7, HandleDevice:4 !!
01-01 08:00:07.548  2739  3059 I MI3     : MI_AOUT_GetHandle[628]: Error 0x7: failed to ioctl(MI_DEV_IOC_AOUT_GET_HANDLE)
01-01 08:00:07.548  2739  2944 I audio_hw_primary: mi_device_open: MI_AOUT_Init OK !!
01-01 08:00:07.548  2739  3059 I MI3     : ioctl: MI_DEV_IOC_AOUT_OPEN [0]
01-01 08:00:07.548  2739  2944 I audio_hw_primary: mi_device_open: MI_AOUT_Open OK, path=SPEAKER, handle=0x17000000 !!
01-01 08:00:07.548  2739  3059 I MI3     : HANDLE:17000000 
01-01 08:00:07.548  2739  2944 E audio_hw_primary: mi_device_open: MI_AOUT_GetHandle fail, try open MI_AOUT later, ret=0x7, HandleDevice:5 !!
01-01 08:00:07.548  2739  2944 I audio_hw_primary: mi_device_open: MI_AOUT_Init OK !!
01-01 08:00:07.548  2739  3059 I MI3     : MI_AOUT_GetHandle[628]: Error 0x7: failed to ioctl(MI_DEV_IOC_AOUT_GET_HANDLE)
01-01 08:00:07.548  2739  3059 I MI3     : ioctl: MI_DEV_IOC_AOUT_OPEN [0]
01-01 08:00:07.548  2739  2944 I audio_hw_primary: mi_device_open: MI_AOUT_Open OK, path=HEADPHONE, handle=0x17000001 !!
01-01 08:00:07.548  2739  3059 I MI3     : HANDLE:17000001 
01-01 08:00:07.548  2739  2944 E audio_hw_primary: mi_device_open: MI_AOUT_GetHandle fail, try open MI_AOUT later, ret=0x7, HandleDevice:6 !!
01-01 08:00:07.548  2739  2944 I audio_hw_primary: mi_device_open: MI_AOUT_Init OK !!
01-01 08:00:07.548  2739  3059 I MI3     : MI_AOUT_GetHandle[628]: Error 0x7: failed to ioctl(MI_DEV_IOC_AOUT_GET_HANDLE)
01-01 08:00:07.549  2739  2944 I audio_hw_primary: mi_device_open: MI_AOUT_Open OK, path=LINEOUT, handle=0x17000002 !!
01-01 08:00:07.549  2739  3059 I MI3     : ioctl: MI_DEV_IOC_AOUT_OPEN [0]
01-01 08:00:07.549  2739  3059 I MI3     : HANDLE:17000002 
01-01 08:00:07.549  2739  3059 I MI3     : MI_AOUT_GetHandle[628]: Error 0x7: failed to ioctl(MI_DEV_IOC_AOUT_GET_HANDLE)
01-01 08:00:07.549  2739  2944 E audio_hw_primary: mi_device_open: MI_AOUT_GetHandle fail, try open MI_AOUT later, ret=0x7, HandleDevice:2 !!
01-01 08:00:07.549  2739  2944 I audio_hw_primary: mi_device_open: MI_AOUT_Init OK !!
01-01 08:00:07.551  2862  2862 D MTK_KL  : 4,2331,7723278,-;<MI3_WARN>_MI_SVP_Init: Module has been inited!
01-01 08:00:07.551  2862  2862 D MTK_KL  : 4,2332,7723668,-;[MI_AOUT_GetHandle:15383][2944] Error 0x7: fail to _MI_AOUT_GetInstance!
01-01 08:00:07.551  2862  2862 D MTK_KL  : 4,2333,7723800,-;[_MI_AOUT_SetVolume:2830][2944] _MI_AOUT_SetVolume: --> ePath:4, u8Vol:100, u16VolumeReg:3072
01-01 08:00:07.551  2862  2862 D MTK_KL  : 4,2334,7723840,-;[_MI_AOUT_ApplyVolume:2730][2944] _MI_AOUT_ApplyVolume: --> E_MI_AOUT_PATH_MAIN_SPEAKER
01-01 08:00:07.551  2862  2862 D MTK_KL  : 4,2335,7723845,-;[_MI_AOUT_ApplyVolume:2732][2944] _MI_AOUT_ApplyVolume: --> u32MainSpeakerPath=0x30, u8Value1MainSpeaker=0xc, u8Value2MainSpeaker=0x0
01-01 08:00:07.551  2862  2862 D MTK_KL  : 4,2336,7723853,-;[_MI_AOUT_ApplyMute:3006][2944] --> ePath:4, apply bMuteStatus:0
01-01 08:00:07.551  2862  2862 D MTK_KL  : 4,2337,7723857,-;[_MI_AOUT_ApplyMute:3039][2944] --> ePath:E_MI_AOUT_PATH_MAIN_SPEAKER, apply bMuteStatus:0
01-01 08:00:07.551  2862  2862 D MTK_KL  : 4,2338,7723864,-;[MI_AOUT_Open:13941][2944] ePath:4, eErrCode:0x0, *phAout:0x17000000
01-01 08:00:07.551  2862  2862 D MTK_KL  : 6,2339,7723878,-;<MI3_INFO><<<MI_GPIO_GetHandle[1313]The GPIO = 18 has not been opened !
01-01 08:00:07.551  2862  2862 D MTK_KL  : 6,2340,7723905,-;<MI3_INFO><<<MI_GPIO_GetHandle[1313]The GPIO = 45 has not been opened !
01-01 08:00:07.551  2862  2862 D MTK_KL  : 4,2341,7723949,-;[MI_AOUT_GpioOpen:13329][2944] HpDetect.bInvert=0, HpDetect.eGpioLevel=0
01-01 08:00:07.551  2862  2862 D MTK_KL  : 4,2342,7723952,-;[MI_AOUT_GpioOpen:13332][2944] HpDetect Low, Detect.bInvert == 0
01-01 08:00:07.551  2862  2862 D MTK_KL  : 4,2343,7723961,-;[_MI_AOUT_UpdateAudioPathInfoFromBoardIni:2191][2944] output port: spk 0, hp FF, line FF ,scart FF ,spdif 4 , ARC 8, hdmi TX 9
01-01 08:00:07.551  2862  2862 D MTK_KL  : 4,2344,7723965,-;[_MI_AOUT_UpdateAudioPathInfoFromBoardIni:2200][2944] path port: spk 30, hp FF, line FF ,scart FF ,spdif 35 , ARC FF, hdmi TX 37
01-01 08:00:07.551  2862  2862 D MTK_KL  : 4,2345,7723969,-;[_MI_AOUT_SpeakerSwitch2HeadphonePath:2499][2944] _stAudioPath.PathInfo.HpOut is NULL can't change audio path
01-01 08:00:07.551  2862  2862 D MTK_KL  : 4,2346,7723974,-;[_MI_AOUT_VolumeSwitch:2401][2944] _MI_AOUT_VolumeSwitch: --> ePath=4, bHpDetect=0
01-01 08:00:07.551  2862  2862 D MTK_KL  : 3,2347,7723980,-;<MI3_ERR>_MI_AOUT_Ins2Handle[2122]: Invalid parameter!
01-01 08:00:07.551  2862  2862 D MTK_KL  : 3,2348,7723983,-;<MI3_ERR>_MI_AOUT_Ins2Handle[2122]: pstAoutInsParam is NULL.
01-01 08:00:07.551  2862  2862 D MTK_KL  : 4,2349,7723987,-;[_MI_AOUT_VolumeSwitch:2431][2944] _MI_AOUT_VolumeSwitch: _s32UserMuteOp=0, _s32UserMuteStatus=0
01-01 08:00:07.551  2862  2862 D MTK_KL  : 3,2350,7723991,-;<MI3_ERR>_MI_AOUT_ImplHandle2Ins[2143]: MI handle is NULL
01-01 08:00:07.551  2862  2862 D MTK_KL  : 4,2351,7723995,-;[_MI_AOUT_Handle2Ins:2164][2944] Error 0x7: fail to _MI_AOUT_ImplHandle2Ins!
01-01 08:00:07.551  2862  2862 D MTK_KL  : 4,2352,7723998,-;[MI_AOUT_GetVolume:14186][2944] Check handle fail.
01-01 08:00:07.551  2862  2862 D MTK_KL  : 4,2353,7724002,-;[_MI_AOUT_VolumeSwitch:2454][2944] Error 0x7: failed to call _MI_AOUT_GetVolume(4, 0)
01-01 08:00:07.551  2862  2862 D MTK_KL  : 4,2354,7724005,-;[_MI_AOUT_CheckInstance:2052][2944] Pointer pstAoutInsParam is NULL!
01-01 08:00:07.551  2862  2862 D MTK_KL  : 4,2355,7724007,-;[_MI_AOUT_SetVolume:2784][2944] Check handle fail.
01-01 08:00:07.551  2862  2862 D MTK_KL  : 4,2356,7724011,-;[_MI_AOUT_VolumeSwitch:2458][2944] Error 0x8: failed to call _MI_AOUT_SetVolume(4, 0)
01-01 08:00:07.551  2862  2862 D MTK_KL  : 4,2357,7724014,-;[_MI_AOUT_VolumeSwitch:2461][2944] _MI_AOUT_VolumeSwitch: Latest _s32UserMuteOp=0, _s32UserMuteStatus=0
01-01 08:00:07.551  2862  2862 D MTK_KL  : 4,2358,7724032,-;[_MI_AOUT_AmpGpioMute:2302][2944] bMuteEnable == FALSE, bInvert == 1, AmpMute = Low
01-01 08:00:07.552  2862  2862 D MTK_KL  : 4,2359,7724229,-;[MI_AOUT_GetHandle:15383][2944] Error 0x7: fail to _MI_AOUT_GetInstance!
01-01 08:00:07.552  2862  2862 D MTK_KL  : 4,2360,7724311,-;[_MI_AOUT_SetVolume:2830][2944] _MI_AOUT_SetVolume: --> ePath:5, u8Vol:100, u16VolumeReg:3072
01-01 08:00:07.552  2862  2862 D MTK_KL  : 4,2361,7724342,-;[_MI_AOUT_ApplyMute:3006][2944] --> ePath:5, apply bMuteStatus:0
01-01 08:00:07.552  2862  2862 D MTK_KL  : 4,2362,7724345,-;[_MI_AOUT_ApplyMute:3048][2944] --> ePath:E_MI_AOUT_PATH_HEADPHONE, apply bMuteStatus:0
01-01 08:00:07.552  2862  2862 D MTK_KL  : 4,2363,7724350,-;[MI_AOUT_Open:13941][2944] ePath:5, eErrCode:0x0, *phAout:0x17000001
01-01 08:00:07.552  2862  2862 D MTK_KL  : 4,2364,7724384,-;[MI_AOUT_GpioOpen:13329][2944] HpDetect.bInvert=0, HpDetect.eGpioLevel=0
01-01 08:00:07.552  2862  2862 D MTK_KL  : 4,2365,7724386,-;[MI_AOUT_GpioOpen:13332][2944] HpDetect Low, Detect.bInvert == 0
01-01 08:00:07.552  2862  2862 D MTK_KL  : 4,2366,7724392,-;[_MI_AOUT_UpdateAudioPathInfoFromBoardIni:2191][2944] output port: spk 0, hp FF, line FF ,scart FF ,spdif 4 , ARC 8, hdmi TX 9
01-01 08:00:07.552  2862  2862 D MTK_KL  : 4,2367,7724397,-;[_MI_AOUT_UpdateAudioPathInfoFromBoardIni:2200][2944] path port: spk 30, hp FF, line FF ,scart FF ,spdif 35 , ARC FF, hdmi TX 37
01-01 08:00:07.552  2862  2862 D MTK_KL  : 4,2368,7724400,-;[_MI_AOUT_SpeakerSwitch2HeadphonePath:2499][2944] _stAudioPath.PathInfo.HpOut is NULL can't change audio path
01-01 08:00:07.552  2862  2862 D MTK_KL  : 4,2369,7724404,-;[_MI_AOUT_VolumeSwitch:2401][2944] _MI_AOUT_VolumeSwitch: --> ePath=4, bHpDetect=0
01-01 08:00:07.552  2862  2862 D MTK_KL  : 3,2370,7724408,-;<MI3_ERR>_MI_AOUT_Ins2Handle[2122]: Invalid parameter!
01-01 08:00:07.552  2862  2862 D MTK_KL  : 3,2371,7724410,-;<MI3_ERR>_MI_AOUT_Ins2Handle[2122]: pstAoutInsParam is NULL.
01-01 08:00:07.552  2862  2862 D MTK_KL  : 4,2372,7724414,-;[_MI_AOUT_VolumeSwitch:2431][2944] _MI_AOUT_VolumeSwitch: _s32UserMuteOp=0, _s32UserMuteStatus=0
01-01 08:00:07.552  2862  2862 D MTK_KL  : 3,2373,7724416,-;<MI3_ERR>_MI_AOUT_ImplHandle2Ins[2143]: MI handle is NULL
01-01 08:00:07.552  2862  2862 D MTK_KL  : 4,2374,7724420,-;[_MI_AOUT_Handle2Ins:2164][2944] Error 0x7: fail to _MI_AOUT_ImplHandle2Ins!
01-01 08:00:07.552  2862  2862 D MTK_KL  : 4,2375,7724422,-;[MI_AOUT_GetVolume:14186][2944] Check handle fail.
01-01 08:00:07.552  2862  2862 D MTK_KL  : 4,2376,7724426,-;[_MI_AOUT_VolumeSwitch:2454][2944] Error 0x7: failed to call _MI_AOUT_GetVolume(4, 0)
01-01 08:00:07.552  2862  2862 D MTK_KL  : 4,2377,7724428,-;[_MI_AOUT_CheckInstance:2052][2944] Pointer pstAoutInsParam is NULL!
01-01 08:00:07.552  2862  2862 D MTK_KL  : 4,2378,7724431,-;[_MI_AOUT_SetVolume:2784][2944] Check handle fail.
01-01 08:00:07.552  2862  2862 D MTK_KL  : 4,2379,7724434,-;[_MI_AOUT_VolumeSwitch:2458][2944] Error 0x8: failed to call _MI_AOUT_SetVolume(4, 0)
01-01 08:00:07.552  2862  2862 D MTK_KL  : 4,2380,7724438,-;[_MI_AOUT_VolumeSwitch:2461][2944] _MI_AOUT_VolumeSwitch: Latest _s32UserMuteOp=0, _s32UserMuteStatus=0
01-01 08:00:07.552  2862  2862 D MTK_KL  : 4,2381,7724453,-;[_MI_AOUT_AmpGpioMute:2302][2944] bMuteEnable == FALSE, bInvert == 1, AmpMute = Low
01-01 08:00:07.552  2862  2862 D MTK_KL  : 4,2382,7724513,-;[MI_AOUT_GetHandle:15383][2944] Error 0x7: fail to _MI_AOUT_GetInstance!
01-01 08:00:07.552  2862  2862 D MTK_KL  : 4,2383,7724592,-;[_MI_AOUT_SetVolume:2830][2944] _MI_AOUT_SetVolume: --> ePath:6, u8Vol:100, u16VolumeReg:3072
01-01 08:00:07.552  2862  2862 D MTK_KL  : 4,2384,7724618,-;[_MI_AOUT_ApplyMute:3006][2944] --> ePath:6, apply bMuteStatus:0
01-01 08:00:07.552  2862  2862 D MTK_KL  : 4,2385,7724622,-;[MI_AOUT_Open:13941][2944] ePath:6, eErrCode:0x0, *phAout:0x17000002
01-01 08:00:07.552  2862  2862 D MTK_KL  : 4,2386,7724686,-;[MI_AOUT_GetHandle:15383][2944] Error 0x7: fail to _MI_AOUT_GetInstance!
01-01 08:00:07.564  2739  3059 I MI3     : ioctl: MI_DEV_IOC_AOUT_OPEN [0]
01-01 08:00:07.564  2739  2944 I audio_hw_primary: mi_device_open: MI_AOUT_Open OK, path=SPDIF, handle=0x17000003 !!
01-01 08:00:07.564  2739  3059 I MI3     : HANDLE:17000003 
01-01 08:00:07.564  2739  2944 E audio_hw_primary: mi_device_open: MI_AOUT_GetHandle fail, try open MI_AOUT later, ret=0x7, HandleDevice:7 !!
01-01 08:00:07.564  2739  2944 I audio_hw_primary: mi_device_open: MI_AOUT_Init OK !!
01-01 08:00:07.564  2739  2944 I audio_hw_primary: mi_device_open: MI_AOUT_Open OK, path=HDMI_ARC, handle=0x17000004 !!
01-01 08:00:07.564  2739  3059 I MI3     : MI_AOUT_GetHandle[628]: Error 0x7: failed to ioctl(MI_DEV_IOC_AOUT_GET_HANDLE)
01-01 08:00:07.564  2739  3059 I MI3     : ioctl: MI_DEV_IOC_AOUT_OPEN [0]
01-01 08:00:07.564  2739  3059 I MI3     : HANDLE:17000004 
01-01 08:00:07.564  2739  3059 I MI3     : MI_AOUT_GetHandle[628]: Error 0x7: failed to ioctl(MI_DEV_IOC_AOUT_GET_HANDLE)
01-01 08:00:07.564  2739  2944 E audio_hw_primary: mi_device_open: MI_AOUT_GetHandle fail, try open MI_AOUT later, ret=0x7, HandleDevice:3 !!
01-01 08:00:07.564  2739  2944 I audio_hw_primary: mi_device_open: MI_AOUT_Init OK !!
01-01 08:00:07.564  2739  3059 I MI3     : ioctl: MI_DEV_IOC_AOUT_OPEN [0]
01-01 08:00:07.564  2739  2944 I audio_hw_primary: mi_device_open: MI_AOUT_Open OK, path=HDMI_TX, handle=0x17000005 !!
01-01 08:00:07.564  2739  3059 I MI3     : HANDLE:17000005 
01-01 08:00:07.564  2739  2944 W audio_hw_primary: mi_device_init: MI_AEXTIN_Init failed, ret=0x2 !!
01-01 08:00:07.564  2739  2944 I audio_hw_primary: mi_device_init: dolby version 2.
01-01 08:00:07.564  2739  2944 I audio_hw_primary: mi_device_init: dts version 0.
01-01 08:00:07.566  2862  2862 D MTK_KL  : 4,2387,7739878,-;[_MI_AOUT_SetVolume:2830][2944] _MI_AOUT_SetVolume: --> ePath:2, u8Vol:100, u16VolumeReg:3072
01-01 08:00:07.566  2862  2862 D MTK_KL  : 4,2388,7739923,-;[_MI_AOUT_ApplyMute:3006][2944] --> ePath:2, apply bMuteStatus:0
01-01 08:00:07.566  2862  2862 D MTK_KL  : 4,2389,7739933,-;[MI_AOUT_Open:13941][2944] ePath:2, eErrCode:0x0, *phAout:0x17000003
01-01 08:00:07.566  2862  2862 D MTK_KL  : 4,2390,7740092,-;[MI_AOUT_GetHandle:15383][2944] Error 0x7: fail to _MI_AOUT_GetInstance!
01-01 08:00:07.566  2862  2862 D MTK_KL  : 4,2391,7740188,-;[_MI_AOUT_SetVolume:2830][2944] _MI_AOUT_SetVolume: --> ePath:7, u8Vol:100, u16VolumeReg:3072
01-01 08:00:07.566  2862  2862 D MTK_KL  : 4,2392,7740216,-;[_MI_AOUT_ApplyMute:3006][2944] --> ePath:7, apply bMuteStatus:0
01-01 08:00:07.566  2862  2862 D MTK_KL  : 4,2393,7740224,-;[MI_AOUT_Open:13941][2944] ePath:7, eErrCode:0x0, *phAout:0x17000004
01-01 08:00:07.566  2862  2862 D MTK_KL  : 4,2394,7740285,-;[MI_AOUT_GetHandle:15383][2944] Error 0x7: fail to _MI_AOUT_GetInstance!
01-01 08:00:07.566  2862  2862 D MTK_KL  : 4,2395,7740366,-;[_MI_AOUT_SetVolume:2830][2944] _MI_AOUT_SetVolume: --> ePath:3, u8Vol:100, u16VolumeReg:3072
01-01 08:00:07.566  2862  2862 D MTK_KL  : 4,2396,7740392,-;[_MI_AOUT_ApplyMute:3006][2944] --> ePath:3, apply bMuteStatus:0
01-01 08:00:07.566  2862  2862 D MTK_KL  : 4,2397,7740399,-;[MI_AOUT_Open:13941][2944] ePath:3, eErrCode:0x0, *phAout:0x17000005
01-01 08:00:07.566  2862  2862 D MTK_KL  : 4,2398,7740514,-;[_MI_AUDIO_GetAttr:2266][2944] u32AudInfo DTS version:0
01-01 08:00:07.570  2739  2944 I Utopia  : [MSOS][INFO][MsOS_SHM_Init][1070]     Already inited.
01-01 08:00:07.570  2739  2944 I Utopia  : [MSOS][INFO][MsOS_SHM_Init][1070]     Already inited.
01-01 08:00:07.570  2739  2944 D SynchronizerHAL: HW Sync Mutex 0 create OK
01-01 08:00:07.570  2739  2944 D SynchronizerHAL: HW Sync Mutex 1 create OK
01-01 08:00:07.570  2739  3059 I MI3     : MI_OS_GetShareMem[865]: MI_OS_GetShareMem failed 
01-01 08:00:07.570  2739  2944 I audio_hw_primary: mi_device_set: mode(auto), codec(NONE) 
01-01 08:00:07.584  2739  3059 I MI3     : I/O warning : failed to load external entity "/odm/etc/default_volume_tables.xml"
01-01 08:00:07.588  2739  2944 I audio_hw_primary: utils_parse_volume_curve: Parse /vendor/etc/default_volume_tables.xml.
01-01 08:00:07.588  2739  2944 I audio_hw_primary: utils_parse_volume_curve: referenceName MM found
01-01 08:00:07.588  2739  2944 I audio_hw_primary: utils_parse_volume_curve: referenceName DTV found
01-01 08:00:07.588  2739  2944 I audio_hw_primary: utils_parse_volume_curve: referenceName ATV found
01-01 08:00:07.589  2739  2944 I audio_hw_primary: utils_parse_volume_curve: referenceName HDMI found
01-01 08:00:07.589  2739  2944 I audio_hw_primary: utils_parse_volume_curve: referenceName CVBS found
01-01 08:00:07.589  2739  2944 I audio_hw_primary: utils_parse_volume_curve: All volume curve table are parsed.
01-01 08:00:07.591  2739  2944 I audio_hw_primary: mi_device_open: output device info already exists, device spdif, MI_AOUT handle=0x17000003, path=SPDIF !!
01-01 08:00:07.591  2739  2944 I audio_hw_primary: mi_device_open: output device info already exists, device speaker, MI_AOUT handle=0x17000000, path=SPEAKER !!
01-01 08:00:07.591  2739  2944 I audio_hw_primary: mi_device_open: output device info already exists, device headphone, MI_AOUT handle=0x17000001, path=HEADPHONE !!
01-01 08:00:07.591  2739  2944 I audio_hw_primary: mi_device_open: output device info already exists, device 0x200000, MI_AOUT handle=0x17000002, path=LINEOUT !!
01-01 08:00:07.591  2739  2944 I audio_hw_primary: mi_device_open: output device info already exists, device hdmi-arc, MI_AOUT handle=0x17000004, path=HDMI_ARC !!
01-01 08:00:07.623  2862  2862 D MTK_KL  : 6,2399,7797698,-;<MI3_INFO><<<MI_SAR_GetHandle[2936]The SAR eChannel = 0 has not been opened !
01-01 08:00:07.623  2862  2862 D MTK_KL  : 4,2400,7797703,c;[GLUE][SAR] Get handle fail
01-01 08:00:07.625  2739  2944 I bt_a2dp_hw: adev_open:  adev_open in A2dp_hw module
01-01 08:00:07.625  2739  2944 D audio_hw_primary: utils_loadAudioInterface: if_name a2dp, dev 0xa2383000
01-01 08:00:07.625  2739  2944 I audio_hw_primary: adev_open: a2dp dev 0xa2383000
01-01 08:00:07.627  2862  2862 D MTK_KL  : 3,2401,7802132,-;<MI3_ERR>_MI_SAR_FillKeypadInfo[2261]: 
01-01 08:00:07.631  2862  2862 D MTK_KL  : 6,2402,7804899,-;<MI3_INFO>_MTGIRRC_GetBootCtrl[5037]: (char *)pstGetEnvOutput.szValue = 0x0, *pu4BootCtrl = 0
01-01 08:00:07.631  2862  2862 D MTK_KL  : 6,2403,7805108,-;<MI3_INFO>_MTGIRRC_SetBootCtrlByMask[5169]: u4BootCtrl = 0x0, u4BootCtrlMask = 0x2, fgSetup = 0
01-01 08:00:07.631  2862  2862 D MTK_KL  : 4,2404,7805157,-;\x1b[1;31miniparser_load[1199]: 
01-01 08:00:07.631  2862  2862 D MTK_KL  : 4,2405,7805165,-;iniparser: cannot open /vendor/tvconfig/config/ir_factory_block_key_config.ini
01-01 08:00:07.631  2862  2862 D MTK_KL  : 4,2406,7805167,-;\x1b[0m[GLUE]__GlueIR_GetFactoryBlockKeyInfo[5465] error load /vendor/tvconfig/config/ir_factory_block_key_config.ini fail
01-01 08:00:07.631  2862  2862 D MTK_KL  : 4,2407,7805177,c;[GLUE]__GlueIR_Init[5800] __GlueIR_GetFactoryBlockKeyInfo fail. 
01-01 08:00:07.631  2862  2862 D MTK_KL  : 4,2408,7805185,+;__Glue_PM_EWBSRegWakeupSource Done
01-01 08:00:07.631  2862  2862 D MTK_KL  : 4,2409,7805223,+;[GLUE][GPIO] __GlueGPIO_RegEWBSCallback not config EWBS GPIO!
01-01 08:00:07.631  2862  2862 D MTK_KL  : 4,2410,7805226,+;[GLUE]line: 2900 , _MTGPERIPHERAL_Init .
01-01 08:00:07.631  2862  2862 D MTK_KL  : 4,2411,7805461,+;[GLUE]_MTGPDWNC_GetWakeupReason[3402]_u4MTWakeupSource = 1 
01-01 08:00:07.631  2862  2862 D MTK_KL  : 4,2412,7805483,+;[GLUE] u4WakeupSrcKey scancode = 0x1 
01-01 08:00:07.631  2862  2862 D MTK_KL  : 4,2413,7805487,+;[GLUE]_MTGIR_GetWakeupIrKey(6282)  _fgMTIrkey is 1.
01-01 08:00:07.631  2862  2862 D MTK_KL  : 4,2414,7805490,+;[GLUE]_MTGPDWNC_GetWakeupReason[3424]u4WakeupReason = 4 
01-01 08:00:07.631  2862  2862 D MTK_KL  : 6,2415,7805661,-;<MI3_INFO><<<MI_IIC_Init[1052]MI_IIC_Init:0x2
01-01 08:00:07.631  2862  2862 D MTK_KL  : 4,2416,7805716,-;[MTGVDECEX_HDMI_FastInit][4613]
01-01 08:00:07.632  2862  2862 D MTK_KL  : 4,2417,7805749,-; Open HDMI Device:0 
01-01 08:00:07.632  2862  2862 D MTK_KL  : 4,2418,7805804,-;[MDrv_HDMI_init_internal][2201]pXCResourcePrivate->stdrvXC_MVideo_Context.g_bIsIMMESWITCH=1
01-01 08:00:07.632  2862  2862 D MTK_KL  : 4,2419,7805807,-;[MDrv_HDMI_init_internal][2203]pXCResourcePrivate->stdrvXC_MVideo_Context.g_bIMMESWITCH_DVI_POWERSAVING=0
01-01 08:00:07.632  2862  2862 D MTK_KL  : 4,2420,7805811,-;>>[Hal_HDMI_init][5508]HDMI Immeswitch support flag = 1
01-01 08:00:07.632  2862  2862 D MTK_KL  : 3,2421,7806246,-;[MSOS][MsOS_AttachInterrupt][3546] Please check HAL_UpdateIrqTable(Idx=254, eIntNum=312) with Chip SW PL.
01-01 08:00:07.632  2862  2862 D MTK_KL  : 3,2422,7806252,-;[MSOS][MsOS_EnableInterrupt][3792] Un-used interrupt enum = 0x138.
01-01 08:00:07.632  2862  2862 D MTK_KL  : 4,2423,7806404,-;HDCP1x New Load Key for Auto!
01-01 08:00:07.632  2862  2862 D MTK_KL  : 6,2424,7806416,-;\x1b[m[HDCP1X] Enter HDCP1xRx_APP_FillKey() function ((HDCP1xRx_APP_FillKey:503))\x1b[m
01-01 08:00:07.632  2862  2862 D MTK_KL  : 3,2425,7806421,-;\x1b[0;32;31m[HDCP1X] pu8Hdcp1xKey is NULL ((HDCP1xRx_APP_FillKey:510))\x1b[m
01-01 08:00:07.632  2862  2862 D MTK_KL  : 6,2426,7806429,-;\x1b[0;32;32m[HDCP1X] HDCP1X CA version HDCP1X-12.36.d6ba224.2019070519 ((HDCP1xTx_CA_OpenSession:168))\x1b[m
01-01 08:00:07.632  2739  2944 D audio_hw_primary: utils_loadAudioInterface: if_name usb, dev 0xb36e5000
01-01 08:00:07.632  2739  2944 I audio_hw_primary: adev_open: usb dev 0xb36e5000
01-01 08:00:07.632  2739  2944 D audio_hw_primary: utils_bootvideo_is_enable,177, pBootVideoEnableFlag:bootvideo.enable=0 androidboot.selinux=permissive SAR5=ON platform=mi MIRROR=0 LX_MEM=0x1A400000 LX_MEM2=0x43C00000,0x1A900000 EMAC_MEM=0x100000 PM51_ADDR=0x3B570000 PM51_LEN=0x10000 tee_mode=optee recovery_fbaddr=0x7400000 pm_path=/vendor/tvconfig/config/PM.bin RTPM_INFO=1,0x3B570000 androidboot.verifiedbootstate=orange root=/dev/mmcblk0p27 CMA0=XC_MAIN_FRAME_BUF,miu=0,hid=22,sz=0xC00000,st=0x7400000 CMA1=AUDIO_CPU_1,miu=0,hid=24,sz=0x400000,st=0x9800000 CMA2=GOP_MALI_BUF,miu=0,hid=16,sz=0x400000,st=0x9C00000 CMA3=RETURN_ENUM_NCACHE,miu=0,hid=23,sz=0x1000000,st=0x23C00000 CMA4=RETURN_ENUM_CACHE,miu=0,hid=25,sz=0x800000,st=0x24C00000 CMA5=VDEC_FRAME_BUF,miu=0,hid=19,sz=0x7C00000,st=0x29000000 ENV_VAR_OFFSET=0x0 ENV_VAR_SIZE=0x10000 ENV=EMMC S, value:0, len:17
01-01 08:00:07.632  2739  2944 I audio_hw_primary: adev_open: END, boovideo enable:0 
01-01 08:00:07.633  2739  2944 W DeviceHAL: Error from HAL Device in function get_master_volume: Function not implemented
01-01 08:00:07.634  2739  2944 W DeviceHAL: Error from HAL Device in function get_master_mute: Function not implemented
01-01 08:00:07.634  2739  2944 I audio_hw_primary: adev_set_master_volume: volume 1.000000
01-01 08:00:07.634  2739  2944 W DeviceHAL: Error from HAL Device in function set_master_mute: Function not implemented
01-01 08:00:07.634  2752  2752 I AudioFlinger: loadHwModule() Loaded primary audio interface, handle 10
01-01 08:00:07.634  2752  2752 I AudioFlinger: openOutput() this 0xad33c000, module 10 Device 0x2, SamplingRate 48000, Format 0x000001, Channels 0x3, flags 0x2
01-01 08:00:07.634  2739  2944 I audio_hw_primary: adev_open_output_stream: handle:13 dev:speaker fmt/chn/sr 0x00000001/2/48000, flag 0x00000002
01-01 08:00:07.634  2739  2944 I audio_hw_primary: adev_open_output_stream: out=0xb36b5300, isAvDelaySet=1
01-01 08:00:07.635  2739  2944 D audio_hw_primary: out_common_get_buffer_size: BufferSize=3456 !
01-01 08:00:07.635  2752  2752 I AudioFlinger: HAL output buffer size 864 frames, normal sink buffer size 1152 frames
01-01 08:00:07.656  2752  2752 I BufferProvider: found effect "Multichannel Downmix To Stereo" from The Android Open Source Project
01-01 08:00:07.656  2739  2944 D audio_hw_primary: out_common_get_buffer_size: BufferSize=3456 !
01-01 08:00:07.657  2752  2752 I AudioFlinger: Using module 10 as the primary audio interface
01-01 08:00:07.658  2739  2944 D audio_hw_primary: adev_set_voice_volume: volume 0.000000, not implement!
01-01 08:00:07.659  2752  2752 W AudioFlinger: moveEffects() bad srcOutput 0
01-01 08:00:07.660  2752  3075 I AudioFlinger: AudioFlinger's thread 0xac923000 tid=3075 ready to run
01-01 08:00:07.660  2752  3075 W AudioFlinger: no wake lock to update, system not ready yet
01-01 08:00:07.661  2739  2944 D audio_hw_primary: out_standby: handle=13
01-01 08:00:07.661  2739  2944 E audio_hw_primary: mi_common_pcm_close: common pcm was not opened.
01-01 08:00:07.661  2752  3075 W AudioFlinger: no wake lock to update, system not ready yet
01-01 08:00:07.662  2739  2944 I audio_hw_primary: adev_create_audio_patch: mix->device:speaker
01-01 08:00:07.662  2739  2944 I audio_hw_primary: adev_create_audio_patch: create audio_patch 0xb36ea000, handle 1
01-01 08:00:07.662  2739  2944 I audio_hw_primary: utils_ApplyDevicePath: CVT_EN_HP_SP_ONE_CHANNEL adev->sink_device = 0x2
01-01 08:00:07.662  2739  2944 I audio_hw_primary: mi_device_set: set volume: device hdmi-arc, mute. ePath 7, handle 0x17000004, ret 0
01-01 08:00:07.662  2739  2944 I audio_hw_primary: mi_device_set: set volume: device speaker, un-mute. ePath 4, handle 0x17000000, ret 0
01-01 08:00:07.662  2739  2944 I audio_hw_primary: mi_device_set: set volume: device headphone, un-mute. ePath 5, handle 0x17000001, ret 0
01-01 08:00:07.663  2752  2752 W APM_AudioPolicyManager: Input profile contains no device on module primary
01-01 08:00:07.663  2862  2862 D MTK_KL  : 4,2427,7837990,-;[_MI_AOUT_SetMultiMute:3283][2944] ePath:7, pszMuteName:audio_hal, bMute:1, u32AutoUnmuteTimer:0, u32AoutMuteFlag:0x1
01-01 08:00:07.663  2862  2862 D MTK_KL  : 4,2428,7837999,-;[_MI_AOUT_ApplyMute:3006][2944] --> ePath:7, apply bMuteStatus:1
01-01 08:00:07.663  2862  2862 D MTK_KL  : 4,2429,7838058,-;[_MI_AOUT_SetMultiMute:3283][2944] ePath:4, pszMuteName:audio_hal, bMute:0, u32AutoUnmuteTimer:0, u32AoutMuteFlag:0x0
01-01 08:00:07.663  2862  2862 D MTK_KL  : 4,2430,7838100,-;[_MI_AOUT_SetMultiMute:3283][2944] ePath:5, pszMuteName:audio_hal, bMute:0, u32AutoUnmuteTimer:0, u32AoutMuteFlag:0x0
01-01 08:00:07.664  2739  2944 I audio_hw_primary: adev_open_input_stream: handle:14 dev:tv fmt/chn/sr 1/2/48000
01-01 08:00:07.664  2739  2944 I audio_hw_primary: adev_open_input_stream: handle:14 dev:tv, aec is disabled, aec level 3
01-01 08:00:07.664  2739  2944 I audio_hw_primary: register_wrapper: register mi_common_capture wrapper !!
01-01 08:00:07.666  2752  3077 I AudioFlinger: AudioFlinger's thread 0xaca03600 tid=3077 ready to run
01-01 08:00:07.666  2752  3076 E FastThread: did not receive expected priority boost on time
01-01 08:00:07.667  2752  2752 W APM_AudioPolicyManager: Input profile contains no device on module primary
01-01 08:00:07.667  2752  2752 W APM_AudioPolicyManager: Input profile contains no device on module primary
