01-01 08:00:11.625  2862  2862 D MTK_KL  : 4,3556,11796704,-;[SGLUE_AUD][INFO][_AudMiChannelMute][6356]: path = 4, mute = 0
01-01 08:00:11.625  2862  2862 D MTK_KL  : 4,3557,11796766,-;[SGLUE_AUD][INFO][MTGADEC_MTAUD_SetChannelMute][6363]: dec: 0, ch: 8, mute: 0
01-01 08:00:11.625  2862  2862 D MTK_KL  : 4,3558,11796772,-;CPU: 0 PID: 3197 Comm: acfg Tainted: P           O    4.9.118+ #1
01-01 08:00:11.625  2862  2862 D MTK_KL  : 4,3559,11796774,-;Hardware name: mt5862
01-01 08:00:11.625  2862  2862 D MTK_KL  : 4,3560,11796786,-;[<c010df8d>] (unwind_backtrace) from [<c010a213>] (show_stack+0xb/0xc)
01-01 08:00:11.625  2862  2862 D MTK_KL  : 4,3561,11796794,-;[<c010a213>] (show_stack) from [<c0346f6f>] (dump_stack+0x6b/0x78)
01-01 08:00:11.625  2862  2862 D MTK_KL  : 4,3562,11797151,-;[<c0346f6f>] (dump_stack) from [<cfd50c51>] (_AtvDetPollingThread+0x2a0/0x7f8 [dtv_driver])
01-01 08:00:11.625  2862  2862 D MTK_KL  : 4,3563,11797804,-;[<cfd50c51>] (_AtvDetPollingThread [dtv_driver]) from [<cfd5580f>] (MTGADEC_MTAUD_SetChannelMute+0x3a/0x98 [dtv_driver])
01-01 08:00:11.625  2862  2862 D MTK_KL  : 4,3564,11798435,-;[<cfd5580f>] (MTGADEC_MTAUD_SetChannelMute [dtv_driver]) from [<cfd62e19>] (MTGADEC_MTAUD_AudSet+0x24cc/0x4dbc [dtv_driver])
01-01 08:00:11.625  2862  2862 D MTK_KL  : 4,3565,11799115,-;[<cfd62e19>] (MTGADEC_MTAUD_AudSet [dtv_driver]) from [<cfcfe19f>] (mtal_ioctl_mtauddec+0x1ed2/0x28d0 [dtv_driver])
01-01 08:00:11.625  2862  2862 D MTK_KL  : 4,3566,11799849,-;[<cfcfe19f>] (mtal_ioctl_mtauddec [dtv_driver]) from [<cfce258f>] (mtal_ioctl+0x296/0x2b0 [dtv_driver])
01-01 08:00:11.625  2862  2862 D MTK_KL  : 4,3567,11800244,-;[<cfce258f>] (mtal_ioctl [dtv_driver]) from [<c02050e3>] (do_vfs_ioctl+0x87/0x684)
01-01 08:00:11.625  2862  2862 D MTK_KL  : 4,3568,11800254,-;[<c02050e3>] (do_vfs_ioctl) from [<c0205729>] (SyS_ioctl+0x49/0x54)
01-01 08:00:11.625  2771  2771 W libc    : pthread_create sched_setscheduler(1, {99}) call failed: Operation not permitted
01-01 08:00:11.625  2862  2862 D MTK_KL  : 4,3569,11800263,-;[<c0205729>] (SyS_ioctl) from [<c0106721>] (ret_fast_syscall+0x1/0x54)
01-01 08:00:11.626  2862  2862 D MTK_KL  : 4,3570,11800904,-;[_MI_AOUT_SetMultiMute:3283][3197] ePath:5, pszMuteName:MTAL, bMute:0, u32AutoUnmuteTimer:0, u32AoutMuteFlag:0x0
01-01 08:00:11.627  2862  2862 D MTK_KL  : 4,3571,11800916,-;[_MI_AOUT_ApplyMute:3006][3197] --> ePath:5, apply bMuteStatus:0
01-01 08:00:11.628  2862  2862 D MTK_KL  : 4,3572,11800920,-;[_MI_AOUT_ApplyMute:3048][3197] --> ePath:E_MI_AOUT_PATH_HEADPHONE, apply bMuteStatus:0
01-01 08:00:11.628  2862  2862 D MTK_KL  : 4,3573,11800938,-;[SGLUE_AUD][INFO][_AudMiChannelMute][6356]: path = 5, mute = 0
01-01 08:00:11.629  2862  2862 D MTK_KL  : 4,3574,11800945,-;[SGLUE_AUD][INFO][MTGADEC_MTAUD_SetChannelMute][6363]: dec: 0, ch: 9, mute: 0
01-01 08:00:11.629  2862  2862 D MTK_KL  : 4,3575,11800952,-;CPU: 0 PID: 3197 Comm: acfg Tainted: P           O    4.9.118+ #1
01-01 08:00:11.629  2862  2862 D MTK_KL  : 4,3576,11800954,-;Hardware name: mt5862
01-01 08:00:11.629  2862  2862 D MTK_KL  : 4,3577,11800974,-;[<c010df8d>] (unwind_backtrace) from [<c010a213>] (show_stack+0xb/0xc)
01-01 08:00:11.629  2862  2862 D MTK_KL  : 4,3578,11800985,-;[<c010a213>] (show_stack) from [<c0346f6f>] (dump_stack+0x6b/0x78)
01-01 08:00:11.629  2862  2862 D MTK_KL  : 4,3579,11801406,-;[<c0346f6f>] (dump_stack) from [<cfd50c51>] (_AtvDetPollingThread+0x2a0/0x7f8 [dtv_driver])
01-01 08:00:11.629  2862  2862 D MTK_KL  : 4,3580,11802232,-;[<cfd50c51>] (_AtvDetPollingThread [dtv_driver]) from [<cfd5580f>] (MTGADEC_MTAUD_SetChannelMute+0x3a/0x98 [dtv_driver])
01-01 08:00:11.629  2862  2862 D MTK_KL  : 4,3581,11803045,-;[<cfd5580f>] (MTGADEC_MTAUD_SetChannelMute [dtv_driver]) from [<cfd62e23>] (MTGADEC_MTAUD_AudSet+0x24d6/0x4dbc [dtv_driver])
01-01 08:00:11.629  2862  2862 D MTK_KL  : 4,3582,11803829,-;[<cfd62e23>] (MTGADEC_MTAUD_AudSet [dtv_driver]) from [<cfcfe19f>] (mtal_ioctl_mtauddec+0x1ed2/0x28d0 [dtv_driver])
01-01 08:00:11.629  2862  2862 D MTK_KL  : 4,3583,11804585,-;[<cfcfe19f>] (mtal_ioctl_mtauddec [dtv_driver]) from [<cfce258f>] (mtal_ioctl+0x296/0x2b0 [dtv_driver])
01-01 08:00:11.629  2862  2862 D MTK_KL  : 4,3584,11804985,-;[<cfce258f>] (mtal_ioctl [dtv_driver]) from [<c02050e3>] (do_vfs_ioctl+0x87/0x684)
01-01 08:00:11.629  2862  2862 D MTK_KL  : 4,3585,11805000,-;[<c02050e3>] (do_vfs_ioctl) from [<c0205729>] (SyS_ioctl+0x49/0x54)
01-01 08:00:11.629  2862  2862 D MTK_KL  : 4,3586,11805009,-;[<c0205729>] (SyS_ioctl) from [<c0106721>] (ret_fast_syscall+0x1/0x54)
01-01 08:00:11.633  2862  2862 D MTK_KL  : 4,3587,11805356,-;[_MI_AOUT_SetMultiMute:3283][3197] ePath:5, pszMuteName:MTAL, bMute:0, u32AutoUnmuteTimer:0, u32AoutMuteFlag:0x0
01-01 08:00:11.633  2862  2862 D MTK_KL  : 4,3588,11805363,-;[SGLUE_AUD][INFO][_AudMiChannelMute][6356]: path = 5, mute = 0
01-01 08:00:11.633  2862  2862 D MTK_KL  : 4,3589,11805369,-;CPU: 0 PID: 3197 Comm: acfg Tainted: P           O    4.9.118+ #1
01-01 08:00:11.633  2862  2862 D MTK_KL  : 4,3590,11805371,-;Hardware name: mt5862
01-01 08:00:11.633  2862  2862 D MTK_KL  : 4,3591,11805383,-;[<c010df8d>] (unwind_backtrace) from [<c010a213>] (show_stack+0xb/0xc)
01-01 08:00:11.633  2862  2862 D MTK_KL  : 4,3592,11805390,-;[<c010a213>] (show_stack) from [<c0346f6f>] (dump_stack+0x6b/0x78)
01-01 08:00:11.633  2862  2862 D MTK_KL  : 4,3593,11805838,-;[<c0346f6f>] (dump_stack) from [<cfd50c51>] (_AtvDetPollingThread+0x2a0/0x7f8 [dtv_driver])
01-01 08:00:11.633  2862  2862 D MTK_KL  : 4,3594,11806688,-;[<cfd50c51>] (_AtvDetPollingThread [dtv_driver]) from [<cfd63637>] (MTGADEC_MTAUD_AudSet+0x2cea/0x4dbc [dtv_driver])
01-01 08:00:11.633  2862  2862 D MTK_KL  : 4,3595,11807565,-;[<cfd63637>] (MTGADEC_MTAUD_AudSet [dtv_driver]) from [<cfcfe19f>] (mtal_ioctl_mtauddec+0x1ed2/0x28d0 [dtv_driver])
01-01 08:00:11.633  2862  2862 D MTK_KL  : 4,3596,11808819,-;[<cfcfe19f>] (mtal_ioctl_mtauddec [dtv_driver]) from [<cfce258f>] (mtal_ioctl+0x296/0x2b0 [dtv_driver])
01-01 08:00:11.634  2862  2862 D MTK_KL  : 4,3597,11809405,-;[<cfce258f>] (mtal_ioctl [dtv_driver]) from [<c02050e3>] (do_vfs_ioctl+0x87/0x684)
01-01 08:00:11.634  2862  2862 D MTK_KL  : 4,3598,11809417,-;[<c02050e3>] (do_vfs_ioctl) from [<c0205729>] (SyS_ioctl+0x49/0x54)
01-01 08:00:11.634  2862  2862 D MTK_KL  : 4,3599,11809427,-;[<c0205729>] (SyS_ioctl) from [<c0106721>] (ret_fast_syscall+0x1/0x54)
01-01 08:00:11.637  2862  2862 D MTK_KL  : 4,3600,11810233,-;[_MI_AOUT_SetMultiMute:3283][3197] ePath:4, pszMuteName:MTAL, bMute:0, u32AutoUnmuteTimer:0, u32AoutMuteFlag:0x0
01-01 08:00:11.637  2862  2862 D MTK_KL  : 4,3601,11810274,-;[SGLUE_AUD][INFO][_AudMiChannelMute][6356]: path = 4, mute = 0
01-01 08:00:11.637  2862  2862 D MTK_KL  : 4,3602,11810283,-;CPU: 0 PID: 3197 Comm: acfg Tainted: P           O    4.9.118+ #1
01-01 08:00:11.637  2862  2862 D MTK_KL  : 4,3603,11810285,-;Hardware name: mt5862
01-01 08:00:11.637  2862  2862 D MTK_KL  : 4,3604,11810307,-;[<c010df8d>] (unwind_backtrace) from [<c010a213>] (show_stack+0xb/0xc)
01-01 08:00:11.637  2862  2862 D MTK_KL  : 4,3605,11810318,-;[<c010a213>] (show_stack) from [<c0346f6f>] (dump_stack+0x6b/0x78)
01-01 08:00:11.637  2862  2862 D MTK_KL  : 4,3606,11810805,-;[<c0346f6f>] (dump_stack) from [<cfd50c51>] (_AtvDetPollingThread+0x2a0/0x7f8 [dtv_driver])
01-01 08:00:11.637  2862  2862 D MTK_KL  : 4,3607,11811522,-;[<cfd50c51>] (_AtvDetPollingThread [dtv_driver]) from [<cfd6363f>] (MTGADEC_MTAUD_AudSet+0x2cf2/0x4dbc [dtv_driver])
01-01 08:00:11.637  2862  2862 D MTK_KL  : 4,3608,11812203,-;[<cfd6363f>] (MTGADEC_MTAUD_AudSet [dtv_driver]) from [<cfcfe19f>] (mtal_ioctl_mtauddec+0x1ed2/0x28d0 [dtv_driver])
01-01 08:00:11.637  2862  2862 D MTK_KL  : 4,3609,11812869,-;[<cfcfe19f>] (mtal_ioctl_mtauddec [dtv_driver]) from [<cfce258f>] (mtal_ioctl+0x296/0x2b0 [dtv_driver])
01-01 08:00:11.637  2862  2862 D MTK_KL  : 4,3610,11813225,-;[<cfce258f>] (mtal_ioctl [dtv_driver]) from [<c02050e3>] (do_vfs_ioctl+0x87/0x684)
01-01 08:00:11.637  2862  2862 D MTK_KL  : 4,3611,11813238,-;[<c02050e3>] (do_vfs_ioctl) from [<c0205729>] (SyS_ioctl+0x49/0x54)
01-01 08:00:11.637  2862  2862 D MTK_KL  : 4,3612,11813245,-;[<c0205729>] (SyS_ioctl) from [<c0106721>] (ret_fast_syscall+0x1/0x54)
01-01 08:00:11.637  2862  2862 D MTK_KL  : 4,3613,11813526,-;[_MI_AOUT_SetMultiMute:3283][3197] ePath:5, pszMuteName:MTAL, bMute:0, u32AutoUnmuteTimer:0, u32AoutMuteFlag:0x0
01-01 08:00:11.637  2862  2862 D MTK_KL  : 4,3614,11813534,-;[SGLUE_AUD][INFO][_AudMiChannelMute][6356]: path = 5, mute = 0
01-01 08:00:11.639  2862  2862 D MTK_KL  : 4,3615,11814089,c;[VDEC]Set ucEsId 0 no data timeout 16000
01-01 08:00:11.646  2742  3058 D hwcomposer: HWComposerOSD::present: Final enableGLCompositor = 0
01-01 08:00:11.647  2771  2771 I ServiceManagement: Removing namespace from process name vendor.mediatek.tv.mtktvapi@1.0-service to mtktvapi@1.0-service.
01-01 08:00:11.647  2771  2771 E cutils-trace: Error opening trace file: No such file or directory (2)
01-01 08:00:11.651  2771  2771 I mtktvapi-service: register MtkTvApi as service
01-01 08:00:11.651  2771  2771 I ServiceManagement: Removing namespace from process name vendor.mediatek.tv.mtktvapi@1.0-service to mtktvapi@1.0-service.
01-01 08:00:11.653  2771  2771 I mtktvapi-service: register MtkTvApiConfig as service
01-01 08:00:11.653  2771  2771 I ServiceManagement: Removing namespace from process name vendor.mediatek.tv.mtktvapi@1.0-service to mtktvapi@1.0-service.
01-01 08:00:11.654  2771  2771 I mtktvapi-service: register IMtkTvApiCec as service
01-01 08:00:11.655  2771  2771 I ServiceManagement: Removing namespace from process name vendor.mediatek.tv.mtktvapi@1.0-service to mtktvapi@1.0-service.
01-01 08:00:11.656  2771  2771 I mtktvapi-service: register MtkTvApiScan as service
01-01 08:00:11.656  2771  2771 I ServiceManagement: Removing namespace from process name vendor.mediatek.tv.mtktvapi@1.0-service to mtktvapi@1.0-service.
01-01 08:00:11.658  2771  2771 I mtktvapi-service: register MtkTvApiBroadcastImpl as service
01-01 08:00:11.658  2771  2771 I ServiceManagement: Removing namespace from process name vendor.mediatek.tv.mtktvapi@1.0-service to mtktvapi@1.0-service.
01-01 08:00:11.660  2771  2771 I mtktvapi-service: register MtkTvApiRatingImpl as service
01-01 08:00:11.660  3204  3270 W PackageParser: Ignoring duplicate uses-permissions/uses-permissions-sdk-m: android.permission.READ_CONTACTS in package: com.android.bluetooth at: Binary XML file line #61
01-01 08:00:11.660  2771  2771 I ServiceManagement: Removing namespace from process name vendor.mediatek.tv.mtktvapi@1.0-service to mtktvapi@1.0-service.
01-01 08:00:11.662  2771  2771 I mtktvapi-service: register MtkTvApiTimeshiftImpl as service
01-01 08:00:11.662  2771  2771 I ServiceManagement: Removing namespace from process name vendor.mediatek.tv.mtktvapi@1.0-service to mtktvapi@1.0-service.
01-01 08:00:11.663  3204  3270 W PackageParser: No actions in intent filter at /system/app/Bluetooth/Bluetooth.apk Binary XML file line #256
01-01 08:00:11.663  2771  2771 I mtktvapi-service: register MtkTvApiTimeImpl as service
01-01 08:00:11.663  2771  2771 I ServiceManagement: Removing namespace from process name vendor.mediatek.tv.mtktvapi@1.0-service to mtktvapi@1.0-service.
01-01 08:00:11.665  2771  2771 I mtktvapi-service: register MtkTvApiEventImpl as service
01-01 08:00:11.665  2771  2771 I ServiceManagement: Removing namespace from process name vendor.mediatek.tv.mtktvapi@1.0-service to mtktvapi@1.0-service.
01-01 08:00:11.666  2771  2771 I mtktvapi-service: register MtkTvApiPvrbrowserImpl as service
01-01 08:00:11.667  2771  2771 I ServiceManagement: Removing namespace from process name vendor.mediatek.tv.mtktvapi@1.0-service to mtktvapi@1.0-service.
01-01 08:00:11.668  2771  2771 I mtktvapi-service: register MtkTvApiInputSrcImpl as service
01-01 08:00:11.669  2771  2771 I ServiceManagement: Removing namespace from process name vendor.mediatek.tv.mtktvapi@1.0-service to mtktvapi@1.0-service.
01-01 08:00:11.670  2771  2771 I mtktvapi-service: register MtkTvApiRecordImpl as service
01-01 08:00:11.670  2771  2771 I ServiceManagement: Removing namespace from process name vendor.mediatek.tv.mtktvapi@1.0-service to mtktvapi@1.0-service.
01-01 08:00:11.672  2771  2771 I mtktvapi-service: register MtkTvApiMultiviewImpl as service
01-01 08:00:11.672  2771  2771 I ServiceManagement: Removing namespace from process name vendor.mediatek.tv.mtktvapi@1.0-service to mtktvapi@1.0-service.
01-01 08:00:11.677  2771  2771 I mtktvapi-service: register MtkTvApiChannelListImpl as service
01-01 08:00:11.678  2771  2771 I ServiceManagement: Removing namespace from process name vendor.mediatek.tv.mtktvapi@1.0-service to mtktvapi@1.0-service.
01-01 08:00:11.680  2771  2771 I mtktvapi-service: register IMtkTvApiCI as service
01-01 08:00:11.681  2771  2771 I mtktvapicustom-service: register MtkTvApiCustom as service
01-01 08:00:11.748  3204  3272 W PackageParser: Unknown element under <manifest>: meta-data at /system/app/HongTianPaoSettings/HongTianPaoSettings.apk Binary XML file line #73
01-01 08:00:11.748  3204  3271 W PackageParser: Unknown element under <manifest>: meta-data at /system/app/GFHongTianPaoLiveTvGlobal/GFHongTianPaoLiveTvGlobal.apk Binary XML file line #41
01-01 08:00:11.756  3204  3271 I PackageParser: Parse times for '/system/app/GFHongTianPaoLiveTvGlobal': parse=189ms, update_cache=0 ms
01-01 08:00:11.758  3204  3272 I PackageParser: Parse times for '/system/app/HongTianPaoSettings': parse=186ms, update_cache=0 ms
01-01 08:00:11.795  3204  3204 D PackageManager: No files in app dir /vendor/priv-app
01-01 08:00:11.802  3204  3282 W system_server: resources.arsc in APK '/vendor/app/ali-cibn-coolmiao-tv-video/ali-cibn-coolmiao-tv-video.apk' is compressed.
01-01 08:00:11.810  3204  3285 W system_server: resources.arsc in APK '/vendor/app/qqmusictv/qqmusictv.apk' is compressed.
01-01 08:00:11.814  3204  3282 W system_server: resources.arsc in APK '/vendor/app/ali-cibn-coolmiao-tv-video/ali-cibn-coolmiao-tv-video.apk' is compressed.
01-01 08:00:11.822  3204  3282 W PackageParser: Ignoring duplicate uses-permissions/uses-permissions-sdk-m: android.permission.ACCESS_NETWORK_STATE in package: com.cibn.tv at: Binary XML file line #15
01-01 08:00:11.823  3204  3282 W PackageParser: Ignoring duplicate uses-permissions/uses-permissions-sdk-m: android.permission.INTERNET in package: com.cibn.tv at: Binary XML file line #16
01-01 08:00:11.823  3204  3282 W PackageParser: Ignoring duplicate uses-permissions/uses-permissions-sdk-m: android.permission.CHANGE_WIFI_STATE in package: com.cibn.tv at: Binary XML file line #17
01-01 08:00:11.823  3204  3282 W PackageParser: Ignoring duplicate uses-permissions/uses-permissions-sdk-m: android.permission.ACCESS_WIFI_STATE in package: com.cibn.tv at: Binary XML file line #18
01-01 08:00:11.825  3204  3282 W PackageParser: Ignoring duplicate uses-permissions/uses-permissions-sdk-m: android.permission.GET_TASKS in package: com.cibn.tv at: Binary XML file line #31
01-01 08:00:11.825  3204  3282 W PackageParser: Ignoring duplicate uses-permissions/uses-permissions-sdk-m: android.permission.WRITE_EXTERNAL_STORAGE in package: com.cibn.tv at: Binary XML file line #33
01-01 08:00:11.825  3204  3282 W PackageParser: Ignoring duplicate uses-permissions/uses-permissions-sdk-m: android.permission.READ_PHONE_STATE in package: com.cibn.tv at: Binary XML file line #35
01-01 08:00:11.826  3204  3282 W PackageParser: Unknown element under <manifest>: meta-data at /vendor/app/ali-cibn-coolmiao-tv-video/ali-cibn-coolmiao-tv-video.apk Binary XML file line #46
01-01 08:00:11.826  3204  3282 W PackageParser: Unknown element under <manifest>: meta-data at /vendor/app/ali-cibn-coolmiao-tv-video/ali-cibn-coolmiao-tv-video.apk Binary XML file line #47
01-01 08:00:11.827  3204  3282 W PackageParser: Ignoring duplicate uses-permissions/uses-permissions-sdk-m: android.permission.boot_tvshop_service in package: com.cibn.tv at: Binary XML file line #63
01-01 08:00:11.827  3204  3282 W PackageParser: Unknown element under <manifest>: meta-data at /vendor/app/ali-cibn-coolmiao-tv-video/ali-cibn-coolmiao-tv-video.apk Binary XML file line #82
01-01 08:00:11.838  3204  3283 W PackageParser: No actions in intent filter at /vendor/app/tencent_tv_video/tencent_tv_video.apk Binary XML file line #149
01-01 08:00:11.845  3204  3282 W PackageParser: No actions in intent filter at /vendor/app/ali-cibn-coolmiao-tv-video/ali-cibn-coolmiao-tv-video.apk Binary XML file line #501
01-01 08:00:11.846  2742  3058 D hwcomposer: HWComposerOSD::present: Final enableGLCompositor = 0
01-01 08:00:11.852  3204  3285 W system_server: resources.arsc in APK '/vendor/app/qqmusictv/qqmusictv.apk' is compressed.
01-01 08:00:11.873  3204  3285 W PackageParser: Unknown element under <manifest>: supports-gl-texture at /vendor/app/qqmusictv/qqmusictv.apk Binary XML file line #30
01-01 08:00:11.873  3204  3285 W PackageParser: Unknown element under <manifest>: supports-gl-texture at /vendor/app/qqmusictv/qqmusictv.apk Binary XML file line #31
01-01 08:00:11.880  3204  3283 W PackageParser: Ignoring duplicate uses-permissions/uses-permissions-sdk-m: android.permission.ACCESS_WIFI_STATE in package: com.cvte.dangbeimarket at: Binary XML file line #43
01-01 08:00:11.936  3204  3204 D PackageManager: No files in app dir /odm/priv-app
01-01 08:00:11.936  3204  3204 D PackageManager: No files in app dir /odm/app
01-01 08:00:11.936  3204  3204 D PackageManager: No files in app dir /oem/app
01-01 08:00:11.943  3204  3286 W PackageParser: No actions in intent filter at /system/product/priv-app/RetailDisplay/RetailDisplay.apk Binary XML file line #30
01-01 08:00:11.965  3204  3204 I PackageManager: Finished scanning system apps. Time: 729 ms, packageCount: 81 , timePerPackage: 9 , cached: 0
01-01 08:00:11.965  3204  3204 D PackageManager: No files in app dir /data/app
01-01 08:00:11.965  3204  3204 D PackageManager: No files in app dir /data/app-private
01-01 08:00:11.965  3204  3204 I PackageManager: Finished scanning non-system apps. Time: 1 ms, packageCount: 0 , timePerPackage: 0 , cached: 0
01-01 08:00:11.966  3204  3204 E PackageManager: There should probably be exactly one storage manager; found 0: matches=[]
01-01 08:00:11.967  3204  3204 E PackageManager: There should probably be exactly one setup wizard; found 0: matches=[]
01-01 08:00:11.973  3204  3204 I PackageManager: Time to scan packages: 0.738 seconds
01-01 08:00:11.979  2862  2862 D MTK_KL  : 14,3616,12151743,-;init: Service 'dtv-svc' (pid 2863) exited with status 0
01-01 08:00:12.042  3204  3204 V PackageManager: reconcileAppsData for null u0 0x3 migrateAppData=true
01-01 08:00:12.055  2853  2884 I SELinux : SELinux: Loaded file_contexts
01-01 08:00:12.112  2742  3058 D hwcomposer: HWComposerOSD::present: Final enableGLCompositor = 0
01-01 08:00:12.149  3204  3204 V PackageManager: reconcileAppsData finished 11 packages
01-01 08:00:12.150  3204  3292 D SystemServerInitThreadPool: Started executing prepareAppData
01-01 08:00:12.150  2853  2884 E cutils-trace: Error opening trace file: No such file or directory (2)
01-01 08:00:12.154  2853  2884 W installd: Ignoring /data/data/com.cvte.fac.menu/lib with unexpected GID 0 instead of 1000
01-01 08:00:12.155  2853  2884 W installd: Ignoring /data/data/com.cvte.tv.btaudioonly/lib with unexpected GID 0 instead of 1000
01-01 08:00:12.163  2853  2884 W installd: Ignoring /data/data/com.android.printspooler/lib with unexpected GID 0 instead of 10025
01-01 08:00:12.167  2853  2884 W installd: Ignoring /data/data/com.mediatek.tvinput/lib with unexpected GID 0 instead of 1000
01-01 08:00:12.179  2853  2884 W installd: Ignoring /data/data/com.mediatek.network/lib with unexpected GID 0 instead of 1000
01-01 08:00:12.183  2853  2884 W installd: Ignoring /data/data/com.mediatek.bootvideo/lib with unexpected GID 0 instead of 1000
01-01 08:00:12.183  2853  2884 W installd: Ignoring /data/data/com.android.pacprocessor/lib with unexpected GID 0 instead of 10021
01-01 08:00:12.184  2853  2884 W installd: Ignoring /data/data/com.cvte.tv.api.impl/lib with unexpected GID 0 instead of 1000
01-01 08:00:12.185  2853  2884 W installd: Ignoring /data/data/com.mediatek.loadingequalizer/lib with unexpected GID 0 instead of 1000
01-01 08:00:12.186  2853  2884 W installd: Ignoring /data/data/com.cvte.tv.tvaudioonly/lib with unexpected GID 0 instead of 1000
01-01 08:00:12.187  2853  2884 W installd: Ignoring /data/data/com.android.inputmethod.pinyin/lib with unexpected GID 0 instead of 10032
01-01 08:00:12.188  2853  2884 W installd: Ignoring /data/data/com.cvte.tv.tools/lib with unexpected GID 0 instead of 1000
01-01 08:00:12.188  2853  2884 W installd: Ignoring /data/data/com.cvte.settings/lib with unexpected GID 0 instead of 1000
01-01 08:00:12.188  2853  2884 W installd: Ignoring /data/data/com.mstar.android.media.tests/lib with unexpected GID 0 instead of 1000
01-01 08:00:12.189  2853  2884 W installd: Ignoring /data/data/com.android.browser/lib with unexpected GID 0 instead of 10031
01-01 08:00:12.190  2853  2884 W installd: Ignoring /data/data/com.cvte.dangbeimarket/lib with unexpected GID 0 instead of 10039
01-01 08:00:12.191  2853  2884 W installd: Ignoring /data/data/com.android.defcontainer/lib with unexpected GID 0 instead of 10016
01-01 08:00:12.191  2853  2884 W installd: Ignoring /data/data/com.cvte.factory.service/lib with unexpected GID 0 instead of 1000
01-01 08:00:12.192  2853  2884 W installd: Ignoring /data/data/com.android.location.fused/lib with unexpected GID 0 instead of 1000
01-01 08:00:12.192  2853  2884 W installd: Ignoring /data/data/android/lib with unexpected GID 0 instead of 1000
01-01 08:00:12.193  2853  2884 W installd: Ignoring /data/data/com.android.cts.priv.ctsshim/lib with unexpected GID 0 instead of 10011
01-01 08:00:12.193  2853  2884 W installd: Ignoring /data/data/com.hpplay.happyplay.aw/lib with unexpected GID 0 instead of 10036
01-01 08:00:12.194  2853  2884 W installd: Ignoring /data/data/com.google.android.boot.appsplashscreen/lib with unexpected GID 0 instead of 1000
01-01 08:00:12.195  2853  2884 W installd: Ignoring /data/data/com.cvte.license.at/lib with unexpected GID 0 instead of 1000
01-01 08:00:12.196  2853  2884 W installd: Ignoring /data/data/com.cvte.tv.globalui/lib with unexpected GID 0 instead of 1000
01-01 08:00:12.197  2853  2884 W installd: Ignoring /data/data/com.ktcp.video/lib with unexpected GID 0 instead of 10037
01-01 08:00:12.197  2853  2884 W installd: Ignoring /data/data/com.google.android.leanbacklauncher.partnercustomizer/lib with unexpected GID 0 instead of 1000
01-01 08:00:12.197  2853  2884 W installd: Ignoring /data/data/com.gitvvideo.cvtetouying/lib with unexpected GID 0 instead of 10041
01-01 08:00:12.198  2853  2884 W installd: Ignoring /data/data/fusion.android.tv.demo/lib with unexpected GID 0 instead of 1000
01-01 08:00:12.199  2853  2884 W installd: Ignoring /data/data/com.android.keychain/lib with unexpected GID 0 instead of 1000
01-01 08:00:12.199  2853  2884 W installd: Ignoring /data/data/com.cvte.tv.systemupgrade/lib with unexpected GID 0 instead of 1000
01-01 08:00:12.200  2853  2884 W installd: Ignoring /data/data/com.cvte.tv.remotedebug/lib with unexpected GID 0 instead of 1000
01-01 08:00:12.200  2853  2884 W installd: Ignoring /data/data/com.qcode.tvvoicehelp/lib with unexpected GID 0 instead of 1000
01-01 08:00:12.201  2853  2884 W installd: Ignoring /data/data/com.mediatek.androidbox/lib with unexpected GID 0 instead of 1000
01-01 08:00:12.201  2853  2884 W installd: Ignoring /data/data/com.android.camera2/lib with unexpected GID 0 instead of 10027
01-01 08:00:12.201  2853  2884 W installd: Ignoring /data/data/com.cvte.tv.media/lib with unexpected GID 0 instead of 1000
01-01 08:00:12.202  2853  2884 W installd: Ignoring /data/data/com.cvte.factory.at/lib with unexpected GID 0 instead of 1000
01-01 08:00:12.203  2853  2884 W installd: Ignoring /data/data/com.cvte.tv.launcher.yijiale/lib with unexpected GID 0 instead of 10042
01-01 08:00:12.204  2853  2884 W installd: Ignoring /data/data/com.cvte.tv.steward/lib with unexpected GID 0 instead of 1000
01-01 08:00:12.204  2853  2884 W installd: Ignoring /data/data/com.mediatek.wwtv.setupwizard/lib with unexpected GID 0 instead of 1000
01-01 08:00:12.206  2853  2884 W installd: Ignoring /data/data/com.android.bluetooth/lib with unexpected GID 0 instead of 1002
01-01 08:00:12.206  2853  2884 W installd: Ignoring /data/data/com.cibn.tv/lib with unexpected GID 0 instead of 10040
01-01 08:00:12.207  2853  2884 W installd: Ignoring /data/data/com.cvte.tv.setting/lib with unexpected GID 0 instead of 1000
01-01 08:00:12.208  2853  2884 W installd: Ignoring /data/data/com.android.providers.settings/lib with unexpected GID 0 instead of 1000
01-01 08:00:12.209  2853  2884 W installd: Ignoring /data/data/com.android.webview/lib with unexpected GID 0 instead of 10034
01-01 08:00:12.210  2853  2884 W installd: Ignoring /data/data/com.tencent.qqmusictv/lib with unexpected GID 0 instead of 10038
01-01 08:00:12.210  2853  2884 W installd: Ignoring /data/data/com.android.inputdevices/lib with unexpected GID 0 instead of 1000
01-01 08:00:12.211  2853  2884 W installd: Ignoring /data/data/com.cvte.tv.ucservice/lib with unexpected GID 0 instead of 1000
01-01 08:00:12.212  2853  2884 W installd: Ignoring /data/data/com.cvte.tv.bluetoothguide/lib with unexpected GID 0 instead of 1000
01-01 08:00:12.213  2742  3058 D hwcomposer: HWComposerOSD::present: Final enableGLCompositor = 0
01-01 08:00:12.223  2853  2884 W installd: Ignoring /data/user_de/0/com.android.defcontainer/lib with unexpected GID 0 instead of 10016
01-01 08:00:12.226  2853  2884 W installd: Ignoring /data/user_de/0/com.android.location.fused/lib with unexpected GID 0 instead of 1000
01-01 08:00:12.226  2853  2884 W installd: Ignoring /data/user_de/0/android/lib with unexpected GID 0 instead of 1000
01-01 08:00:12.249  2853  2884 W installd: Ignoring /data/user_de/0/com.android.bluetooth/lib with unexpected GID 0 instead of 1002
01-01 08:00:12.250  2853  2884 W installd: Ignoring /data/user_de/0/com.android.providers.settings/lib with unexpected GID 0 instead of 1000
01-01 08:00:12.252  2853  2884 W installd: Ignoring /data/user_de/0/com.android.inputdevices/lib with unexpected GID 0 instead of 1000
01-01 08:00:12.253  3204  3292 D SystemServerTimingAsync: AppDataFixup took to complete: 102ms
01-01 08:00:12.412  2742  3058 D hwcomposer: HWComposerOSD::present: Final enableGLCompositor = 0
01-01 08:00:12.425  3204  3204 E PackageManager: There should probably be a verifier, but, none were found
01-01 08:00:12.427  3204  3204 D PackageManager: Ephemeral resolver NOT found; no matching intent filters
01-01 08:00:12.428  3204  3204 D PackageManager: Instant App installer not found with android.intent.action.INSTALL_INSTANT_APP_PACKAGE
01-01 08:00:12.428  3204  3204 D PackageManager: Clear ephemeral installer activity
01-01 08:00:12.431  2860  3274 I ServiceManager: Waiting for service package_native...
01-01 08:00:12.577  3204  3204 I system_server: Explicit concurrent copying GC freed 19716(947KB) AllocSpace objects, 5(228KB) LOS objects, 19% free, 3MB/4MB, paused 106us total 81.774ms
01-01 08:00:12.579  3204  3204 D SystemServerTiming: StartPackageManagerService took to complete: 2294ms
01-01 08:00:12.579  3204  3204 I SystemServer: StartOtaDexOptService
01-01 08:00:12.580  3204  3204 D OTADexopt: No upgrade, skipping A/B artifacts check.
01-01 08:00:12.580  3204  3204 D SystemServerTiming: StartOtaDexOptService took to complete: 1ms
01-01 08:00:12.580  3204  3204 I SystemServer: StartUserManagerService
01-01 08:00:12.580  3204  3204 I SystemServiceManager: Starting com.android.server.pm.UserManagerService$LifeCycle
01-01 08:00:12.581  3204  3204 D SystemServerTiming: StartUserManagerService took to complete: 0ms
01-01 08:00:12.581  3204  3204 I SystemServer: InitAttributerCache
01-01 08:00:12.581  3204  3204 D SystemServerTiming: InitAttributerCache took to complete: 0ms
01-01 08:00:12.581  3204  3204 I SystemServer: SetSystemProcess
01-01 08:00:12.588  2753  2753 I lowmemorykiller: lmkd data connection established
01-01 08:00:12.590  3204  3204 D SystemServerTiming: SetSystemProcess took to complete: 8ms
01-01 08:00:12.592  3204  3204 I SystemServer: StartOverlayManagerService
01-01 08:00:12.593  3204  3204 D SystemServerTiming: StartOverlayManagerService took to complete: 1ms
01-01 08:00:12.593  3204  3296 D SystemServerInitThreadPool: Started executing Init OverlayManagerService
01-01 08:00:12.594  3204  3204 I SystemServer: StartBatteryService
01-01 08:00:12.594  3204  3297 D SystemServerInitThreadPool: Started executing StartSensorService
01-01 08:00:12.594  3204  3204 I SystemServiceManager: Starting com.android.server.BatteryService
01-01 08:00:12.594  3204  3297 D SensorService: nuSensorService starting...
01-01 08:00:12.597  2365  2365 W hwservicemanager: getTransport: Cannot find entry android.hardware.sensors@1.0::ISensors/default in either framework or device manifest.
01-01 08:00:12.599  3204  3297 D SystemServerTimingAsync: StartSensorService took to complete: 5ms
01-01 08:00:12.599  3204  3297 D SystemServerInitThreadPool: Finished executing StartSensorService
01-01 08:00:12.599  3204  3204 I android_os_HwBinder: HwBinder: Starting thread pool for default::android.hardware.health@2.0::IHealth
01-01 08:00:12.601  2734  2734 E         : mtk healthd_board_battery_update
01-01 08:00:12.603  2734  2734 E         : mtk healthd_board_battery_update
01-01 08:00:12.603  2862  2862 D MTK_KL  : 12,3617,12777458,-;healthd: battery l=100 v=45000 t=42.4 h=2 st=2 c=1 fc=100 chg=au
01-01 08:00:12.603  2862  2862 D MTK_KL  : 12,3618,12779096,-;healthd: battery l=100 v=45000 t=42.4 h=2 st=2 c=1 fc=100 chg=au
01-01 08:00:12.604  3204  3298 E LightsService: Light requested not available on this device. 3
01-01 08:00:12.606  3204  3204 I android_os_HwBinder: HwBinder: Starting thread pool for default::android.hidl.manager@1.0::IServiceManager
01-01 08:00:12.608  3204  3204 I HealthServiceWrapper: health: HealthServiceWrapper listening to instance default
01-01 08:00:12.608  3204  3204 I BatteryService: health: Waited 0ms and received the update.
01-01 08:00:12.609  3204  3204 D SystemServerTiming: StartBatteryService took to complete: 16ms
01-01 08:00:12.610  3204  3204 I SystemServer: StartUsageService
01-01 08:00:12.610  3204  3204 I SystemServiceManager: Starting com.android.server.usage.UsageStatsService
01-01 08:00:12.610  2365  2365 W hwservicemanager: getTransport: Cannot find entry android.hardware.soundtrigger@2.0::ISoundTriggerHw/default in either framework or device manifest.
01-01 08:00:12.610  2752  2752 E SoundTriggerHwService: could not read implementation properties
01-01 08:00:12.611  3204  3299 I android_os_HwBinder: HwBinder: Starting thread pool for default::android.hardware.health@2.0::IHealth
01-01 08:00:12.613  2742  3058 D hwcomposer: HWComposerOSD::present: Final enableGLCompositor = 0
01-01 08:00:12.622  3204  3204 I UsageStatsService: User[0] Rollover scheduled @ 2000-01-02 08:00:12(946771212616)
01-01 08:00:12.622  3204  3204 D SystemServerTiming: StartUsageService took to complete: 13ms
01-01 08:00:12.623  3204  3204 I SystemServer: StartWebViewUpdateService
01-01 08:00:12.623  3204  3204 I SystemServiceManager: Starting com.android.server.webkit.WebViewUpdateService
01-01 08:00:12.625  3204  3204 D SystemServerTiming: StartWebViewUpdateService took to complete: 2ms
01-01 08:00:12.625  3204  3204 I SystemServer: StartBinderCallsStatsService
01-01 08:00:12.626  3204  3204 D SystemServerTiming: StartBinderCallsStatsService took to complete: 0ms
01-01 08:00:12.626  3204  3204 I SystemServer: StartKeyAttestationApplicationIdProviderService
01-01 08:00:12.626  3204  3221 D SystemServerInitThreadPool: Started executing SecondaryZygotePreload
01-01 08:00:12.626  3204  3221 I SystemServer: SecondaryZygotePreload
01-01 08:00:12.627  3204  3204 D SystemServerTiming: StartKeyAttestationApplicationIdProviderService took to complete: 1ms
01-01 08:00:12.628  3204  3204 I SystemServer: StartKeyChainSystemService
01-01 08:00:12.628  3204  3204 I SystemServiceManager: Starting com.android.server.security.KeyChainSystemService
01-01 08:00:12.628  3204  3204 D SystemServerTiming: StartKeyChainSystemService took to complete: 1ms
01-01 08:00:12.628  3204  3204 I SystemServer: StartSchedulingPolicyService
01-01 08:00:12.628  3204  3297 D SystemServerInitThreadPool: Started executing SchedulingPolicyService.<init>
01-01 08:00:12.629  3204  3204 D SystemServerTiming: StartSchedulingPolicyService took to complete: 0ms
01-01 08:00:12.629  3204  3204 I SystemServer: StartTelecomLoaderService
01-01 08:00:12.629  3204  3204 I SystemServiceManager: Starting com.android.server.telecom.TelecomLoaderService
01-01 08:00:12.629  3204  3204 D SystemServerTiming: StartTelecomLoaderService took to complete: 0ms
01-01 08:00:12.629  3204  3204 I SystemServer: StartTelephonyRegistry
01-01 08:00:12.632  3204  3204 D SystemServerTiming: StartTelephonyRegistry took to complete: 2ms
01-01 08:00:12.632  3204  3204 I SystemServer: StartEntropyMixer
01-01 08:00:12.634  3204  3204 W EntropyMixer: Failed to add HW RNG output to entropy pool
01-01 08:00:12.634  3204  3204 W EntropyMixer: java.io.IOException: read failed: ENODEV (No such device)
01-01 08:00:12.634  3204  3204 W EntropyMixer: 	at libcore.io.IoBridge.read(IoBridge.java:511)
01-01 08:00:12.634  3204  3204 W EntropyMixer: 	at java.io.FileInputStream.read(FileInputStream.java:307)
01-01 08:00:12.634  3204  3204 W EntropyMixer: 	at com.android.server.RandomBlock.fromStream(RandomBlock.java:56)
01-01 08:00:12.634  3204  3204 W EntropyMixer: 	at com.android.server.RandomBlock.fromFile(RandomBlock.java:46)
01-01 08:00:12.634  3204  3204 W EntropyMixer: 	at com.android.server.EntropyMixer.addHwRandomEntropy(EntropyMixer.java:205)
01-01 08:00:12.634  3204  3204 W EntropyMixer: 	at com.android.server.EntropyMixer.<init>(EntropyMixer.java:115)
01-01 08:00:12.634  3204  3204 W EntropyMixer: 	at com.android.server.EntropyMixer.<init>(EntropyMixer.java:97)
01-01 08:00:12.634  3204  3204 W EntropyMixer: 	at com.android.server.SystemServer.startOtherServices(SystemServer.java:817)
01-01 08:00:12.634  3204  3204 W EntropyMixer: 	at com.android.server.SystemServer.run(SystemServer.java:438)
01-01 08:00:12.634  3204  3204 W EntropyMixer: 	at com.android.server.SystemServer.main(SystemServer.java:296)
01-01 08:00:12.634  3204  3204 W EntropyMixer: 	at java.lang.reflect.Method.invoke(Native Method)
01-01 08:00:12.634  3204  3204 W EntropyMixer: 	at com.android.internal.os.RuntimeInit$MethodAndArgsCaller.run(RuntimeInit.java:493)
01-01 08:00:12.634  3204  3204 W EntropyMixer: 	at com.android.internal.os.ZygoteInit.main(ZygoteInit.java:846)
01-01 08:00:12.634  3204  3204 W EntropyMixer: Caused by: android.system.ErrnoException: read failed: ENODEV (No such device)
01-01 08:00:12.634  3204  3204 W EntropyMixer: 	at libcore.io.Linux.readBytes(Native Method)
01-01 08:00:12.634  3204  3204 W EntropyMixer: 	at libcore.io.Linux.read(Linux.java:184)
01-01 08:00:12.634  3204  3204 W EntropyMixer: 	at libcore.io.BlockGuardOs.read(BlockGuardOs.java:254)
01-01 08:00:12.634  3204  3204 W EntropyMixer: 	at libcore.io.IoBridge.read(IoBridge.java:501)
01-01 08:00:12.634  3204  3204 W EntropyMixer: 	... 12 more
01-01 08:00:12.634  3204  3204 I EntropyMixer: Writing entropy...
01-01 08:00:12.636  2862  2862 D MTK_KL  : 0,3619,12803268,-;[IMPL] HDMI Port:0 Pull CLK high
01-01 08:00:12.636  2862  2862 D MTK_KL  : 4,3620,12807598,-;** HDMI CLK Port: 0, PullLow: 0 \x0d
01-01 08:00:12.636  2862  2862 D MTK_KL  : 4,3621,12807623,-;** HDMI Data Rterm Port: 0, Enable: 1 \x0d
01-01 08:00:12.636  2862  2862 D MTK_KL  : 0,3622,12807637,-;[IMPL] HDMI Port:1 Pull CLK high
01-01 08:00:12.636  2862  2862 D MTK_KL  : 4,3623,12811967,-;** HDMI CLK Port: 1, PullLow: 0 \x0d
01-01 08:00:12.636  2862  2862 D MTK_KL  : 4,3624,12811990,-;** HDMI Data Rterm Port: 1, Enable: 1 \x0d
01-01 08:00:12.637  3204  3221 I Zygote  : Process: zygote socket RESERVED/zygote opened, supported ABIS: armeabi-v7a,armeabi
01-01 08:00:12.639  3204  3297 I SchedulingPolicyService: Moving 2861 back to group default
01-01 08:00:12.639  3204  3297 D SystemServerInitThreadPool: Finished executing SchedulingPolicyService.<init>
01-01 08:00:12.643  3204  3204 D SystemServerTiming: StartEntropyMixer took to complete: 11ms
01-01 08:00:12.643  3204  3204 I SystemServer: StartAccountManagerService
01-01 08:00:12.643  3204  3204 I SystemServiceManager: Starting com.android.server.accounts.AccountManagerService$Lifecycle
01-01 08:00:12.648  3204  3204 D SystemServerTiming: StartAccountManagerService took to complete: 4ms
01-01 08:00:12.648  3204  3204 I SystemServer: StartContentService
01-01 08:00:12.648  3204  3204 I SystemServiceManager: Starting com.android.server.content.ContentService$Lifecycle
01-01 08:00:12.650  3204  3204 D SystemServerTiming: StartContentService took to complete: 3ms
01-01 08:00:12.650  3204  3204 I SystemServer: InstallSystemProviders
01-01 08:00:12.658  3204  3221 E SystemServer: Unable to preload default resources
01-01 08:00:12.658  3204  3221 D SystemServerTimingAsync: SecondaryZygotePreload took to complete: 31ms
01-01 08:00:12.658  3204  3221 D SystemServerInitThreadPool: Finished executing SecondaryZygotePreload
01-01 08:00:12.661  3204  3204 I system_server: The ClassLoaderContext is a special shared library.
01-01 08:00:12.747  3204  3204 I SettingsState: No settings state /data/system/users/0/settings_ssaid.xml
01-01 08:00:12.762  3204  3204 D SystemServerTiming: InstallSystemProviders took to complete: 111ms
01-01 08:00:12.762  3204  3204 I SystemServer: StartDropBoxManager
01-01 08:00:12.762  3204  3204 I SystemServiceManager: Starting com.android.server.DropBoxManagerService
01-01 08:00:12.763  3204  3204 D SystemServerTiming: StartDropBoxManager took to complete: 1ms
01-01 08:00:12.763  3204  3204 I SystemServer: StartVibratorService
01-01 08:00:12.764  2365  2365 W hwservicemanager: getTransport: Cannot find entry android.hardware.vibrator@1.0::IVibrator/default in either framework or device manifest.
01-01 08:00:12.765  2365  2365 W hwservicemanager: getTransport: Cannot find entry android.hardware.vibrator@1.0::IVibrator/default in either framework or device manifest.
01-01 08:00:12.765  3204  3204 E VibratorService: vibratorOff command failed (1).
01-01 08:00:12.766  2365  2365 W hwservicemanager: getTransport: Cannot find entry android.hardware.vibrator@1.0::IVibrator/default in either framework or device manifest.
01-01 08:00:12.768  3204  3204 D SystemServerTiming: StartVibratorService took to complete: 4ms
01-01 08:00:12.768  3204  3204 I SystemServer: StartConsumerIrService
01-01 08:00:12.769  2365  2365 W hwservicemanager: getTransport: Cannot find entry android.hardware.ir@1.0::IConsumerIr/default in either framework or device manifest.
01-01 08:00:12.770  3204  3204 D SystemServerTiming: StartConsumerIrService took to complete: 2ms
01-01 08:00:12.770  3204  3204 I SystemServer: StartAlarmManagerService
01-01 08:00:12.770  3204  3204 I SystemServiceManager: Starting com.android.server.AlarmManagerService
01-01 08:00:12.771  3204  3204 D TestIniFileReader: read ini file ,sectionName is rtcwakeupallowlist
01-01 08:00:12.772  3204  3204 D AlarmManagerService: Kernel timezone updated to -480 minutes west of GMT
01-01 08:00:12.772  3204  3204 I AlarmManager: Current time only 946684812772, advancing to build time 1630692686000
01-01 08:00:12.772  3204  3204 D AlarmManagerService: Setting time of day to sec=1630692686
09-04 02:11:26.002  2862  2862 D MTK_KL  : 6,3625,12949631,-;==RTC== MHAL_RTC_GetCounter, 244, time:0x6132654e, val:0x23, cnt:1
09-04 02:11:26.009  3204  3204 I AlarmManager: Change Wakeup Alarm type to non Wakeup type, current type=[3] packageName = android @46889 and next wakeup alarm is @Sat Sep 04 02:11:13 GMT+08:00 2021
09-04 02:11:26.009  3204  3204 I AlarmManager: Setting Wakeup Alarm type[3] for android @46889 and next wakeup alarm is @Sat Sep 04 02:11:13 GMT+08:00 2021
09-04 02:11:26.010  3204  3204 I AlarmManager: Change Wakeup Alarm type to non Wakeup type, current type=[1] packageName = android @1630771200000 and next wakeup alarm is @Sat Sep 04 02:11:13 GMT+08:00 2021
09-04 02:11:26.010  3204  3204 I AlarmManager: Setting Wakeup Alarm type[1] for android @1630771200000 and next wakeup alarm is @Sat Sep 04 02:11:13 GMT+08:00 2021
09-04 02:11:26.013  3204  3308 I AlarmManager: Change Wakeup Alarm type to non Wakeup type, current type=[3] packageName = android @46889 and next wakeup alarm is @Sat Sep 04 02:11:13 GMT+08:00 2021
09-04 02:11:26.013  3204  3308 I AlarmManager: Setting Wakeup Alarm type[3] for android @46889 and next wakeup alarm is @Sat Sep 04 02:11:13 GMT+08:00 2021
09-04 02:11:26.013  3204  3204 D SystemServerTiming: StartAlarmManagerService took to complete: 17ms
09-04 02:11:26.013  3204  3204 I SystemServer: InitWatchdog
09-04 02:11:26.014  3204  3308 I AlarmManager: Change Wakeup Alarm type to non Wakeup type, current type=[1] packageName = android @1630771200000 and next wakeup alarm is @Sat Sep 04 02:11:13 GMT+08:00 2021
09-04 02:11:26.014  3204  3308 I AlarmManager: Setting Wakeup Alarm type[1] for android @1630771200000 and next wakeup alarm is @Sat Sep 04 02:11:13 GMT+08:00 2021
09-04 02:11:26.014  3204  3204 D SystemServerTiming: InitWatchdog took to complete: 0ms
09-04 02:11:26.014  3204  3204 I SystemServer: StartInputManagerService
09-04 02:11:26.015  3204  3204 I InputManager: Initializing input manager, mUseDevInputEventForAudioJack=false
09-04 02:11:26.017  3204  3204 D SystemServerTiming: StartInputManagerService took to complete: 3ms
09-04 02:11:26.017  3204  3204 I SystemServer: StartWindowManagerService
09-04 02:11:26.022  3204  3239 I WindowManager: No existing display settings /data/system/display_settings.xml; starting empty
09-04 02:11:26.040  2742  3058 D hwcomposer: HWComposerOSD::present: Final enableGLCompositor = 0
09-04 02:11:26.041  3204  3204 D SystemServerTiming: StartWindowManagerService took to complete: 24ms
09-04 02:11:26.041  3204  3204 I SystemServer: SetWindowManagerService
09-04 02:11:26.073  2742  3058 D hwcomposer: HWComposerOSD::present: Final enableGLCompositor = 0
09-04 02:11:26.076  3204  3204 D TestIniFileReader: read ini file ,sectionName is corevodapp
09-04 02:11:26.077  3204  3204 D TestIniFileReader: read ini file ,sectionName is keepcorevodapplivelist
09-04 02:11:26.077  3204  3204 D TestIniFileReader: read ini file ,sectionName is launchername
09-04 02:11:26.078  3204  3204 D SystemServerTiming: SetWindowManagerService took to complete: 38ms
09-04 02:11:26.078  3204  3204 I SystemServer: WindowManagerServiceOnInitReady
09-04 02:11:26.080  3204  3296 D SystemServerInitThreadPool: Finished executing Init OverlayManagerService
09-04 02:11:26.090  2742  3058 D hwcomposer: HWComposerOSD::present: Final enableGLCompositor = 0
09-04 02:11:26.090  2862  2862 D MTK_KL  : 14,3626,13038012,-;init: processing action (sys.sysctl.extra_free_kbytes=*) from (/init.rc:737)
09-04 02:11:26.099  3204  3229 D WindowManager: boot not completed yet
09-04 02:11:26.099  3204  3229 D WindowManager: not ready,delay 1000 bind hotkey service
09-04 02:11:26.100  3204  3204 D SystemServerTiming: WindowManagerServiceOnInitReady took to complete: 21ms
09-04 02:11:26.100  3204  3204 I SystemServer: StartVrManagerService
09-04 02:11:26.100  3204  3297 D SystemServerInitThreadPool: Started executing StartHidlServices
09-04 02:11:26.100  3204  3204 I SystemServiceManager: Starting com.android.server.vr.VrManagerService
09-04 02:11:26.105  3204  3297 D SystemServerTimingAsync: StartHidlServices took to complete: 6ms
09-04 02:11:26.105  3204  3297 D SystemServerInitThreadPool: Finished executing StartHidlServices
09-04 02:11:26.107  2365  2365 W hwservicemanager: getTransport: Cannot find entry android.hardware.vr@1.0::IVr/default in either framework or device manifest.
09-04 02:11:26.107  3204  3204 W VrManagerService: init_native: Could not open IVr interface
09-04 02:11:26.108  3204  3204 D SystemServerTiming: StartVrManagerService took to complete: 8ms
09-04 02:11:26.108  3204  3204 I SystemServer: StartInputManager
09-04 02:11:26.108  3204  3204 I InputManager: Starting input manager
09-04 02:11:26.109  3204  3312 E EventHub: could not get driver version for /dev/input/mice, Not a typewriter
09-04 02:11:26.111  3204  3204 D SystemServerTiming: StartInputManager took to complete: 3ms
09-04 02:11:26.111  3204  3204 I SystemServer: DisplayManagerWindowManagerAndInputReady
09-04 02:11:26.111  3204  3204 D SystemServerTiming: DisplayManagerWindowManagerAndInputReady took to complete: 0ms
09-04 02:11:26.111  3204  3204 I SystemServer: StartBluetoothService
09-04 02:11:26.111  3204  3204 I SystemServiceManager: Starting com.android.server.BluetoothService
09-04 02:11:26.113  3204  3204 D BluetoothManagerService: Loading stored name and address
09-04 02:11:26.113  3204  3204 D BluetoothManagerService: Stored bluetooth Name=Bluedroid TV 1.0,Address=BC:FA:B8:78:D0:6F
09-04 02:11:26.113  3204  3204 D BluetoothManagerService: Bluetooth persisted state: 1
09-04 02:11:26.113  3204  3204 D BluetoothManagerService: bluetoothDongleExist = 1
09-04 02:11:26.114  3204  3204 D BluetoothManagerService: isBluetoothPersistedStateOn = 1
09-04 02:11:26.114  3204  3204 D BluetoothManagerService: Startup: Bluetooth persisted state is ON.
09-04 02:11:26.114  3204  3204 D BluetoothManagerService: Detected SystemUiUid: 10020
09-04 02:11:26.114  3204  3204 D SystemServerTiming: StartBluetoothService took to complete: 3ms
09-04 02:11:26.115  3204  3204 I SystemServer: IpConnectivityMetrics
09-04 02:11:26.115  3204  3204 I SystemServiceManager: Starting com.android.server.connectivity.IpConnectivityMetrics
09-04 02:11:26.117  3204  3204 D SystemServerTiming: IpConnectivityMetrics took to complete: 2ms
09-04 02:11:26.117  3204  3204 I SystemServer: NetworkWatchlistService
09-04 02:11:26.117  3204  3204 I SystemServiceManager: Starting com.android.server.net.watchlist.NetworkWatchlistService$Lifecycle
09-04 02:11:26.123  3204  3204 I WatchlistSettings: Reload watchlist settings done
09-04 02:11:26.124  3204  3313 I WatchlistLoggingHandler: No need to aggregate record yet.
09-04 02:11:26.124  3204  3313 I WatchlistLoggingHandler: Milliseconds spent on tryAggregateRecords(): 0
09-04 02:11:26.124  3204  3204 D SystemServerTiming: NetworkWatchlistService took to complete: 8ms
09-04 02:11:26.124  3204  3204 I SystemServer: PinnerService
09-04 02:11:26.125  3204  3204 I SystemServiceManager: Starting com.android.server.PinnerService
09-04 02:11:26.126  3204  3204 D SystemServerTiming: PinnerService took to complete: 1ms
09-04 02:11:26.126  3204  3204 I SystemServer: StartInputMethodManagerLifecycle
09-04 02:11:26.126  3204  3204 I SystemServiceManager: Starting com.android.server.InputMethodManagerService$Lifecycle
09-04 02:11:26.132  3204  3204 D SystemServerTiming: StartInputMethodManagerLifecycle took to complete: 6ms
09-04 02:11:26.132  3204  3204 I SystemServer: StartAccessibilityManagerService
09-04 02:11:26.136  3204  3312 D EventHub: No input device configuration file found for device 'MTK TV KEYPAD'.
09-04 02:11:26.142  3204  3204 D SystemServerTiming: StartAccessibilityManagerService took to complete: 11ms
09-04 02:11:26.142  3204  3204 I SystemServer: MakeDisplayReady
09-04 02:11:26.144  3204  3204 V WindowManager: readForcedDisplayPropertiesLocked
09-04 02:11:26.146  3204  3204 I ActivityManager: Config changes=20005df8 {1.0 ?mcc?mnc [zh_CN] ldltr sw720dp w1280dp h720dp 160dpi xlrg long hdr land ?uimode ?night -touch -keyb/v/h dpad/v winConfig={ mBounds=Rect(0, 0 - 0, 0) mAppBounds=Rect(0, 0 - 1280, 720) mWindowingMode=fullscreen mActivityType=undefined} s.2}
09-04 02:11:26.147  3204  3227 I UsageStatsService: Time changed in UsageStats by 684007873 seconds
09-04 02:11:26.148  3204  3227 I UsageStatsDatabase: Time changed by +7916d18h11m13s227ms. files deleted: 0 files moved: 0
09-04 02:11:26.150  3204  3227 I UsageStatsService: User[0] Rollover scheduled @ 2021-09-05 02:11:26(1630779086147)
09-04 02:11:26.152  3204  3312 W EventHub: Unable to disable kernel key repeat for /dev/input/event1: Function not implemented
09-04 02:11:26.153  3204  3312 I EventHub: wakeMechanism=EPOLLWAKEUP, usingClockIoctl=true
09-04 02:11:26.153  3204  3312 I EventHub: New device: id=1, fd=112, path='/dev/input/event1', name='MTK TV KEYPAD', classes=0x1, configuration='', keyLayout='/vendor/usr/keylayout/Vendor_3697_Product_0002.kl', keyCharacterMap='/system/usr/keychars/Generic.kcm', builtinKeyboard=false, 
09-04 02:11:26.153  3204  3312 D EventHub: No input device configuration file found for device 'MStar Smart TV IR Receiver'.
09-04 02:11:26.165  3204  3204 I ActivityManager: Override config changes=60007dfc {1.0 ?mcc?mnc [zh_CN] ldltr sw720dp w1280dp h720dp 160dpi xlrg long hdr land ?uimode ?night -touch -keyb/v/h dpad/v winConfig={ mBounds=Rect(0, 0 - 1280, 720) mAppBounds=Rect(0, 0 - 1280, 720) mWindowingMode=fullscreen mActivityType=undefined} s.2} for displayId=0
09-04 02:11:26.168  3204  3312 I EventHub: wakeMechanism=EPOLLWAKEUP, usingClockIoctl=true
09-04 02:11:26.168  3204  3312 I EventHub: New device: id=2, fd=113, path='/dev/input/event0', name='MStar Smart TV IR Receiver', classes=0x21, configuration='', keyLayout='/vendor/usr/keylayout/Vendor_3697_Product_0001.kl', keyCharacterMap='/system/usr/keychars/Generic.kcm', builtinKeyboard=false, 
09-04 02:11:26.177  3204  3312 E InputReader: ERROR:open /vendor/menu_config_xml/cvte_show_mouse_config.xml file error
09-04 02:11:26.177  3204  3312 I InputReader: Device added: id=-1, name='Virtual', sources=0x00000301
