01-22 06:52:02.014 18172 18172 F k.wwtv.tvcente: runtime.cc:558]   native: #16 pc 003ebe93  /system/lib/libart.so (MterpInvokeStatic+130)
01-22 06:52:02.014 18172 18172 F k.wwtv.tvcente: runtime.cc:558]   native: #17 pc 00409b14  /system/lib/libart.so (ExecuteMterpImpl+14612)
01-22 06:52:02.014 18172 18172 F k.wwtv.tvcente: runtime.cc:558]   native: #18 pc 001756b6  /system/priv-app/LiveTV/LiveTV.apk (offset 7ce000) (com.mediatek.twoworlds.tv.MtkTvConfigBase.getConfigValue+2)
01-22 06:52:02.014 18172 18172 F k.wwtv.tvcente: runtime.cc:558]   native: #19 pc 001c7a15  /system/lib/libart.so (_ZN3art11interpreterL7ExecuteEPNS_6ThreadERKNS_20CodeItemDataAccessorERNS_11ShadowFrameENS_6JValueEb.llvm.3885687342+352)
01-22 06:52:02.014 18172 18172 F k.wwtv.tvcente: runtime.cc:558]   native: #20 pc 001cc2e3  /system/lib/libart.so (art::interpreter::ArtInterpreterToInterpreterBridge(art::Thread*, art::CodeItemDataAccessor const&, art::ShadowFrame*, art::JValue*)+146)
01-22 06:52:02.014 18172 18172 F k.wwtv.tvcente: runtime.cc:558]   native: #21 pc 001e3087  /system/lib/libart.so (bool art::interpreter::DoCall<false, false>(art::ArtMethod*, art::Thread*, art::ShadowFrame&, art::Instruction const*, unsigned short, art::JValue*)+754)
01-22 06:52:02.014 18172 18172 F k.wwtv.tvcente: runtime.cc:558]   native: #22 pc 003eaeb7  /system/lib/libart.so (MterpInvokeVirtual+442)
01-22 06:52:02.014 18172 18172 F k.wwtv.tvcente: runtime.cc:558]   native: #23 pc 00409994  /system/lib/libart.so (ExecuteMterpImpl+14228)
01-22 06:52:02.014 18172 18172 F k.wwtv.tvcente: runtime.cc:558]   native: #24 pc 001756d2  /system/priv-app/LiveTV/LiveTV.apk (offset 7ce000) (com.mediatek.twoworlds.tv.MtkTvConfigBase.getConfigValue+2)
01-22 06:52:02.014 18172 18172 F k.wwtv.tvcente: runtime.cc:558]   native: #25 pc 001c7a15  /system/lib/libart.so (_ZN3art11interpreterL7ExecuteEPNS_6ThreadERKNS_20CodeItemDataAccessorERNS_11ShadowFrameENS_6JValueEb.llvm.3885687342+352)
01-22 06:52:02.014 18172 18172 F k.wwtv.tvcente: runtime.cc:558]   native: #26 pc 001cc2e3  /system/lib/libart.so (art::interpreter::ArtInterpreterToInterpreterBridge(art::Thread*, art::CodeItemDataAccessor const&, art::ShadowFrame*, art::JValue*)+146)
01-22 06:52:02.014 18172 18172 F k.wwtv.tvcente: runtime.cc:558]   native: #27 pc 001e3087  /system/lib/libart.so (bool art::interpreter::DoCall<false, false>(art::ArtMethod*, art::Thread*, art::ShadowFrame&, art::Instruction const*, unsigned short, art::JValue*)+754)
01-22 06:52:02.014 18172 18172 F k.wwtv.tvcente: runtime.cc:558]   native: #28 pc 003eaeb7  /system/lib/libart.so (MterpInvokeVirtual+442)
01-22 06:52:02.014 18172 18172 F k.wwtv.tvcente: runtime.cc:558]   native: #29 pc 00409994  /system/lib/libart.so (ExecuteMterpImpl+14228)
01-22 06:52:02.014 18172 18172 F k.wwtv.tvcente: runtime.cc:558]   native: #30 pc 000ff9ec  /system/priv-app/LiveTV/LiveTV.apk (offset aec000) (com.mediatek.wwtv.tvcenter.util.CommonIntegration.getSvlFromACFG+12)
01-22 06:52:02.014 18172 18172 F k.wwtv.tvcente: runtime.cc:558]   native: #31 pc 001c7a15  /system/lib/libart.so (_ZN3art11interpreterL7ExecuteEPNS_6ThreadERKNS_20CodeItemDataAccessorERNS_11ShadowFrameENS_6JValueEb.llvm.3885687342+352)
01-22 06:52:02.014 18172 18172 F k.wwtv.tvcente: runtime.cc:558]   native: #32 pc 001cc2e3  /system/lib/libart.so (art::interpreter::ArtInterpreterToInterpreterBridge(art::Thread*, art::CodeItemDataAccessor const&, art::ShadowFrame*, art::JValue*)+146)
01-22 06:52:02.014 18172 18172 F k.wwtv.tvcente: runtime.cc:558]   native: #33 pc 001e3087  /system/lib/libart.so (bool art::interpreter::DoCall<false, false>(art::ArtMethod*, art::Thread*, art::ShadowFrame&, art::Instruction const*, unsigned short, art::JValue*)+754)
01-22 06:52:02.014 18172 18172 F k.wwtv.tvcente: runtime.cc:558]   native: #34 pc 003eaeb7  /system/lib/libart.so (MterpInvokeVirtual+442)
01-22 06:52:02.014 18172 18172 F k.wwtv.tvcente: runtime.cc:558]   native: #35 pc 00409994  /system/lib/libart.so (ExecuteMterpImpl+14228)
01-22 06:52:02.014 18172 18172 F k.wwtv.tvcente: runtime.cc:558]   native: #36 pc 000ff9c4  /system/priv-app/LiveTV/LiveTV.apk (offset aec000) (com.mediatek.wwtv.tvcenter.util.CommonIntegration.getSvl)
01-22 06:52:02.014 18172 18172 F k.wwtv.tvcente: runtime.cc:558]   native: #37 pc 001c7a15  /system/lib/libart.so (_ZN3art11interpreterL7ExecuteEPNS_6ThreadERKNS_20CodeItemDataAccessorERNS_11ShadowFrameENS_6JValueEb.llvm.3885687342+352)
01-22 06:52:02.014 18172 18172 F k.wwtv.tvcente: runtime.cc:558]   native: #38 pc 001cc2e3  /system/lib/libart.so (art::interpreter::ArtInterpreterToInterpreterBridge(art::Thread*, art::CodeItemDataAccessor const&, art::ShadowFrame*, art::JValue*)+146)
01-22 06:52:02.014 18172 18172 F k.wwtv.tvcente: runtime.cc:558]   native: #39 pc 001e3087  /system/lib/libart.so (bool art::interpreter::DoCall<false, false>(art::ArtMethod*, art::Thread*, art::ShadowFrame&, art::Instruction const*, unsigned short, art::JValue*)+754)
01-22 06:52:02.014 18172 18172 F k.wwtv.tvcente: runtime.cc:558]   native: #40 pc 003eaeb7  /system/lib/libart.so (MterpInvokeVirtual+442)
01-22 06:52:02.014 18172 18172 F k.wwtv.tvcente: runtime.cc:558]   native: #41 pc 00409994  /system/lib/libart.so (ExecuteMterpImpl+14228)
01-22 06:52:02.014 18172 18172 F k.wwtv.tvcente: runtime.cc:558]   native: #42 pc 000fbe4c  /system/priv-app/LiveTV/LiveTV.apk (offset aec000) (com.mediatek.wwtv.tvcenter.util.CommonIntegration$4.run+12)
01-22 06:52:02.014 18172 18172 F k.wwtv.tvcente: runtime.cc:558]   native: #43 pc 001c7a15  /system/lib/libart.so (_ZN3art11interpreterL7ExecuteEPNS_6ThreadERKNS_20CodeItemDataAccessorERNS_11ShadowFrameENS_6JValueEb.llvm.3885687342+352)
01-22 06:52:02.014 18172 18172 F k.wwtv.tvcente: runtime.cc:558]   native: #44 pc 001cc22f  /system/lib/libart.so (art::interpreter::EnterInterpreterFromEntryPoint(art::Thread*, art::CodeItemDataAccessor const&, art::ShadowFrame*)+82)
01-22 06:52:02.014 18172 18172 F k.wwtv.tvcente: runtime.cc:558]   native: #45 pc 003de6fb  /system/lib/libart.so (artQuickToInterpreterBridge+890)
01-22 06:52:02.014 18172 18172 F k.wwtv.tvcente: runtime.cc:558]   native: #46 pc 0041b0ff  /system/lib/libart.so (art_quick_to_interpreter_bridge+30)
01-22 06:52:02.014 18172 18172 F k.wwtv.tvcente: runtime.cc:558]   at com.mediatek.twoworlds.tv.TVNative.getConfigValue_native(Native method)
01-22 06:52:02.014 18172 18172 F k.wwtv.tvcente: runtime.cc:558]   - waiting on <0x04816693> (a java.lang.Class<com.mediatek.twoworlds.tv.TVNative>)
01-22 06:52:02.014 18172 18172 F k.wwtv.tvcente: runtime.cc:558]   at com.mediatek.twoworlds.tv.TVNativeWrapper.getConfigValue_native(TVNativeWrapper.java:562)
01-22 06:52:02.014 18172 18172 F k.wwtv.tvcente: runtime.cc:558]   at com.mediatek.twoworlds.tv.MtkTvConfigBase.getConfigValue(MtkTvConfigBase.java:423)
01-22 06:52:02.014 18172 18172 F k.wwtv.tvcente: runtime.cc:558]   at com.mediatek.twoworlds.tv.MtkTvConfigBase.getConfigValue(MtkTvConfigBase.java:393)
01-22 06:52:02.014 18172 18172 F k.wwtv.tvcente: runtime.cc:558]   at com.mediatek.wwtv.tvcenter.util.CommonIntegration.getSvlFromACFG(CommonIntegration.java:1102)
01-22 06:52:02.014 18172 18172 F k.wwtv.tvcente: runtime.cc:558]   at com.mediatek.wwtv.tvcenter.util.CommonIntegration.getSvl(CommonIntegration.java:1156)
01-22 06:52:02.014 18172 18172 F k.wwtv.tvcente: runtime.cc:558]   at com.mediatek.wwtv.tvcenter.util.CommonIntegration$4.run(CommonIntegration.java:1393)
01-22 06:52:02.014 18172 18172 F k.wwtv.tvcente: runtime.cc:558]   at java.util.concurrent.ThreadPoolExecutor.runWorker(ThreadPoolExecutor.java:1167)
01-22 06:52:02.014 18172 18172 F k.wwtv.tvcente: runtime.cc:558]   at java.util.concurrent.ThreadPoolExecutor$Worker.run(ThreadPoolExecutor.java:641)
01-22 06:52:02.014 18172 18172 F k.wwtv.tvcente: runtime.cc:558]   at java.lang.Thread.run(Thread.java:764)
01-22 06:52:02.014 18172 18172 F k.wwtv.tvcente: runtime.cc:558] 
01-22 06:52:02.014 18172 18172 F k.wwtv.tvcente: runtime.cc:558] "TVCallback" prio=5 tid=13 Native
01-22 06:52:02.014 18172 18172 F k.wwtv.tvcente: runtime.cc:558]   | group="" sCount=1 dsCount=0 flags=1 obj=0x12d40d18 self=0x967b9000
01-22 06:52:02.014 18172 18172 F k.wwtv.tvcente: runtime.cc:558]   | sysTid=18195 nice=0 cgrp=default sched=0/0 handle=0x95a00970
01-22 06:52:02.014 18172 18172 F k.wwtv.tvcente: runtime.cc:558]   | state=S schedstat=( 382167 0 4 ) utm=0 stm=0 core=3 HZ=100
01-22 06:52:02.014 18172 18172 F k.wwtv.tvcente: runtime.cc:558]   | stack=0x958fd000-0x958ff000 stackSize=1042KB
01-22 06:52:02.014 18172 18172 F k.wwtv.tvcente: runtime.cc:558]   | held mutexes=
01-22 06:52:02.014 18172 18172 F k.wwtv.tvcente: runtime.cc:558]   native: #00 pc 00053bc4  /system/lib/libc.so (__epoll_pwait+20)
01-22 06:52:02.014 18172 18172 F k.wwtv.tvcente: runtime.cc:558]   native: #01 pc 00026059  /system/lib/libc.so (epoll_wait+16)
01-22 06:52:02.014 18172 18172 F k.wwtv.tvcente: runtime.cc:558]   native: #02 pc 0000f0d1  /system/lib/libutils.so (android::Looper::pollInner(int)+116)
01-22 06:52:02.015 18172 18172 F k.wwtv.tvcente: runtime.cc:558]   native: #03 pc 0000efdb  /system/lib/libutils.so (android::Looper::pollOnce(int, int*, int*, void**)+26)
01-22 06:52:02.015 18172 18172 F k.wwtv.tvcente: runtime.cc:558]   native: #04 pc 000b85f1  /system/lib/libandroid_runtime.so (android::android_os_MessageQueue_nativePollOnce(_JNIEnv*, _jobject*, long long, int)+26)
01-22 06:52:02.015 18172 18172 F k.wwtv.tvcente: runtime.cc:558]   at android.os.MessageQueue.nativePollOnce(Native method)
01-22 06:52:02.015 18172 18172 F k.wwtv.tvcente: runtime.cc:558]   at android.os.MessageQueue.next(MessageQueue.java:326)
01-22 06:52:02.015 18172 18172 F k.wwtv.tvcente: runtime.cc:558]   at android.os.Looper.loop(Looper.java:160)
01-22 06:52:02.015 18172 18172 F k.wwtv.tvcente: runtime.cc:558]   at android.os.HandlerThread.run(HandlerThread.java:65)
01-22 06:52:02.015 18172 18172 F k.wwtv.tvcente: runtime.cc:558] 
01-22 06:52:02.015 18172 18172 F k.wwtv.tvcente: runtime.cc:558] Aborting thread:
01-22 06:52:02.015 18172 18172 F k.wwtv.tvcente: runtime.cc:558] "main" prio=5 tid=1 Runnable
01-22 06:52:02.015 18172 18172 F k.wwtv.tvcente: runtime.cc:558]   | group="" sCount=0 dsCount=0 flags=0 obj=0x74014000 self=0xb1b51000
01-22 06:52:02.015 18172 18172 F k.wwtv.tvcente: runtime.cc:558]   | sysTid=18172 nice=0 cgrp=default sched=0/0 handle=0xb5d0a494
01-22 06:52:02.015 18172 18172 F k.wwtv.tvcente: runtime.cc:558]   | state=R schedstat=( 335541590 11136002 327 ) utm=23 stm=10 core=1 HZ=100
01-22 06:52:02.015 18172 18172 F k.wwtv.tvcente: runtime.cc:558]   | stack=0xbdc52000-0xbdc54000 stackSize=8MB
01-22 06:52:02.015 18172 18172 F k.wwtv.tvcente: runtime.cc:558]   | held mutexes= "abort lock" "mutator lock"(shared held)
01-22 06:52:02.015 18172 18172 F k.wwtv.tvcente: runtime.cc:558]   native: #00 pc 002dfc57  /system/lib/libart.so (art::DumpNativeStack(std::__1::basic_ostream<char, std::__1::char_traits<char>>&, int, BacktraceMap*, char const*, art::ArtMethod*, void*, bool)+134)
01-22 06:52:02.015 18172 18172 F k.wwtv.tvcente: runtime.cc:558]   native: #01 pc 003776f7  /system/lib/libart.so (art::Thread::DumpStack(std::__1::basic_ostream<char, std::__1::char_traits<char>>&, bool, BacktraceMap*, bool) const+210)
01-22 06:52:02.015 18172 18172 F k.wwtv.tvcente: runtime.cc:558]   native: #02 pc 00373d13  /system/lib/libart.so (art::Thread::Dump(std::__1::basic_ostream<char, std::__1::char_traits<char>>&, bool, BacktraceMap*, bool) const+34)
01-22 06:52:02.015 18172 18172 F k.wwtv.tvcente: runtime.cc:558]   native: #03 pc 00361e3f  /system/lib/libart.so (art::AbortState::DumpThread(std::__1::basic_ostream<char, std::__1::char_traits<char>>&, art::Thread*) const+30)
01-22 06:52:02.015 18172 18172 F k.wwtv.tvcente: runtime.cc:558]   native: #04 pc 00355e93  /system/lib/libart.so (art::Runtime::Abort(char const*)+962)
01-22 06:52:02.015 18172 18172 F k.wwtv.tvcente: runtime.cc:558]   native: #05 pc 000071c7  /system/lib/libbase.so (android::base::LogMessage::~LogMessage()+502)
01-22 06:52:02.015 18172 18172 F k.wwtv.tvcente: runtime.cc:558]   native: #06 pc 0037bae3  /system/lib/libart.so (art::Thread::AssertNoPendingException() const+854)
01-22 06:52:02.015 18172 18172 F k.wwtv.tvcente: runtime.cc:558]   native: #07 pc 000dd245  /system/lib/libart.so (art::ClassLinker::FindClass(art::Thread*, char const*, art::Handle<art::mirror::ClassLoader>)+28)
01-22 06:52:02.015 18172 18172 F k.wwtv.tvcente: runtime.cc:558]   native: #08 pc 00265f4b  /system/lib/libart.so (art::JNI::FindClass(_JNIEnv*, char const*)+1018)
01-22 06:52:02.015 18172 18172 F k.wwtv.tvcente: runtime.cc:558]   native: #09 pc 00023b79  /vendor/lib/libcom_mediatek_twoworlds_tv_jni.so (jni_callback_class+140)
01-22 06:52:02.015 18172 18172 F k.wwtv.tvcente: runtime.cc:558]   native: #10 pc 00023baf  /vendor/lib/libcom_mediatek_twoworlds_tv_jni.so (init_jni_single_def+26)
01-22 06:52:02.015 18172 18172 F k.wwtv.tvcente: runtime.cc:558]   native: #11 pc 00023ad5  /vendor/lib/libcom_mediatek_twoworlds_tv_jni.so (jni_class_util_init+44)
01-22 06:52:02.015 18172 18172 F k.wwtv.tvcente: runtime.cc:558]   native: #12 pc 000239c7  /vendor/lib/libcom_mediatek_twoworlds_tv_jni.so (JNI_OnLoad+106)
01-22 06:52:02.015 18172 18172 F k.wwtv.tvcente: runtime.cc:558]   native: #13 pc 00237c19  /system/lib/libart.so (art::JavaVMExt::LoadNativeLibrary(_JNIEnv*, std::__1::basic_string<char, std::__1::char_traits<char>, std::__1::allocator<char>> const&, _jobject*, std::__1::basic_string<char, std::__1::char_traits<char>, std::__1::allocator<char>>*)+2484)
01-22 06:52:02.015 18172 18172 F k.wwtv.tvcente: runtime.cc:558]   native: #14 pc 00002f73  /system/lib/libopenjdkjvm.so (JVM_NativeLoad+230)
01-22 06:52:02.015 18172 18172 F k.wwtv.tvcente: runtime.cc:558]   native: #15 pc 0010c6bb  /system/framework/arm/boot-core-oj.oat (offset 10c000) (java.lang.Runtime.nativeLoad [DEDUPED]+130)
01-22 06:52:02.015 18172 18172 F k.wwtv.tvcente: runtime.cc:558]   native: #16 pc 0016702b  /system/framework/arm/boot-core-oj.oat (offset 10c000) (java.lang.Runtime.loadLibrary0+146)
01-22 06:52:02.015 18172 18172 F k.wwtv.tvcente: runtime.cc:558]   native: #17 pc 0016b8ef  /system/framework/arm/boot-core-oj.oat (offset 10c000) (java.lang.System.loadLibrary+86)
01-22 06:52:02.015 18172 18172 F k.wwtv.tvcente: runtime.cc:558]   native: #18 pc 00416b75  /system/lib/libart.so (art_quick_invoke_stub_internal+68)
01-22 06:52:02.015 18172 18172 F k.wwtv.tvcente: runtime.cc:558]   native: #19 pc 003f0397  /system/lib/libart.so (art_quick_invoke_static_stub+222)
01-22 06:52:02.015 18172 18172 F k.wwtv.tvcente: runtime.cc:558]   native: #20 pc 000a103b  /system/lib/libart.so (art::ArtMethod::Invoke(art::Thread*, unsigned int*, unsigned int, art::JValue*, char const*)+154)
01-22 06:52:02.015 18172 18172 F k.wwtv.tvcente: runtime.cc:558]   native: #21 pc 001e83bd  /system/lib/libart.so (art::interpreter::ArtInterpreterToCompiledCodeBridge(art::Thread*, art::ArtMethod*, art::ShadowFrame*, unsigned short, art::JValue*)+232)
01-22 06:52:02.015 18172 18172 F k.wwtv.tvcente: runtime.cc:558]   native: #22 pc 001e309d  /system/lib/libart.so (bool art::interpreter::DoCall<false, false>(art::ArtMethod*, art::Thread*, art::ShadowFrame&, art::Instruction const*, unsigned short, art::JValue*)+776)
01-22 06:52:02.015 18172 18172 F k.wwtv.tvcente: runtime.cc:558]   native: #23 pc 003ebe93  /system/lib/libart.so (MterpInvokeStatic+130)
01-22 06:52:02.015 18172 18172 F k.wwtv.tvcente: runtime.cc:558]   native: #24 pc 00409b14  /system/lib/libart.so (ExecuteMterpImpl+14612)
01-22 06:52:02.015 18172 18172 F k.wwtv.tvcente: runtime.cc:558]   native: #25 pc 001a26b2  /system/priv-app/LiveTV/LiveTV.apk (offset 7ce000) (com.mediatek.twoworlds.tv.TVNative.<clinit>+18)
01-22 06:52:02.015 18172 18172 F k.wwtv.tvcente: runtime.cc:558]   native: #26 pc 001c7a15  /system/lib/libart.so (_ZN3art11interpreterL7ExecuteEPNS_6ThreadERKNS_20CodeItemDataAccessorERNS_11ShadowFrameENS_6JValueEb.llvm.3885687342+352)
01-22 06:52:02.015 18172 18172 F k.wwtv.tvcente: runtime.cc:558]   native: #27 pc 001cc22f  /system/lib/libart.so (art::interpreter::EnterInterpreterFromEntryPoint(art::Thread*, art::CodeItemDataAccessor const&, art::ShadowFrame*)+82)
01-22 06:52:02.015 18172 18172 F k.wwtv.tvcente: runtime.cc:558]   native: #28 pc 003de6fb  /system/lib/libart.so (artQuickToInterpreterBridge+890)
01-22 06:52:02.015 18172 18172 F k.wwtv.tvcente: runtime.cc:558]   native: #29 pc 0041b0ff  /system/lib/libart.so (art_quick_to_interpreter_bridge+30)
01-22 06:52:02.015 18172 18172 F k.wwtv.tvcente: runtime.cc:558]   native: #30 pc 00416b75  /system/lib/libart.so (art_quick_invoke_stub_internal+68)
01-22 06:52:02.015 18172 18172 F k.wwtv.tvcente: runtime.cc:558]   native: #31 pc 003f0397  /system/lib/libart.so (art_quick_invoke_static_stub+222)
01-22 06:52:02.015 18172 18172 F k.wwtv.tvcente: runtime.cc:558]   native: #32 pc 000a103b  /system/lib/libart.so (art::ArtMethod::Invoke(art::Thread*, unsigned int*, unsigned int, art::JValue*, char const*)+154)
01-22 06:52:02.015 18172 18172 F k.wwtv.tvcente: runtime.cc:558]   native: #33 pc 000e6233  /system/lib/libart.so (art::ClassLinker::InitializeClass(art::Thread*, art::Handle<art::mirror::Class>, bool, bool)+1526)
01-22 06:52:02.015 18172 18172 F k.wwtv.tvcente: runtime.cc:558]   native: #34 pc 000d6181  /system/lib/libart.so (art::ClassLinker::EnsureInitialized(art::Thread*, art::Handle<art::mirror::Class>, bool, bool)+132)
01-22 06:52:02.015 18172 18172 F k.wwtv.tvcente: runtime.cc:558]   native: #35 pc 001e841f  /system/lib/libart.so (art::interpreter::ArtInterpreterToCompiledCodeBridge(art::Thread*, art::ArtMethod*, art::ShadowFrame*, unsigned short, art::JValue*)+330)
01-22 06:52:02.015 18172 18172 F k.wwtv.tvcente: runtime.cc:558]   native: #36 pc 001e309d  /system/lib/libart.so (bool art::interpreter::DoCall<false, false>(art::ArtMethod*, art::Thread*, art::ShadowFrame&, art::Instruction const*, unsigned short, art::JValue*)+776)
01-22 06:52:02.015 18172 18172 F k.wwtv.tvcente: runtime.cc:558]   native: #37 pc 003ebe93  /system/lib/libart.so (MterpInvokeStatic+130)
01-22 06:52:02.015 18172 18172 F k.wwtv.tvcente: runtime.cc:558]   native: #38 pc 00409b14  /system/lib/libart.so (ExecuteMterpImpl+14612)
01-22 06:52:02.015 18172 18172 F k.wwtv.tvcente: runtime.cc:558]   native: #39 pc 0019c046  /system/priv-app/LiveTV/LiveTV.apk (offset 7ce000) (com.mediatek.twoworlds.tv.TVNativeWrapper.getConfigValue_native+30)
01-22 06:52:02.015 18172 18172 F k.wwtv.tvcente: runtime.cc:558]   native: #40 pc 001c7a15  /system/lib/libart.so (_ZN3art11interpreterL7ExecuteEPNS_6ThreadERKNS_20CodeItemDataAccessorERNS_11ShadowFrameENS_6JValueEb.llvm.3885687342+352)
01-22 06:52:02.015 18172 18172 F k.wwtv.tvcente: runtime.cc:558]   native: #41 pc 001cc2e3  /system/lib/libart.so (art::interpreter::ArtInterpreterToInterpreterBridge(art::Thread*, art::CodeItemDataAccessor const&, art::ShadowFrame*, art::JValue*)+146)
01-22 06:52:02.015 18172 18172 F k.wwtv.tvcente: runtime.cc:558]   native: #42 pc 001e3087  /system/lib/libart.so (bool art::interpreter::DoCall<false, false>(art::ArtMethod*, art::Thread*, art::ShadowFrame&, art::Instruction const*, unsigned short, art::JValue*)+754)
01-22 06:52:02.015 18172 18172 F k.wwtv.tvcente: runtime.cc:558]   native: #43 pc 003ebe93  /system/lib/libart.so (MterpInvokeStatic+130)
01-22 06:52:02.015 18172 18172 F k.wwtv.tvcente: runtime.cc:558]   native: #44 pc 00409b14  /system/lib/libart.so (ExecuteMterpImpl+14612)
01-22 06:52:02.015 18172 18172 F k.wwtv.tvcente: runtime.cc:558]   native: #45 pc 001756b6  /system/priv-app/LiveTV/LiveTV.apk (offset 7ce000) (com.mediatek.twoworlds.tv.MtkTvConfigBase.getConfigValue+2)
01-22 06:52:02.016 18172 18172 F k.wwtv.tvcente: runtime.cc:558]   native: #46 pc 001c7a15  /system/lib/libart.so (_ZN3art11interpreterL7ExecuteEPNS_6ThreadERKNS_20CodeItemDataAccessorERNS_11ShadowFrameENS_6JValueEb.llvm.3885687342+352)
01-22 06:52:02.016 18172 18172 F k.wwtv.tvcente: runtime.cc:558]   native: #47 pc 001cc2e3  /system/lib/libart.so (art::interpreter::ArtInterpreterToInterpreterBridge(art::Thread*, art::CodeItemDataAccessor const&, art::ShadowFrame*, art::JValue*)+146)
01-22 06:52:02.016 18172 18172 F k.wwtv.tvcente: runtime.cc:558]   native: #48 pc 001e3087  /system/lib/libart.so (bool art::interpreter::DoCall<false, false>(art::ArtMethod*, art::Thread*, art::ShadowFrame&, art::Instruction const*, unsigned short, art::JValue*)+754)
01-22 06:52:02.016 18172 18172 F k.wwtv.tvcente: runtime.cc:558]   native: #49 pc 003eaeb7  /system/lib/libart.so (MterpInvokeVirtual+442)
01-22 06:52:02.016 18172 18172 F k.wwtv.tvcente: runtime.cc:558]   native: #50 pc 00409994  /system/lib/libart.so (ExecuteMterpImpl+14228)
01-22 06:52:02.016 18172 18172 F k.wwtv.tvcente: runtime.cc:558]   native: #51 pc 001756d2  /system/priv-app/LiveTV/LiveTV.apk (offset 7ce000) (com.mediatek.twoworlds.tv.MtkTvConfigBase.getConfigValue+2)
01-22 06:52:02.018 18172 18172 F k.wwtv.tvcente: runtime.cc:566]   at void android.app.ActivityThread.main(java.lang.String[]) (ActivityThread.java:6669)
01-22 06:52:02.019 18172 18172 F libc    : Fatal signal 6 (SIGABRT), code -6 (SI_TKILL) in tid 18172 (k.wwtv.tvcenter), pid 18172 (k.wwtv.tvcenter)
01-22 06:52:02.091 18208 18208 I crash_dump32: obtaining output fd from tombstoned, type: kDebuggerdTombstone
01-22 06:52:02.091  2703  2703 I /system/bin/tombstoned: received crash request for pid 18172
01-22 06:52:02.092 18208 18208 I crash_dump32: performing dump of process 18172 (target tid = 18172)
01-22 06:52:02.102 18107 18107 I wpa_supplicant: wlan0: Associated with 54:75:95:72:e3:55
01-22 06:52:02.103 18107 18107 I wpa_supplicant: wlan0: CTRL-EVENT-SUBNET-STATUS-UPDATE status=0
01-22 06:52:02.104  2694  2694 D MTK_KL  : 3,33331,361532519,-;[54:75:95:72:e3:55]:40M channel
01-22 06:52:02.104  2694  2694 D MTK_KL  : 4,33332,361532687,-;[STA] arp ip filter enable: 0
01-22 06:52:02.104  2694  2694 D MTK_KL  : 7,33333,361532837,-;BSS_CHANGED_ASSOC.changed(10fd)
01-22 06:52:02.104  2694  2694 D MTK_KL  : 4,33334,361533531,-;atbm_bss_info_changed:priv->htcap(1)
01-22 06:52:02.104  2694  2694 D MTK_KL  : 7,33335,361533541,-;wsm_set_block_ack_policy:blockAckTxTidPolicy(ff),blockAckRxTidPolicy(ff),if_id(0)
01-22 06:52:02.104  2694  2694 D MTK_KL  : 4,33336,361533838,-;[STA] Slot time :9 us.
01-22 06:52:02.104  2694  2694 D MTK_KL  : 3,33337,361534242,-;ieee80211_work_work:not start work ch(7)
01-22 06:52:02.104  2694  2694 D MTK_KL  : 3,33338,361534251,-;ieee80211_work_work:reset work ch(7)
01-22 06:52:02.104  2694  2694 D MTK_KL  : 3,33339,361534269,-;ieee80211_work_work:start work ch(7)(7)
01-22 06:52:02.104  2694  2694 D MTK_KL  : 3,33340,361534277,-;ieee80211_wk_connecting:connecting.tries(1)
01-22 06:52:02.105  2910  3068 I EthernetTracker: interfaceLinkStateChanged, iface: wlan0, up: true
01-22 06:52:02.105  2910  3068 D PppoeUtils: updateInterface: wlan0 link up
01-22 06:52:02.108  2910  3068 I EthernetTracker: interfaceLinkStateChanged, iface: wlan0, up: true
01-22 06:52:02.108  2910  3068 D PppoeUtils: updateInterface: wlan0 link up
01-22 06:52:02.110  2910  3068 I EthernetTracker: interfaceLinkStateChanged, iface: wlan0, up: true
01-22 06:52:02.110  2910  3068 D PppoeUtils: updateInterface: wlan0 link up
01-22 06:52:02.118 18208 18208 F DEBUG   : *** *** *** *** *** *** *** *** *** *** *** *** *** *** *** ***
01-22 06:52:02.118 18208 18208 F DEBUG   : Build fingerprint: 'MediaTek/m7332_eu/m7332_eu:9/PPR2.180905.006.A1/builder01221129:userdebug/dev-keys'
01-22 06:52:02.118 18208 18208 F DEBUG   : Revision: '1234'
01-22 06:52:02.119 18208 18208 F DEBUG   : ABI: 'arm'
01-22 06:52:02.119 18208 18208 F DEBUG   : pid: 18172, tid: 18172, name: k.wwtv.tvcenter  >>> com.mediatek.wwtv.tvcenter <<<
01-22 06:52:02.119 18208 18208 F DEBUG   : signal 6 (SIGABRT), code -6 (SI_TKILL), fault addr --------
01-22 06:52:02.119 18208 18208 F DEBUG   : Abort message: 'thread.cc:2148] No pending exception expected: java.lang.NoSuchMethodError: no static method "Lcom/mediatek/twoworlds/tv/TVCallback;.DO_notifyVideoInfoMessage(IIIIIII)I"'
01-22 06:52:02.119 18208 18208 F DEBUG   :     r0  00000000  r1  000046fc  r2  00000006  r3  b3e20758
01-22 06:52:02.119 18208 18208 F DEBUG   :     r4  000046fc  r5  000046fc  r6  be44cf6c  r7  0000010c
01-22 06:52:02.119 18208 18208 F DEBUG   :     r8  00000002  r9  be44cfd9  r10 00000a6c  r11 be44cfd8
01-22 06:52:02.119 18208 18208 F DEBUG   :     ip  00000041  sp  be44cf58  lr  b3daeffd  pc  b3da6d82
01-22 06:52:02.175  2694  2694 D MTK_KL  : 3,33341,361607029,-;[RX] Receive failure: 4.ENCRYPTION [0],fc(6208)
01-22 06:52:02.175  2694  2694 D MTK_KL  : 3,33342,361607331,-;[RX] Receive failure: 4.ENCRYPTION [0],fc(4208)
01-22 06:52:02.279  2694  2694 D MTK_KL  : 3,33343,361709477,-;[RX] Receive failure: 4.ENCRYPTION [0],fc(4208)
01-22 06:52:02.316  4039 18062 I TimeMeasurementAgent: Start ping count = 5
01-22 06:52:02.316  4039 18062 I TimeMeasurementAgent: pingCommand = ping -w 3000 8.8.8.8
01-22 06:52:02.385 18208 18208 F DEBUG   : 
01-22 06:52:02.385 18208 18208 F DEBUG   : backtrace:
01-22 06:52:02.385 18208 18208 F DEBUG   :     #00 pc 0001cd82  /system/lib/libc.so (abort+62)
01-22 06:52:02.385 18208 18208 F DEBUG   :     #01 pc 00355def  /system/lib/libart.so (art::Runtime::Abort(char const*)+798)
01-22 06:52:02.385 18208 18208 F DEBUG   :     #02 pc 000071c7  /system/lib/libbase.so (android::base::LogMessage::~LogMessage()+502)
01-22 06:52:02.385 18208 18208 F DEBUG   :     #03 pc 0037bae3  /system/lib/libart.so (art::Thread::AssertNoPendingException() const+854)
01-22 06:52:02.385 18208 18208 F DEBUG   :     #04 pc 000dd245  /system/lib/libart.so (art::ClassLinker::FindClass(art::Thread*, char const*, art::Handle<art::mirror::ClassLoader>)+28)
01-22 06:52:02.385 18208 18208 F DEBUG   :     #05 pc 00265f4b  /system/lib/libart.so (art::JNI::FindClass(_JNIEnv*, char const*)+1018)
01-22 06:52:02.385 18208 18208 F DEBUG   :     #06 pc 00023b79  /vendor/lib/libcom_mediatek_twoworlds_tv_jni.so (jni_callback_class+140)
01-22 06:52:02.385 18208 18208 F DEBUG   :     #07 pc 00023baf  /vendor/lib/libcom_mediatek_twoworlds_tv_jni.so (init_jni_single_def+26)
01-22 06:52:02.385 18208 18208 F DEBUG   :     #08 pc 00023ad5  /vendor/lib/libcom_mediatek_twoworlds_tv_jni.so (jni_class_util_init+44)
01-22 06:52:02.385 18208 18208 F DEBUG   :     #09 pc 000239c7  /vendor/lib/libcom_mediatek_twoworlds_tv_jni.so (JNI_OnLoad+106)
01-22 06:52:02.385 18208 18208 F DEBUG   :     #10 pc 00237c19  /system/lib/libart.so (art::JavaVMExt::LoadNativeLibrary(_JNIEnv*, std::__1::basic_string<char, std::__1::char_traits<char>, std::__1::allocator<char>> const&, _jobject*, std::__1::basic_string<char, std::__1::char_traits<char>, std::__1::allocator<char>>*)+2484)
01-22 06:52:02.385 18208 18208 F DEBUG   :     #11 pc 00002f73  /system/lib/libopenjdkjvm.so (JVM_NativeLoad+230)
01-22 06:52:02.385 18208 18208 F DEBUG   :     #12 pc 0010c6bb  /system/framework/arm/boot-core-oj.oat (offset 0x10c000) (java.lang.Runtime.nativeLoad [DEDUPED]+130)
01-22 06:52:02.385 18208 18208 F DEBUG   :     #13 pc 0016702b  /system/framework/arm/boot-core-oj.oat (offset 0x10c000) (java.lang.Runtime.loadLibrary0+146)
01-22 06:52:02.385 18208 18208 F DEBUG   :     #14 pc 0016b8ef  /system/framework/arm/boot-core-oj.oat (offset 0x10c000) (java.lang.System.loadLibrary+86)
01-22 06:52:02.385 18208 18208 F DEBUG   :     #15 pc 00416b75  /system/lib/libart.so (art_quick_invoke_stub_internal+68)
01-22 06:52:02.385 18208 18208 F DEBUG   :     #16 pc 003f0397  /system/lib/libart.so (art_quick_invoke_static_stub+222)
01-22 06:52:02.385 18208 18208 F DEBUG   :     #17 pc 000a103b  /system/lib/libart.so (art::ArtMethod::Invoke(art::Thread*, unsigned int*, unsigned int, art::JValue*, char const*)+154)
01-22 06:52:02.386 18208 18208 F DEBUG   :     #18 pc 001e83bd  /system/lib/libart.so (art::interpreter::ArtInterpreterToCompiledCodeBridge(art::Thread*, art::ArtMethod*, art::ShadowFrame*, unsigned short, art::JValue*)+232)
01-22 06:52:02.386 18208 18208 F DEBUG   :     #19 pc 001e309d  /system/lib/libart.so (bool art::interpreter::DoCall<false, false>(art::ArtMethod*, art::Thread*, art::ShadowFrame&, art::Instruction const*, unsigned short, art::JValue*)+776)
01-22 06:52:02.386 18208 18208 F DEBUG   :     #20 pc 003ebe93  /system/lib/libart.so (MterpInvokeStatic+130)
01-22 06:52:02.386 18208 18208 F DEBUG   :     #21 pc 00409b14  /system/lib/libart.so (ExecuteMterpImpl+14612)
01-22 06:52:02.386 18208 18208 F DEBUG   :     #22 pc 001a26b2  /system/priv-app/LiveTV/LiveTV.apk (offset 0x7ce000) (com.mediatek.twoworlds.tv.TVNative.<clinit>+18)
01-22 06:52:02.386 18208 18208 F DEBUG   :     #23 pc 001c7a15  /system/lib/libart.so (_ZN3art11interpreterL7ExecuteEPNS_6ThreadERKNS_20CodeItemDataAccessorERNS_11ShadowFrameENS_6JValueEb.llvm.3885687342+352)
01-22 06:52:02.386 18208 18208 F DEBUG   :     #24 pc 001cc22f  /system/lib/libart.so (art::interpreter::EnterInterpreterFromEntryPoint(art::Thread*, art::CodeItemDataAccessor const&, art::ShadowFrame*)+82)
01-22 06:52:02.386 18208 18208 F DEBUG   :     #25 pc 003de6fb  /system/lib/libart.so (artQuickToInterpreterBridge+890)
01-22 06:52:02.386 18208 18208 F DEBUG   :     #26 pc 0041b0ff  /system/lib/libart.so (art_quick_to_interpreter_bridge+30)
01-22 06:52:02.386 18208 18208 F DEBUG   :     #27 pc 00416b75  /system/lib/libart.so (art_quick_invoke_stub_internal+68)
01-22 06:52:02.386 18208 18208 F DEBUG   :     #28 pc 003f0397  /system/lib/libart.so (art_quick_invoke_static_stub+222)
01-22 06:52:02.386 18208 18208 F DEBUG   :     #29 pc 000a103b  /system/lib/libart.so (art::ArtMethod::Invoke(art::Thread*, unsigned int*, unsigned int, art::JValue*, char const*)+154)
01-22 06:52:02.386 18208 18208 F DEBUG   :     #30 pc 000e6233  /system/lib/libart.so (art::ClassLinker::InitializeClass(art::Thread*, art::Handle<art::mirror::Class>, bool, bool)+1526)
01-22 06:52:02.386 18208 18208 F DEBUG   :     #31 pc 000d6181  /system/lib/libart.so (art::ClassLinker::EnsureInitialized(art::Thread*, art::Handle<art::mirror::Class>, bool, bool)+132)
01-22 06:52:02.386 18208 18208 F DEBUG   :     #32 pc 001e841f  /system/lib/libart.so (art::interpreter::ArtInterpreterToCompiledCodeBridge(art::Thread*, art::ArtMethod*, art::ShadowFrame*, unsigned short, art::JValue*)+330)
01-22 06:52:02.386 18208 18208 F DEBUG   :     #33 pc 001e309d  /system/lib/libart.so (bool art::interpreter::DoCall<false, false>(art::ArtMethod*, art::Thread*, art::ShadowFrame&, art::Instruction const*, unsigned short, art::JValue*)+776)
01-22 06:52:02.386 18208 18208 F DEBUG   :     #34 pc 003ebe93  /system/lib/libart.so (MterpInvokeStatic+130)
01-22 06:52:02.386 18208 18208 F DEBUG   :     #35 pc 00409b14  /system/lib/libart.so (ExecuteMterpImpl+14612)
01-22 06:52:02.386 18208 18208 F DEBUG   :     #36 pc 0019c046  /system/priv-app/LiveTV/LiveTV.apk (offset 0x7ce000) (com.mediatek.twoworlds.tv.TVNativeWrapper.getConfigValue_native+30)
01-22 06:52:02.386 18208 18208 F DEBUG   :     #37 pc 001c7a15  /system/lib/libart.so (_ZN3art11interpreterL7ExecuteEPNS_6ThreadERKNS_20CodeItemDataAccessorERNS_11ShadowFrameENS_6JValueEb.llvm.3885687342+352)
01-22 06:52:02.387 18208 18208 F DEBUG   :     #38 pc 001cc2e3  /system/lib/libart.so (art::interpreter::ArtInterpreterToInterpreterBridge(art::Thread*, art::CodeItemDataAccessor const&, art::ShadowFrame*, art::JValue*)+146)
01-22 06:52:02.387 18208 18208 F DEBUG   :     #39 pc 001e3087  /system/lib/libart.so (bool art::interpreter::DoCall<false, false>(art::ArtMethod*, art::Thread*, art::ShadowFrame&, art::Instruction const*, unsigned short, art::JValue*)+754)
01-22 06:52:02.387 18208 18208 F DEBUG   :     #40 pc 003ebe93  /system/lib/libart.so (MterpInvokeStatic+130)
01-22 06:52:02.387 18208 18208 F DEBUG   :     #41 pc 00409b14  /system/lib/libart.so (ExecuteMterpImpl+14612)
01-22 06:52:02.387 18208 18208 F DEBUG   :     #42 pc 001756b6  /system/priv-app/LiveTV/LiveTV.apk (offset 0x7ce000) (com.mediatek.twoworlds.tv.MtkTvConfigBase.getConfigValue+2)
01-22 06:52:02.387 18208 18208 F DEBUG   :     #43 pc 001c7a15  /system/lib/libart.so (_ZN3art11interpreterL7ExecuteEPNS_6ThreadERKNS_20CodeItemDataAccessorERNS_11ShadowFrameENS_6JValueEb.llvm.3885687342+352)
01-22 06:52:02.387 18208 18208 F DEBUG   :     #44 pc 001cc2e3  /system/lib/libart.so (art::interpreter::ArtInterpreterToInterpreterBridge(art::Thread*, art::CodeItemDataAccessor const&, art::ShadowFrame*, art::JValue*)+146)
01-22 06:52:02.387 18208 18208 F DEBUG   :     #45 pc 001e3087  /system/lib/libart.so (bool art::interpreter::DoCall<false, false>(art::ArtMethod*, art::Thread*, art::ShadowFrame&, art::Instruction const*, unsigned short, art::JValue*)+754)
01-22 06:52:02.387 18208 18208 F DEBUG   :     #46 pc 003eaeb7  /system/lib/libart.so (MterpInvokeVirtual+442)
01-22 06:52:02.387 18208 18208 F DEBUG   :     #47 pc 00409994  /system/lib/libart.so (ExecuteMterpImpl+14228)
01-22 06:52:02.387 18208 18208 F DEBUG   :     #48 pc 001756d2  /system/priv-app/LiveTV/LiveTV.apk (offset 0x7ce000) (com.mediatek.twoworlds.tv.MtkTvConfigBase.getConfigValue+2)
01-22 06:52:02.387 18208 18208 F DEBUG   :     #49 pc 001c7a15  /system/lib/libart.so (_ZN3art11interpreterL7ExecuteEPNS_6ThreadERKNS_20CodeItemDataAccessorERNS_11ShadowFrameENS_6JValueEb.llvm.3885687342+352)
01-22 06:52:02.387 18208 18208 F DEBUG   :     #50 pc 001cc2e3  /system/lib/libart.so (art::interpreter::ArtInterpreterToInterpreterBridge(art::Thread*, art::CodeItemDataAccessor const&, art::ShadowFrame*, art::JValue*)+146)
01-22 06:52:02.387 18208 18208 F DEBUG   :     #51 pc 001e3087  /system/lib/libart.so (bool art::interpreter::DoCall<false, false>(art::ArtMethod*, art::Thread*, art::ShadowFrame&, art::Instruction const*, unsigned short, art::JValue*)+754)
01-22 06:52:02.387 18208 18208 F DEBUG   :     #52 pc 003eaeb7  /system/lib/libart.so (MterpInvokeVirtual+442)
01-22 06:52:02.387 18208 18208 F DEBUG   :     #53 pc 00409994  /system/lib/libart.so (ExecuteMterpImpl+14228)
01-22 06:52:02.387 18208 18208 F DEBUG   :     #54 pc 00175b24  /system/priv-app/LiveTV/LiveTV.apk (offset 0x7ce000) (com.mediatek.twoworlds.tv.MtkTvConfigBase.getCountry+4)
01-22 06:52:02.387 18208 18208 F DEBUG   :     #55 pc 001c7a15  /system/lib/libart.so (_ZN3art11interpreterL7ExecuteEPNS_6ThreadERKNS_20CodeItemDataAccessorERNS_11ShadowFrameENS_6JValueEb.llvm.3885687342+352)
01-22 06:52:02.387 18208 18208 F DEBUG   :     #56 pc 001cc2e3  /system/lib/libart.so (art::interpreter::ArtInterpreterToInterpreterBridge(art::Thread*, art::CodeItemDataAccessor const&, art::ShadowFrame*, art::JValue*)+146)
01-22 06:52:02.387 18208 18208 F DEBUG   :     #57 pc 001e3087  /system/lib/libart.so (bool art::interpreter::DoCall<false, false>(art::ArtMethod*, art::Thread*, art::ShadowFrame&, art::Instruction const*, unsigned short, art::JValue*)+754)
01-22 06:52:02.388 18208 18208 F DEBUG   :     #58 pc 003eaeb7  /system/lib/libart.so (MterpInvokeVirtual+442)
01-22 06:52:02.388 18208 18208 F DEBUG   :     #59 pc 00409994  /system/lib/libart.so (ExecuteMterpImpl+14228)
01-22 06:52:02.388 18208 18208 F DEBUG   :     #60 pc 00102d74  /system/priv-app/LiveTV/LiveTV.apk (offset 0xaec000) (com.mediatek.wwtv.tvcenter.util.CommonIntegration.initRatingSystem+8)
01-22 06:52:02.388 18208 18208 F DEBUG   :     #61 pc 001c7a15  /system/lib/libart.so (_ZN3art11interpreterL7ExecuteEPNS_6ThreadERKNS_20CodeItemDataAccessorERNS_11ShadowFrameENS_6JValueEb.llvm.3885687342+352)
01-22 06:52:02.388 18208 18208 F DEBUG   :     #62 pc 001cc2e3  /system/lib/libart.so (art::interpreter::ArtInterpreterToInterpreterBridge(art::Thread*, art::CodeItemDataAccessor const&, art::ShadowFrame*, art::JValue*)+146)
01-22 06:52:02.388 18208 18208 F DEBUG   :     #63 pc 001e3087  /system/lib/libart.so (bool art::interpreter::DoCall<false, false>(art::ArtMethod*, art::Thread*, art::ShadowFrame&, art::Instruction const*, unsigned short, art::JValue*)+754)
01-22 06:52:02.388 18208 18208 F DEBUG   :     #64 pc 003ebd49  /system/lib/libart.so (MterpInvokeDirect+196)
01-22 06:52:02.388 18208 18208 F DEBUG   :     #65 pc 00409a94  /system/lib/libart.so (ExecuteMterpImpl+14484)
01-22 06:52:02.388 18208 18208 F DEBUG   :     #66 pc 00102b64  /system/priv-app/LiveTV/LiveTV.apk (offset 0xaec000) (com.mediatek.wwtv.tvcenter.util.CommonIntegration.<init>+168)
01-22 06:52:02.388 18208 18208 F DEBUG   :     #67 pc 001c7a15  /system/lib/libart.so (_ZN3art11interpreterL7ExecuteEPNS_6ThreadERKNS_20CodeItemDataAccessorERNS_11ShadowFrameENS_6JValueEb.llvm.3885687342+352)
01-22 06:52:02.388 18208 18208 F DEBUG   :     #68 pc 001cc2e3  /system/lib/libart.so (art::interpreter::ArtInterpreterToInterpreterBridge(art::Thread*, art::CodeItemDataAccessor const&, art::ShadowFrame*, art::JValue*)+146)
01-22 06:52:02.388 18208 18208 F DEBUG   :     #69 pc 001e3087  /system/lib/libart.so (bool art::interpreter::DoCall<false, false>(art::ArtMethod*, art::Thread*, art::ShadowFrame&, art::Instruction const*, unsigned short, art::JValue*)+754)
01-22 06:52:02.388 18208 18208 F DEBUG   :     #70 pc 003ebd49  /system/lib/libart.so (MterpInvokeDirect+196)
01-22 06:52:02.388 18208 18208 F DEBUG   :     #71 pc 00409a94  /system/lib/libart.so (ExecuteMterpImpl+14484)
01-22 06:52:02.388 18208 18208 F DEBUG   :     #72 pc 000fe9c4  /system/priv-app/LiveTV/LiveTV.apk (offset 0xaec000) (com.mediatek.wwtv.tvcenter.util.CommonIntegration.getInstance+12)
01-22 06:52:02.388 18208 18208 F DEBUG   :     #73 pc 001c7a15  /system/lib/libart.so (_ZN3art11interpreterL7ExecuteEPNS_6ThreadERKNS_20CodeItemDataAccessorERNS_11ShadowFrameENS_6JValueEb.llvm.3885687342+352)
01-22 06:52:02.388 18208 18208 F DEBUG   :     #74 pc 001cc22f  /system/lib/libart.so (art::interpreter::EnterInterpreterFromEntryPoint(art::Thread*, art::CodeItemDataAccessor const&, art::ShadowFrame*)+82)
01-22 06:52:02.388 18208 18208 F DEBUG   :     #75 pc 003de6fb  /system/lib/libart.so (artQuickToInterpreterBridge+890)
01-22 06:52:02.388 18208 18208 F DEBUG   :     #76 pc 0041b0ff  /system/lib/libart.so (art_quick_to_interpreter_bridge+30)
01-22 06:52:02.388 18208 18208 F DEBUG   :     #77 pc 00416b75  /system/lib/libart.so (art_quick_invoke_stub_internal+68)
01-22 06:52:02.388 18208 18208 F DEBUG   :     #78 pc 003f0397  /system/lib/libart.so (art_quick_invoke_static_stub+222)
01-22 06:52:02.388 18208 18208 F DEBUG   :     #79 pc 000a103b  /system/lib/libart.so (art::ArtMethod::Invoke(art::Thread*, unsigned int*, unsigned int, art::JValue*, char const*)+154)
01-22 06:52:02.388 18208 18208 F DEBUG   :     #80 pc 001e83bd  /system/lib/libart.so (art::interpreter::ArtInterpreterToCompiledCodeBridge(art::Thread*, art::ArtMethod*, art::ShadowFrame*, unsigned short, art::JValue*)+232)
01-22 06:52:02.389 18208 18208 F DEBUG   :     #81 pc 001e309d  /system/lib/libart.so (bool art::interpreter::DoCall<false, false>(art::ArtMethod*, art::Thread*, art::ShadowFrame&, art::Instruction const*, unsigned short, art::JValue*)+776)
01-22 06:52:02.389 18208 18208 F DEBUG   :     #82 pc 003ebe93  /system/lib/libart.so (MterpInvokeStatic+130)
01-22 06:52:02.389 18208 18208 F DEBUG   :     #83 pc 00409b14  /system/lib/libart.so (ExecuteMterpImpl+14612)
01-22 06:52:02.389 18208 18208 F DEBUG   :     #84 pc 0010558c  /system/priv-app/LiveTV/LiveTV.apk (offset 0xaec000) (com.mediatek.wwtv.tvcenter.util.DestroyApp.getCommonIntegration+8)
01-22 06:52:02.389 18208 18208 F DEBUG   :     #85 pc 001c7a15  /system/lib/libart.so (_ZN3art11interpreterL7ExecuteEPNS_6ThreadERKNS_20CodeItemDataAccessorERNS_11ShadowFrameENS_6JValueEb.llvm.3885687342+352)
01-22 06:52:02.389 18208 18208 F DEBUG   :     #86 pc 001cc2e3  /system/lib/libart.so (art::interpreter::ArtInterpreterToInterpreterBridge(art::Thread*, art::CodeItemDataAccessor const&, art::ShadowFrame*, art::JValue*)+146)
01-22 06:52:02.389 18208 18208 F DEBUG   :     #87 pc 001e3087  /system/lib/libart.so (bool art::interpreter::DoCall<false, false>(art::ArtMethod*, art::Thread*, art::ShadowFrame&, art::Instruction const*, unsigned short, art::JValue*)+754)
01-22 06:52:02.389 18208 18208 F DEBUG   :     #88 pc 003eaeb7  /system/lib/libart.so (MterpInvokeVirtual+442)
01-22 06:52:02.389 18208 18208 F DEBUG   :     #89 pc 00409994  /system/lib/libart.so (ExecuteMterpImpl+14228)
01-22 06:52:02.389 18208 18208 F DEBUG   :     #90 pc 00105906  /system/priv-app/LiveTV/LiveTV.apk (offset 0xaec000) (com.mediatek.wwtv.tvcenter.util.DestroyApp.onCreate+22)
01-22 06:52:02.389 18208 18208 F DEBUG   :     #91 pc 001c7a15  /system/lib/libart.so (_ZN3art11interpreterL7ExecuteEPNS_6ThreadERKNS_20CodeItemDataAccessorERNS_11ShadowFrameENS_6JValueEb.llvm.3885687342+352)
01-22 06:52:02.389 18208 18208 F DEBUG   :     #92 pc 001cc22f  /system/lib/libart.so (art::interpreter::EnterInterpreterFromEntryPoint(art::Thread*, art::CodeItemDataAccessor const&, art::ShadowFrame*)+82)
01-22 06:52:02.389 18208 18208 F DEBUG   :     #93 pc 003de6fb  /system/lib/libart.so (artQuickToInterpreterBridge+890)
01-22 06:52:02.389 18208 18208 F DEBUG   :     #94 pc 0041b0ff  /system/lib/libart.so (art_quick_to_interpreter_bridge+30)
01-22 06:52:02.389 18208 18208 F DEBUG   :     #95 pc 0067b9c9  /system/framework/arm/boot-framework.oat (offset 0x3ac000) (android.app.Instrumentation.callApplicationOnCreate+40)
01-22 06:52:02.389 18208 18208 F DEBUG   :     #96 pc 0075b72b  /system/framework/arm/boot-framework.oat (offset 0x3ac000) (android.app.ActivityThread.handleBindApplication+6626)
01-22 06:52:02.389 18208 18208 F DEBUG   :     #97 pc 0075768d  /system/framework/arm/boot-framework.oat (offset 0x3ac000) (android.app.ActivityThread$H.handleMessage+5788)
01-22 06:52:02.389 18208 18208 F DEBUG   :     #98 pc 0090f539  /system/framework/arm/boot-framework.oat (offset 0x3ac000) (android.os.Handler.dispatchMessage+136)
01-22 06:52:02.389 18208 18208 F DEBUG   :     #99 pc 00911c33  /system/framework/arm/boot-framework.oat (offset 0x3ac000) (android.os.Looper.loop+1162)
01-22 06:52:02.389 18208 18208 F DEBUG   :     #100 pc 00760923  /system/framework/arm/boot-framework.oat (offset 0x3ac000) (android.app.ActivityThread.main+674)
01-22 06:52:02.389 18208 18208 F DEBUG   :     #101 pc 00416b75  /system/lib/libart.so (art_quick_invoke_stub_internal+68)
01-22 06:52:02.389 18208 18208 F DEBUG   :     #102 pc 003f0397  /system/lib/libart.so (art_quick_invoke_static_stub+222)
01-22 06:52:02.390 18208 18208 F DEBUG   :     #103 pc 000a103b  /system/lib/libart.so (art::ArtMethod::Invoke(art::Thread*, unsigned int*, unsigned int, art::JValue*, char const*)+154)
01-22 06:52:02.390 18208 18208 F DEBUG   :     #104 pc 0034f9dd  /system/lib/libart.so (art::(anonymous namespace)::InvokeWithArgArray(art::ScopedObjectAccessAlreadyRunnable const&, art::ArtMethod*, art::(anonymous namespace)::ArgArray*, art::JValue*, char const*)+52)
01-22 06:52:02.390 18208 18208 F DEBUG   :     #105 pc 00350e25  /system/lib/libart.so (art::InvokeMethod(art::ScopedObjectAccessAlreadyRunnable const&, _jobject*, _jobject*, _jobject*, unsigned int)+960)
01-22 06:52:02.390 18208 18208 F DEBUG   :     #106 pc 00301b41  /system/lib/libart.so (art::Method_invoke(_JNIEnv*, _jobject*, _jobject*, _jobjectArray*)+40)
01-22 06:52:02.390 18208 18208 F DEBUG   :     #107 pc 001121f7  /system/framework/arm/boot-core-oj.oat (offset 0x10c000) (java.lang.Class.getDeclaredMethodInternal [DEDUPED]+110)
01-22 06:52:02.390 18208 18208 F DEBUG   :     #108 pc 00a0b49b  /system/framework/arm/boot-framework.oat (offset 0x3ac000) (com.android.internal.os.RuntimeInit$MethodAndArgsCaller.run+114)
01-22 06:52:02.390 18208 18208 F DEBUG   :     #109 pc 00a11385  /system/framework/arm/boot-framework.oat (offset 0x3ac000) (com.android.internal.os.ZygoteInit.main+2836)
01-22 06:52:02.390 18208 18208 F DEBUG   :     #110 pc 00416b75  /system/lib/libart.so (art_quick_invoke_stub_internal+68)
01-22 06:52:02.390 18208 18208 F DEBUG   :     #111 pc 003f0397  /system/lib/libart.so (art_quick_invoke_static_stub+222)
01-22 06:52:02.390 18208 18208 F DEBUG   :     #112 pc 000a103b  /system/lib/libart.so (art::ArtMethod::Invoke(art::Thread*, unsigned int*, unsigned int, art::JValue*, char const*)+154)
01-22 06:52:02.390 18208 18208 F DEBUG   :     #113 pc 0034f9dd  /system/lib/libart.so (art::(anonymous namespace)::InvokeWithArgArray(art::ScopedObjectAccessAlreadyRunnable const&, art::ArtMethod*, art::(anonymous namespace)::ArgArray*, art::JValue*, char const*)+52)
01-22 06:52:02.390 18208 18208 F DEBUG   :     #114 pc 0034f7f9  /system/lib/libart.so (art::InvokeWithVarArgs(art::ScopedObjectAccessAlreadyRunnable const&, _jobject*, _jmethodID*, std::__va_list)+304)
01-22 06:52:02.390 18208 18208 F DEBUG   :     #115 pc 0029393d  /system/lib/libart.so (art::JNI::CallStaticVoidMethodV(_JNIEnv*, _jclass*, _jmethodID*, std::__va_list)+476)
01-22 06:52:02.390 18208 18208 F DEBUG   :     #116 pc 0006ca43  /system/lib/libandroid_runtime.so (_JNIEnv::CallStaticVoidMethod(_jclass*, _jmethodID*, ...)+38)
01-22 06:52:02.390 18208 18208 F DEBUG   :     #117 pc 0006ec6f  /system/lib/libandroid_runtime.so (android::AndroidRuntime::start(char const*, android::Vector<android::String8> const&, bool)+462)
01-22 06:52:02.390 18208 18208 F DEBUG   :     #118 pc 0000198d  /system/bin/app_process32 (main+724)
01-22 06:52:02.390 18208 18208 F DEBUG   :     #119 pc 00088db5  /system/lib/libc.so (__libc_init+48)
01-22 06:52:02.390 18208 18208 F DEBUG   :     #120 pc 00001677  /system/bin/app_process32 (_start_main+46)
01-22 06:52:02.390 18208 18208 F DEBUG   :     #121 pc 00000306  <anonymous:b5d07000>
01-22 06:52:02.420 18208 18208 I crash_dump32: type=1400 audit(0.0:2404): avc: denied { read } for name="alarm.db-shm" dev="mmcblk0p33" ino=1359 scontext=u:r:crash_dump:s0 tcontext=u:object_r:system_app_data_file:s0 tclass=file permissive=1
01-22 06:52:02.427  2694  2694 D MTK_KL  : 38,33344,361859541,-;type=1400 audit(1579675920.928:2403): avc: denied { getattr } for pid=18143 comm="crash_dump32" path="/data/data/com.mediatek.wwtv.tvcenter/databases/alarm.db-shm" dev="mmcblk0p33" ino=1359 scontext=u:r:crash_dump:s0 tcontext=u:object_r:system_app_data_file:s0 tclass=file permissive=1
01-22 06:52:02.427  2694  2694 D MTK_KL  : 38,33345,361859587,-;type=1400 audit(1579675922.420:2404): avc: denied { read } for pid=18208 comm="crash_dump32" name="alarm.db-shm" dev="mmcblk0p33" ino=1359 scontext=u:r:crash_dump:s0 tcontext=u:object_r:system_app_data_file:s0 tclass=file permissive=1
01-22 06:52:02.420 18208 18208 I crash_dump32: type=1400 audit(0.0:2405): avc: denied { open } for path="/data/data/com.mediatek.wwtv.tvcenter/databases/alarm.db-shm" dev="mmcblk0p33" ino=1359 scontext=u:r:crash_dump:s0 tcontext=u:object_r:system_app_data_file:s0 tclass=file permissive=1
01-22 06:52:02.431  2694  2694 D MTK_KL  : 38,33346,361860134,-;type=1400 audit(1579675922.420:2404): avc: denied { read } for pid=18208 comm="crash_dump32" name="alarm.db-shm" dev="mmcblk0p33" ino=1359 scontext=u:r:crash_dump:s0 tcontext=u:object_r:system_app_data_file:s0 tclass=file permissive=1
01-22 06:52:02.431  2694  2694 D MTK_KL  : 38,33347,361860173,-;type=1400 audit(1579675922.420:2405): avc: denied { open } for pid=18208 comm="crash_dump32" path="/data/data/com.mediatek.wwtv.tvcenter/databases/alarm.db-shm" dev="mmcblk0p33" ino=1359 scontext=u:r:crash_dump:s0 tcontext=u:object_r:system_app_data_file:s0 tclass=file permissive=1
01-22 06:52:02.431  2694  2694 D MTK_KL  : 38,33348,361860281,-;type=1400 audit(1579675922.420:2405): avc: denied { open } for pid=18208 comm="crash_dump32" path="/data/data/com.mediatek.wwtv.tvcenter/databases/alarm.db-shm" dev="mmcblk0p33" ino=1359 scontext=u:r:crash_dump:s0 tcontext=u:object_r:system_app_data_file:s0 tclass=file permissive=1
01-22 06:52:02.431  2694  2694 D MTK_KL  : 38,33349,361860313,-;type=1400 audit(1579675922.420:2406): avc: denied { getattr } for pid=18208 comm="crash_dump32" path="/data/data/com.mediatek.wwtv.tvcenter/databases/alarm.db-shm" dev="mmcblk0p33" ino=1359 scontext=u:r:crash_dump:s0 tcontext=u:object_r:system_app_data_file:s0 tclass=file permissive=1
01-22 06:52:02.583  2694  2694 D MTK_KL  : 31,33350,362013946,-;logd: logdr: UID=1000 GID=1000 PID=18208 n tail=50 logMask=8 pid=18172 start=0ns timeout=0ns
01-22 06:52:02.587  2694  2694 D MTK_KL  : 31,33351,362018810,-;logd: logdr: UID=1000 GID=1000 PID=18208 n tail=50 logMask=1 pid=18172 start=0ns timeout=0ns
01-22 06:52:02.615  2694  2694 D MTK_KL  : 3,33352,362043916,-;ieee80211_wk_connecting:connecting.tries(2)
01-22 06:52:02.715  2694  2694 D MTK_KL  : 31,33353,362145842,-;logd: logdr: UID=1000 GID=1000 PID=18208 n tail=0 logMask=8 pid=18172 start=0ns timeout=0ns
01-22 06:52:02.719  2694  2694 D MTK_KL  : 31,33354,362150928,-;logd: logdr: UID=1000 GID=1000 PID=18208 n tail=0 logMask=1 pid=18172 start=0ns timeout=0ns
01-22 06:52:02.743  2703  2703 E /system/bin/tombstoned: Tombstone written to: /data/tombstones/tombstone_40
01-22 06:52:02.755  2694  2694 D MTK_KL  : 4,33355,362184968,-;!!!!!!!!!!!!!!!!!!!!!! from bootargs CORE_DUMP_PATH is:/data/core_dump.%%p.gz
01-22 06:52:02.755  2694  2694 D MTK_KL  : 4,33356,362184978,-; you want a non-compress coredump file 
01-22 06:52:02.755  2694  2694 D MTK_KL  : 4,33357,362184985,-;!!!!!!!!!!!!!!!!!!!!!! from bootargs CORE_DUMP_PATH is:/dev/null
01-22 06:52:02.755  2694  2694 D MTK_KL  : 14,33358,362186849,-;init: Untracked pid 18208 exited with status 0
01-22 06:52:02.771  2694  2694 D MTK_KL  : 14,33359,362202350,-;init: Untracked pid 18210 exited with status 0
01-22 06:52:02.796  2910  3031 I ActivityManager: Process com.mediatek.wwtv.tvcenter (pid 18172) has died: pers PER 
01-22 06:52:02.796  2910  3060 W libprocessgroup: kill(-18172, 9) failed: No such process
01-22 06:52:02.797  2910  3031 W ActivityManager: Re-adding persistent process ProcessRecord{7821005 18172:com.mediatek.wwtv.tvcenter/1000}
