01-22 06:52:00.559 18107 18107 D wpa_supplicant: config_methods='physical_display virtual_push_button keypad'
01-22 06:52:00.559 18107 18107 D wpa_supplicant: persistent_reconnect=1
01-22 06:52:00.559 18107 18107 D wpa_supplicant: p2p_go_intent=14
01-22 06:52:00.559 18107 18107 D wpa_supplicant: disable_scan_offload=0
01-22 06:52:00.559 18107 18107 D wpa_supplicant: p2p_no_group_iface=0
01-22 06:52:00.560 18107 18107 D wpa_supplicant: nl80211: Supported cipher 00-0f-ac:1
01-22 06:52:00.560 18107 18107 D wpa_supplicant: nl80211: Supported cipher 00-0f-ac:5
01-22 06:52:00.560 18107 18107 D wpa_supplicant: nl80211: Supported cipher 00-0f-ac:2
01-22 06:52:00.560 18107 18107 D wpa_supplicant: nl80211: Supported cipher 00-0f-ac:4
01-22 06:52:00.560 18107 18107 D wpa_supplicant: nl80211: Supported cipher 00-0f-ac:6
01-22 06:52:00.560 18107 18107 D wpa_supplicant: nl80211: Using driver-based off-channel TX
01-22 06:52:00.560 18107 18107 D wpa_supplicant: nl80211: interface wlan0 in phy phy21
01-22 06:52:00.560 18107 18107 D wpa_supplicant: nl80211: Set mode ifindex 53 iftype 2 (STATION)
01-22 06:52:00.560 18107 18107 D wpa_supplicant: nl80211: Subscribe to mgmt frames with non-AP handle 0xb3f9aaf0
01-22 06:52:00.560 18107 18107 D wpa_supplicant: nl80211: Register frame type=0xd0 (WLAN_FC_STYPE_ACTION) nl_handle=0xb3f9aaf0 match=0104
01-22 06:52:00.560 18107 18107 D wpa_supplicant: nl80211: Register frame type=0xd0 (WLAN_FC_STYPE_ACTION) nl_handle=0xb3f9aaf0 match=040a
01-22 06:52:00.560 18107 18107 D wpa_supplicant: nl80211: Register frame type=0xd0 (WLAN_FC_STYPE_ACTION) nl_handle=0xb3f9aaf0 match=040b
01-22 06:52:00.561 18107 18107 D wpa_supplicant: nl80211: Register frame type=0xd0 (WLAN_FC_STYPE_ACTION) nl_handle=0xb3f9aaf0 match=040c
01-22 06:52:00.561 18107 18107 D wpa_supplicant: nl80211: Register frame type=0xd0 (WLAN_FC_STYPE_ACTION) nl_handle=0xb3f9aaf0 match=040d
01-22 06:52:00.561 18107 18107 D wpa_supplicant: nl80211: Register frame type=0xd0 (WLAN_FC_STYPE_ACTION) nl_handle=0xb3f9aaf0 match=090a
01-22 06:52:00.561 18107 18107 D wpa_supplicant: nl80211: Register frame type=0xd0 (WLAN_FC_STYPE_ACTION) nl_handle=0xb3f9aaf0 match=090b
01-22 06:52:00.561 18107 18107 D wpa_supplicant: nl80211: Register frame type=0xd0 (WLAN_FC_STYPE_ACTION) nl_handle=0xb3f9aaf0 match=090c
01-22 06:52:00.561 18107 18107 D wpa_supplicant: nl80211: Register frame type=0xd0 (WLAN_FC_STYPE_ACTION) nl_handle=0xb3f9aaf0 match=090d
01-22 06:52:00.561 18107 18107 D wpa_supplicant: nl80211: Register frame type=0xd0 (WLAN_FC_STYPE_ACTION) nl_handle=0xb3f9aaf0 match=0409506f9a09
01-22 06:52:00.561 18107 18107 D wpa_supplicant: nl80211: Register frame type=0xd0 (WLAN_FC_STYPE_ACTION) nl_handle=0xb3f9aaf0 match=7f506f9a09
01-22 06:52:00.561 18107 18107 D wpa_supplicant: nl80211: Register frame type=0xd0 (WLAN_FC_STYPE_ACTION) nl_handle=0xb3f9aaf0 match=0801
01-22 06:52:00.561 18107 18107 D wpa_supplicant: nl80211: Register frame type=0xd0 (WLAN_FC_STYPE_ACTION) nl_handle=0xb3f9aaf0 match=06
01-22 06:52:00.561 18107 18107 D wpa_supplicant: nl80211: Register frame type=0xd0 (WLAN_FC_STYPE_ACTION) nl_handle=0xb3f9aaf0 match=0a07
01-22 06:52:00.562 18107 18107 D wpa_supplicant: nl80211: Register frame type=0xd0 (WLAN_FC_STYPE_ACTION) nl_handle=0xb3f9aaf0 match=0a11
01-22 06:52:00.562 18107 18107 D wpa_supplicant: nl80211: Register frame type=0xd0 (WLAN_FC_STYPE_ACTION) nl_handle=0xb3f9aaf0 match=0a1a
01-22 06:52:00.562 18107 18107 D wpa_supplicant: nl80211: Register frame type=0xd0 (WLAN_FC_STYPE_ACTION) nl_handle=0xb3f9aaf0 match=1101
01-22 06:52:00.562 18107 18107 D wpa_supplicant: nl80211: Register frame type=0xd0 (WLAN_FC_STYPE_ACTION) nl_handle=0xb3f9aaf0 match=1102
01-22 06:52:00.562 18107 18107 D wpa_supplicant: nl80211: Register frame type=0xd0 (WLAN_FC_STYPE_ACTION) nl_handle=0xb3f9aaf0 match=0505
01-22 06:52:00.562 18107 18107 D wpa_supplicant: nl80211: Register frame type=0xd0 (WLAN_FC_STYPE_ACTION) nl_handle=0xb3f9aaf0 match=0500
01-22 06:52:00.563 18107 18107 I wpa_supplicant: rfkill: Cannot open RFKILL control device
01-22 06:52:00.563 18107 18107 D wpa_supplicant: nl80211: RFKILL status not available
01-22 06:52:00.567  2694  2694 D MTK_KL  : 3,33250,359996098,-;atbm_add_interface: vif->type 2, vif->p2p 0, addr c0:8a:cd:83:dd:98
01-22 06:52:00.567  2694  2694 D MTK_KL  : 3,33251,359996110,-;atbm_add_interface[0],hw_queue[0]=[0]
01-22 06:52:00.567  2694  2694 D MTK_KL  : 3,33252,359996114,-;atbm_add_interface[0],hw_queue[1]=[1]
01-22 06:52:00.567  2694  2694 D MTK_KL  : 3,33253,359996119,-;atbm_add_interface[0],hw_queue[2]=[2]
01-22 06:52:00.567  2694  2694 D MTK_KL  : 3,33254,359996124,-;atbm_add_interface[0],hw_queue[3]=[3]
01-22 06:52:00.568  3691  3842 D TV_MtkTvAVModeBase: isFreeze
01-22 06:52:00.569  3691  3842 D tvapi   : [null::eventScreenWindowSetPipValue:83]: eventScreenWindowSetPipValue 309 120 619 355
01-22 06:52:00.570  3691  3842 D MtkTvMHEG5Base: setMheg5Disable entered.
01-22 06:52:00.571  3691  3842 D MtkTvMHEG5Base: setMheg5Disable exit
01-22 06:52:00.572  3691  3842 I System.out: l=0.1609375; t=0.11111111; r=0.32239583; b=0.3287037
01-22 06:52:00.575  3691  3842 D tvapi   : [null::getCurrentSourceTypeName:24]: getCurrentSourceTypeName: currentSourceName: TV
01-22 06:52:00.576  3691  3842 D tvapi   : [null::getCurrentSourceTypeName:79]: getCurrentSourceTypeName: currentSourceTypeName: TV
01-22 06:52:00.576  3691  3842 D tvapi   : [null::setCurrentScreenMode:44]: setCurrentScreenMode:screenMode=1
01-22 06:52:00.576  3691  3842 D tvapi   : [null::setCurrentScreenMode:67]: setCurrentScreenMode:isSaveSharedPreference=false
01-22 06:52:00.578  3691  3842 D tvapi   : [null::eventDtvSubtitleIsEnabled:4]: eventDtvSubtitleIsEnabled
01-22 06:52:00.578  2694  2694 D MTK_KL  : 3,33255,360007941,-;<<<mi_disp_NviewGetDmsWinId[1502]DMS win hasn't been created yet!
01-22 06:52:00.578  2694  2694 D MTK_KL  : 3,33256,360007958,-;<<<mi_disp_NviewGetDmsWinId[1502]DMS win hasn't been created yet!
01-22 06:52:00.578  2694  2694 D MTK_KL  : 3,33257,360007969,-;<<<mi_disp_NviewGetDmsWinId[1502]DMS win hasn't been created yet!
01-22 06:52:00.578  2694  2694 D MTK_KL  : 4,33258,360007979,-;[MI][_MI_DISP_ApplySetting][7218]: First flip not ready, set window and laod PQ later.
01-22 06:52:00.578  2694  2694 D MTK_KL  : 4,33259,360010010,c;[VDEC]MTGVDEC_GetInfo 3447
01-22 06:52:00.578  3691  3842 D tvapi   : [null::eventDtvSubtitleGetCurrentLanguage:64]: eventDtvSubtitleGetCurrentLanguage  index=0
01-22 06:52:00.578  2694  2694 D MTK_KL  : 4,33260,360010038,-;un-supported mtal ioctl: (NAME: MTAL_IOCTYPE_MTVDEC DIR: 00000001 SIZE: 00000010 TYPE: 0000000f NR: 00000008)
01-22 06:52:00.584 18107 18107 D wpa_supplicant: netlink: Operstate: ifindex=53 linkmode=1 (userspace-control), operstate=5 (IF_OPER_DORMANT)
01-22 06:52:00.585  2910  3068 I EthernetTracker: interfaceLinkStateChanged, iface: wlan0, up: false
01-22 06:52:00.585 18107 18107 D wpa_supplicant: Add interface wlan0 to existing radio phy21
01-22 06:52:00.585  2910  3068 D PppoeUtils: updateInterface: wlan0 link down
01-22 06:52:00.586 18107 18107 D wpa_supplicant: nl80211: Regulatory information - country=00
01-22 06:52:00.586  2910  3068 I EthernetTracker: interfaceLinkStateChanged, iface: wlan0, up: false
01-22 06:52:00.586 18107 18107 D wpa_supplicant: nl80211: 2402-2472 @ 40 MHz 20 mBm
01-22 06:52:00.586 18107 18107 D wpa_supplicant: nl80211: 2457-2482 @ 20 MHz 20 mBm
01-22 06:52:00.586 18107 18107 D wpa_supplicant: nl80211: 5170-5250 @ 80 MHz 20 mBm
01-22 06:52:00.586 18107 18107 D wpa_supplicant: nl80211: 5250-5330 @ 80 MHz 20 mBm
01-22 06:52:00.586 18107 18107 D wpa_supplicant: nl80211: 5490-5730 @ 160 MHz 20 mBm
01-22 06:52:00.586 18107 18107 D wpa_supplicant: nl80211: 5735-5835 @ 80 MHz 20 mBm
01-22 06:52:00.586  2910  3068 D PppoeUtils: updateInterface: wlan0 link down
01-22 06:52:00.586 18107 18107 D wpa_supplicant: nl80211: Added 802.11b mode based on 802.11g information
01-22 06:52:00.586  2910  3068 I EthernetTracker: interfaceLinkStateChanged, iface: wlan0, up: false
01-22 06:52:00.587  2910  3068 D PppoeUtils: updateInterface: wlan0 link down
01-22 06:52:00.587  2694  2694 D MTK_KL  : 7,33261,360016450,-;BSS_CHANGED_ASSOC.changed(e)
01-22 06:52:00.587  2694  2694 D MTK_KL  : 4,33262,360016462,-;[STA] Slot time :20 us.
01-22 06:52:00.587  2694  2694 D MTK_KL  : 6,33263,360016805,-;IPv6: ADDRCONF(NETDEV_UP): wlan0: link is not ready
01-22 06:52:00.592 18143 18143 I crash_dump32: obtaining output fd from tombstoned, type: kDebuggerdTombstone
01-22 06:52:00.593  2703  2703 I /system/bin/tombstoned: received crash request for pid 18041
01-22 06:52:00.594 18143 18143 I crash_dump32: performing dump of process 18041 (target tid = 18041)
01-22 06:52:00.603 18107 18107 D wpa_supplicant: wlan0: Own MAC address: c0:8a:cd:83:dd:98
01-22 06:52:00.603 18107 18107 D wpa_supplicant: Notifying wpas_hidl_notify_p2p_event to hidl control: Own MAC address: c0:8a:cd:83:dd:98
01-22 06:52:00.603 18107 18107 D wpa_supplicant: wpa_driver_nl80211_set_key: ifindex=53 (wlan0) alg=0 addr=0x0 key_idx=0 set_tx=0 seq_len=0 key_len=0
01-22 06:52:00.604 18107 18107 D wpa_supplicant: wpa_driver_nl80211_set_key: ifindex=53 (wlan0) alg=0 addr=0x0 key_idx=1 set_tx=0 seq_len=0 key_len=0
01-22 06:52:00.604 18107 18107 D wpa_supplicant: wpa_driver_nl80211_set_key: ifindex=53 (wlan0) alg=0 addr=0x0 key_idx=2 set_tx=0 seq_len=0 key_len=0
01-22 06:52:00.604 18107 18107 D wpa_supplicant: wpa_driver_nl80211_set_key: ifindex=53 (wlan0) alg=0 addr=0x0 key_idx=3 set_tx=0 seq_len=0 key_len=0
01-22 06:52:00.604 18107 18107 D wpa_supplicant: wpa_driver_nl80211_set_key: ifindex=53 (wlan0) alg=0 addr=0x0 key_idx=4 set_tx=0 seq_len=0 key_len=0
01-22 06:52:00.604 18107 18107 D wpa_supplicant: wpa_driver_nl80211_set_key: ifindex=53 (wlan0) alg=0 addr=0x0 key_idx=5 set_tx=0 seq_len=0 key_len=0
01-22 06:52:00.604 18107 18107 D wpa_supplicant: wlan0: RSN: flushing PMKID list in the driver
01-22 06:52:00.604 18107 18107 D wpa_supplicant: Notifying wpas_hidl_notify_p2p_event to hidl control: RSN: flushing PMKID list in the driver
01-22 06:52:00.604 18107 18107 D wpa_supplicant: nl80211: Flush PMKIDs
01-22 06:52:00.605 18107 18107 D wpa_supplicant: wlan0: State: DISCONNECTED -> INACTIVE
01-22 06:52:00.605 18107 18107 D wpa_supplicant: Notifying wpas_hidl_notify_p2p_event to hidl control: State: DISCONNECTED -> INACTIVE
01-22 06:52:00.605 18107 18107 D wpa_supplicant: Notifying wpas_hidl_notify_p2p_event to hidl control: CTRL-EVENT-STATE-CHANGE id=-1 state=2 BSSID=00:00:00:00:00:00 SSID=
01-22 06:52:00.605 18107 18107 D wpa_supplicant: Notifying state change event to hidl control: 2
01-22 06:52:00.605 18107 18107 D wpa_supplicant: wlan0: Determining shared radio frequencies (max len 1)
01-22 06:52:00.605 18107 18107 D wpa_supplicant: Notifying wpas_hidl_notify_p2p_event to hidl control: Determining shared radio frequencies (max len 1)
01-22 06:52:00.605 18107 18107 D wpa_supplicant: wlan0: Shared frequencies (len=0): completed iteration
01-22 06:52:00.605 18107 18107 D wpa_supplicant: Notifying wpas_hidl_notify_p2p_event to hidl control: Shared frequencies (len=0): completed iteration
01-22 06:52:00.605 18107 18107 D wpa_supplicant: P2P: Add operating class 81
01-22 06:52:00.605 18107 18107 D wpa_supplicant: P2P: Channels - hexdump(len=13): 01 02 03 04 05 06 07 08 09 0a 0b 0c 0d
01-22 06:52:00.605 18107 18107 D wpa_supplicant: P2P: Update channel list
01-22 06:52:00.605 18107 18107 D wpa_supplicant: Notifying wpas_hidl_notify_p2p_event to hidl control: P2P: Update channel list
01-22 06:52:00.605 18107 18107 D wpa_supplicant: P2P: channels: 81:1,2,3,4,5,6,7,8,9,10,11,12,13
01-22 06:52:00.605 18107 18107 D wpa_supplicant: Notifying wpas_hidl_notify_p2p_event to hidl control: P2P: channels: 81:1,2,3,4,5,6,7,8,9,10,11,12,13
01-22 06:52:00.605 18107 18107 D wpa_supplicant: P2P: cli_channels:
01-22 06:52:00.605 18107 18107 D wpa_supplicant: Notifying wpas_hidl_notify_p2p_event to hidl control: P2P: cli_channels:
01-22 06:52:00.619 18143 18143 F DEBUG   : *** *** *** *** *** *** *** *** *** *** *** *** *** *** *** ***
01-22 06:52:00.619 18143 18143 F DEBUG   : Build fingerprint: 'MediaTek/m7332_eu/m7332_eu:9/PPR2.180905.006.A1/builder01221129:userdebug/dev-keys'
01-22 06:52:00.619 18143 18143 F DEBUG   : Revision: '1234'
01-22 06:52:00.620 18143 18143 F DEBUG   : ABI: 'arm'
01-22 06:52:00.620 18143 18143 F DEBUG   : pid: 18041, tid: 18041, name: k.wwtv.tvcenter  >>> com.mediatek.wwtv.tvcenter <<<
01-22 06:52:00.620 18143 18143 F DEBUG   : signal 6 (SIGABRT), code -6 (SI_TKILL), fault addr --------
01-22 06:52:00.620 18143 18143 F DEBUG   : Abort message: 'thread.cc:2148] No pending exception expected: java.lang.NoSuchMethodError: no static method "Lcom/mediatek/twoworlds/tv/TVCallback;.DO_notifyVideoInfoMessage(IIIIIII)I"'
01-22 06:52:00.620 18143 18143 F DEBUG   :     r0  00000000  r1  00004679  r2  00000006  r3  b3e20758
01-22 06:52:00.620 18143 18143 F DEBUG   :     r4  00004679  r5  00004679  r6  be44cf6c  r7  0000010c
01-22 06:52:00.620 18143 18143 F DEBUG   :     r8  00000002  r9  be44cfd9  r10 00000a6c  r11 be44cfd8
01-22 06:52:00.620 18143 18143 F DEBUG   :     ip  00000041  sp  be44cf58  lr  b3daeffd  pc  b3da6d82
01-22 06:52:00.631 18107 18107 D wpa_supplicant: TDLS: TDLS operation not supported by driver
01-22 06:52:00.631 18107 18107 D wpa_supplicant: TDLS: Driver uses internal link setup
01-22 06:52:00.631 18107 18107 D wpa_supplicant: TDLS: Driver does not support TDLS channel switching
01-22 06:52:00.631 18107 18107 D wpa_supplicant: wlan0: WPS: UUID from the first interface: 11f9d6e5-c280-529b-bdb4-633251388426
01-22 06:52:00.631 18107 18107 D wpa_supplicant: Notifying wpas_hidl_notify_p2p_event to hidl control: WPS: UUID from the first interface: 11f9d6e5-c280-529b-bdb4-633251388426
01-22 06:52:00.632 18107 18107 D wpa_supplicant: EAPOL: SUPP_PAE entering state DISCONNECTED
01-22 06:52:00.632 18107 18107 D wpa_supplicant: EAPOL: Supplicant port status: Unauthorized
01-22 06:52:00.632 18107 18107 D wpa_supplicant: nl80211: Skip set_supp_port(unauthorized) while not associated
01-22 06:52:00.632 18107 18107 D wpa_supplicant: EAPOL: KEY_RX entering state NO_KEY_RECEIVE
01-22 06:52:00.632 18107 18107 D wpa_supplicant: EAPOL: SUPP_BE entering state INITIALIZE
01-22 06:52:00.632 18107 18107 D wpa_supplicant: EAP: EAP entering state DISABLED
01-22 06:52:00.632 18107 18107 D wpa_supplicant: Using existing control interface directory.
01-22 06:52:00.632 18107 18107 D wpa_supplicant: Registering interface to hidl control: wlan0
01-22 06:52:00.632 18107 18107 D wpa_supplicant: wlan0: Added interface wlan0
01-22 06:52:00.632 18107 18107 D wpa_supplicant: Notifying wpas_hidl_notify_p2p_event to hidl control: Added interface wlan0
01-22 06:52:00.632 18107 18107 D wpa_supplicant: wlan0: State: INACTIVE -> DISCONNECTED
01-22 06:52:00.632 18107 18107 D wpa_supplicant: Notifying wpas_hidl_notify_p2p_event to hidl control: State: INACTIVE -> DISCONNECTED
01-22 06:52:00.632 18107 18107 D wpa_supplicant: nl80211: Set wlan0 operstate 0->0 (DORMANT)
01-22 06:52:00.632 18107 18107 D wpa_supplicant: netlink: Operstate: ifindex=53 linkmode=-1 (no change), operstate=5 (IF_OPER_DORMANT)
01-22 06:52:00.632 18107 18107 D wpa_supplicant: Notifying wpas_hidl_notify_p2p_event to hidl control: CTRL-EVENT-STATE-CHANGE id=-1 state=0 BSSID=00:00:00:00:00:00 SSID=
01-22 06:52:00.632 18107 18107 D wpa_supplicant: Notifying state change event to hidl control: 0
01-22 06:52:00.632 18107 18107 D wpa_supplicant: wlan0: Determining shared radio frequencies (max len 1)
01-22 06:52:00.633 18107 18107 D wpa_supplicant: Notifying wpas_hidl_notify_p2p_event to hidl control: Determining shared radio frequencies (max len 1)
01-22 06:52:00.633 18107 18107 D wpa_supplicant: wlan0: Shared frequencies (len=0): completed iteration
01-22 06:52:00.633 18107 18107 D wpa_supplicant: Notifying wpas_hidl_notify_p2p_event to hidl control: Shared frequencies (len=0): completed iteration
01-22 06:52:00.633 18107 18107 D wpa_supplicant: P2P: Add operating class 81
01-22 06:52:00.633 18107 18107 D wpa_supplicant: P2P: Channels - hexdump(len=13): 01 02 03 04 05 06 07 08 09 0a 0b 0c 0d
01-22 06:52:00.633 18107 18107 D wpa_supplicant: P2P: Update channel list
01-22 06:52:00.633 18107 18107 D wpa_supplicant: Notifying wpas_hidl_notify_p2p_event to hidl control: P2P: Update channel list
01-22 06:52:00.633 18107 18107 D wpa_supplicant: P2P: channels: 81:1,2,3,4,5,6,7,8,9,10,11,12,13
01-22 06:52:00.633 18107 18107 D wpa_supplicant: Notifying wpas_hidl_notify_p2p_event to hidl control: P2P: channels: 81:1,2,3,4,5,6,7,8,9,10,11,12,13
01-22 06:52:00.633 18107 18107 D wpa_supplicant: P2P: cli_channels:
01-22 06:52:00.633 18107 18107 D wpa_supplicant: Notifying wpas_hidl_notify_p2p_event to hidl control: P2P: cli_channels:
01-22 06:52:00.633 18107 18107 D wpa_supplicant: RTM_NEWLINK: ifi_index=54 ifname=p2p0 operstate=0 linkmode=0 ifi_family=0 ifi_flags=0x1043 ([UP][RUNNING])
01-22 06:52:00.633 18107 18107 D wpa_supplicant: RTM_NEWLINK: ifi_index=54 ifname=p2p0 operstate=5 linkmode=0 ifi_family=0 ifi_flags=0x1003 ([UP])
01-22 06:52:00.633 18107 18107 D wpa_supplicant: RTM_NEWLINK: ifi_index=54 ifname=p2p0 operstate=5 linkmode=1 ifi_family=0 ifi_flags=0x1003 ([UP])
01-22 06:52:00.633 18107 18107 D wpa_supplicant: RTM_NEWLINK: ifi_index=54 ifname=p2p0 operstate=2 linkmode=1 ifi_family=0 ifi_flags=0x1003 ([UP])
01-22 06:52:00.633 18107 18107 D wpa_supplicant: RTM_NEWLINK: ifi_index=53 ifname=wlan0 operstate=0 linkmode=0 ifi_family=0 ifi_flags=0x1043 ([UP][RUNNING])
01-22 06:52:00.633 18107 18107 D wpa_supplicant: RTM_NEWLINK: ifi_index=53 ifname=wlan0 operstate=5 linkmode=0 ifi_family=0 ifi_flags=0x1003 ([UP])
01-22 06:52:00.633 18107 18107 D wpa_supplicant: RTM_NEWLINK: ifi_index=53 ifname=wlan0 operstate=5 linkmode=1 ifi_family=0 ifi_flags=0x1003 ([UP])
01-22 06:52:00.634  2910  3669 I android_os_HwBinder: HwBinder: Starting thread pool for default::android.hardware.wifi.supplicant@1.0::ISupplicant
01-22 06:52:00.635  2910  3669 I SupplicantStaIfaceHal: Completed initialization of ISupplicant.
01-22 06:52:00.640  2587  2587 I WifiHAL : Initializing wifi
01-22 06:52:00.640  2587  2587 I WifiHAL : Creating socket
01-22 06:52:00.641  2587  2587 I WifiHAL : Initialized Wifi HAL Successfully; vendor cmd = 103
01-22 06:52:00.641  2587  2587 I android.hardware.wifi@1.0-service: Adding interface handle for wlan0
01-22 06:52:00.641  2587  2587 I android.hardware.wifi@1.0-service: Adding interface handle for p2p0
01-22 06:52:00.641  2587  2587 E android.hardware.wifi@1.0-service: Failed to register radio mode change callback
01-22 06:52:00.641  2587  2587 I android.hardware.wifi@1.0-service: Configured chip in mode 0
01-22 06:52:00.642  2587  2587 E android.hardware.wifi@1.0-service: Failed to set DFS flag; DFS channels may be unavailable.
01-22 06:52:00.652  2910  3310 D WificondControl: Setting up interface for client mode
01-22 06:52:00.654  2662  2662 I wificond: create scanner for interface with index: 53
01-22 06:52:00.654  2662  2662 I wificond: subscribe scan result for interface with index: 53
01-22 06:52:00.655  2203  2203 W hwservicemanager: getTransport: Cannot find entry android.hardware.wifi.offload@1.0::IOffload/default in either framework or device manifest.
01-22 06:52:00.656  2662  2662 E wificond: No Offload Service available
01-22 06:52:00.656  2662  2662 I wificond: Offload HAL not supported 
01-22 06:52:00.657  2910  3310 E SupplicantStaIfaceHal: Can't call setupIface, ISupplicantStaIface is null
01-22 06:52:00.659  2910  3310 I android_os_HwBinder: HwBinder: Starting thread pool for default::android.hardware.wifi.supplicant@1.0::ISupplicant
01-22 06:52:00.662  2910  3310 I chatty  : uid=1000(system) WifiStateMachin identical 1 line
01-22 06:52:00.665  2910  3310 I android_os_HwBinder: HwBinder: Starting thread pool for default::android.hardware.wifi.supplicant@1.0::ISupplicant
01-22 06:52:00.668  2910  3310 I WifiNative: Interface state changed on Iface:{Name=wlan0,Id=21,Type=STA}, isUp=true
01-22 06:52:00.669  2469  2524 D CommandListener: Clearing all IP addresses on wlan0
01-22 06:52:00.672  2910  3310 I WifiNative: Successfully setup Iface:{Name=wlan0,Id=21,Type=STA}
01-22 06:52:00.672  2910  3310 D WifiClientModeManager: sending scan available broadcast: false
01-22 06:52:00.672  2910  3309 W system_server: Long monitor contention with owner WifiStateMachine (3310) at java.lang.String com.android.server.wifi.WifiNative.setupInterfaceForClientMode(boolean, com.android.server.wifi.WifiNative$InterfaceCallback)(WifiNative.java:849) waiters=0 in java.lang.String com.android.server.wifi.WifiNative.getClientInterfaceName() for 1.283s
01-22 06:52:00.674  2910  3310 D WifiClientModeManager: entering StartedState
01-22 06:52:00.674  2910  3312 I WifiScanningService: wifi driver unloaded
01-22 06:52:00.675  2910  3310 D WifiClientModeManager: Wifi is ready to use for client mode
01-22 06:52:00.675  2910  3310 D WifiClientModeManager: sending scan available broadcast: true
01-22 06:52:00.677  2910  3310 D WifiStateMachinePrime: State changed from client mode. state = 3
01-22 06:52:00.677  2910  3310 D WifiStateMachinePrime: client mode active
01-22 06:52:00.678  2910  3312 E WifiVendorHal: getBgScanCapabilities(l.671) failed {.code = ERROR_NOT_AVAILABLE, .description = }
01-22 06:52:00.679  2910  3310 D WifiStateMachine: entering ConnectModeState: ifaceName = wlan0
01-22 06:52:00.679  2910  3310 D WifiStateMachine: setupClientMode() ifacename = wlan0
01-22 06:52:00.681  2910  2910 D WifiP2pService: Wifi enabled=true, P2P Interface availability=true, Number of clients=0
01-22 06:52:00.681  2910  2910 D WifiP2pService: Wifi enabled=true, P2P Interface availability=true
01-22 06:52:00.683  2910  3057 W BroadcastQueue: Background execution not allowed: receiving Intent { act=android.net.wifi.WIFI_STATE_CHANGED flg=0x4000010 (has extras) } to com.cvte.tv.ucservice/.receiver.NetworkReceiver
01-22 06:52:00.684  2910  3057 W BroadcastQueue: Background execution not allowed: receiving Intent { act=android.net.wifi.WIFI_STATE_CHANGED flg=0x4000010 (has extras) } to com.jrm.localmm/.util.NetworkStatusChangeReceiver
01-22 06:52:00.686  2910  3310 D WifiConfigManager: Legacy store files not found. No migration needed!
01-22 06:52:00.688  2469  2524 D CommandListener: Clearing all IP addresses on wlan0
01-22 06:52:00.694  2910  3312 I WifiScanningService: wifi driver loaded with scan capabilities: max buckets=16
01-22 06:52:00.696  2910  2910 D wifi    : SuspendThread --> WiFi enabled
01-22 06:52:00.696  2910  3310 D WifiStateMachine: Setting OUI to DA-A1-19
01-22 06:52:00.697  2910  2910 D wifi    : unregisterReceiver when WiFi enabled
01-22 06:52:00.697  2587  2587 D WifiHAL : Sending mac address OUI
01-22 06:52:00.697  2587  2587 E WifiHAL : failed to set scanning mac OUI; result = -95
01-22 06:52:00.698  2910  3310 E WifiVendorHal: setScanningMacOui(l.1688) failed {.code = ERROR_NOT_AVAILABLE, .description = }
01-22 06:52:00.698  2587  2587 E WifiHAL : Failed to register debug response; result = -95
01-22 06:52:00.698  2587  2587 E android.hardware.wifi@1.0-service: Failed to get driver version: SUCCESS
01-22 06:52:00.699  2910  3310 E WifiVendorHal: requestChipDebugInfo(l.1960) failed {.code = ERROR_NOT_AVAILABLE, .description = failed to get driver version}
01-22 06:52:00.699  2910  3310 I WifiVendorHal: Driver: null Firmware: null
01-22 06:52:00.699  2587  2587 E WifiHAL : Failed to register debug response; result = -95
01-22 06:52:00.700  2910  3310 E WifiVendorHal: requestChipDebugInfo(l.1960) failed {.code = ERROR_NOT_AVAILABLE, .description = failed to get driver version}
01-22 06:52:00.700  2910  3310 I WifiVendorHal: Driver: null Firmware: null
01-22 06:52:00.701  2587  2587 E WifiHAL : Failed to register debug response; result = -95
01-22 06:52:00.702  2910  3310 E WifiVendorHal: getRingBufferStatus(l.2037) failed {.code = ERROR_NOT_AVAILABLE, .description = }
01-22 06:52:00.702  2910  3310 W WifiDiags: no ring buffers found
01-22 06:52:00.702  2587  2587 D WifiHAL : Start get packet fate command
01-22 06:52:00.702  2587  2587 D WifiHAL : createRequest Monitor packet fate request
01-22 06:52:00.702  2587  2587 E WifiHAL : Failed to register get pkt fate response; result = -95
01-22 06:52:00.703  2910  3310 E WifiVendorHal: startPktFateMonitoring(l.2125) failed {.code = ERROR_NOT_AVAILABLE, .description = }
01-22 06:52:00.703  2910  3310 W WifiDiags: Failed to start packet fate monitoring
01-22 06:52:00.704  3744  3744 E ProviderDownloader: queryPluginUpdate error
01-22 06:52:00.700  2587  2587 E android.hardware.wifi@1.0-service: Failed to get driver version: SUCCESS
01-22 06:52:00.708  2910  3313 E WifiP2pService: Unhandled message { when=0 what=131203 target=com.android.internal.util.StateMachine$SmHandler }
01-22 06:52:00.710  2910  3310 D WakeupController: reset()
01-22 06:52:00.711  2910  3310 E WifiVendorHal: getSupportedFeatureSet(l.1131) failed {.code = ERROR_NOT_AVAILABLE, .description = }
01-22 06:52:00.712  2910  3310 E WifiVendorHal: getSupportedFeatureSet(l.1138) failed {.code = ERROR_NOT_AVAILABLE, .description = }
01-22 06:52:00.717  2910  3310 D WifiConnectivityHelper: Firmware supported feature set: 19
01-22 06:52:00.717  2910  3310 D WifiConnectivityHelper: Firmware roaming is not supported
01-22 06:52:00.717  2910  3310 I WifiStateMachine: disconnectedstate enter
01-22 06:52:00.718  2910  3313 E WifiP2pService: Unhandled message { when=0 what=131203 target=com.android.internal.util.StateMachine$SmHandler }
01-22 06:52:00.718  2910  3310 I AlarmManager: Setting Wakeup Alarm type[2] sPackageName is null @1573847 and next wakeup alarm is @Wed Jan 22 07:00:00 GMT 2020
01-22 06:52:00.725  2910  3310 E WifiVendorHal: getSupportedFeatureSet(l.1131) failed {.code = ERROR_NOT_AVAILABLE, .description = }
01-22 06:52:00.726  2910  3310 E WifiVendorHal: getSupportedFeatureSet(l.1138) failed {.code = ERROR_NOT_AVAILABLE, .description = }
01-22 06:52:00.730  2910  3062 E BatteryExternalStatsWorker: no controller energy info supplied for wifi
01-22 06:52:00.732  2910  3310 E WifiVendorHal: getWifiLinkLayerStats(l.937) failed {.code = ERROR_NOT_AVAILABLE, .description = }
01-22 06:52:00.734  2910  3310 I AlarmManager: Setting Wakeup Alarm type[2] sPackageName is null @393862 and next wakeup alarm is @Wed Jan 22 07:00:00 GMT 2020
01-22 06:52:00.734  2910  3312 D WifiScanningService: tryToStartNewScan
01-22 06:52:00.735  2910  3310 W AlarmManager: Unrecognized alarm listener com.android.server.wifi.WifiConfigStore$1@52b4668
01-22 06:52:00.745  2910  3312 I AlarmManager: Setting Wakeup Alarm type[2] sPackageName is null @388873 and next wakeup alarm is @Wed Jan 22 06:59:59 GMT 2020
01-22 06:52:00.747  2694  2694 D MTK_KL  : 4,33264,360176589,-;Process wificond granted CAP_NET_ADMIN from Android group net_admin.
01-22 06:52:00.747  2694  2694 D MTK_KL  : 4,33265,360176598,-;  Please update the .rc file to explictly set 'capabilities NET_ADMIN'
01-22 06:52:00.747  2694  2694 D MTK_KL  : 4,33266,360176605,-;  Implicit grants are deprecated and will be removed in the future.
01-22 06:52:00.747  2694  2694 D MTK_KL  : 4,33267,360176633,-;Process wificond granted CAP_NET_ADMIN from Android group net_admin.
01-22 06:52:00.747  2694  2694 D MTK_KL  : 4,33268,360176639,-;  Please update the .rc file to explictly set 'capabilities NET_ADMIN'
01-22 06:52:00.747  2694  2694 D MTK_KL  : 4,33269,360176646,-;  Implicit grants are deprecated and will be removed in the future.
01-22 06:52:00.747  2694  2694 D MTK_KL  : 3,33270,360176687,-;atbm_hw_scan:if_id(0)
01-22 06:52:00.747  2694  2694 D MTK_KL  : 3,33271,360176904,-;atbm_hw_scan:scan, delay suspend v12
01-22 06:52:00.747  2910  3310 D WifiConfigStore: Writing to stores completed in 12 ms.
01-22 06:52:00.752  2910  3310 E WifiVendorHal: getSupportedFeatureSet(l.1131) failed {.code = ERROR_NOT_AVAILABLE, .description = }
01-22 06:52:00.753  2910  3310 E WifiVendorHal: getSupportedFeatureSet(l.1138) failed {.code = ERROR_NOT_AVAILABLE, .description = }
01-22 06:52:00.757  2910  3062 E BatteryExternalStatsWorker: no controller energy info supplied for wifi
01-22 06:52:00.767  4039 18062 I TimeMeasurementAgent: Start ping count = 2
01-22 06:52:00.767  4039 18062 I TimeMeasurementAgent: pingCommand = ping -w 3000 8.8.8.8
01-22 06:52:00.797  2910  2910 E SuspendThread: mHandler dispatchMessage MSG_DONE.
01-22 06:52:00.890 18143 18143 F DEBUG   : 
01-22 06:52:00.890 18143 18143 F DEBUG   : backtrace:
01-22 06:52:00.890 18143 18143 F DEBUG   :     #00 pc 0001cd82  /system/lib/libc.so (abort+62)
01-22 06:52:00.890 18143 18143 F DEBUG   :     #01 pc 00355def  /system/lib/libart.so (art::Runtime::Abort(char const*)+798)
01-22 06:52:00.890 18143 18143 F DEBUG   :     #02 pc 000071c7  /system/lib/libbase.so (android::base::LogMessage::~LogMessage()+502)
01-22 06:52:00.890 18143 18143 F DEBUG   :     #03 pc 0037bae3  /system/lib/libart.so (art::Thread::AssertNoPendingException() const+854)
01-22 06:52:00.890 18143 18143 F DEBUG   :     #04 pc 000dd245  /system/lib/libart.so (art::ClassLinker::FindClass(art::Thread*, char const*, art::Handle<art::mirror::ClassLoader>)+28)
01-22 06:52:00.890 18143 18143 F DEBUG   :     #05 pc 00265f4b  /system/lib/libart.so (art::JNI::FindClass(_JNIEnv*, char const*)+1018)
01-22 06:52:00.890 18143 18143 F DEBUG   :     #06 pc 00023b79  /vendor/lib/libcom_mediatek_twoworlds_tv_jni.so (jni_callback_class+140)
01-22 06:52:00.890 18143 18143 F DEBUG   :     #07 pc 00023baf  /vendor/lib/libcom_mediatek_twoworlds_tv_jni.so (init_jni_single_def+26)
01-22 06:52:00.890 18143 18143 F DEBUG   :     #08 pc 00023ad5  /vendor/lib/libcom_mediatek_twoworlds_tv_jni.so (jni_class_util_init+44)
01-22 06:52:00.891 18143 18143 F DEBUG   :     #09 pc 000239c7  /vendor/lib/libcom_mediatek_twoworlds_tv_jni.so (JNI_OnLoad+106)
01-22 06:52:00.891 18143 18143 F DEBUG   :     #10 pc 00237c19  /system/lib/libart.so (art::JavaVMExt::LoadNativeLibrary(_JNIEnv*, std::__1::basic_string<char, std::__1::char_traits<char>, std::__1::allocator<char>> const&, _jobject*, std::__1::basic_string<char, std::__1::char_traits<char>, std::__1::allocator<char>>*)+2484)
01-22 06:52:00.891 18143 18143 F DEBUG   :     #11 pc 00002f73  /system/lib/libopenjdkjvm.so (JVM_NativeLoad+230)
01-22 06:52:00.891 18143 18143 F DEBUG   :     #12 pc 0010c6bb  /system/framework/arm/boot-core-oj.oat (offset 0x10c000) (java.lang.Runtime.nativeLoad [DEDUPED]+130)
01-22 06:52:00.891 18143 18143 F DEBUG   :     #13 pc 0016702b  /system/framework/arm/boot-core-oj.oat (offset 0x10c000) (java.lang.Runtime.loadLibrary0+146)
01-22 06:52:00.891 18143 18143 F DEBUG   :     #14 pc 0016b8ef  /system/framework/arm/boot-core-oj.oat (offset 0x10c000) (java.lang.System.loadLibrary+86)
01-22 06:52:00.891 18143 18143 F DEBUG   :     #15 pc 00416b75  /system/lib/libart.so (art_quick_invoke_stub_internal+68)
01-22 06:52:00.891 18143 18143 F DEBUG   :     #16 pc 003f0397  /system/lib/libart.so (art_quick_invoke_static_stub+222)
01-22 06:52:00.891 18143 18143 F DEBUG   :     #17 pc 000a103b  /system/lib/libart.so (art::ArtMethod::Invoke(art::Thread*, unsigned int*, unsigned int, art::JValue*, char const*)+154)
01-22 06:52:00.891 18143 18143 F DEBUG   :     #18 pc 001e83bd  /system/lib/libart.so (art::interpreter::ArtInterpreterToCompiledCodeBridge(art::Thread*, art::ArtMethod*, art::ShadowFrame*, unsigned short, art::JValue*)+232)
01-22 06:52:00.891 18143 18143 F DEBUG   :     #19 pc 001e309d  /system/lib/libart.so (bool art::interpreter::DoCall<false, false>(art::ArtMethod*, art::Thread*, art::ShadowFrame&, art::Instruction const*, unsigned short, art::JValue*)+776)
01-22 06:52:00.891 18143 18143 F DEBUG   :     #20 pc 003ebe93  /system/lib/libart.so (MterpInvokeStatic+130)
01-22 06:52:00.891 18143 18143 F DEBUG   :     #21 pc 00409b14  /system/lib/libart.so (ExecuteMterpImpl+14612)
01-22 06:52:00.891 18143 18143 F DEBUG   :     #22 pc 001a26b2  /system/priv-app/LiveTV/LiveTV.apk (offset 0x7ce000) (com.mediatek.twoworlds.tv.TVNative.<clinit>+18)
01-22 06:52:00.891 18143 18143 F DEBUG   :     #23 pc 001c7a15  /system/lib/libart.so (_ZN3art11interpreterL7ExecuteEPNS_6ThreadERKNS_20CodeItemDataAccessorERNS_11ShadowFrameENS_6JValueEb.llvm.3885687342+352)
01-22 06:52:00.891 18143 18143 F DEBUG   :     #24 pc 001cc22f  /system/lib/libart.so (art::interpreter::EnterInterpreterFromEntryPoint(art::Thread*, art::CodeItemDataAccessor const&, art::ShadowFrame*)+82)
01-22 06:52:00.891 18143 18143 F DEBUG   :     #25 pc 003de6fb  /system/lib/libart.so (artQuickToInterpreterBridge+890)
01-22 06:52:00.891 18143 18143 F DEBUG   :     #26 pc 0041b0ff  /system/lib/libart.so (art_quick_to_interpreter_bridge+30)
01-22 06:52:00.891 18143 18143 F DEBUG   :     #27 pc 00416b75  /system/lib/libart.so (art_quick_invoke_stub_internal+68)
01-22 06:52:00.892 18143 18143 F DEBUG   :     #28 pc 003f0397  /system/lib/libart.so (art_quick_invoke_static_stub+222)
01-22 06:52:00.892 18143 18143 F DEBUG   :     #29 pc 000a103b  /system/lib/libart.so (art::ArtMethod::Invoke(art::Thread*, unsigned int*, unsigned int, art::JValue*, char const*)+154)
01-22 06:52:00.892 18143 18143 F DEBUG   :     #30 pc 000e6233  /system/lib/libart.so (art::ClassLinker::InitializeClass(art::Thread*, art::Handle<art::mirror::Class>, bool, bool)+1526)
01-22 06:52:00.892 18143 18143 F DEBUG   :     #31 pc 000d6181  /system/lib/libart.so (art::ClassLinker::EnsureInitialized(art::Thread*, art::Handle<art::mirror::Class>, bool, bool)+132)
01-22 06:52:00.892 18143 18143 F DEBUG   :     #32 pc 001e841f  /system/lib/libart.so (art::interpreter::ArtInterpreterToCompiledCodeBridge(art::Thread*, art::ArtMethod*, art::ShadowFrame*, unsigned short, art::JValue*)+330)
01-22 06:52:00.892 18143 18143 F DEBUG   :     #33 pc 001e309d  /system/lib/libart.so (bool art::interpreter::DoCall<false, false>(art::ArtMethod*, art::Thread*, art::ShadowFrame&, art::Instruction const*, unsigned short, art::JValue*)+776)
01-22 06:52:00.892 18143 18143 F DEBUG   :     #34 pc 003ebe93  /system/lib/libart.so (MterpInvokeStatic+130)
01-22 06:52:00.892 18143 18143 F DEBUG   :     #35 pc 00409b14  /system/lib/libart.so (ExecuteMterpImpl+14612)
01-22 06:52:00.892 18143 18143 F DEBUG   :     #36 pc 0019c046  /system/priv-app/LiveTV/LiveTV.apk (offset 0x7ce000) (com.mediatek.twoworlds.tv.TVNativeWrapper.getConfigValue_native+30)
01-22 06:52:00.892 18143 18143 F DEBUG   :     #37 pc 001c7a15  /system/lib/libart.so (_ZN3art11interpreterL7ExecuteEPNS_6ThreadERKNS_20CodeItemDataAccessorERNS_11ShadowFrameENS_6JValueEb.llvm.3885687342+352)
01-22 06:52:00.892 18143 18143 F DEBUG   :     #38 pc 001cc2e3  /system/lib/libart.so (art::interpreter::ArtInterpreterToInterpreterBridge(art::Thread*, art::CodeItemDataAccessor const&, art::ShadowFrame*, art::JValue*)+146)
01-22 06:52:00.892 18143 18143 F DEBUG   :     #39 pc 001e3087  /system/lib/libart.so (bool art::interpreter::DoCall<false, false>(art::ArtMethod*, art::Thread*, art::ShadowFrame&, art::Instruction const*, unsigned short, art::JValue*)+754)
01-22 06:52:00.892 18143 18143 F DEBUG   :     #40 pc 003ebe93  /system/lib/libart.so (MterpInvokeStatic+130)
01-22 06:52:00.892 18143 18143 F DEBUG   :     #41 pc 00409b14  /system/lib/libart.so (ExecuteMterpImpl+14612)
01-22 06:52:00.892 18143 18143 F DEBUG   :     #42 pc 001756b6  /system/priv-app/LiveTV/LiveTV.apk (offset 0x7ce000) (com.mediatek.twoworlds.tv.MtkTvConfigBase.getConfigValue+2)
01-22 06:52:00.892 18143 18143 F DEBUG   :     #43 pc 001c7a15  /system/lib/libart.so (_ZN3art11interpreterL7ExecuteEPNS_6ThreadERKNS_20CodeItemDataAccessorERNS_11ShadowFrameENS_6JValueEb.llvm.3885687342+352)
01-22 06:52:00.892 18143 18143 F DEBUG   :     #44 pc 001cc2e3  /system/lib/libart.so (art::interpreter::ArtInterpreterToInterpreterBridge(art::Thread*, art::CodeItemDataAccessor const&, art::ShadowFrame*, art::JValue*)+146)
01-22 06:52:00.892 18143 18143 F DEBUG   :     #45 pc 001e3087  /system/lib/libart.so (bool art::interpreter::DoCall<false, false>(art::ArtMethod*, art::Thread*, art::ShadowFrame&, art::Instruction const*, unsigned short, art::JValue*)+754)
01-22 06:52:00.892 18143 18143 F DEBUG   :     #46 pc 003eaeb7  /system/lib/libart.so (MterpInvokeVirtual+442)
01-22 06:52:00.892 18143 18143 F DEBUG   :     #47 pc 00409994  /system/lib/libart.so (ExecuteMterpImpl+14228)
01-22 06:52:00.893 18143 18143 F DEBUG   :     #48 pc 001756d2  /system/priv-app/LiveTV/LiveTV.apk (offset 0x7ce000) (com.mediatek.twoworlds.tv.MtkTvConfigBase.getConfigValue+2)
01-22 06:52:00.893 18143 18143 F DEBUG   :     #49 pc 001c7a15  /system/lib/libart.so (_ZN3art11interpreterL7ExecuteEPNS_6ThreadERKNS_20CodeItemDataAccessorERNS_11ShadowFrameENS_6JValueEb.llvm.3885687342+352)
01-22 06:52:00.893 18143 18143 F DEBUG   :     #50 pc 001cc2e3  /system/lib/libart.so (art::interpreter::ArtInterpreterToInterpreterBridge(art::Thread*, art::CodeItemDataAccessor const&, art::ShadowFrame*, art::JValue*)+146)
01-22 06:52:00.893 18143 18143 F DEBUG   :     #51 pc 001e3087  /system/lib/libart.so (bool art::interpreter::DoCall<false, false>(art::ArtMethod*, art::Thread*, art::ShadowFrame&, art::Instruction const*, unsigned short, art::JValue*)+754)
01-22 06:52:00.893 18143 18143 F DEBUG   :     #52 pc 003eaeb7  /system/lib/libart.so (MterpInvokeVirtual+442)
01-22 06:52:00.893 18143 18143 F DEBUG   :     #53 pc 00409994  /system/lib/libart.so (ExecuteMterpImpl+14228)
01-22 06:52:00.893 18143 18143 F DEBUG   :     #54 pc 00175b24  /system/priv-app/LiveTV/LiveTV.apk (offset 0x7ce000) (com.mediatek.twoworlds.tv.MtkTvConfigBase.getCountry+4)
01-22 06:52:00.893 18143 18143 F DEBUG   :     #55 pc 001c7a15  /system/lib/libart.so (_ZN3art11interpreterL7ExecuteEPNS_6ThreadERKNS_20CodeItemDataAccessorERNS_11ShadowFrameENS_6JValueEb.llvm.3885687342+352)
01-22 06:52:00.893 18143 18143 F DEBUG   :     #56 pc 001cc2e3  /system/lib/libart.so (art::interpreter::ArtInterpreterToInterpreterBridge(art::Thread*, art::CodeItemDataAccessor const&, art::ShadowFrame*, art::JValue*)+146)
01-22 06:52:00.893 18143 18143 F DEBUG   :     #57 pc 001e3087  /system/lib/libart.so (bool art::interpreter::DoCall<false, false>(art::ArtMethod*, art::Thread*, art::ShadowFrame&, art::Instruction const*, unsigned short, art::JValue*)+754)
01-22 06:52:00.893 18143 18143 F DEBUG   :     #58 pc 003eaeb7  /system/lib/libart.so (MterpInvokeVirtual+442)
01-22 06:52:00.893 18143 18143 F DEBUG   :     #59 pc 00409994  /system/lib/libart.so (ExecuteMterpImpl+14228)
01-22 06:52:00.893 18143 18143 F DEBUG   :     #60 pc 00102d74  /system/priv-app/LiveTV/LiveTV.apk (offset 0xaec000) (com.mediatek.wwtv.tvcenter.util.CommonIntegration.initRatingSystem+8)
01-22 06:52:00.893 18143 18143 F DEBUG   :     #61 pc 001c7a15  /system/lib/libart.so (_ZN3art11interpreterL7ExecuteEPNS_6ThreadERKNS_20CodeItemDataAccessorERNS_11ShadowFrameENS_6JValueEb.llvm.3885687342+352)
01-22 06:52:00.893 18143 18143 F DEBUG   :     #62 pc 001cc2e3  /system/lib/libart.so (art::interpreter::ArtInterpreterToInterpreterBridge(art::Thread*, art::CodeItemDataAccessor const&, art::ShadowFrame*, art::JValue*)+146)
01-22 06:52:00.893 18143 18143 F DEBUG   :     #63 pc 001e3087  /system/lib/libart.so (bool art::interpreter::DoCall<false, false>(art::ArtMethod*, art::Thread*, art::ShadowFrame&, art::Instruction const*, unsigned short, art::JValue*)+754)
01-22 06:52:00.893 18143 18143 F DEBUG   :     #64 pc 003ebd49  /system/lib/libart.so (MterpInvokeDirect+196)
01-22 06:52:00.893 18143 18143 F DEBUG   :     #65 pc 00409a94  /system/lib/libart.so (ExecuteMterpImpl+14484)
01-22 06:52:00.893 18143 18143 F DEBUG   :     #66 pc 00102b64  /system/priv-app/LiveTV/LiveTV.apk (offset 0xaec000) (com.mediatek.wwtv.tvcenter.util.CommonIntegration.<init>+168)
01-22 06:52:00.893 18143 18143 F DEBUG   :     #67 pc 001c7a15  /system/lib/libart.so (_ZN3art11interpreterL7ExecuteEPNS_6ThreadERKNS_20CodeItemDataAccessorERNS_11ShadowFrameENS_6JValueEb.llvm.3885687342+352)
01-22 06:52:00.894 18143 18143 F DEBUG   :     #68 pc 001cc2e3  /system/lib/libart.so (art::interpreter::ArtInterpreterToInterpreterBridge(art::Thread*, art::CodeItemDataAccessor const&, art::ShadowFrame*, art::JValue*)+146)
01-22 06:52:00.894 18143 18143 F DEBUG   :     #69 pc 001e3087  /system/lib/libart.so (bool art::interpreter::DoCall<false, false>(art::ArtMethod*, art::Thread*, art::ShadowFrame&, art::Instruction const*, unsigned short, art::JValue*)+754)
01-22 06:52:00.894 18143 18143 F DEBUG   :     #70 pc 003ebd49  /system/lib/libart.so (MterpInvokeDirect+196)
01-22 06:52:00.894 18143 18143 F DEBUG   :     #71 pc 00409a94  /system/lib/libart.so (ExecuteMterpImpl+14484)
01-22 06:52:00.894 18143 18143 F DEBUG   :     #72 pc 000fe9c4  /system/priv-app/LiveTV/LiveTV.apk (offset 0xaec000) (com.mediatek.wwtv.tvcenter.util.CommonIntegration.getInstance+12)
01-22 06:52:00.894 18143 18143 F DEBUG   :     #73 pc 001c7a15  /system/lib/libart.so (_ZN3art11interpreterL7ExecuteEPNS_6ThreadERKNS_20CodeItemDataAccessorERNS_11ShadowFrameENS_6JValueEb.llvm.3885687342+352)
01-22 06:52:00.894 18143 18143 F DEBUG   :     #74 pc 001cc22f  /system/lib/libart.so (art::interpreter::EnterInterpreterFromEntryPoint(art::Thread*, art::CodeItemDataAccessor const&, art::ShadowFrame*)+82)
01-22 06:52:00.894 18143 18143 F DEBUG   :     #75 pc 003de6fb  /system/lib/libart.so (artQuickToInterpreterBridge+890)
01-22 06:52:00.894 18143 18143 F DEBUG   :     #76 pc 0041b0ff  /system/lib/libart.so (art_quick_to_interpreter_bridge+30)
01-22 06:52:00.894 18143 18143 F DEBUG   :     #77 pc 00416b75  /system/lib/libart.so (art_quick_invoke_stub_internal+68)
01-22 06:52:00.894 18143 18143 F DEBUG   :     #78 pc 003f0397  /system/lib/libart.so (art_quick_invoke_static_stub+222)
01-22 06:52:00.894 18143 18143 F DEBUG   :     #79 pc 000a103b  /system/lib/libart.so (art::ArtMethod::Invoke(art::Thread*, unsigned int*, unsigned int, art::JValue*, char const*)+154)
01-22 06:52:00.894 18143 18143 F DEBUG   :     #80 pc 001e83bd  /system/lib/libart.so (art::interpreter::ArtInterpreterToCompiledCodeBridge(art::Thread*, art::ArtMethod*, art::ShadowFrame*, unsigned short, art::JValue*)+232)
01-22 06:52:00.894 18143 18143 F DEBUG   :     #81 pc 001e309d  /system/lib/libart.so (bool art::interpreter::DoCall<false, false>(art::ArtMethod*, art::Thread*, art::ShadowFrame&, art::Instruction const*, unsigned short, art::JValue*)+776)
01-22 06:52:00.894 18143 18143 F DEBUG   :     #82 pc 003ebe93  /system/lib/libart.so (MterpInvokeStatic+130)
01-22 06:52:00.894 18143 18143 F DEBUG   :     #83 pc 00409b14  /system/lib/libart.so (ExecuteMterpImpl+14612)
01-22 06:52:00.894 18143 18143 F DEBUG   :     #84 pc 0010558c  /system/priv-app/LiveTV/LiveTV.apk (offset 0xaec000) (com.mediatek.wwtv.tvcenter.util.DestroyApp.getCommonIntegration+8)
01-22 06:52:00.894 18143 18143 F DEBUG   :     #85 pc 001c7a15  /system/lib/libart.so (_ZN3art11interpreterL7ExecuteEPNS_6ThreadERKNS_20CodeItemDataAccessorERNS_11ShadowFrameENS_6JValueEb.llvm.3885687342+352)
01-22 06:52:00.894 18143 18143 F DEBUG   :     #86 pc 001cc2e3  /system/lib/libart.so (art::interpreter::ArtInterpreterToInterpreterBridge(art::Thread*, art::CodeItemDataAccessor const&, art::ShadowFrame*, art::JValue*)+146)
01-22 06:52:00.894 18143 18143 F DEBUG   :     #87 pc 001e3087  /system/lib/libart.so (bool art::interpreter::DoCall<false, false>(art::ArtMethod*, art::Thread*, art::ShadowFrame&, art::Instruction const*, unsigned short, art::JValue*)+754)
01-22 06:52:00.894 18143 18143 F DEBUG   :     #88 pc 003eaeb7  /system/lib/libart.so (MterpInvokeVirtual+442)
01-22 06:52:00.895 18143 18143 F DEBUG   :     #89 pc 00409994  /system/lib/libart.so (ExecuteMterpImpl+14228)
01-22 06:52:00.895 18143 18143 F DEBUG   :     #90 pc 00105906  /system/priv-app/LiveTV/LiveTV.apk (offset 0xaec000) (com.mediatek.wwtv.tvcenter.util.DestroyApp.onCreate+22)
01-22 06:52:00.895 18143 18143 F DEBUG   :     #91 pc 001c7a15  /system/lib/libart.so (_ZN3art11interpreterL7ExecuteEPNS_6ThreadERKNS_20CodeItemDataAccessorERNS_11ShadowFrameENS_6JValueEb.llvm.3885687342+352)
01-22 06:52:00.895 18143 18143 F DEBUG   :     #92 pc 001cc22f  /system/lib/libart.so (art::interpreter::EnterInterpreterFromEntryPoint(art::Thread*, art::CodeItemDataAccessor const&, art::ShadowFrame*)+82)
01-22 06:52:00.895 18143 18143 F DEBUG   :     #93 pc 003de6fb  /system/lib/libart.so (artQuickToInterpreterBridge+890)
01-22 06:52:00.895 18143 18143 F DEBUG   :     #94 pc 0041b0ff  /system/lib/libart.so (art_quick_to_interpreter_bridge+30)
01-22 06:52:00.895 18143 18143 F DEBUG   :     #95 pc 0067b9c9  /system/framework/arm/boot-framework.oat (offset 0x3ac000) (android.app.Instrumentation.callApplicationOnCreate+40)
01-22 06:52:00.895 18143 18143 F DEBUG   :     #96 pc 0075b72b  /system/framework/arm/boot-framework.oat (offset 0x3ac000) (android.app.ActivityThread.handleBindApplication+6626)
01-22 06:52:00.895 18143 18143 F DEBUG   :     #97 pc 0075768d  /system/framework/arm/boot-framework.oat (offset 0x3ac000) (android.app.ActivityThread$H.handleMessage+5788)
01-22 06:52:00.895 18143 18143 F DEBUG   :     #98 pc 0090f539  /system/framework/arm/boot-framework.oat (offset 0x3ac000) (android.os.Handler.dispatchMessage+136)
01-22 06:52:00.895 18143 18143 F DEBUG   :     #99 pc 00911c33  /system/framework/arm/boot-framework.oat (offset 0x3ac000) (android.os.Looper.loop+1162)
01-22 06:52:00.895 18143 18143 F DEBUG   :     #100 pc 00760923  /system/framework/arm/boot-framework.oat (offset 0x3ac000) (android.app.ActivityThread.main+674)
01-22 06:52:00.895 18143 18143 F DEBUG   :     #101 pc 00416b75  /system/lib/libart.so (art_quick_invoke_stub_internal+68)
01-22 06:52:00.895 18143 18143 F DEBUG   :     #102 pc 003f0397  /system/lib/libart.so (art_quick_invoke_static_stub+222)
01-22 06:52:00.895 18143 18143 F DEBUG   :     #103 pc 000a103b  /system/lib/libart.so (art::ArtMethod::Invoke(art::Thread*, unsigned int*, unsigned int, art::JValue*, char const*)+154)
01-22 06:52:00.895 18143 18143 F DEBUG   :     #104 pc 0034f9dd  /system/lib/libart.so (art::(anonymous namespace)::InvokeWithArgArray(art::ScopedObjectAccessAlreadyRunnable const&, art::ArtMethod*, art::(anonymous namespace)::ArgArray*, art::JValue*, char const*)+52)
01-22 06:52:00.895 18143 18143 F DEBUG   :     #105 pc 00350e25  /system/lib/libart.so (art::InvokeMethod(art::ScopedObjectAccessAlreadyRunnable const&, _jobject*, _jobject*, _jobject*, unsigned int)+960)
01-22 06:52:00.895 18143 18143 F DEBUG   :     #106 pc 00301b41  /system/lib/libart.so (art::Method_invoke(_JNIEnv*, _jobject*, _jobject*, _jobjectArray*)+40)
01-22 06:52:00.895 18143 18143 F DEBUG   :     #107 pc 001121f7  /system/framework/arm/boot-core-oj.oat (offset 0x10c000) (java.lang.Class.getDeclaredMethodInternal [DEDUPED]+110)
01-22 06:52:00.895 18143 18143 F DEBUG   :     #108 pc 00a0b49b  /system/framework/arm/boot-framework.oat (offset 0x3ac000) (com.android.internal.os.RuntimeInit$MethodAndArgsCaller.run+114)
01-22 06:52:00.895 18143 18143 F DEBUG   :     #109 pc 00a11385  /system/framework/arm/boot-framework.oat (offset 0x3ac000) (com.android.internal.os.ZygoteInit.main+2836)
01-22 06:52:00.896 18143 18143 F DEBUG   :     #110 pc 00416b75  /system/lib/libart.so (art_quick_invoke_stub_internal+68)
01-22 06:52:00.896 18143 18143 F DEBUG   :     #111 pc 003f0397  /system/lib/libart.so (art_quick_invoke_static_stub+222)
01-22 06:52:00.896 18143 18143 F DEBUG   :     #112 pc 000a103b  /system/lib/libart.so (art::ArtMethod::Invoke(art::Thread*, unsigned int*, unsigned int, art::JValue*, char const*)+154)
01-22 06:52:00.896 18143 18143 F DEBUG   :     #113 pc 0034f9dd  /system/lib/libart.so (art::(anonymous namespace)::InvokeWithArgArray(art::ScopedObjectAccessAlreadyRunnable const&, art::ArtMethod*, art::(anonymous namespace)::ArgArray*, art::JValue*, char const*)+52)
01-22 06:52:00.896 18143 18143 F DEBUG   :     #114 pc 0034f7f9  /system/lib/libart.so (art::InvokeWithVarArgs(art::ScopedObjectAccessAlreadyRunnable const&, _jobject*, _jmethodID*, std::__va_list)+304)
01-22 06:52:00.896 18143 18143 F DEBUG   :     #115 pc 0029393d  /system/lib/libart.so (art::JNI::CallStaticVoidMethodV(_JNIEnv*, _jclass*, _jmethodID*, std::__va_list)+476)
01-22 06:52:00.896 18143 18143 F DEBUG   :     #116 pc 0006ca43  /system/lib/libandroid_runtime.so (_JNIEnv::CallStaticVoidMethod(_jclass*, _jmethodID*, ...)+38)
01-22 06:52:00.896 18143 18143 F DEBUG   :     #117 pc 0006ec6f  /system/lib/libandroid_runtime.so (android::AndroidRuntime::start(char const*, android::Vector<android::String8> const&, bool)+462)
01-22 06:52:00.896 18143 18143 F DEBUG   :     #118 pc 0000198d  /system/bin/app_process32 (main+724)
01-22 06:52:00.896 18143 18143 F DEBUG   :     #119 pc 00088db5  /system/lib/libc.so (__libc_init+48)
01-22 06:52:00.896 18143 18143 F DEBUG   :     #120 pc 00001677  /system/bin/app_process32 (_start_main+46)
01-22 06:52:00.896 18143 18143 F DEBUG   :     #121 pc 00000306  <anonymous:b5d07000>
01-22 06:52:00.928 18143 18143 I crash_dump32: type=1400 audit(0.0:2401): avc: denied { read } for name="alarm.db-shm" dev="mmcblk0p33" ino=1359 scontext=u:r:crash_dump:s0 tcontext=u:object_r:system_app_data_file:s0 tclass=file permissive=1
01-22 06:52:00.935  2694  2694 D MTK_KL  : 38,33272,360365834,-;type=1400 audit(1579675920.032:2400): avc: denied { unlink } for pid=18085 comm="rm" name="status" dev="mmcblk0p33" ino=1845 scontext=u:r:tvapiservice:s0 tcontext=u:object_r:app_data_file:s0:c512,c768 tclass=file permissive=1
01-22 06:52:00.935  2694  2694 D MTK_KL  : 38,33273,360365880,-;type=1400 audit(1579675920.928:2401): avc: denied { read } for pid=18143 comm="crash_dump32" name="alarm.db-shm" dev="mmcblk0p33" ino=1359 scontext=u:r:crash_dump:s0 tcontext=u:object_r:system_app_data_file:s0 tclass=file permissive=1
