tag:
setwifie|going to|waking up|wlan0: CTRL-EVENT|SuspendThread -->|: setWifiEnabled:|setWifiOff|setWifiOn|find supported device:|-;atbm_start_load_firmware++|: max_num_sta=1|init: starting servic|Vendor Hal started successfully|!wwtv.tvcente|td:


01-22 06:51:59.176  2910  3295 I PowerManagerService: Waking up from sleep (uid=1000 reason=android.policy:POWER)...
01-22 06:51:59.177  2910  3060 W libprocessgroup: kill(-17976, 9) failed: No such process
01-22 06:51:59.179  2910  3073 I DisplayPowerController: Blocking screen on until initial contents have been drawn.
01-22 06:51:59.179  2910 18036 E SuspendThread:  run() mSuspendDown = false
01-22 06:51:59.179  2910  3062 E KernelCpuSpeedReader: Failed to read cpu-freq: /sys/devices/system/cpu/cpu0/cpufreq/stats/time_in_state (No such file or directory)
01-22 06:51:59.179  2910 18036 D SuspendThread: setWifiOrWifiApOnIfNeed isWifiNeedOn : true isWifiApNeedOn : false
01-22 06:51:59.179  2910 18036 D SuspendThread: setWifiOn()
01-22 06:51:59.191  2694  2694 D MTK_KL  : 4,32870,358620676,-;\x1b[0;32;31m [OPTEE] optee_driver_event 665 \x1b[m
01-22 06:51:59.191  2694  2694 D MTK_KL  : 4,32871,358620689,-;\x1b[0;32;31m [OPTEE 2.4] notify_unlock_smc 645 Notify TEE CPU Lock SMC\x1b[m
01-22 06:51:59.191  2694  2694 D MTK_KL  : 6,32872,358621999,-;PM: suspend exit 2020-01-22 06:51:59.189537916 UTC
01-22 06:51:59.199  2694  2694 D MTK_KL  : 6,32873,358629899,-;\x1b[m[HDCP1X] Leave HDCP1xTx_APP_Resume() function ((HDCP1xTx_APP_Resume:124))\x1b[m
01-22 06:51:59.199  2694  2694 D MTK_KL  : 6,32874,358629912,-;\x1b[m[HDCP1X] Leave HDCP1x_APP_Resume_RegCB() function ((HDCP1x_APP_Resume_RegCB:77))\x1b[m
01-22 06:51:59.203  2694  2694 D MTK_KL  : 14,32875,358633223,-;init: Untracked pid 18017 exited with status 0
01-22 06:51:59.203  2590  2755 D PowerHAL: apm_thread_func APM_NORMAL_RESUME 
01-22 06:51:59.203  2590  2755 D PowerHAL: cancel wakeup by checking
01-22 06:51:59.207  2910  2910 W UsageStatsService: Event reported without a package name
01-22 06:51:59.222  2910  3060 W libprocessgroup: kill(-17976, 9) failed: No such process
01-22 06:51:59.222  2910  3060 I libprocessgroup: Successfully killed process cgroup uid 1000 pid 17976 in 46ms
01-22 06:51:59.231  2694  2694 D MTK_KL  : 6,32876,358663012,-;[launch_boost] starts
01-22 06:51:59.283  2590  2590 D PowerHAL: E_MI_VOC_ATTR_TYPE_NOTIFY_POWER_STATE 1..
01-22 06:51:59.284  2590  2590 D PowerHAL: write off to /sys/power/autosleep
01-22 06:51:59.285  2604  2604 D SurfaceFlinger: Set power mode=2, type=0 flinger=0xb0f32000
01-22 06:51:59.286  2591  2786 D hwcomposer: HWCDisplayDevice::setPowerMode: Device[0] setPowerMode(On)
01-22 06:51:59.286  2604  2604 D SurfaceFlinger: Finished set power mode=2, type=0
01-22 06:51:59.287  2694  2694 D MTK_KL  : 7,32877,358716495,-;pm_cust: do post_autosleep work
01-22 06:51:59.287  2694  2694 D MTK_KL  : 9,32878,358716563,-;[AT][AN][DC finish boot]\x0a: 
01-22 06:51:59.287  2694  2694 D MTK_KL  : 7,32879,358716666,-;pm_cust: start post_autosleep work
01-22 06:51:59.287  2694  2694 D MTK_KL  : 4,32880,358716676,-;(yjdbg)  PDWNC_PowerStateNotify (1,0,0,0,0)
01-22 06:51:59.287  2694  2694 D MTK_KL  : 4,32881,358716694,-;(yjdbg) wait_pdwnc_queue-1
01-22 06:51:59.288  2910  2910 E SuspendThread: mHandler dispatchMessage MSG_START.
01-22 06:51:59.293  2910 18036 D WifiService: setWifiEnabled: true pid=2910, uid=1000, package=android
01-22 06:51:59.293  2910 18036 I WifiService: setWifiEnabled package=android uid=1000 enable=true
01-22 06:51:59.294  2910 18036 E SuspendThread: SuspendRunnable MSG_DONE MSG_DELAY
01-22 06:51:59.294  2910  3309 D WifiController: StaEnabledState.enter()
01-22 06:51:59.294  2910  3310 D WifiStateMachinePrime: received a message in WifiDisabledState: { when=0 what=0 target=com.android.internal.util.StateMachine$SmHandler }
01-22 06:51:59.295  2910  3310 D WifiStateMachinePrime: Switching from WifiDisabledState to ClientMode
01-22 06:51:59.295  2910  3310 D WifiStateMachinePrime: Entering ClientModeActiveState
01-22 06:51:59.295  3447 18039 W ContextImpl: Calling a method in the system process without a qualified user: android.app.ContextImpl.sendBroadcast:1005 android.content.ContextWrapper.sendBroadcast:444 com.mediatek.twoworlds.tv.TVCallback$6.run:1173 java.lang.Thread.run:764 <bottom of call stack> 
01-22 06:51:59.295  3691  3842 D tvapi   : [null::eventTvScanAtvIsScanning:22]: eventTvScanAtvIsScanning bScanning=false
01-22 06:51:59.296  3691  3842 D tvapi   : [null::eventTvScanDvbtIsScanning:22]: eventTvScanDvbtIsScanning bScanning=false
01-22 06:51:59.297  3691  3842 D tvapi   : [null::isScanning:28]: isScanning?false
01-22 06:51:59.297  3691  3842 D hotkey  : [null::isFragmentShowing:9]: isFragmentShowing fragments=null 
01-22 06:51:59.299  3691  3816 D tvapi   : [null::notifyScreenSaverMessage:56]: notifyScreenSaverMessage updateType =0argv1 =0argv2 =0argv3 =0
01-22 06:51:59.299  3691  3842 D hotkey  : [null::handleMapKeyEvent:17]: KeyEvent { action=ACTION_UP, keyCode=KEYCODE_POWER, scanCode=116, metaState=0, flags=0x8, repeatCount=0, eventTime=358534, downTime=358534, deviceId=2, source=0x301 }
01-22 06:51:59.299  3691  3691 D tvapi   : [null::handleMessage:262]: notify signalStatus mScreenSaverStatus = 0
01-22 06:51:59.299  3691  3842 D tvapi   : [null::handle:66]: Send Reset Key
01-22 06:51:59.300  3691  3842 D tvapi   : [null::eventSystemSleepTimeSetSleepTime:47]:  eventSystemSleepTimeSetSleepTime0
01-22 06:51:59.300  3691  3842 D tvapi   : [null::aaw:15]: keyevent SIGNAL_LOST resetTimer
01-22 06:51:59.301  2910  3310 D WifiClientModeManager: entering IdleState
01-22 06:51:59.301  2910  3310 D WifiStateMachinePrime: State changed from client mode. state = 2
01-22 06:51:59.303  2694  2694 D MTK_KL  : 4,32882,358732282,-;[SGLUE_AUD][INFO][_GlueGetHeadphonePCond][16340]: eHPCond = -974136040
01-22 06:51:59.303  2694  2694 D MTK_KL  : 4,32883,358732907,-;[SGLUE_AUD][INFO][_GlueSetOutPort][6647]: Dec (0), OutPort = 0x000001ff, mute port mask:0x8
01-22 06:51:59.303  2694  2694 D MTK_KL  : 4,32884,358732919,-;[SGLUE_AUD][INFO][MTGADEC_MTAUD_SetChannelMute][6350]: dec: 0, ch: 0, mute: 0
01-22 06:51:59.303  2694  2694 D MTK_KL  : 4,32885,358733301,-;[_MI_AOUT_SetMultiMute:2710][3229] ePath:4, pszMuteName:MTAL, bMute:0, u32AutoUnmuteTimer:0, u32AoutMuteFlag:0x0
01-22 06:51:59.303  2694  2694 D MTK_KL  : 4,32886,358733313,-;[SGLUE_AUD][INFO][_AudMiChannelMute][6343]: path = 4, mute = 0
01-22 06:51:59.303  2694  2694 D MTK_KL  : 4,32887,358733339,-;[SGLUE_AUD][INFO][_GlueSetDigitalOutMode][13805]: u1DecId = 0, eDigitalOutMode = 2
01-22 06:51:59.303  2694  2694 D MTK_KL  : 4,32888,358733385,-;[_MI_AOUT_SetMultiMute:2710][3229] ePath:2, pszMuteName:MTAL, bMute:0, u32AutoUnmuteTimer:0, u32AoutMuteFlag:0x0
01-22 06:51:59.303  2694  2694 D MTK_KL  : 4,32889,358733394,-;[SGLUE_AUD][INFO][_AudMiChannelMute][6343]: path = 2, mute = 0
01-22 06:51:59.303  2694  2694 D MTK_KL  : 4,32890,358733406,-;[_MI_AOUT_SetMultiMute:2710][3229] ePath:7, pszMuteName:MTAL, bMute:0, u32AutoUnmuteTimer:0, u32AoutMuteFlag:0x1
01-22 06:51:59.303  2694  2694 D MTK_KL  : 4,32891,358733415,-;[SGLUE_AUD][INFO][_AudMiChannelMute][6343]: path = 7, mute = 0
01-22 06:51:59.303  2694  2694 D MTK_KL  : 4,32892,358733423,-;[SGLUE_AUD][INFO][MTGADEC_MTAUD_SetChannelMute][6350]: dec: 0, ch: 8, mute: 0
01-22 06:51:59.303  2694  2694 D MTK_KL  : 4,32893,358733435,-;[_MI_AOUT_SetMultiMute:2710][3229] ePath:5, pszMuteName:MTAL, bMute:0, u32AutoUnmuteTimer:0, u32AoutMuteFlag:0x0
01-22 06:51:59.303  2694  2694 D MTK_KL  : 4,32894,358733444,-;[SGLUE_AUD][INFO][_AudMiChannelMute][6343]: path = 5, mute = 0
01-22 06:51:59.303  2694  2694 D MTK_KL  : 4,32895,358733452,-;[SGLUE_AUD][INFO][MTGADEC_MTAUD_SetChannelMute][6350]: dec: 0, ch: 9, mute: 0
01-22 06:51:59.303  2694  2694 D MTK_KL  : 4,32896,358733463,-;[_MI_AOUT_SetMultiMute:2710][3229] ePath:5, pszMuteName:MTAL, bMute:0, u32AutoUnmuteTimer:0, u32AoutMuteFlag:0x0
01-22 06:51:59.303  2694  2694 D MTK_KL  : 4,32897,358733494,-;[SGLUE_AUD][INFO][_AudMiChannelMute][6343]: path = 5, mute = 0
01-22 06:51:59.303  3971  3996 D CLog    : [null:0::onTvNotify]: notifySystemSignalLostPowerOffTimeRemaining
01-22 06:51:59.303  2694  2694 D MTK_KL  : 4,32898,358733514,-;[_MI_AOUT_SetMultiMute:2710][3229] ePath:4, pszMuteName:MTAL, bMute:0, u32AutoUnmuteTimer:0, u32AoutMuteFlag:0x0
01-22 06:51:59.303  2694  2694 D MTK_KL  : 4,32899,358733523,-;[SGLUE_AUD][INFO][_AudMiChannelMute][6343]: path = 4, mute = 0
01-22 06:51:59.303  2694  2694 D MTK_KL  : 4,32900,358733535,-;[_MI_AOUT_SetMultiMute:2710][3229] ePath:5, pszMuteName:MTAL, bMute:0, u32AutoUnmuteTimer:0, u32AoutMuteFlag:0x0
01-22 06:51:59.303  2694  2694 D MTK_KL  : 4,32901,358733544,-;[SGLUE_AUD][INFO][_AudMiChannelMute][6343]: path = 5, mute = 0
01-22 06:51:59.304  3971  3996 D CLog    : [null:4::onTvNotify]: notifySystemSignalLostPowerOffTimeRemaining
01-22 06:51:59.304  3971  3996 D CLog    : [null:26::a]: time = -1
01-22 06:51:59.306  3691  3691 D tvapi   : [null::eventTvMHEG5IsOn:22]: eventTvMHEG5IsOn = false
01-22 06:51:59.306  3971  3996 D Evan    : handleKeyEvent:26
01-22 06:51:59.310  2910  3492 E ActivityManager: Sending non-protected broadcast mtk.intent.notify from system 3447:com.mediatek.tv.agent/1000 pkg com.mediatek.tv.agent
01-22 06:51:59.310  2910  3492 E ActivityManager: java.lang.Throwable
01-22 06:51:59.310  2910  3492 E ActivityManager: 	at com.android.server.am.ActivityManagerService.checkBroadcastFromSystem(ActivityManagerService.java:21331)
01-22 06:51:59.310  2910  3492 E ActivityManager: 	at com.android.server.am.ActivityManagerService.broadcastIntentLocked(ActivityManagerService.java:21842)
01-22 06:51:59.310  2910  3492 E ActivityManager: 	at com.android.server.am.ActivityManagerService.broadcastIntent(ActivityManagerService.java:22077)
01-22 06:51:59.310  2910  3492 E ActivityManager: 	at android.app.IActivityManager$Stub.onTransact$broadcastIntent$(IActivityManager.java:10171)
01-22 06:51:59.310  2910  3492 E ActivityManager: 	at android.app.IActivityManager$Stub.onTransact(IActivityManager.java:167)
01-22 06:51:59.310  2910  3492 E ActivityManager: 	at com.android.server.am.ActivityManagerService.onTransact(ActivityManagerService.java:3363)
01-22 06:51:59.310  2910  3492 E ActivityManager: 	at android.os.Binder.execTransact(Binder.java:731)
01-22 06:51:59.310  2910  3295 W InputDispatcher: Excessive delay in interceptKeyBeforeQueueing; took 131 ms
01-22 06:51:59.315  2694  2694 D MTK_KL  : 4,32902,358744938,-;[SGLUE_AUD][INFO][_GlueSetOutPort][6647]: Dec (0), OutPort = 0x000001ff, mute port mask:0x8
01-22 06:51:59.315  2694  2694 D MTK_KL  : 4,32903,358744951,-;[SGLUE_AUD][INFO][MTGADEC_MTAUD_SetChannelMute][6350]: dec: 0, ch: 0, mute: 0
01-22 06:51:59.315  2694  2694 D MTK_KL  : 4,32904,358744971,-;[_MI_AOUT_SetMultiMute:2710][3224] ePath:4, pszMuteName:MTAL, bMute:0, u32AutoUnmuteTimer:0, u32AoutMuteFlag:0x0
01-22 06:51:59.315  2694  2694 D MTK_KL  : 4,32905,358744981,-;[SGLUE_AUD][INFO][_AudMiChannelMute][6343]: path = 4, mute = 0
01-22 06:51:59.315  2694  2694 D MTK_KL  : 4,32906,358744990,-;[SGLUE_AUD][INFO][_GlueSetDigitalOutMode][13805]: u1DecId = 0, eDigitalOutMode = 2
01-22 06:51:59.315  2694  2694 D MTK_KL  : 4,32907,358745035,-;[_MI_AOUT_SetMultiMute:2710][3224] ePath:2, pszMuteName:MTAL, bMute:0, u32AutoUnmuteTimer:0, u32AoutMuteFlag:0x0
01-22 06:51:59.315  2694  2694 D MTK_KL  : 4,32908,358745044,-;[SGLUE_AUD][INFO][_AudMiChannelMute][6343]: path = 2, mute = 0
01-22 06:51:59.315  2694  2694 D MTK_KL  : 4,32909,358745057,-;[_MI_AOUT_SetMultiMute:2710][3224] ePath:7, pszMuteName:MTAL, bMute:0, u32AutoUnmuteTimer:0, u32AoutMuteFlag:0x1
01-22 06:51:59.315  2694  2694 D MTK_KL  : 4,32910,358745065,-;[SGLUE_AUD][INFO][_AudMiChannelMute][6343]: path = 7, mute = 0
01-22 06:51:59.315  2694  2694 D MTK_KL  : 4,32911,358745074,-;[SGLUE_AUD][INFO][MTGADEC_MTAUD_SetChannelMute][6350]: dec: 0, ch: 8, mute: 0
01-22 06:51:59.315  2694  2694 D MTK_KL  : 4,32912,358745086,-;[_MI_AOUT_SetMultiMute:2710][3224] ePath:5, pszMuteName:MTAL, bMute:0, u32AutoUnmuteTimer:0, u32AoutMuteFlag:0x0
01-22 06:51:59.315  2694  2694 D MTK_KL  : 4,32913,358745095,-;[SGLUE_AUD][INFO][_AudMiChannelMute][6343]: path = 5, mute = 0
01-22 06:51:59.315  2694  2694 D MTK_KL  : 4,32914,358745102,-;[SGLUE_AUD][INFO][MTGADEC_MTAUD_SetChannelMute][6350]: dec: 0, ch: 9, mute: 0
01-22 06:51:59.315  2694  2694 D MTK_KL  : 4,32915,358745114,-;[_MI_AOUT_SetMultiMute:2710][3224] ePath:5, pszMuteName:MTAL, bMute:0, u32AutoUnmuteTimer:0, u32AoutMuteFlag:0x0
01-22 06:51:59.315  2694  2694 D MTK_KL  : 4,32916,358745122,-;[SGLUE_AUD][INFO][_AudMiChannelMute][6343]: path = 5, mute = 0
01-22 06:51:59.315  2694  2694 D MTK_KL  : 4,32917,358745135,-;[_MI_AOUT_SetMultiMute:2710][3224] ePath:4, pszMuteName:MTAL, bMute:0, u32AutoUnmuteTimer:0, u32AoutMuteFlag:0x0
01-22 06:51:59.315  2694  2694 D MTK_KL  : 4,32918,358745144,-;[SGLUE_AUD][INFO][_AudMiChannelMute][6343]: path = 4, mute = 0
01-22 06:51:59.315  2694  2694 D MTK_KL  : 4,32919,358745155,-;[_MI_AOUT_SetMultiMute:2710][3224] ePath:5, pszMuteName:MTAL, bMute:0, u32AutoUnmuteTimer:0, u32AoutMuteFlag:0x0
01-22 06:51:59.315  2694  2694 D MTK_KL  : 4,32920,358745164,-;[SGLUE_AUD][INFO][_AudMiChannelMute][6343]: path = 5, mute = 0
01-22 06:51:59.315  2694  2694 D MTK_KL  : 3,32921,358745707,-;[Utopia][VDEC]: [HVD][ERR]MDrv_HVD_EX_GetCodecProfileCapInfo:
01-22 06:51:59.315  2694  2694 D MTK_KL  : 3,32922,358745721,-;[Utopia][VDEC]: GetCodecProfileCapInfo CodecSuportByHashKey fail!! (4 0)
01-22 06:51:59.315  2694  2694 D MTK_KL  : 3,32923,358745729,-;[Utopia][VDEC]: [HVD][ERR]MDrv_HVD_EX_GetCodecProfileCapInfo:
01-22 06:51:59.315  2694  2694 D MTK_KL  : 3,32924,358745736,-;[Utopia][VDEC]: GetCodecProfileCapInfo CodecSuportByHashKey fail!! (5 0)
01-22 06:51:59.316  2694  2694 D MTK_KL  : 3,32925,358745747,-;[Utopia][VDEC]: [HVD][ERR]MDrv_HVD_EX_GetCodecProfileCapInfo:
01-22 06:51:59.316  2694  2694 D MTK_KL  : 3,32926,358745754,-;[Utopia][VDEC]: GetCodecProfileCapInfo CodecSuportByHashKey fail!! (9 0)
01-22 06:51:59.316  2694  2694 D MTK_KL  : 3,32927,358745761,-;[Utopia][VDEC]: [HVD][ERR]MDrv_HVD_EX_GetCodecProfileCapInfo:
01-22 06:51:59.316  2694  2694 D MTK_KL  : 3,32928,358745768,-;[Utopia][VDEC]: GetCodecProfileCapInfo CodecSuportByHashKey fail!! (10 0)
01-22 06:51:59.316  2694  2694 D MTK_KL  : 3,32929,358745777,-;[Utopia][VDEC]: [HVD][ERR]MDrv_HVD_EX_GetCodecProfileCapInfo:
01-22 06:51:59.316  2694  2694 D MTK_KL  : 3,32930,358745785,-;[Utopia][VDEC]: GetCodecProfileCapInfo CodecSuportByHashKey fail!! (12 0)
01-22 06:51:59.316  2694  2694 D MTK_KL  : 3,32931,358745796,-;[Utopia][VDEC]: [HVD][ERR]MDrv_HVD_EX_GetCodecProfileCapInfo:
01-22 06:51:59.316  2694  2694 D MTK_KL  : 3,32932,358745803,-;[Utopia][VDEC]: GetCodecProfileCapInfo CodecSuportByHashKey fail!! (18 0)
01-22 06:51:59.316  2694  2694 D MTK_KL  : 3,32933,358745810,-;[Utopia][VDEC]: [HVD][ERR]MDrv_HVD_EX_GetCodecProfileCapInfo:
01-22 06:51:59.316  2694  2694 D MTK_KL  : 3,32934,358745816,-;[Utopia][VDEC]: GetCodecProfileCapInfo CodecSuportByHashKey fail!! (19 0)
01-22 06:51:59.316  2694  2694 D MTK_KL  : 3,32935,358745823,-;[Utopia][VDEC]: [HVD][ERR]MDrv_HVD_EX_GetCodecProfileCapInfo:
01-22 06:51:59.316  2694  2694 D MTK_KL  : 3,32936,358745830,-;[Utopia][VDEC]: GetCodecProfileCapInfo CodecSuportByHashKey fail!! (20 0)
01-22 06:51:59.316  2694  2694 D MTK_KL  : 3,32937,358745837,-;[Utopia][VDEC]: [HVD][ERR]MDrv_HVD_EX_GetCodecProfileCapInfo:
01-22 06:51:59.316  2694  2694 D MTK_KL  : 3,32938,358745845,-;[Utopia][VDEC]: GetCodecProfileCapInfo CodecSuportByHashKey fail!! (21 0)
01-22 06:51:59.316  2694  2694 D MTK_KL  : 3,32939,358745853,-;[Utopia][VDEC]: [HVD][ERR]MDrv_HVD_EX_GetCodecProfileCapInfo:
01-22 06:51:59.316  2694  2694 D MTK_KL  : 3,32940,358745860,-;[Utopia][VDEC]: GetCodecProfileCapInfo CodecSuportByHashKey fail!! (11 1)
01-22 06:51:59.316  2694  2694 D MTK_KL  : 4,32941,358746162,c;[VDEC]Set ucEsId 0 no data timeout 16000
01-22 06:51:59.325  2910  3492 E ActivityManager: Sending non-protected broadcast mtk.intent.notify from system 3447:com.mediatek.tv.agent/1000 pkg com.mediatek.tv.agent
01-22 06:51:59.325  2910  3492 E ActivityManager: java.lang.Throwable
01-22 06:51:59.325  2910  3492 E ActivityManager: 	at com.android.server.am.ActivityManagerService.checkBroadcastFromSystem(ActivityManagerService.java:21331)
01-22 06:51:59.325  2910  3492 E ActivityManager: 	at com.android.server.am.ActivityManagerService.broadcastIntentLocked(ActivityManagerService.java:21935)
01-22 06:51:59.325  2910  3492 E ActivityManager: 	at com.android.server.am.ActivityManagerService.broadcastIntent(ActivityManagerService.java:22077)
01-22 06:51:59.325  2910  3492 E ActivityManager: 	at android.app.IActivityManager$Stub.onTransact$broadcastIntent$(IActivityManager.java:10171)
01-22 06:51:59.325  2910  3492 E ActivityManager: 	at android.app.IActivityManager$Stub.onTransact(IActivityManager.java:167)
01-22 06:51:59.325  2910  3492 E ActivityManager: 	at com.android.server.am.ActivityManagerService.onTransact(ActivityManagerService.java:3363)
01-22 06:51:59.325  2910  3492 E ActivityManager: 	at android.os.Binder.execTransact(Binder.java:731)
01-22 06:51:59.332  2910  3059 I ActivityManager: Start proc 18041:com.mediatek.wwtv.tvcenter/1000 for restart com.mediatek.wwtv.tvcenter
01-22 06:51:59.333  2910  3071 I DisplayManagerService: Display device changed state: "Built-in Screen", ON
01-22 06:51:59.335  2694  2694 D MTK_KL  : 3,32942,358763920,-;[Error] [KDrv_XC_DV_Wrapper_ClearStatus,  412]MApi_ClearStatus not assigned!
01-22 06:51:59.343  3447  3447 I Agent_IntentReceiver: !!! Received mtk.intent.notify
01-22 06:51:59.348  3447  3739 I Agent_IntentReceiver: !!! Received mtk.intent.notify
01-22 06:51:59.348  3447  3739 I Agent_IntentReceiver: code=2
01-22 06:51:59.356  2604  3298 E BufferQueueProducer: [com.cvte.tv.launcher.fall/com.cvte.tv.launcher.fall.MainActivity#0] disconnect: not connected (req=1)
01-22 06:51:59.356  3744  3822 W libEGL  : EGLNativeWindowType 0xaa89e808 disconnect failed
01-22 06:51:59.356  3744  3812 E MosaixExposer: expose data to mosaix error
01-22 06:51:59.361  2910  3057 W BroadcastQueue: Background execution not allowed: receiving Intent { act=android.net.wifi.WIFI_STATE_CHANGED flg=0x4000010 (has extras) } to com.cvte.tv.ucservice/.receiver.NetworkReceiver
01-22 06:51:59.359  3744  3812 I chatty  : uid=10032(com.cvte.tv.launcher.fall) pool-3-thread-1 identical 1 line
01-22 06:51:59.360  3744  3812 E MosaixExposer: expose data to mosaix error
01-22 06:51:59.370  3691  3816 D tvapi   : [null::notifyNativeAppStatus:34]: come in notifyNativeAppStatus,nativeAppId=2,show=true
01-22 06:51:59.371  2694  2694 D MTK_KL  : 4,32943,358800352,-;[HAL_PCMCIA_ClkCtrl][344]enable
01-22 06:51:59.375  2910  3057 W BroadcastQueue: Background execution not allowed: receiving Intent { act=android.net.wifi.WIFI_STATE_CHANGED flg=0x4000010 (has extras) } to com.jrm.localmm/.util.NetworkStatusChangeReceiver
01-22 06:51:59.381  2694  2694 D MTK_KL  : 3,32944,358811352,-;_MI_FLASH_Open[4689]: FLASH EMMC has been opened!
01-22 06:51:59.381  2694  2694 D MTK_KL  : 3,32945,358811363,-;<<<MI_FLASH_Open[4722]MI_FLASH_Open:0x7
01-22 06:51:59.381  2694  2694 D MTK_KL  : 0,32946,358811930,-;[Lwc_Debug] pwm oen setting index = 0,letch = 0
01-22 06:51:59.381  2694  2694 D MTK_KL  : 6,32947,358811977,-;*****CONFIG_MP_PNL_STR_CUST not define*****
01-22 06:51:59.381  2694  2694 D MTK_KL  : 6,32948,358813922,-;optee2: \x1b[1;32m[HDCP1X-TA] Received Command ID: 12 ((TA_InvokeCommandEntryPoint:129))\x1b[0m
01-22 06:51:59.381  2694  2694 D MTK_KL  : 6,32949,358813933,-;optee2: \x1b[0m[HDCP1X-TA] Enter HDCP1xRx_TEE_FillKey() function ((HDCP1xRx_TEE_FillKey:853))\x1b[0m
01-22 06:51:59.381  2694  2694 D MTK_KL  : 6,32950,358813941,-;optee2: \x1b[1;32m[HDCP1X-TA] Intertaca way Load Key ((HDCP1xRx_TEE_FillKey:877))\x1b[0m
01-22 06:51:59.381  2694  2694 D MTK_KL  : 6,32951,358813949,-;optee2: \x1b[1;32m[HDCP1X-TA] Rxkey path: /certificate/hdcp_key.bin ((HDCP1xRx_TEE_FillKey:887))\x1b[0m
01-22 06:51:59.381  2694  2694 D MTK_KL  : 6,32952,358813956,-;optee2: \x1b[1;32m[HDCP1X-TA] Rxkey path length: 26 ((HDCP1xRx_TEE_FillKey:888))\x1b[0m
01-22 06:51:59.381  2694  2694 D MTK_KL  : 6,32953,358813965,-;optee2: \x1b[0m[HDCP1X-TA] Enter _TEE_HDCP1x_CheckHdcpKeyValidation() function ((_TEE_HDCP1x_CheckHdcpKeyValidation:802))\x1b[0m
01-22 06:51:59.381  2694  2694 D MTK_KL  : 6,32954,358813973,-;optee2: \x1b[1;32m[HDCP1X-TA] KSV PASS !! ((_TEE_HDCP1x_CheckHdcpKeyValidation:830))\x1b[0m
01-22 06:51:59.381  2694  2694 D MTK_KL  : 6,32955,358813982,-;optee2: \x1b[0m[HDCP1X-TA] Leave _TEE_HDCP1x_CheckHdcpKeyValidation() function ((_TEE_HDCP1x_CheckHdcpKeyValidation:835))\x1b[0m
01-22 06:51:59.381  2694  2694 D MTK_KL  : 6,32956,358813991,-;optee2: \x1b[0m[HDCP1X-TA] Leave HDCP1xRx_TEE_FillKey() function ((HDCP1xRx_TEE_FillKey:934))\x1b[0m
01-22 06:51:59.381  2694  2694 D MTK_KL  : 4,32957,358814011,-;[OTG] Info: ms_otg_work++, active = 1
01-22 06:51:59.381  2694  2694 D MTK_KL  : 4,32958,358814019,-;[OTG] change from state undefined to a_idle
01-22 06:51:59.381  2694  2694 D MTK_KL  : 6,32959,358814027,-;[OTG] Warning: call ms_otg_reset
01-22 06:51:59.381  2694  2694 D MTK_KL  : 4,32960,358814034,-;[OTG] change from state a_idle to a_wait_vrise
01-22 06:51:59.381  2694  2694 D MTK_KL  : 6,32961,358814041,-;[OTG] ms_otg_set_vbus
01-22 06:51:59.381  2694  2694 D MTK_KL  : 4,32962,358814050,-;[OTG] vbus:1
01-22 06:51:59.381  2694  2694 D MTK_KL  : 4,32963,358814059,-;[OTG] change from state a_wait_vrise to a_wait_bcon
01-22 06:51:59.381  2694  2694 D MTK_KL  : 6,32964,358814065,-;[OTG] Info: ms_otg_start_host++
01-22 06:51:59.381  2694  2694 D MTK_KL  : 4,32965,358814075,-;[OTG] change from state a_wait_bcon to a_host
01-22 06:51:59.381  2694  2694 D MTK_KL  : 4,32966,358814081,-;[OTG] @ OTG_STATE_A_HOST
01-22 06:51:59.381  2694  2694 D MTK_KL  : 6,32967,358814088,-;[OTG] Info: ms_otg_usbc_switch++
01-22 06:51:59.381  2694  2694 D MTK_KL  : 6,32968,358814094,-;[OTG] Info: start host regs setting...
01-22 06:51:59.382  2694  2694 D MTK_KL  : 6,32969,358814106,-;[OTG] Dev reg power[6000] tx_int[ff] rx_int[fe] usb_int[f700]
01-22 06:51:59.383  2910  2910 D WifiP2pService: Wifi enabled=false, P2P Interface availability=true
01-22 06:51:59.383  2694  2694 D MTK_KL  : 3,32970,358814922,-;_MI_KER_ReadWriteFile[1535]: Open file fail:/application/mi_env_data_backup.dat
01-22 06:51:59.383  2694  2694 D MTK_KL  : 3,32971,358814938,-;_MI_KER_Emmc_StoreEnv[2234]: Backup file is damaged
01-22 06:51:59.383  2694  2694 D MTK_KL  : 6,32972,358815340,-;[OTG] USBC reg rst[268] port[551]
01-22 06:51:59.383  2694  2694 D MTK_KL  : 4,32973,358815350,-;[OTG] Host reg cmd[b01][1] status[0] int[37]
01-22 06:51:59.383  2694  2694 D MTK_KL  : 6,32974,358815373,-;[OTG] Info: ms_otg_usbc_switch--
01-22 06:51:59.388  2910  2910 D wifi    : SuspendThread --> WiFi enabling
01-22 06:51:59.391  3744  3822 D mali_winsys: EGLint new_window_surface(egl_winsys_display *, void *, EGLSurface, EGLConfig, egl_winsys_surface **, EGLBoolean) returns 0x3000
01-22 06:51:59.391  2694  2694 D MTK_KL  : 6,32975,358823666,-;unsupported type:98 in _MTGDRVCUST_InitQuery
01-22 06:51:59.391  2694  2694 D MTK_KL  : 4,32976,358823680,-;error mtal ioctl(-1): (NAME: MTAL_IOCTYPE_MTDRVCUST DIR: 00000003 SIZE: 00000010 TYPE: 00000021 NR: 00000002)
01-22 06:51:59.391  2694  2694 D MTK_KL  : 3,32977,358823737,-;MI_DISP_DBC_OnOff[28556]: [MI_DISP] MI_DISP_DBC_OnOff =0
01-22 06:51:59.406  2910  2910 E SuspendThread: mHandler dispatchMessage MSG_DONE.
01-22 06:51:59.409  2591  2682 D hwcomposer: HWComposerDisplayHalMiOsd::hwcMiDisplay: Layer[0]: show!!!!
01-22 06:51:59.411  2694  2694 D MTK_KL  : 4,32978,358842324,c;[GLUE]pm_cust: call _MTGPDWNC_RELEASE_QUEUE
01-22 06:51:59.411  2694  2694 D MTK_KL  : 4,32979,358842334,-;(yjdbg) wakeup_pdwnc_queue
01-22 06:51:59.411  2694  2694 D MTK_KL  : 4,32980,358844018,-;(yjdbg) wait_pdwnc_queue-2
01-22 06:51:59.411  2694  2694 D MTK_KL  : 7,32981,358844028,-;pm_cust: end post_autosleep work
01-22 06:51:59.416  2694  2694 D MTK_KL  : 4,32982,358848011,-;==20190822==> hub_port_init 1 #0
01-22 06:51:59.416  2694  2694 D MTK_KL  : 4,32983,358848021,-;Plug in USB Port3
01-22 06:51:59.416  2694  2694 D MTK_KL  : 4,32984,358848190,-;MDrv_LDM_SetUcdEnable,1
01-22 06:51:59.416  2694  2694 D MTK_KL  : 4,32985,358848200,-;[UTOPIA]:[LDM ERROR]: MDrv_LDM_SetUcdEnable: 669: 
01-22 06:51:59.416  2694  2694 D MTK_KL  : 4,32986,358848208,-;LDM bypass!!! chip not support LDM!!!!!!!
01-22 06:51:59.416  2694  2694 D MTK_KL  : 4,32987,358848673,-;External Dlc have already been turned [ON]
01-22 06:51:59.419  2694  2694 D MTK_KL  : 3,32988,358849271,-;<<<mi_disp_NviewGetDmsWinId[1502]DMS win hasn't been created yet!
01-22 06:51:59.419  2694  2694 D MTK_KL  : 3,32989,358849283,-;<<<_MI_DISP_SetBlueStretch[23360]
01-22 06:51:59.419  2694  2694 D MTK_KL  : 3,32990,358849293,-;<<<MI_DISP_SetPictureParam[26361]
01-22 06:51:59.419  2694  2694 D MTK_KL  : 3,32991,358851069,-;<<<MI_DISP_SetPictureParam[26361]
01-22 06:51:59.424  2694  2694 D MTK_KL  : 3,32992,358856888,-;<<<mi_disp_NviewGetDmsWinId[1502]DMS win hasn't been created yet!
01-22 06:51:59.424  2694  2694 D MTK_KL  : 3,32993,358856900,-;<<<_MI_DISP_SetHsyColorModel[24060]
01-22 06:51:59.425  2694  2694 D MTK_KL  : 3,32994,358856910,-;<<<MI_DISP_SetPictureParam[26361]
01-22 06:51:59.425  2694  2694 D MTK_KL  : 3,32995,358856924,-;<<<mi_disp_NviewGetDmsWinId[1502]DMS win hasn't been created yet!
01-22 06:51:59.425  2694  2694 D MTK_KL  : 3,32996,358856932,-;<<<_MI_DISP_SetHsyColorModel[24060]
01-22 06:51:59.425  2694  2694 D MTK_KL  : 3,32997,358857067,-;<<<MI_DISP_SetPictureParam[26361]
01-22 06:51:59.425  2694  2694 D MTK_KL  : 3,32998,358857490,-;<<<mi_disp_NviewGetDmsWinId[1502]DMS win hasn't been created yet!
01-22 06:51:59.425  2694  2694 D MTK_KL  : 3,32999,358857500,-;<<<_MI_DISP_SetHsyColorModel[24060]
01-22 06:51:59.425  2694  2694 D MTK_KL  : 3,33000,358857510,-;<<<MI_DISP_SetPictureParam[26361]
01-22 06:51:59.425  2694  2694 D MTK_KL  : 3,33001,358857524,-;<<<mi_disp_NviewGetDmsWinId[1502]DMS win hasn't been created yet!
01-22 06:51:59.425  2694  2694 D MTK_KL  : 3,33002,358857532,-;<<<_MI_DISP_SetHsyColorModel[24060]
01-22 06:51:59.425  2694  2694 D MTK_KL  : 3,33003,358857541,-;<<<MI_DISP_SetPictureParam[26361]
01-22 06:51:59.429  2694  2694 D MTK_KL  : 3,33004,358857789,-;<<<mi_disp_NviewGetDmsWinId[1502]DMS win hasn't been created yet!
01-22 06:51:59.429  2694  2694 D MTK_KL  : 3,33005,358857798,-;<<<_MI_DISP_SetHsyColorModel[24060]
01-22 06:51:59.429  2694  2694 D MTK_KL  : 3,33006,358857807,-;<<<MI_DISP_SetPictureParam[26361]
01-22 06:51:59.429  2694  2694 D MTK_KL  : 3,33007,358857821,-;<<<mi_disp_NviewGetDmsWinId[1502]DMS win hasn't been created yet!
01-22 06:51:59.429  2694  2694 D MTK_KL  : 3,33008,358857829,-;<<<_MI_DISP_SetHsyColorModel[24060]
01-22 06:51:59.429  2694  2694 D MTK_KL  : 3,33009,358857955,-;<<<MI_DISP_SetPictureParam[26361]
01-22 06:51:59.429  2694  2694 D MTK_KL  : 3,33010,358858079,-;<<<mi_disp_NviewGetDmsWinId[1502]DMS win hasn't been created yet!
01-22 06:51:59.429  2694  2694 D MTK_KL  : 3,33011,358858088,-;<<<_MI_DISP_GetPreGammaGainOffset[23421]
01-22 06:51:59.429  2694  2694 D MTK_KL  : 3,33012,358858097,-;<<<MI_DISP_GetPictureParam[27279]
01-22 06:51:59.429  2694  2694 D MTK_KL  : 4,33013,358858107,-;error mtal ioctl(-1): (NAME: MTAL_IOCTYPE_MTVDO DIR: 00000001 SIZE: 00000020 TYPE: 00000011 NR: 00000042)
01-22 06:51:59.429  2694  2694 D MTK_KL  : 3,33014,358858353,-;<<<mi_disp_NviewGetDmsWinId[1502]DMS win hasn't been created yet!
01-22 06:51:59.429  2694  2694 D MTK_KL  : 3,33015,358858362,-;<<<_MI_DISP_GetPreGammaGainOffset[23421]
01-22 06:51:59.429  2694  2694 D MTK_KL  : 3,33016,358858443,-;<<<MI_DISP_GetPictureParam[27279]
01-22 06:51:59.429  2694  2694 D MTK_KL  : 4,33017,358858452,-;error mtal ioctl(-1): (NAME: MTAL_IOCTYPE_MTVDO DIR: 00000001 SIZE: 00000020 TYPE: 00000011 NR: 00000042)
01-22 06:51:59.429  2694  2694 D MTK_KL  : 4,33018,358859318,-;[_MTGVDECEX_GetExtinSourceType][457]Parameter is null
01-22 06:51:59.429  2694  2694 D MTK_KL  : 4,33019,358859328,-;Fail to _MTGVDECEX_GetExtinSourceType
01-22 06:51:59.435  3447  3475 I diatek.tv.agen: Background concurrent copying GC freed 1358(400KB) AllocSpace objects, 0(0B) LOS objects, 25% free, 1459KB/1971KB, paused 124us total 103.559ms
01-22 06:51:59.439  2694  2694 D MTK_KL  : 3,33020,358868952,-;_MI_FLASH_Handle2Slot2[372]: FLASH = 2,Invalid handle: device is not opened !
01-22 06:51:59.439  2694  2694 D MTK_KL  : 3,33021,358868962,-;<<<MI_FLASH_Read[5497]Flash Handle2Slot failed!
01-22 06:51:59.439  2694  2694 D MTK_KL  : 3,33022,358868971,-;Error: Read from EMMC fail, do retry.
01-22 06:51:59.448  2694  2694 D MTK_KL  : 3,33023,358875922,-;Error: Read from EMMC retry ok.
01-22 06:51:59.455  2694  2694 D MTK_KL  : 3,33024,358884846,-;<<<mi_disp_NviewGetDmsWinId[1502]DMS win hasn't been created yet!
01-22 06:51:59.455  2694  2694 D MTK_KL  : 3,33025,358884858,-;<<<_MI_DISP_SetHsyColorModel[24060]
01-22 06:51:59.455  2694  2694 D MTK_KL  : 3,33026,358884868,-;<<<MI_DISP_SetPictureParam[26361]
01-22 06:51:59.455  2694  2694 D MTK_KL  : 3,33027,358884882,-;<<<mi_disp_NviewGetDmsWinId[1502]DMS win hasn't been created yet!
01-22 06:51:59.455  2694  2694 D MTK_KL  : 3,33028,358884890,-;<<<_MI_DISP_SetHsyColorModel[24060]
01-22 06:51:59.455  2694  2694 D MTK_KL  : 3,33029,358884899,-;<<<MI_DISP_SetPictureParam[26361]
01-22 06:51:59.455  2694  2694 D MTK_KL  : 3,33030,358885142,-;<<<mi_disp_NviewGetDmsWinId[1502]DMS win hasn't been created yet!
01-22 06:51:59.457  2694  2694 D MTK_KL  : 3,33031,358888581,-;<<<_MI_DISP_SetHsyColorModel[24060]
01-22 06:51:59.457  2694  2694 D MTK_KL  : 3,33032,358888606,-;<<<MI_DISP_SetPictureParam[26361]
01-22 06:51:59.457  2694  2694 D MTK_KL  : 3,33033,358888767,-;<<<mi_disp_NviewGetDmsWinId[1502]DMS win hasn't been created yet!
01-22 06:51:59.457  2694  2694 D MTK_KL  : 3,33034,358888776,-;<<<_MI_DISP_SetHsyColorModel[24060]
01-22 06:51:59.457  2694  2694 D MTK_KL  : 3,33035,358888791,-;<<<MI_DISP_SetPictureParam[26361]
01-22 06:51:59.457  2694  2694 D MTK_KL  : 3,33036,358889086,-;<<<mi_disp_NviewGetDmsWinId[1502]DMS win hasn't been created yet!
01-22 06:51:59.457  2694  2694 D MTK_KL  : 3,33037,358889095,-;<<<_MI_DISP_SetHsyColorModel[24060]
01-22 06:51:59.457  2694  2694 D MTK_KL  : 3,33038,358889104,-;<<<MI_DISP_SetPictureParam[26361]
01-22 06:51:59.457  2694  2694 D MTK_KL  : 3,33039,358889118,-;<<<mi_disp_NviewGetDmsWinId[1502]DMS win hasn't been created yet!
01-22 06:51:59.457  2694  2694 D MTK_KL  : 3,33040,358889126,-;<<<_MI_DISP_SetHsyColorModel[24060]
01-22 06:51:59.457  2694  2694 D MTK_KL  : 3,33041,358889134,-;<<<MI_DISP_SetPictureParam[26361]
01-22 06:51:59.457  2694  2694 D MTK_KL  : 3,33042,358889407,-;<<<mi_disp_NviewGetDmsWinId[1502]DMS win hasn't been created yet!
01-22 06:51:59.457  2694  2694 D MTK_KL  : 3,33043,358889418,-;<<<_MI_DISP_GetPreGammaGainOffset[23421]
01-22 06:51:59.457  2694  2694 D MTK_KL  : 3,33044,358889426,-;<<<MI_DISP_GetPictureParam[27279]
01-22 06:51:59.457  2694  2694 D MTK_KL  : 4,33045,358889528,-;error mtal ioctl(-1): (NAME: MTAL_IOCTYPE_MTVDO DIR: 00000001 SIZE: 00000020 TYPE: 00000011 NR: 00000042)
01-22 06:51:59.457  2694  2694 D MTK_KL  : 3,33046,358889746,-;<<<mi_disp_NviewGetDmsWinId[1502]DMS win hasn't been created yet!
01-22 06:51:59.457  2694  2694 D MTK_KL  : 3,33047,358889755,-;<<<_MI_DISP_GetPreGammaGainOffset[23421]
01-22 06:51:59.457  2694  2694 D MTK_KL  : 3,33048,358889822,-;<<<MI_DISP_GetPictureParam[27279]
01-22 06:51:59.457  2694  2694 D MTK_KL  : 4,33049,358889831,-;error mtal ioctl(-1): (NAME: MTAL_IOCTYPE_MTVDO DIR: 00000001 SIZE: 00000020 TYPE: 00000011 NR: 00000042)
01-22 06:51:59.467  2910  3295 I InputReader: Reconfiguring input devices.  changes=0x00000004
01-22 06:51:59.470  3691  3706 I vte.tv.api.imp: Background concurrent copying GC freed 3915(512KB) AllocSpace objects, 0(0B) LOS objects, 25% free, 2MB/2MB, paused 116us total 149.661ms
01-22 06:51:59.484  3744  3769 I v.launcher.fal: Background concurrent copying GC freed 9284(791KB) AllocSpace objects, 6(120KB) LOS objects, 25% free, 3MB/4MB, paused 132us total 122.708ms
01-22 06:51:59.489  2604  2604 E HWComposer: Invalid layer type change: SolidColor --> Device
01-22 06:51:59.505  2588  2877 D audio_hw_primary: adev_set_parameters: screen_state=on
01-22 06:51:59.506  2588  2877 D voc_hw_primary: adev_set_parameters: screen_state=on
01-22 06:51:59.529  2578  2578 D gralloc : [mali_gralloc_ion_allocate():914] allocating buffer (1920, 1080) usage=0x2000b00, format=0x1, size=8294400, heap_type=4, ion_flags=0x0
01-22 06:51:59.529  2578  2578 D gralloc : [__mma_alloc_internal:93] data.tag_name = 'mali_gop_dma', size = 8294400, flag = 2
01-22 06:51:59.532  3447  3447 I Agent_IntentReceiver: !!! Received android.intent.action.SCREEN_ON
01-22 06:51:59.532  3447  3739 I Agent_IntentReceiver: !!! Received android.intent.action.SCREEN_ON
01-22 06:51:59.532  3447  3739 I Agent_IntentReceiver: !!! mGoToSleepIssued = 0
01-22 06:51:59.537  3447  3739 I Agent_IntentReceiver: !!! [SCREEN_ON_INTENT] Clear mGoToSleepIssed flag because it is not in QHB.
01-22 06:51:59.538  2694  2694 D MTK_KL  : 6,33050,358967931,-;usb 3-1: new high-speed USB device number 26 using Mstar-ehci-3
01-22 06:51:59.538  2694  2694 D MTK_KL  :  SUBSYSTEM=usb
01-22 06:51:59.538  2694  2694 D MTK_KL  :  DEVICE=+usb:3-1
01-22 06:51:59.540  3447  3739 I Agent_IntentReceiver: isPowerOnUnmute==1,isPowerOnFirst==1
01-22 06:51:59.540  3447  3739 I Agent_IntentReceiver: isMute==true
01-22 06:51:59.541  2910  3492 D MediaSessionService: Adjusting null by 100. flags=0, suggestedStream=-2147483648, preferSuggestedStream=false
01-22 06:51:59.555  3447  3447 I Agent_IntentReceiver: !!! Received android.media.STREAM_MUTE_CHANGED_ACTION
01-22 06:51:59.556  3447  3739 I Agent_IntentReceiver: !!! Received android.media.STREAM_MUTE_CHANGED_ACTION
01-22 06:51:59.556  3389  3775 I vol.Events: writeEvent mute_changed STREAM_VOICE_CALL false
01-22 06:51:59.567  3744  3744 E ProviderDownloader: queryPluginUpdate error
01-22 06:51:59.567  3447  3447 I Agent_IntentReceiver: !!! Received android.media.STREAM_MUTE_CHANGED_ACTION
01-22 06:51:59.567  3447  3739 I Agent_IntentReceiver: !!! Received android.media.STREAM_MUTE_CHANGED_ACTION
01-22 06:51:59.568  3389  3775 I vol.Events: writeEvent mute_changed STREAM_SYSTEM false
01-22 06:51:59.572  2604  2604 E HWComposer: Invalid layer type change: SolidColor --> Device
01-22 06:51:59.577  3971  3996 D CLog    : [null:0::onTvNotify]: notifySystemSignalLostPowerOffTimeRemaining
01-22 06:51:59.577  3971  3996 D CLog    : [null:4::onTvNotify]: notifySystemSignalLostPowerOffTimeRemaining
01-22 06:51:59.577  3971  3996 D CLog    : [null:26::a]: time = -1
01-22 06:51:59.582  2588  2877 D audio_hw_primary: adev_set_parameters: spk_volume=20
01-22 06:51:59.582  2588  2877 I audio_hw_primary: mi_device_set: set volume: device speaker, volume index 20.
01-22 06:51:59.583  2588  2877 D voc_hw_primary: adev_set_parameters: spk_volume=20
01-22 06:51:59.583  2578  2578 D gralloc : [mali_gralloc_ion_allocate():914] allocating buffer (1920, 1080) usage=0x2000b00, format=0x1, size=8294400, heap_type=4, ion_flags=0x0
01-22 06:51:59.583  2588  2877 E voc_hw_primary: utils_set_volume_index is not implement
01-22 06:51:59.583  2578  2578 D gralloc : [__mma_alloc_internal:93] data.tag_name = 'mali_gop_dma', size = 8294400, flag = 2
01-22 06:51:59.583  2694  2694 D MTK_KL  : 4,33051,359014824,-;[_MI_AOUT_SetVolume:2250][2877] ePath:4, u8Vol:20, u16VolumeReg:9728
01-22 06:51:59.584  3691  3691 D TVApiSoundImpl: eventSoundSpeakerOutSetMute: enter:false
01-22 06:51:59.588  3389  3775 I vol.Events: writeEvent mute_changed STREAM_RING false
01-22 06:51:59.589  3447  3447 I Agent_IntentReceiver: !!! Received android.media.STREAM_MUTE_CHANGED_ACTION
01-22 06:51:59.593  3447  3739 I Agent_IntentReceiver: !!! Received android.media.STREAM_MUTE_CHANGED_ACTION
01-22 06:51:59.594  3447  3447 I Agent_IntentReceiver: !!! Received android.media.STREAM_MUTE_CHANGED_ACTION
01-22 06:51:59.594  3447  3739 I Agent_IntentReceiver: !!! Received android.media.STREAM_MUTE_CHANGED_ACTION
01-22 06:51:59.594  3447  3739 D Agent_IntentReceiver: ---mute STREAM_MUTE_CHANGED_ACTION--- streamType:3
01-22 06:51:59.595  3447  3739 D MtkTvVolCtrl: Enter get_mute.
01-22 06:51:59.595 18041 18041 I MtkLog  : [MtkLog]not print log
01-22 06:51:59.596  3447  3739 D MtkTvVolCtrl: getMute true
01-22 06:51:59.596  2910  3073 I DisplayPowerController: Unblocked screen on after 418 ms
01-22 06:51:59.596  3447  3739 D MtkTvVolCtrl: Leave get_mute.
01-22 06:51:59.596  3447  3739 D Agent_IntentReceiver: false
01-22 06:51:59.596  3447  3739 D MtkTvVolCtrl: Enter set_mute.
01-22 06:51:59.597  3389  3775 I vol.Events: writeEvent mute_changed STREAM_MUSIC false
01-22 06:51:59.598  2910  3073 W PowerManagerService: Screen on took 464 ms
01-22 06:51:59.599  2589  2589 D LightsHAL: [STR check point]: enableBacklight
01-22 06:51:59.599  2589  2589 D LightsHAL: E_MI_VOC_ATTR_TYPE_CURRECT_STATE 8..
01-22 06:51:59.600  3447  3739 D MtkTvVolCtrl: setMute_native 0
01-22 06:51:59.601  3447  3739 D MtkTvVolCtrl: Leave set_mute.
01-22 06:51:59.604  3389  3775 I vol.Events: writeEvent mute_changed STREAM_ALARM false
01-22 06:51:59.604  3447  3447 I Agent_IntentReceiver: !!! Received android.media.STREAM_MUTE_CHANGED_ACTION
01-22 06:51:59.604  3447  3739 I Agent_IntentReceiver: !!! Received android.media.STREAM_MUTE_CHANGED_ACTION
01-22 06:51:59.607  3389  3775 I vol.Events: writeEvent mute_changed STREAM_BLUETOOTH_SCO false
01-22 06:51:59.607  3447  3447 I Agent_IntentReceiver: !!! Received android.media.STREAM_MUTE_CHANGED_ACTION
01-22 06:51:59.608  3447  3447 I Agent_IntentReceiver: !!! Received android.media.STREAM_MUTE_CHANGED_ACTION
01-22 06:51:59.608  3447  3739 I Agent_IntentReceiver: !!! Received android.media.STREAM_MUTE_CHANGED_ACTION
01-22 06:51:59.608  3447  3739 I Agent_IntentReceiver: !!! Received android.media.STREAM_MUTE_CHANGED_ACTION
01-22 06:51:59.611  3447  3447 I Agent_IntentReceiver: !!! Received android.media.STREAM_MUTE_CHANGED_ACTION
01-22 06:51:59.612  3447  3739 I Agent_IntentReceiver: !!! Received android.media.STREAM_MUTE_CHANGED_ACTION
01-22 06:51:59.613  3447  3447 I Agent_IntentReceiver: !!! Received android.media.STREAM_MUTE_CHANGED_ACTION
01-22 06:51:59.613  3447  3739 I Agent_IntentReceiver: !!! Received android.media.STREAM_MUTE_CHANGED_ACTION
01-22 06:51:59.615  3447  3447 I Agent_IntentReceiver: !!! Received android.media.STREAM_MUTE_CHANGED_ACTION
01-22 06:51:59.615  3447  3739 I Agent_IntentReceiver: !!! Received android.media.STREAM_MUTE_CHANGED_ACTION
01-22 06:51:59.616  3971  3996 D CLog    : [null:0::onTvNotify]: notifySoundSpeakerOutMuteChange
01-22 06:51:59.616  3971  3996 D CLog    : [null:4::onTvNotify]: notifySoundSpeakerOutMuteChange
01-22 06:51:59.618  3447  3447 I Agent_IntentReceiver: !!! Received android.media.STREAM_MUTE_CHANGED_ACTION
01-22 06:51:59.619  3447  3739 I Agent_IntentReceiver: !!! Received android.media.STREAM_MUTE_CHANGED_ACTION
01-22 06:51:59.620  3691  3842 D TVApiSoundImpl: eventSoundSpeakerOutGetMute = false
01-22 06:51:59.631  3691  3691 D MtkTvUtil: getPclWakeupSetup, setup=30
01-22 06:51:59.633  3691  3691 D MtkTvUtil: setPclWakeupSetup, setup=30, ret=0
01-22 06:51:59.639  2604  2604 E HWComposer: Invalid layer type change: SolidColor --> Device
01-22 06:51:59.647  2694  2694 D MTK_KL  : 14,33052,359079806,-;init: processing action (persist.sys.tvapiservice=start) from (/system/etc/init/init.tvapiservice.rc:10)
01-22 06:51:59.659  2694  2694 D MTK_KL  : 14,33053,359090841,-;init: starting service 'tvapionboot'...
01-22 06:51:59.659  3447  3447 E AgentTimeActionReceiver: {DT} CAUTION: time sync feature is not enabled
01-22 06:51:59.675  4039  4039 I TimeMeasurementAgent: Action:android.intent.action.SCREEN_ON received
01-22 06:51:59.676  4039  4039 D MtkTvAppTVBase: Enter saveTimestamp
01-22 06:51:59.676  4039  4039 D TVNativeWrapper(Emu): AppTVsaveTimestamp_native  called
01-22 06:51:59.689  2604  2604 E HWComposer: Invalid layer type change: SolidColor --> Device
01-22 06:51:59.691  4039 18062 I TimeMeasurementAgent: Start ping...
01-22 06:51:59.691  4039 18062 I TimeMeasurementAgent: Start ping count = 0
01-22 06:51:59.691  4039 18062 I TimeMeasurementAgent: pingCommand = ping -w 3000 8.8.8.8
01-22 06:51:59.711  2578  2578 D gralloc : [mali_gralloc_ion_allocate():914] allocating buffer (1920, 1080) usage=0x2000b00, format=0x1, size=8294400, heap_type=4, ion_flags=0x0
01-22 06:51:59.711  2578  2578 D gralloc : [__mma_alloc_internal:93] data.tag_name = 'mali_gop_dma', size = 8294400, flag = 2
01-22 06:51:59.721 18041 18041 I TvDebugLog:: not print log
01-22 06:51:59.766 18041 18041 D MtkTvKeyEvent: KeyMap Reader init successful
01-22 06:51:59.769 18041 18041 D MtkTvKeyEvent: KeyMap Reader init successful
01-22 06:51:59.770 18041 18041 D MtkTvUtil: MtkTvUtil object created
01-22 06:51:59.770 18041 18041 D MtkTvHighLevel: MtkTvHighlevel object created
01-22 06:51:59.823  2694  2694 D MTK_KL  : 6,33054,359252674,-;usb 3-1: Dual-Role OTG device on non-HNP port
01-22 06:51:59.823  2694  2694 D MTK_KL  :  SUBSYSTEM=usb
01-22 06:51:59.823  2694  2694 D MTK_KL  :  DEVICE=+usb:3-1
01-22 06:51:59.828  3744  3769 I v.launcher.fal: Background concurrent copying GC freed 18240(1172KB) AllocSpace objects, 1(20KB) LOS objects, 24% free, 2MB/3MB, paused 315us total 103.370ms
01-22 06:51:59.837  2694  2694 D MTK_KL  : 6,33055,359268448,-;usb 3-1: New USB device found, idVendor=007a, idProduct=8888
01-22 06:51:59.837  2694  2694 D MTK_KL  :  SUBSYSTEM=usb
01-22 06:51:59.837  2694  2694 D MTK_KL  :  DEVICE=c189:281
01-22 06:51:59.837  2694  2694 D MTK_KL  : 6,33056,359268462,-;usb 3-1: New USB device strings: Mfr=16, Product=32, SerialNumber=0
01-22 06:51:59.837  2694  2694 D MTK_KL  :  SUBSYSTEM=usb
01-22 06:51:59.837  2694  2694 D MTK_KL  :  DEVICE=c189:281
01-22 06:51:59.837  2694  2694 D MTK_KL  : 6,33057,359268472,-;usb 3-1: Product: AltoBeam_WIFI
01-22 06:51:59.837  2694  2694 D MTK_KL  :  SUBSYSTEM=usb
01-22 06:51:59.837  2694  2694 D MTK_KL  :  DEVICE=c189:281
01-22 06:51:59.837  2694  2694 D MTK_KL  : 6,33058,359268480,-;usb 3-1: Manufacturer: AltoBeam inc.
01-22 06:51:59.837  2694  2694 D MTK_KL  :  SUBSYSTEM=usb
01-22 06:51:59.837  2694  2694 D MTK_KL  :  DEVICE=c189:281
01-22 06:51:59.868  2587  2587 E android.hardware.wifi@1.0-service: find supported device: Permission denied
01-22 06:51:59.868  2587  2587 E android.hardware.wifi@1.0-service: WIFI_ATBM_ATBM6022 = 0
01-22 06:51:59.868  2587  2587 E android.hardware.wifi@1.0-service: : Permission denied
01-22 06:51:59.868  2587  2587 E android.hardware.wifi@1.0-service: WIFI_MEDIATEK_MT7668U = 1
01-22 06:51:59.868  2587  2587 E android.hardware.wifi@1.0-service: : Permission denied
01-22 06:51:59.868  2587  2587 E android.hardware.wifi@1.0-service: set_wifi_type_property device_id id = 0
01-22 06:51:59.868  2587  2587 E android.hardware.wifi@1.0-service: : Permission denied
01-22 06:51:59.870  2664  2664 D fast_connect: get_wifi_device_num num = 0
01-22 06:51:59.871  2694  2694 D MTK_KL  : 11,33059,359302492,-;selinux: avc:  denied  { set } for property=vendor.mtk.wifi.driver pid=2587 uid=1010 gid=1010 scontext=u:r:hal_wifi_default:s0 tcontext=u:object_r:vendor_mtk_default_prop:s0 tclass=property_service permissive=0\x0a
01-22 06:51:59.871  2694  2694 D MTK_KL  : 11,33060,359302557,-;init: Unable to set property 'vendor.mtk.wifi.driver' to 'atbm6022' from uid:1010 gid:1010 pid:2587: SELinux permission check failed
01-22 06:51:59.871  2587  2587 W libc    : Unable to set property "vendor.mtk.wifi.driver" to "atbm6022": error code: 0x18
01-22 06:51:59.888  2363  2363 W auditd  : type=1404 audit(0.0:2399): enforcing=0 old_enforcing=1 auid=4294967295 ses=4294967295
01-22 06:51:59.895  2694  2694 D MTK_KL  : 38,33061,359326281,-;type=1400 audit(1579675913.574:2326): avc: denied { search } for pid=17807 comm="pidof" name="2588" dev="proc" ino=813 scontext=u:r:tvapiservice:s0 tcontext=u:r:hal_audio_mstar:s0 tclass=dir permissive=1
01-22 06:51:59.895  2694  2694 D MTK_KL  : 36,33062,359326321,-;type=1404 audit(1579675919.888:2399): enforcing=0 old_enforcing=1 auid=4294967295 ses=4294967295
01-22 06:51:59.902  2910  3374 I UsbDescriptorParser: Unknown Descriptor len: 3 type:0x9
01-22 06:51:59.935 18041 18041 F k.wwtv.tvcente: thread.cc:2148] No pending exception expected: java.lang.NoSuchMethodError: no static method "Lcom/mediatek/twoworlds/tv/TVCallback;.DO_notifyVideoInfoMessage(IIIIIII)I"
01-22 06:51:59.935 18041 18041 F k.wwtv.tvcente: thread.cc:2148]   at java.lang.String java.lang.Runtime.nativeLoad(java.lang.String, java.lang.ClassLoader) (Runtime.java:-2)
01-22 06:51:59.935 18041 18041 F k.wwtv.tvcente: thread.cc:2148]   at void java.lang.Runtime.loadLibrary0(java.lang.ClassLoader, java.lang.String) (Runtime.java:1014)
01-22 06:51:59.935 18041 18041 F k.wwtv.tvcente: thread.cc:2148]   at void java.lang.System.loadLibrary(java.lang.String) (System.java:1669)
01-22 06:51:59.935 18041 18041 F k.wwtv.tvcente: thread.cc:2148]   at void com.mediatek.twoworlds.tv.TVNative.<clinit>() (TVNative.java:76)
01-22 06:51:59.935 18041 18041 F k.wwtv.tvcente: thread.cc:2148]   at int com.mediatek.twoworlds.tv.TVNative.getConfigValue_native(int, java.lang.String) (TVNative.java:-2)
01-22 06:51:59.935 18041 18041 F k.wwtv.tvcente: thread.cc:2148]   at int com.mediatek.twoworlds.tv.TVNativeWrapper.getConfigValue_native(int, java.lang.String) (TVNativeWrapper.java:562)
01-22 06:51:59.935 18041 18041 F k.wwtv.tvcente: thread.cc:2148]   at int com.mediatek.twoworlds.tv.MtkTvConfigBase.getConfigValue(int, java.lang.String) (MtkTvConfigBase.java:423)
01-22 06:51:59.935 18041 18041 F k.wwtv.tvcente: thread.cc:2148]   at int com.mediatek.twoworlds.tv.MtkTvConfigBase.getConfigValue(java.lang.String) (MtkTvConfigBase.java:393)
01-22 06:51:59.935 18041 18041 F k.wwtv.tvcente: thread.cc:2148]   at java.lang.String com.mediatek.twoworlds.tv.MtkTvConfigBase.getCountry() (MtkTvConfigBase.java:301)
01-22 06:51:59.936 18041 18041 F k.wwtv.tvcente: thread.cc:2148]   at void com.mediatek.wwtv.tvcenter.util.CommonIntegration.initRatingSystem() (CommonIntegration.java:343)
01-22 06:51:59.936 18041 18041 F k.wwtv.tvcente: thread.cc:2148]   at void com.mediatek.wwtv.tvcenter.util.CommonIntegration.<init>() (CommonIntegration.java:339)
01-22 06:51:59.936 18041 18041 F k.wwtv.tvcente: thread.cc:2148]   at com.mediatek.wwtv.tvcenter.util.CommonIntegration com.mediatek.wwtv.tvcenter.util.CommonIntegration.getInstance() (CommonIntegration.java:390)
01-22 06:51:59.936 18041 18041 F k.wwtv.tvcente: thread.cc:2148]   at com.mediatek.wwtv.tvcenter.util.CommonIntegration com.mediatek.wwtv.tvcenter.util.DestroyApp.getCommonIntegration() (DestroyApp.java:266)
01-22 06:51:59.936 18041 18041 F k.wwtv.tvcente: thread.cc:2148]   at void com.mediatek.wwtv.tvcenter.util.DestroyApp.onCreate() (DestroyApp.java:126)
01-22 06:51:59.936 18041 18041 F k.wwtv.tvcente: thread.cc:2148]   at void android.app.Instrumentation.callApplicationOnCreate(android.app.Application) (Instrumentation.java:1154)
01-22 06:51:59.936 18041 18041 F k.wwtv.tvcente: thread.cc:2148]   at void android.app.ActivityThread.handleBindApplication(android.app.ActivityThread$AppBindData) (ActivityThread.java:5871)
01-22 06:51:59.937 18041 18041 F k.wwtv.tvcente: thread.cc:2148]   at void android.app.ActivityThread.access$1100(android.app.ActivityThread, android.app.ActivityThread$AppBindData) (ActivityThread.java:199)
01-22 06:51:59.937 18041 18041 F k.wwtv.tvcente: thread.cc:2148]   at void android.app.ActivityThread$H.handleMessage(android.os.Message) (ActivityThread.java:1650)
01-22 06:51:59.937 18041 18041 F k.wwtv.tvcente: thread.cc:2148]   at void android.os.Handler.dispatchMessage(android.os.Message) (Handler.java:106)
01-22 06:51:59.937 18041 18041 F k.wwtv.tvcente: thread.cc:2148]   at void android.os.Looper.loop() (Looper.java:193)
01-22 06:51:59.937 18041 18041 F k.wwtv.tvcente: thread.cc:2148]   at void android.app.ActivityThread.main(java.lang.String[]) (ActivityThread.java:6669)
01-22 06:51:59.937 18041 18041 F k.wwtv.tvcente: thread.cc:2148]   at java.lang.Object java.lang.reflect.Method.invoke(java.lang.Object, java.lang.Object[]) (Method.java:-2)
01-22 06:51:59.937 18041 18041 F k.wwtv.tvcente: thread.cc:2148]   at void com.android.internal.os.RuntimeInit$MethodAndArgsCaller.run() (RuntimeInit.java:493)
01-22 06:51:59.937 18041 18041 F k.wwtv.tvcente: thread.cc:2148]   at void com.android.internal.os.ZygoteInit.main(java.lang.String[]) (ZygoteInit.java:866)
01-22 06:51:59.937 18041 18041 F k.wwtv.tvcente: thread.cc:2148] 
01-22 06:51:59.955  2694  2694 D MTK_KL  : 3,33063,359385045,-;atbm_usb_module_init 0
01-22 06:51:59.955  2694  2694 D MTK_KL  : 4,33064,359385057,-;------------[ cut here ]------------
01-22 06:51:59.955  2694  2694 D MTK_KL  : 4,33065,359385324,-;WARNING: CPU: 0 PID: 2587 at /home/code/android/vendor/mediatek/proprietary_tv/apollo/linux_mts/ko_modules/wlan_driver/atbm_wifi/hal_apollo/apollo_usb.c:3333 init_module+0x4c/0x1000 [atbm_wifi]
01-22 06:51:59.955  2694  2694 D MTK_KL  : 4,33066,359385352,-;Modules linked in: atbm_wifi(O+) cfg80211 btmtk_usb(O) uhid firmware_class devnode dtv_driver(O) mstar_fbdev_mi(O) mali_kbase(O) mdrv_ldm(O) mdrv_tuner_si_2151 mik(O) misck(PO) mwgifker(PO) xcker(PO) hdcp2x(O) hdcp1x(O) iniparser(O) utpa2k(O) kdrv_hdr10plus_ref(O) kdrv_tch_vision(O) kdrv_alg(O) kdrv_xc(O) kdrv_platform(O) [last unloaded: atbm_wifi]
