01-22 06:52:00.935  2694  2694 D MTK_KL  : 38,33274,360366322,-;type=1400 audit(1579675920.928:2401): avc: denied { read } for pid=18143 comm="crash_dump32" name="alarm.db-shm" dev="mmcblk0p33" ino=1359 scontext=u:r:crash_dump:s0 tcontext=u:object_r:system_app_data_file:s0 tclass=file permissive=1
01-22 06:52:00.935  2694  2694 D MTK_KL  : 38,33275,360366361,-;type=1400 audit(1579675920.928:2402): avc: denied { open } for pid=18143 comm="crash_dump32" path="/data/data/com.mediatek.wwtv.tvcenter/databases/alarm.db-shm" dev="mmcblk0p33" ino=1359 scontext=u:r:crash_dump:s0 tcontext=u:object_r:system_app_data_file:s0 tclass=file permissive=1
01-22 06:52:00.935  2694  2694 D MTK_KL  : 38,33276,360366475,-;type=1400 audit(1579675920.928:2402): avc: denied { open } for pid=18143 comm="crash_dump32" path="/data/data/com.mediatek.wwtv.tvcenter/databases/alarm.db-shm" dev="mmcblk0p33" ino=1359 scontext=u:r:crash_dump:s0 tcontext=u:object_r:system_app_data_file:s0 tclass=file permissive=1
01-22 06:52:00.935  2694  2694 D MTK_KL  : 38,33277,360366506,-;type=1400 audit(1579675920.928:2403): avc: denied { getattr } for pid=18143 comm="crash_dump32" path="/data/data/com.mediatek.wwtv.tvcenter/databases/alarm.db-shm" dev="mmcblk0p33" ino=1359 scontext=u:r:crash_dump:s0 tcontext=u:object_r:system_app_data_file:s0 tclass=file permissive=1
01-22 06:52:01.087  2694  2694 D MTK_KL  : 31,33278,360516371,-;logd: logdr: UID=1000 GID=1000 PID=18143 n tail=50 logMask=8 pid=18041 start=0ns timeout=0ns
01-22 06:52:01.091  2694  2694 D MTK_KL  : 31,33279,360521005,-;logd: logdr: UID=1000 GID=1000 PID=18143 n tail=50 logMask=1 pid=18041 start=0ns timeout=0ns
01-22 06:52:01.211  2694  2694 D MTK_KL  : 31,33280,360642653,-;logd: logdr: UID=1000 GID=1000 PID=18143 n tail=0 logMask=8 pid=18041 start=0ns timeout=0ns
01-22 06:52:01.215  2694  2694 D MTK_KL  : 31,33281,360647375,-;logd: logdr: UID=1000 GID=1000 PID=18143 n tail=0 logMask=1 pid=18041 start=0ns timeout=0ns
01-22 06:52:01.239  2703  2703 E /system/bin/tombstoned: Tombstone written to: /data/tombstones/tombstone_39
01-22 06:52:01.251  2694  2694 D MTK_KL  : 4,33282,360680595,-;!!!!!!!!!!!!!!!!!!!!!! from bootargs CORE_DUMP_PATH is:/data/core_dump.%%p.gz
01-22 06:52:01.251  2694  2694 D MTK_KL  : 4,33283,360680605,-; you want a non-compress coredump file 
01-22 06:52:01.251  2694  2694 D MTK_KL  : 4,33284,360680611,-;!!!!!!!!!!!!!!!!!!!!!! from bootargs CORE_DUMP_PATH is:/dev/null
01-22 06:52:01.251  2694  2694 D MTK_KL  : 14,33285,360682954,-;init: Untracked pid 18143 exited with status 0
01-22 06:52:01.267  2694  2694 D MTK_KL  : 14,33286,360697893,-;init: Untracked pid 18155 exited with status 0
01-22 06:52:01.283  4039 18062 I TimeMeasurementAgent: Start ping count = 3
01-22 06:52:01.283  4039 18062 I TimeMeasurementAgent: pingCommand = ping -w 3000 8.8.8.8
01-22 06:52:01.292  2910  3710 I ActivityManager: Process com.mediatek.wwtv.tvcenter (pid 18041) has died: pers PER 
01-22 06:52:01.292  2910  3060 W libprocessgroup: kill(-18041, 9) failed: No such process
01-22 06:52:01.294  2910  3710 W ActivityManager: Re-adding persistent process ProcessRecord{7821005 18041:com.mediatek.wwtv.tvcenter/1000}
01-22 06:52:01.323  2604  2604 E HWComposer: Invalid layer type change: SolidColor --> Device
01-22 06:52:01.329  2910  3059 I ActivityManager: Start proc 18172:com.mediatek.wwtv.tvcenter/1000 for restart com.mediatek.wwtv.tvcenter
01-22 06:52:01.337  2910  3060 W libprocessgroup: kill(-18041, 9) failed: No such process
01-22 06:52:01.337  2910  3060 I libprocessgroup: Successfully killed process cgroup uid 1000 pid 18041 in 44ms
01-22 06:52:01.427 18172 18172 I MtkLog  : [MtkLog]not print log
01-22 06:52:01.466 18172 18172 I TvDebugLog:: not print log
01-22 06:52:01.488 18172 18172 D MtkTvKeyEvent: KeyMap Reader init successful
01-22 06:52:01.491 18172 18172 D MtkTvKeyEvent: KeyMap Reader init successful
01-22 06:52:01.491 18172 18172 D MtkTvUtil: MtkTvUtil object created
01-22 06:52:01.492 18172 18172 D MtkTvHighLevel: MtkTvHighlevel object created
01-22 06:52:01.524  2910  3068 I EthernetTracker: interfaceLinkStateChanged, iface: wlan0, up: false
01-22 06:52:01.524  2910  3068 D PppoeUtils: updateInterface: wlan0 link down
01-22 06:52:01.570 18172 18172 F k.wwtv.tvcente: thread.cc:2148] No pending exception expected: java.lang.NoSuchMethodError: no static method "Lcom/mediatek/twoworlds/tv/TVCallback;.DO_notifyVideoInfoMessage(IIIIIII)I"
01-22 06:52:01.570 18172 18172 F k.wwtv.tvcente: thread.cc:2148]   at java.lang.String java.lang.Runtime.nativeLoad(java.lang.String, java.lang.ClassLoader) (Runtime.java:-2)
01-22 06:52:01.570 18172 18172 F k.wwtv.tvcente: thread.cc:2148]   at void java.lang.Runtime.loadLibrary0(java.lang.ClassLoader, java.lang.String) (Runtime.java:1014)
01-22 06:52:01.570 18172 18172 F k.wwtv.tvcente: thread.cc:2148]   at void java.lang.System.loadLibrary(java.lang.String) (System.java:1669)
01-22 06:52:01.570 18172 18172 F k.wwtv.tvcente: thread.cc:2148]   at void com.mediatek.twoworlds.tv.TVNative.<clinit>() (TVNative.java:76)
01-22 06:52:01.570 18172 18172 F k.wwtv.tvcente: thread.cc:2148]   at int com.mediatek.twoworlds.tv.TVNative.getConfigValue_native(int, java.lang.String) (TVNative.java:-2)
01-22 06:52:01.570 18172 18172 F k.wwtv.tvcente: thread.cc:2148]   at int com.mediatek.twoworlds.tv.TVNativeWrapper.getConfigValue_native(int, java.lang.String) (TVNativeWrapper.java:562)
01-22 06:52:01.570 18172 18172 F k.wwtv.tvcente: thread.cc:2148]   at int com.mediatek.twoworlds.tv.MtkTvConfigBase.getConfigValue(int, java.lang.String) (MtkTvConfigBase.java:423)
01-22 06:52:01.570 18172 18172 F k.wwtv.tvcente: thread.cc:2148]   at int com.mediatek.twoworlds.tv.MtkTvConfigBase.getConfigValue(java.lang.String) (MtkTvConfigBase.java:393)
01-22 06:52:01.570 18172 18172 F k.wwtv.tvcente: thread.cc:2148]   at java.lang.String com.mediatek.twoworlds.tv.MtkTvConfigBase.getCountry() (MtkTvConfigBase.java:301)
01-22 06:52:01.570 18172 18172 F k.wwtv.tvcente: thread.cc:2148]   at void com.mediatek.wwtv.tvcenter.util.CommonIntegration.initRatingSystem() (CommonIntegration.java:343)
01-22 06:52:01.570 18172 18172 F k.wwtv.tvcente: thread.cc:2148]   at void com.mediatek.wwtv.tvcenter.util.CommonIntegration.<init>() (CommonIntegration.java:339)
01-22 06:52:01.570 18172 18172 F k.wwtv.tvcente: thread.cc:2148]   at com.mediatek.wwtv.tvcenter.util.CommonIntegration com.mediatek.wwtv.tvcenter.util.CommonIntegration.getInstance() (CommonIntegration.java:390)
01-22 06:52:01.570 18172 18172 F k.wwtv.tvcente: thread.cc:2148]   at com.mediatek.wwtv.tvcenter.util.CommonIntegration com.mediatek.wwtv.tvcenter.util.DestroyApp.getCommonIntegration() (DestroyApp.java:266)
01-22 06:52:01.570 18172 18172 F k.wwtv.tvcente: thread.cc:2148]   at void com.mediatek.wwtv.tvcenter.util.DestroyApp.onCreate() (DestroyApp.java:126)
01-22 06:52:01.570 18172 18172 F k.wwtv.tvcente: thread.cc:2148]   at void android.app.Instrumentation.callApplicationOnCreate(android.app.Application) (Instrumentation.java:1154)
01-22 06:52:01.570 18172 18172 F k.wwtv.tvcente: thread.cc:2148]   at void android.app.ActivityThread.handleBindApplication(android.app.ActivityThread$AppBindData) (ActivityThread.java:5871)
01-22 06:52:01.570 18172 18172 F k.wwtv.tvcente: thread.cc:2148]   at void android.app.ActivityThread.access$1100(android.app.ActivityThread, android.app.ActivityThread$AppBindData) (ActivityThread.java:199)
01-22 06:52:01.570 18172 18172 F k.wwtv.tvcente: thread.cc:2148]   at void android.app.ActivityThread$H.handleMessage(android.os.Message) (ActivityThread.java:1650)
01-22 06:52:01.570 18172 18172 F k.wwtv.tvcente: thread.cc:2148]   at void android.os.Handler.dispatchMessage(android.os.Message) (Handler.java:106)
01-22 06:52:01.571 18172 18172 F k.wwtv.tvcente: thread.cc:2148]   at void android.os.Looper.loop() (Looper.java:193)
01-22 06:52:01.571 18172 18172 F k.wwtv.tvcente: thread.cc:2148]   at void android.app.ActivityThread.main(java.lang.String[]) (ActivityThread.java:6669)
01-22 06:52:01.571 18172 18172 F k.wwtv.tvcente: thread.cc:2148]   at java.lang.Object java.lang.reflect.Method.invoke(java.lang.Object, java.lang.Object[]) (Method.java:-2)
01-22 06:52:01.571 18172 18172 F k.wwtv.tvcente: thread.cc:2148]   at void com.android.internal.os.RuntimeInit$MethodAndArgsCaller.run() (RuntimeInit.java:493)
01-22 06:52:01.571 18172 18172 F k.wwtv.tvcente: thread.cc:2148]   at void com.android.internal.os.ZygoteInit.main(java.lang.String[]) (ZygoteInit.java:866)
01-22 06:52:01.571 18172 18172 F k.wwtv.tvcente: thread.cc:2148] 
01-22 06:52:01.701  2910  3710 D WificondControl: Scan result ready event
01-22 06:52:01.702  2910  3068 I EthernetTracker: interfaceLinkStateChanged, iface: wlan0, up: false
01-22 06:52:01.702  2910  3068 D PppoeUtils: updateInterface: wlan0 link down
01-22 06:52:01.703  2694  2694 D MTK_KL  : 4,33287,361132973,-;hw_priv->scan.status 0
01-22 06:52:01.703  2694  2694 D MTK_KL  : 3,33288,361133173,-;atbm_scan_work:end(0)
01-22 06:52:01.703  2694  2694 D MTK_KL  : 3,33289,361133217,-;atbm_config:oper_channel action
01-22 06:52:01.703  2694  2694 D MTK_KL  : 3,33290,361133226,-;atbm_config:channel not chage(bf436664)(0)
01-22 06:52:01.719  2910  3310 D WifiStateMachine: CMD_START_CONNECT sup state UninitializedState my state DisconnectedState nid=0 roam=false
01-22 06:52:01.720  2910  3310 I WifiStateMachine: Connecting with c0:8a:cd:83:dd:98 as the mac address
01-22 06:52:01.721  2662  2662 W wificond: Scan is not started. Ignore abort request
01-22 06:52:01.721  2910  3310 D SupplicantStaIfaceHal: connectToNetwork "CVTE"WPA_PSK
01-22 06:52:01.722  2910  3310 I SupplicantStaIfaceHal: addSupplicantStaNetwork via HIDL
01-22 06:52:01.776 18107 18107 I wpa_supplicant: wlan0: SME: Trying to authenticate with 54:75:95:72:e3:55 (SSID='CVTE' freq=2442 MHz)
01-22 06:52:01.779  2694  2694 D MTK_KL  : 3,33291,361209019,-;wlan0:assign authen bss[d64c2148]
01-22 06:52:01.782  2910  3057 W BroadcastQueue: Background execution not allowed: receiving Intent { act=android.net.wifi.STATE_CHANGE flg=0x4000010 (has extras) } to com.cvte.tv.ucservice/.receiver.NetworkReceiver
01-22 06:52:01.792  2694  2694 D MTK_KL  : 3,33292,361223940,-;ieee80211_mgd_auth:(54:75:95:72:e3:55),ssid(CVTE)
01-22 06:52:01.792  2694  2694 D MTK_KL  : 3,33293,361223984,-;__ieee80211_recalc_idle:authenning keep alive
01-22 06:52:01.792  2694  2694 D MTK_KL  : 3,33294,361223999,-;ieee80211_work_work:start work ch(7)(2)
01-22 06:52:01.792  2694  2694 D MTK_KL  : 3,33295,361224008,-;atbm_config:tmp_channel action
01-22 06:52:01.792  2694  2694 D MTK_KL  : 3,33296,361224015,-;wlan0:not join or not ap mode
01-22 06:52:01.792  2694  2694 D MTK_KL  : 3,33297,361224022,-;p2p0:not join or not ap mode
01-22 06:52:01.792  2694  2694 D MTK_KL  : 3,33298,361224034,-;wlan0: authenticate with 54:75:95:72:e3:55 (try 1)
01-22 06:52:01.792  2694  2694 D MTK_KL  : 7,33299,361224047,-;ieee80211_send_auth 1082 transaction =1,key_idx 0,key <(null)> 
01-22 06:52:01.793  2694  2694 D MTK_KL  : 3,33300,361224064,-;__atbm_tx:authen, delay suspend
01-22 06:52:01.793  2694  2694 D MTK_KL  : 3,33301,361224080,-;atbm_rate_control_send_low:supp_rates_len(12),rate_index(0)
01-22 06:52:01.793  2694  2694 D MTK_KL  : 3,33302,361224086,-;atbm_rate_control_send_low:suport_rates(fff),rate_index(0)
01-22 06:52:01.793  2694  2694 D MTK_KL  : 7,33303,361224092,-;__atbm_tx:not data(d776b7d4)(256)
01-22 06:52:01.793  2694  2694 D MTK_KL  : 3,33304,361224120,-;[WSM] Issue join command.
01-22 06:52:01.793  2694  2694 D MTK_KL  : 3,33305,361224145,-;__ieee80211_recalc_idle:authenning keep alive
01-22 06:52:01.793  2694  2694 D MTK_KL  : 7,33306,361224383,-;wsm_set_block_ack_policy:blockAckTxTidPolicy(0),blockAckRxTidPolicy(ff),if_id(0)
01-22 06:52:01.793  2694  2694 D MTK_KL  : 3,33307,361224645,-;atbm_join_work:ch(7),chtype(0),if_id(0)
01-22 06:52:01.799  4039 18062 I TimeMeasurementAgent: Start ping count = 4
01-22 06:52:01.799  4039 18062 I TimeMeasurementAgent: pingCommand = ping -w 3000 8.8.8.8
01-22 06:52:01.803  3744  3744 E ProviderDownloader: queryPluginUpdate error
01-22 06:52:01.863  2694  2694 D MTK_KL  : 3,33308,361293996,-;atbm_join_work:enable combination mode
01-22 06:52:01.863  2694  2694 D MTK_KL  : 3,33309,361294009,-;atbm_set_priv_queue_cap:[0],queue_cap[224]
01-22 06:52:01.863  2694  2694 D MTK_KL  : 3,33310,361294015,-;atbm_join_work:end
01-22 06:52:01.867  2694  2694 D MTK_KL  : 3,33311,361297812,-;__ieee80211_recalc_idle:authenning keep alive
01-22 06:52:01.867  2694  2694 D MTK_KL  : 3,33312,361297823,-;__ieee80211_recalc_idle:authenning keep alive
01-22 06:52:01.867  2694  2694 D MTK_KL  : 3,33313,361300098,-;wlan0: authenticated
01-22 06:52:01.867 18107 18107 I wpa_supplicant: wlan0: Trying to associate with 54:75:95:72:e3:55 (SSID='CVTE' freq=2442 MHz)
01-22 06:52:01.871  2694  2694 D MTK_KL  : 3,33314,361300170,-;__ieee80211_recalc_idle:authenning keep alive
01-22 06:52:01.871  2694  2694 D MTK_KL  : 3,33315,361300181,-;__ieee80211_recalc_idle:authenning keep alive
01-22 06:52:01.871  2694  2694 D MTK_KL  : 3,33316,361300657,-;sta_info_set_mgmt_suit:sta->mic_len(16)
01-22 06:52:01.871  2694  2694 D MTK_KL  : 3,33317,361300682,-;ieee80211_start_connecting_work:bssid(54:75:95:72:e3:55)
01-22 06:52:01.871  2694  2694 D MTK_KL  : 3,33318,361300689,-;__ieee80211_recalc_idle:authenning keep alive
01-22 06:52:01.871  2694  2694 D MTK_KL  : 3,33319,361300698,-;ieee80211_work_work:start work ch(7)(4)
01-22 06:52:01.871  2694  2694 D MTK_KL  : 7,33320,361300707,-;wlan0: associate with 54:75:95:72:e3:55 (try 1)
01-22 06:52:01.871  2694  2694 D MTK_KL  : 3,33321,361300734,-;atbm_rate_control_send_low:supp_rates_len(12),rate_index(0)
01-22 06:52:01.871  2694  2694 D MTK_KL  : 3,33322,361300741,-;atbm_rate_control_send_low:suport_rates(fff),rate_index(0)
01-22 06:52:01.871  2694  2694 D MTK_KL  : 7,33323,361300747,-;__atbm_tx:not data(d152d254)(256)
01-22 06:52:01.871  2694  2694 D MTK_KL  : 3,33324,361300800,-;__ieee80211_recalc_idle:authenning keep alive
01-22 06:52:01.891  2694  2694 D MTK_KL  : 3,33325,361319888,-;wlan0:free authen bss[d64c2148]
01-22 06:52:01.891  2694  2694 D MTK_KL  : 3,33326,361319941,-;ieee80211_work_work:not start work ch(7)
01-22 06:52:01.951  2694  2694 D MTK_KL  : 7,33327,361381214,-;wlan0: RX AssocResp from 54:75:95:72:e3:55 (capab=0x431 status=0 aid=4)
01-22 06:52:01.951  2694  2694 D MTK_KL  : 7,33328,361381227,-;wlan0: associated
01-22 06:52:01.951  2694  2694 D MTK_KL  : 3,33329,361383038,-;atbm_config:oper_channel action
01-22 06:52:01.951  2694  2694 D MTK_KL  : 3,33330,361383052,-;atbm_config:chatype(2),channelNumber(7)
01-22 06:52:02.009 18172 18172 F k.wwtv.tvcente: runtime.cc:558] Runtime aborting...
01-22 06:52:02.009 18172 18172 F k.wwtv.tvcente: runtime.cc:558] Dumping all threads without appropriate locks held: thread list lock
01-22 06:52:02.009 18172 18172 F k.wwtv.tvcente: runtime.cc:558] All threads:
01-22 06:52:02.009 18172 18172 F k.wwtv.tvcente: runtime.cc:558] DALVIK THREADS (13):
01-22 06:52:02.009 18172 18172 F k.wwtv.tvcente: runtime.cc:558] "main" prio=5 tid=1 Runnable
01-22 06:52:02.009 18172 18172 F k.wwtv.tvcente: runtime.cc:558]   | group="" sCount=0 dsCount=0 flags=4 obj=0x74014000 self=0xb1b51000
01-22 06:52:02.009 18172 18172 F k.wwtv.tvcente: runtime.cc:558]   | sysTid=18172 nice=0 cgrp=default sched=0/0 handle=0xb5d0a494
01-22 06:52:02.009 18172 18172 F k.wwtv.tvcente: runtime.cc:558]   | state=R schedstat=( 225907670 5428665 241 ) utm=13 stm=8 core=2 HZ=100
01-22 06:52:02.010 18172 18172 F k.wwtv.tvcente: runtime.cc:558]   | stack=0xbdc52000-0xbdc54000 stackSize=8MB
01-22 06:52:02.010 18172 18172 F k.wwtv.tvcente: runtime.cc:558]   | held mutexes= "abort lock" "mutator lock"(shared held)
01-22 06:52:02.010 18172 18172 F k.wwtv.tvcente: runtime.cc:558]   native: #00 pc 002dfc57  /system/lib/libart.so (art::DumpNativeStack(std::__1::basic_ostream<char, std::__1::char_traits<char>>&, int, BacktraceMap*, char const*, art::ArtMethod*, void*, bool)+134)
01-22 06:52:02.010 18172 18172 F k.wwtv.tvcente: runtime.cc:558]   native: #01 pc 003776f7  /system/lib/libart.so (art::Thread::DumpStack(std::__1::basic_ostream<char, std::__1::char_traits<char>>&, bool, BacktraceMap*, bool) const+210)
01-22 06:52:02.010 18172 18172 F k.wwtv.tvcente: runtime.cc:558]   native: #02 pc 00373d13  /system/lib/libart.so (art::Thread::Dump(std::__1::basic_ostream<char, std::__1::char_traits<char>>&, bool, BacktraceMap*, bool) const+34)
01-22 06:52:02.010 18172 18172 F k.wwtv.tvcente: runtime.cc:558]   native: #03 pc 0038d02b  /system/lib/libart.so (art::DumpCheckpoint::Run(art::Thread*)+674)
01-22 06:52:02.010 18172 18172 F k.wwtv.tvcente: runtime.cc:558]   native: #04 pc 00387231  /system/lib/libart.so (art::ThreadList::RunCheckpoint(art::Closure*, art::Closure*)+320)
01-22 06:52:02.010 18172 18172 F k.wwtv.tvcente: runtime.cc:558]   native: #05 pc 00386779  /system/lib/libart.so (art::ThreadList::Dump(std::__1::basic_ostream<char, std::__1::char_traits<char>>&, bool)+384)
01-22 06:52:02.010 18172 18172 F k.wwtv.tvcente: runtime.cc:558]   native: #06 pc 00355c2b  /system/lib/libart.so (art::Runtime::Abort(char const*)+346)
01-22 06:52:02.010 18172 18172 F k.wwtv.tvcente: runtime.cc:558]   native: #07 pc 000071c7  /system/lib/libbase.so (android::base::LogMessage::~LogMessage()+502)
01-22 06:52:02.010 18172 18172 F k.wwtv.tvcente: runtime.cc:558]   native: #08 pc 0037bae3  /system/lib/libart.so (art::Thread::AssertNoPendingException() const+854)
01-22 06:52:02.010 18172 18172 F k.wwtv.tvcente: runtime.cc:558]   native: #09 pc 000dd245  /system/lib/libart.so (art::ClassLinker::FindClass(art::Thread*, char const*, art::Handle<art::mirror::ClassLoader>)+28)
01-22 06:52:02.010 18172 18172 F k.wwtv.tvcente: runtime.cc:558]   native: #10 pc 00265f4b  /system/lib/libart.so (art::JNI::FindClass(_JNIEnv*, char const*)+1018)
01-22 06:52:02.010 18172 18172 F k.wwtv.tvcente: runtime.cc:558]   native: #11 pc 00023b79  /vendor/lib/libcom_mediatek_twoworlds_tv_jni.so (jni_callback_class+140)
01-22 06:52:02.010 18172 18172 F k.wwtv.tvcente: runtime.cc:558]   native: #12 pc 00023baf  /vendor/lib/libcom_mediatek_twoworlds_tv_jni.so (init_jni_single_def+26)
01-22 06:52:02.010 18172 18172 F k.wwtv.tvcente: runtime.cc:558]   native: #13 pc 00023ad5  /vendor/lib/libcom_mediatek_twoworlds_tv_jni.so (jni_class_util_init+44)
01-22 06:52:02.010 18172 18172 F k.wwtv.tvcente: runtime.cc:558]   native: #14 pc 000239c7  /vendor/lib/libcom_mediatek_twoworlds_tv_jni.so (JNI_OnLoad+106)
01-22 06:52:02.010 18172 18172 F k.wwtv.tvcente: runtime.cc:558]   native: #15 pc 00237c19  /system/lib/libart.so (art::JavaVMExt::LoadNativeLibrary(_JNIEnv*, std::__1::basic_string<char, std::__1::char_traits<char>, std::__1::allocator<char>> const&, _jobject*, std::__1::basic_string<char, std::__1::char_traits<char>, std::__1::allocator<char>>*)+2484)
01-22 06:52:02.010 18172 18172 F k.wwtv.tvcente: runtime.cc:558]   native: #16 pc 00002f73  /system/lib/libopenjdkjvm.so (JVM_NativeLoad+230)
01-22 06:52:02.010 18172 18172 F k.wwtv.tvcente: runtime.cc:558]   at java.lang.Runtime.nativeLoad(Native method)
01-22 06:52:02.010 18172 18172 F k.wwtv.tvcente: runtime.cc:558]   at java.lang.Runtime.loadLibrary0(Runtime.java:1014)
01-22 06:52:02.010 18172 18172 F k.wwtv.tvcente: runtime.cc:558]   - locked <0x0d0ea1f7> (a java.lang.Runtime)
01-22 06:52:02.010 18172 18172 F k.wwtv.tvcente: runtime.cc:558]   at java.lang.System.loadLibrary(System.java:1669)
01-22 06:52:02.010 18172 18172 F k.wwtv.tvcente: runtime.cc:558]   at com.mediatek.twoworlds.tv.TVNative.<clinit>(TVNative.java:76)
01-22 06:52:02.010 18172 18172 F k.wwtv.tvcente: runtime.cc:558]   at com.mediatek.twoworlds.tv.TVNative.getConfigValue_native(Native method)
01-22 06:52:02.010 18172 18172 F k.wwtv.tvcente: runtime.cc:558]   at com.mediatek.twoworlds.tv.TVNativeWrapper.getConfigValue_native(TVNativeWrapper.java:562)
01-22 06:52:02.010 18172 18172 F k.wwtv.tvcente: runtime.cc:558]   at com.mediatek.twoworlds.tv.MtkTvConfigBase.getConfigValue(MtkTvConfigBase.java:423)
01-22 06:52:02.010 18172 18172 F k.wwtv.tvcente: runtime.cc:558]   at com.mediatek.twoworlds.tv.MtkTvConfigBase.getConfigValue(MtkTvConfigBase.java:393)
01-22 06:52:02.010 18172 18172 F k.wwtv.tvcente: runtime.cc:558]   at com.mediatek.twoworlds.tv.MtkTvConfigBase.getCountry(MtkTvConfigBase.java:301)
01-22 06:52:02.010 18172 18172 F k.wwtv.tvcente: runtime.cc:558]   at com.mediatek.wwtv.tvcenter.util.CommonIntegration.initRatingSystem(CommonIntegration.java:343)
01-22 06:52:02.010 18172 18172 F k.wwtv.tvcente: runtime.cc:558]   at com.mediatek.wwtv.tvcenter.util.CommonIntegration.<init>(CommonIntegration.java:339)
01-22 06:52:02.010 18172 18172 F k.wwtv.tvcente: runtime.cc:558]   at com.mediatek.wwtv.tvcenter.util.CommonIntegration.getInstance(CommonIntegration.java:390)
01-22 06:52:02.010 18172 18172 F k.wwtv.tvcente: runtime.cc:558]   at com.mediatek.wwtv.tvcenter.util.DestroyApp.getCommonIntegration(DestroyApp.java:266)
01-22 06:52:02.010 18172 18172 F k.wwtv.tvcente: runtime.cc:558]   at com.mediatek.wwtv.tvcenter.util.DestroyApp.onCreate(DestroyApp.java:126)
01-22 06:52:02.010 18172 18172 F k.wwtv.tvcente: runtime.cc:558]   at android.app.Instrumentation.callApplicationOnCreate(Instrumentation.java:1154)
01-22 06:52:02.010 18172 18172 F k.wwtv.tvcente: runtime.cc:558]   at android.app.ActivityThread.handleBindApplication(ActivityThread.java:5871)
01-22 06:52:02.010 18172 18172 F k.wwtv.tvcente: runtime.cc:558]   at android.app.ActivityThread.access$1100(ActivityThread.java:199)
01-22 06:52:02.010 18172 18172 F k.wwtv.tvcente: runtime.cc:558]   at android.app.ActivityThread$H.handleMessage(ActivityThread.java:1650)
01-22 06:52:02.010 18172 18172 F k.wwtv.tvcente: runtime.cc:558]   at android.os.Handler.dispatchMessage(Handler.java:106)
01-22 06:52:02.010 18172 18172 F k.wwtv.tvcente: runtime.cc:558]   at android.os.Looper.loop(Looper.java:193)
01-22 06:52:02.010 18172 18172 F k.wwtv.tvcente: runtime.cc:558]   at android.app.ActivityThread.main(ActivityThread.java:6669)
01-22 06:52:02.010 18172 18172 F k.wwtv.tvcente: runtime.cc:558]   at java.lang.reflect.Method.invoke(Native method)
01-22 06:52:02.010 18172 18172 F k.wwtv.tvcente: runtime.cc:558]   at com.android.internal.os.RuntimeInit$MethodAndArgsCaller.run(RuntimeInit.java:493)
01-22 06:52:02.010 18172 18172 F k.wwtv.tvcente: runtime.cc:558]   at com.android.internal.os.ZygoteInit.main(ZygoteInit.java:866)
01-22 06:52:02.010 18172 18172 F k.wwtv.tvcente: runtime.cc:558] 
01-22 06:52:02.010 18172 18172 F k.wwtv.tvcente: runtime.cc:558] "Jit thread pool worker thread 0" prio=5 tid=2 Native
01-22 06:52:02.010 18172 18172 F k.wwtv.tvcente: runtime.cc:558]   | group="" sCount=1 dsCount=0 flags=1 obj=0x130c0e80 self=0xb1b51c00
01-22 06:52:02.010 18172 18172 F k.wwtv.tvcente: runtime.cc:558]   | sysTid=18177 nice=9 cgrp=default sched=0/0 handle=0xac259970
01-22 06:52:02.010 18172 18172 F k.wwtv.tvcente: runtime.cc:558]   | state=S schedstat=( 88946418 3643500 88 ) utm=6 stm=2 core=3 HZ=100
01-22 06:52:02.010 18172 18172 F k.wwtv.tvcente: runtime.cc:558]   | stack=0xac15b000-0xac15d000 stackSize=1022KB
01-22 06:52:02.010 18172 18172 F k.wwtv.tvcente: runtime.cc:558]   | held mutexes=
01-22 06:52:02.010 18172 18172 F k.wwtv.tvcente: runtime.cc:558]   native: #00 pc 00019d54  /system/lib/libc.so (syscall+28)
01-22 06:52:02.010 18172 18172 F k.wwtv.tvcente: runtime.cc:558]   native: #01 pc 000a6c63  /system/lib/libart.so (art::ConditionVariable::WaitHoldingLocks(art::Thread*)+86)
01-22 06:52:02.010 18172 18172 F k.wwtv.tvcente: runtime.cc:558]   native: #02 pc 0038e213  /system/lib/libart.so (art::ThreadPool::GetTask(art::Thread*)+170)
01-22 06:52:02.010 18172 18172 F k.wwtv.tvcente: runtime.cc:558]   native: #03 pc 0038dac7  /system/lib/libart.so (art::ThreadPoolWorker::Run()+62)
01-22 06:52:02.010 18172 18172 F k.wwtv.tvcente: runtime.cc:558]   native: #04 pc 0038d6fd  /system/lib/libart.so (art::ThreadPoolWorker::Callback(void*)+92)
01-22 06:52:02.010 18172 18172 F k.wwtv.tvcente: runtime.cc:558]   native: #05 pc 00063a05  /system/lib/libc.so (__pthread_start(void*)+22)
01-22 06:52:02.010 18172 18172 F k.wwtv.tvcente: runtime.cc:558]   native: #06 pc 0001df75  /system/lib/libc.so (__start_thread+22)
01-22 06:52:02.010 18172 18172 F k.wwtv.tvcente: runtime.cc:558]   (no managed stack frames)
01-22 06:52:02.010 18172 18172 F k.wwtv.tvcente: runtime.cc:558] 
01-22 06:52:02.010 18172 18172 F k.wwtv.tvcente: runtime.cc:558] "Signal Catcher" prio=5 tid=3 WaitingInMainSignalCatcherLoop
01-22 06:52:02.010 18172 18172 F k.wwtv.tvcente: runtime.cc:558]   | group="" sCount=1 dsCount=0 flags=1 obj=0x130c0f08 self=0xb1b52200
01-22 06:52:02.011 18172 18172 F k.wwtv.tvcente: runtime.cc:558]   | sysTid=18178 nice=0 cgrp=default sched=0/0 handle=0xac158970
01-22 06:52:02.011 18172 18172 F k.wwtv.tvcente: runtime.cc:558]   | state=S schedstat=( 223584 0 3 ) utm=0 stm=0 core=1 HZ=100
01-22 06:52:02.011 18172 18172 F k.wwtv.tvcente: runtime.cc:558]   | stack=0xac05d000-0xac05f000 stackSize=1010KB
01-22 06:52:02.011 18172 18172 F k.wwtv.tvcente: runtime.cc:558]   | held mutexes=
01-22 06:52:02.011 18172 18172 F k.wwtv.tvcente: runtime.cc:558]   native: #00 pc 00053ef4  /system/lib/libc.so (__rt_sigtimedwait+12)
01-22 06:52:02.011 18172 18172 F k.wwtv.tvcente: runtime.cc:558]   native: #01 pc 00024de7  /system/lib/libc.so (sigwait+38)
01-22 06:52:02.011 18172 18172 F k.wwtv.tvcente: runtime.cc:558]   native: #02 pc 00369357  /system/lib/libart.so (art::SignalCatcher::WaitForSignal(art::Thread*, art::SignalSet&)+190)
01-22 06:52:02.011 18172 18172 F k.wwtv.tvcente: runtime.cc:558]   native: #03 pc 00368219  /system/lib/libart.so (art::SignalCatcher::Run(void*)+192)
01-22 06:52:02.011 18172 18172 F k.wwtv.tvcente: runtime.cc:558]   native: #04 pc 00063a05  /system/lib/libc.so (__pthread_start(void*)+22)
01-22 06:52:02.011 18172 18172 F k.wwtv.tvcente: runtime.cc:558]   native: #05 pc 0001df75  /system/lib/libc.so (__start_thread+22)
01-22 06:52:02.011 18172 18172 F k.wwtv.tvcente: runtime.cc:558]   (no managed stack frames)
01-22 06:52:02.011 18172 18172 F k.wwtv.tvcente: runtime.cc:558] 
01-22 06:52:02.011 18172 18172 F k.wwtv.tvcente: runtime.cc:558] "ADB-JDWP Connection Control Thread" prio=5 tid=4 WaitingInMainDebuggerLoop
01-22 06:52:02.011 18172 18172 F k.wwtv.tvcente: runtime.cc:558]   | group="" sCount=1 dsCount=0 flags=1 obj=0x130c0f90 self=0xb1b52800
01-22 06:52:02.011 18172 18172 F k.wwtv.tvcente: runtime.cc:558]   | sysTid=18179 nice=0 cgrp=default sched=0/0 handle=0xa6679970
01-22 06:52:02.011 18172 18172 F k.wwtv.tvcente: runtime.cc:558]   | state=S schedstat=( 639499 0 7 ) utm=0 stm=0 core=0 HZ=100
01-22 06:52:02.011 18172 18172 F k.wwtv.tvcente: runtime.cc:558]   | stack=0xa657e000-0xa6580000 stackSize=1010KB
01-22 06:52:02.011 18172 18172 F k.wwtv.tvcente: runtime.cc:558]   | held mutexes=
01-22 06:52:02.011 18172 18172 F k.wwtv.tvcente: runtime.cc:558]   native: #00 pc 00053d9c  /system/lib/libc.so (__ppoll+20)
01-22 06:52:02.011 18172 18172 F k.wwtv.tvcente: runtime.cc:558]   native: #01 pc 00023431  /system/lib/libc.so (poll+48)
01-22 06:52:02.011 18172 18172 F k.wwtv.tvcente: runtime.cc:558]   native: #02 pc 000055f3  /system/lib/libadbconnection.so (adbconnection::AdbConnectionState::RunPollLoop(art::Thread*)+662)
01-22 06:52:02.011 18172 18172 F k.wwtv.tvcente: runtime.cc:558]   native: #03 pc 0000418b  /system/lib/libadbconnection.so (adbconnection::CallbackFunction(void*)+770)
01-22 06:52:02.011 18172 18172 F k.wwtv.tvcente: runtime.cc:558]   native: #04 pc 00063a05  /system/lib/libc.so (__pthread_start(void*)+22)
01-22 06:52:02.011 18172 18172 F k.wwtv.tvcente: runtime.cc:558]   native: #05 pc 0001df75  /system/lib/libc.so (__start_thread+22)
01-22 06:52:02.011 18172 18172 F k.wwtv.tvcente: runtime.cc:558]   (no managed stack frames)
01-22 06:52:02.011 18172 18172 F k.wwtv.tvcente: runtime.cc:558] 
01-22 06:52:02.011 18172 18172 F k.wwtv.tvcente: runtime.cc:558] "ReferenceQueueDaemon" prio=5 tid=5 Waiting
01-22 06:52:02.011 18172 18172 F k.wwtv.tvcente: runtime.cc:558]   | group="" sCount=1 dsCount=0 flags=1 obj=0x130c1018 self=0xb1b52e00
01-22 06:52:02.011 18172 18172 F k.wwtv.tvcente: runtime.cc:558]   | sysTid=18180 nice=4 cgrp=default sched=0/0 handle=0xa657b970
01-22 06:52:02.011 18172 18172 F k.wwtv.tvcente: runtime.cc:558]   | state=S schedstat=( 634750 0 14 ) utm=0 stm=0 core=2 HZ=100
01-22 06:52:02.011 18172 18172 F k.wwtv.tvcente: runtime.cc:558]   | stack=0xa6478000-0xa647a000 stackSize=1042KB
01-22 06:52:02.011 18172 18172 F k.wwtv.tvcente: runtime.cc:558]   | held mutexes=
01-22 06:52:02.011 18172 18172 F k.wwtv.tvcente: runtime.cc:558]   native: #00 pc 00019d54  /system/lib/libc.so (syscall+28)
01-22 06:52:02.011 18172 18172 F k.wwtv.tvcente: runtime.cc:558]   native: #01 pc 000a6c63  /system/lib/libart.so (art::ConditionVariable::WaitHoldingLocks(art::Thread*)+86)
01-22 06:52:02.011 18172 18172 F k.wwtv.tvcente: runtime.cc:558]   native: #02 pc 002dc41d  /system/lib/libart.so (art::Monitor::Wait(art::Thread*, long long, int, bool, art::ThreadState)+540)
01-22 06:52:02.011 18172 18172 F k.wwtv.tvcente: runtime.cc:558]   native: #03 pc 002dd995  /system/lib/libart.so (art::Monitor::Wait(art::Thread*, art::mirror::Object*, long long, int, bool, art::ThreadState)+320)
01-22 06:52:02.011 18172 18172 F k.wwtv.tvcente: runtime.cc:558]   native: #04 pc 002f23d9  /system/lib/libart.so (art::Object_wait(_JNIEnv*, _jobject*)+32)
01-22 06:52:02.011 18172 18172 F k.wwtv.tvcente: runtime.cc:558]   at java.lang.Object.wait(Native method)
01-22 06:52:02.011 18172 18172 F k.wwtv.tvcente: runtime.cc:558]   - waiting on <0x009e6864> (a java.lang.Class<java.lang.ref.ReferenceQueue>)
01-22 06:52:02.011 18172 18172 F k.wwtv.tvcente: runtime.cc:558]   at java.lang.Daemons$ReferenceQueueDaemon.runInternal(Daemons.java:178)
01-22 06:52:02.011 18172 18172 F k.wwtv.tvcente: runtime.cc:558]   - locked <0x009e6864> (a java.lang.Class<java.lang.ref.ReferenceQueue>)
01-22 06:52:02.011 18172 18172 F k.wwtv.tvcente: runtime.cc:558]   at java.lang.Daemons$Daemon.run(Daemons.java:103)
01-22 06:52:02.011 18172 18172 F k.wwtv.tvcente: runtime.cc:558]   at java.lang.Thread.run(Thread.java:764)
01-22 06:52:02.011 18172 18172 F k.wwtv.tvcente: runtime.cc:558] 
01-22 06:52:02.011 18172 18172 F k.wwtv.tvcente: runtime.cc:558] "FinalizerDaemon" prio=5 tid=6 Waiting
01-22 06:52:02.011 18172 18172 F k.wwtv.tvcente: runtime.cc:558]   | group="" sCount=1 dsCount=0 flags=1 obj=0x130c10a0 self=0xaa286a00
01-22 06:52:02.011 18172 18172 F k.wwtv.tvcente: runtime.cc:558]   | sysTid=18181 nice=4 cgrp=default sched=0/0 handle=0x97d85970
01-22 06:52:02.011 18172 18172 F k.wwtv.tvcente: runtime.cc:558]   | state=S schedstat=( 493668 0 10 ) utm=0 stm=0 core=0 HZ=100
01-22 06:52:02.011 18172 18172 F k.wwtv.tvcente: runtime.cc:558]   | stack=0x97c82000-0x97c84000 stackSize=1042KB
01-22 06:52:02.011 18172 18172 F k.wwtv.tvcente: runtime.cc:558]   | held mutexes=
01-22 06:52:02.011 18172 18172 F k.wwtv.tvcente: runtime.cc:558]   native: #00 pc 00019d54  /system/lib/libc.so (syscall+28)
01-22 06:52:02.011 18172 18172 F k.wwtv.tvcente: runtime.cc:558]   native: #01 pc 000a6c63  /system/lib/libart.so (art::ConditionVariable::WaitHoldingLocks(art::Thread*)+86)
01-22 06:52:02.011 18172 18172 F k.wwtv.tvcente: runtime.cc:558]   native: #02 pc 002dc41d  /system/lib/libart.so (art::Monitor::Wait(art::Thread*, long long, int, bool, art::ThreadState)+540)
01-22 06:52:02.011 18172 18172 F k.wwtv.tvcente: runtime.cc:558]   native: #03 pc 002dd995  /system/lib/libart.so (art::Monitor::Wait(art::Thread*, art::mirror::Object*, long long, int, bool, art::ThreadState)+320)
01-22 06:52:02.011 18172 18172 F k.wwtv.tvcente: runtime.cc:558]   native: #04 pc 002f2405  /system/lib/libart.so (art::Object_waitJI(_JNIEnv*, _jobject*, long long, int)+36)
01-22 06:52:02.011 18172 18172 F k.wwtv.tvcente: runtime.cc:558]   at java.lang.Object.wait(Native method)
01-22 06:52:02.011 18172 18172 F k.wwtv.tvcente: runtime.cc:558]   - waiting on <0x08991acd> (a java.lang.Object)
01-22 06:52:02.012 18172 18172 F k.wwtv.tvcente: runtime.cc:558]   at java.lang.Object.wait(Object.java:422)
01-22 06:52:02.012 18172 18172 F k.wwtv.tvcente: runtime.cc:558]   at java.lang.ref.ReferenceQueue.remove(ReferenceQueue.java:188)
01-22 06:52:02.012 18172 18172 F k.wwtv.tvcente: runtime.cc:558]   - locked <0x08991acd> (a java.lang.Object)
01-22 06:52:02.012 18172 18172 F k.wwtv.tvcente: runtime.cc:558]   at java.lang.ref.ReferenceQueue.remove(ReferenceQueue.java:209)
01-22 06:52:02.012 18172 18172 F k.wwtv.tvcente: runtime.cc:558]   at java.lang.Daemons$FinalizerDaemon.runInternal(Daemons.java:232)
01-22 06:52:02.012 18172 18172 F k.wwtv.tvcente: runtime.cc:558]   at java.lang.Daemons$Daemon.run(Daemons.java:103)
01-22 06:52:02.012 18172 18172 F k.wwtv.tvcente: runtime.cc:558]   at java.lang.Thread.run(Thread.java:764)
01-22 06:52:02.012 18172 18172 F k.wwtv.tvcente: runtime.cc:558] 
01-22 06:52:02.012 18172 18172 F k.wwtv.tvcente: runtime.cc:558] "FinalizerWatchdogDaemon" prio=5 tid=7 Sleeping
01-22 06:52:02.012 18172 18172 F k.wwtv.tvcente: runtime.cc:558]   | group="" sCount=1 dsCount=0 flags=1 obj=0x130c1128 self=0xaa898000
01-22 06:52:02.012 18172 18172 F k.wwtv.tvcente: runtime.cc:558]   | sysTid=18182 nice=4 cgrp=default sched=0/0 handle=0x97c7f970
01-22 06:52:02.012 18172 18172 F k.wwtv.tvcente: runtime.cc:558]   | state=S schedstat=( 280004 0 9 ) utm=0 stm=0 core=2 HZ=100
01-22 06:52:02.012 18172 18172 F k.wwtv.tvcente: runtime.cc:558]   | stack=0x97b7c000-0x97b7e000 stackSize=1042KB
01-22 06:52:02.012 18172 18172 F k.wwtv.tvcente: runtime.cc:558]   | held mutexes=
01-22 06:52:02.012 18172 18172 F k.wwtv.tvcente: runtime.cc:558]   native: #00 pc 00019d58  /system/lib/libc.so (syscall+32)
01-22 06:52:02.012 18172 18172 F k.wwtv.tvcente: runtime.cc:558]   native: #01 pc 000a6f9f  /system/lib/libart.so (art::ConditionVariable::TimedWait(art::Thread*, long long, int)+106)
01-22 06:52:02.012 18172 18172 F k.wwtv.tvcente: runtime.cc:558]   native: #02 pc 002dc42f  /system/lib/libart.so (art::Monitor::Wait(art::Thread*, long long, int, bool, art::ThreadState)+558)
01-22 06:52:02.012 18172 18172 F k.wwtv.tvcente: runtime.cc:558]   native: #03 pc 002dd995  /system/lib/libart.so (art::Monitor::Wait(art::Thread*, art::mirror::Object*, long long, int, bool, art::ThreadState)+320)
01-22 06:52:02.012 18172 18172 F k.wwtv.tvcente: runtime.cc:558]   native: #04 pc 002f741d  /system/lib/libart.so (art::Thread_sleep(_JNIEnv*, _jclass*, _jobject*, long long, int)+56)
01-22 06:52:02.012 18172 18172 F k.wwtv.tvcente: runtime.cc:558]   at java.lang.Thread.sleep(Native method)
01-22 06:52:02.012 18172 18172 F k.wwtv.tvcente: runtime.cc:558]   - sleeping on <0x06e90f82> (a java.lang.Object)
01-22 06:52:02.012 18172 18172 F k.wwtv.tvcente: runtime.cc:558]   at java.lang.Thread.sleep(Thread.java:373)
01-22 06:52:02.012 18172 18172 F k.wwtv.tvcente: runtime.cc:558]   - locked <0x06e90f82> (a java.lang.Object)
01-22 06:52:02.012 18172 18172 F k.wwtv.tvcente: runtime.cc:558]   at java.lang.Thread.sleep(Thread.java:314)
01-22 06:52:02.012 18172 18172 F k.wwtv.tvcente: runtime.cc:558]   at java.lang.Daemons$FinalizerWatchdogDaemon.sleepFor(Daemons.java:342)
01-22 06:52:02.012 18172 18172 F k.wwtv.tvcente: runtime.cc:558]   at java.lang.Daemons$FinalizerWatchdogDaemon.waitForFinalization(Daemons.java:364)
01-22 06:52:02.012 18172 18172 F k.wwtv.tvcente: runtime.cc:558]   at java.lang.Daemons$FinalizerWatchdogDaemon.runInternal(Daemons.java:281)
01-22 06:52:02.012 18172 18172 F k.wwtv.tvcente: runtime.cc:558]   at java.lang.Daemons$Daemon.run(Daemons.java:103)
01-22 06:52:02.012 18172 18172 F k.wwtv.tvcente: runtime.cc:558]   at java.lang.Thread.run(Thread.java:764)
01-22 06:52:02.012 18172 18172 F k.wwtv.tvcente: runtime.cc:558] 
01-22 06:52:02.012 18172 18172 F k.wwtv.tvcente: runtime.cc:558] "HeapTaskDaemon" prio=5 tid=8 WaitingForCheckPointsToRun
01-22 06:52:02.012 18172 18172 F k.wwtv.tvcente: runtime.cc:558]   | group="" sCount=1 dsCount=0 flags=1 obj=0x130c1768 self=0xaa898600
01-22 06:52:02.012 18172 18172 F k.wwtv.tvcente: runtime.cc:558]   | sysTid=18183 nice=4 cgrp=default sched=0/0 handle=0x97b79970
01-22 06:52:02.012 18172 18172 F k.wwtv.tvcente: runtime.cc:558]   | state=S schedstat=( 21885249 495751 23 ) utm=2 stm=0 core=0 HZ=100
01-22 06:52:02.012 18172 18172 F k.wwtv.tvcente: runtime.cc:558]   | stack=0x97a76000-0x97a78000 stackSize=1042KB
01-22 06:52:02.012 18172 18172 F k.wwtv.tvcente: runtime.cc:558]   | held mutexes=
01-22 06:52:02.012 18172 18172 F k.wwtv.tvcente: runtime.cc:558]   native: #00 pc 00019d58  /system/lib/libc.so (syscall+32)
01-22 06:52:02.012 18172 18172 F k.wwtv.tvcente: runtime.cc:558]   native: #01 pc 000a6f9f  /system/lib/libart.so (art::ConditionVariable::TimedWait(art::Thread*, long long, int)+106)
01-22 06:52:02.012 18172 18172 F k.wwtv.tvcente: runtime.cc:558]   native: #02 pc 000a30c5  /system/lib/libart.so (art::Barrier::Increment(art::Thread*, int, unsigned int)+68)
01-22 06:52:02.012 18172 18172 F k.wwtv.tvcente: runtime.cc:558]   native: #03 pc 00387983  /system/lib/libart.so (art::ThreadList::RunEmptyCheckpoint()+414)
01-22 06:52:02.012 18172 18172 F k.wwtv.tvcente: runtime.cc:558]   native: #04 pc 0015a3c7  /system/lib/libart.so (art::gc::collector::ConcurrentCopying::IssueEmptyCheckpoint()+314)
01-22 06:52:02.012 18172 18172 F k.wwtv.tvcente: runtime.cc:558]   native: #05 pc 0015819b  /system/lib/libart.so (art::gc::collector::ConcurrentCopying::MarkingPhase()+1106)
01-22 06:52:02.012 18172 18172 F k.wwtv.tvcente: runtime.cc:558]   native: #06 pc 00156d57  /system/lib/libart.so (art::gc::collector::ConcurrentCopying::RunPhases()+890)
01-22 06:52:02.012 18172 18172 F k.wwtv.tvcente: runtime.cc:558]   native: #07 pc 00167b63  /system/lib/libart.so (art::gc::collector::GarbageCollector::Run(art::gc::GcCause, bool)+250)
01-22 06:52:02.012 18172 18172 F k.wwtv.tvcente: runtime.cc:558]   native: #08 pc 00181b47  /system/lib/libart.so (art::gc::Heap::CollectGarbageInternal(art::gc::collector::GcType, art::gc::GcCause, bool)+2502)
01-22 06:52:02.012 18172 18172 F k.wwtv.tvcente: runtime.cc:558]   native: #09 pc 0018f719  /system/lib/libart.so (art::gc::Heap::ConcurrentGC(art::Thread*, art::gc::GcCause, bool)+68)
01-22 06:52:02.012 18172 18172 F k.wwtv.tvcente: runtime.cc:558]   native: #10 pc 001935ed  /system/lib/libart.so (art::gc::Heap::ConcurrentGCTask::Run(art::Thread*)+20)
01-22 06:52:02.012 18172 18172 F k.wwtv.tvcente: runtime.cc:558]   native: #11 pc 001ac807  /system/lib/libart.so (art::gc::TaskProcessor::RunAllTasks(art::Thread*)+34)
01-22 06:52:02.012 18172 18172 F k.wwtv.tvcente: runtime.cc:558]   at dalvik.system.VMRuntime.runHeapTasks(Native method)
01-22 06:52:02.012 18172 18172 F k.wwtv.tvcente: runtime.cc:558]   at java.lang.Daemons$HeapTaskDaemon.runInternal(Daemons.java:475)
01-22 06:52:02.012 18172 18172 F k.wwtv.tvcente: runtime.cc:558]   at java.lang.Daemons$Daemon.run(Daemons.java:103)
01-22 06:52:02.012 18172 18172 F k.wwtv.tvcente: runtime.cc:558]   at java.lang.Thread.run(Thread.java:764)
01-22 06:52:02.012 18172 18172 F k.wwtv.tvcente: runtime.cc:558] 
01-22 06:52:02.012 18172 18172 F k.wwtv.tvcente: runtime.cc:558] "Binder:18172_1" prio=5 tid=9 Native
01-22 06:52:02.012 18172 18172 F k.wwtv.tvcente: runtime.cc:558]   | group="" sCount=1 dsCount=0 flags=1 obj=0x130c11b0 self=0xaa898c00
01-22 06:52:02.012 18172 18172 F k.wwtv.tvcente: runtime.cc:558]   | sysTid=18184 nice=0 cgrp=default sched=0/0 handle=0x97975970
01-22 06:52:02.013 18172 18172 F k.wwtv.tvcente: runtime.cc:558]   | state=S schedstat=( 829168 0 15 ) utm=0 stm=0 core=3 HZ=100
01-22 06:52:02.013 18172 18172 F k.wwtv.tvcente: runtime.cc:558]   | stack=0x9787a000-0x9787c000 stackSize=1010KB
01-22 06:52:02.013 18172 18172 F k.wwtv.tvcente: runtime.cc:558]   | held mutexes=
01-22 06:52:02.013 18172 18172 F k.wwtv.tvcente: runtime.cc:558]   native: #00 pc 00053d00  /system/lib/libc.so (__ioctl+8)
01-22 06:52:02.013 18172 18172 F k.wwtv.tvcente: runtime.cc:558]   native: #01 pc 00021b29  /system/lib/libc.so (ioctl+36)
01-22 06:52:02.013 18172 18172 F k.wwtv.tvcente: runtime.cc:558]   native: #02 pc 0003d57f  /system/lib/libbinder.so (android::IPCThreadState::talkWithDriver(bool)+206)
01-22 06:52:02.013 18172 18172 F k.wwtv.tvcente: runtime.cc:558]   native: #03 pc 0003d6cb  /system/lib/libbinder.so (android::IPCThreadState::getAndExecuteCommand()+10)
01-22 06:52:02.013 18172 18172 F k.wwtv.tvcente: runtime.cc:558]   native: #04 pc 0003dc53  /system/lib/libbinder.so (android::IPCThreadState::joinThreadPool(bool)+38)
01-22 06:52:02.013 18172 18172 F k.wwtv.tvcente: runtime.cc:558]   native: #05 pc 000546fd  /system/lib/libbinder.so (android::PoolThread::threadLoop()+12)
01-22 06:52:02.013 18172 18172 F k.wwtv.tvcente: runtime.cc:558]   native: #06 pc 0000c0c7  /system/lib/libutils.so (android::Thread::_threadLoop(void*)+166)
01-22 06:52:02.013 18172 18172 F k.wwtv.tvcente: runtime.cc:558]   native: #07 pc 0006ef33  /system/lib/libandroid_runtime.so (android::AndroidRuntime::javaThreadShell(void*)+82)
01-22 06:52:02.013 18172 18172 F k.wwtv.tvcente: runtime.cc:558]   native: #08 pc 00063a05  /system/lib/libc.so (__pthread_start(void*)+22)
01-22 06:52:02.013 18172 18172 F k.wwtv.tvcente: runtime.cc:558]   native: #09 pc 0001df75  /system/lib/libc.so (__start_thread+22)
01-22 06:52:02.013 18172 18172 F k.wwtv.tvcente: runtime.cc:558]   (no managed stack frames)
01-22 06:52:02.013 18172 18172 F k.wwtv.tvcente: runtime.cc:558] 
01-22 06:52:02.013 18172 18172 F k.wwtv.tvcente: runtime.cc:558] "Binder:18172_2" prio=5 tid=10 Native
01-22 06:52:02.013 18172 18172 F k.wwtv.tvcente: runtime.cc:558]   | group="" sCount=1 dsCount=0 flags=1 obj=0x130c1238 self=0xaa899200
01-22 06:52:02.013 18172 18172 F k.wwtv.tvcente: runtime.cc:558]   | sysTid=18185 nice=0 cgrp=default sched=0/0 handle=0x97877970
01-22 06:52:02.013 18172 18172 F k.wwtv.tvcente: runtime.cc:558]   | state=S schedstat=( 5457585 678750 10 ) utm=0 stm=0 core=1 HZ=100
01-22 06:52:02.013 18172 18172 F k.wwtv.tvcente: runtime.cc:558]   | stack=0x9777c000-0x9777e000 stackSize=1010KB
01-22 06:52:02.013 18172 18172 F k.wwtv.tvcente: runtime.cc:558]   | held mutexes=
01-22 06:52:02.013 18172 18172 F k.wwtv.tvcente: runtime.cc:558]   native: #00 pc 00053d00  /system/lib/libc.so (__ioctl+8)
01-22 06:52:02.013 18172 18172 F k.wwtv.tvcente: runtime.cc:558]   native: #01 pc 00021b29  /system/lib/libc.so (ioctl+36)
01-22 06:52:02.013 18172 18172 F k.wwtv.tvcente: runtime.cc:558]   native: #02 pc 0003d57f  /system/lib/libbinder.so (android::IPCThreadState::talkWithDriver(bool)+206)
01-22 06:52:02.013 18172 18172 F k.wwtv.tvcente: runtime.cc:558]   native: #03 pc 0003d6cb  /system/lib/libbinder.so (android::IPCThreadState::getAndExecuteCommand()+10)
01-22 06:52:02.013 18172 18172 F k.wwtv.tvcente: runtime.cc:558]   native: #04 pc 0003dc53  /system/lib/libbinder.so (android::IPCThreadState::joinThreadPool(bool)+38)
01-22 06:52:02.013 18172 18172 F k.wwtv.tvcente: runtime.cc:558]   native: #05 pc 000546fd  /system/lib/libbinder.so (android::PoolThread::threadLoop()+12)
01-22 06:52:02.013 18172 18172 F k.wwtv.tvcente: runtime.cc:558]   native: #06 pc 0000c0c7  /system/lib/libutils.so (android::Thread::_threadLoop(void*)+166)
01-22 06:52:02.013 18172 18172 F k.wwtv.tvcente: runtime.cc:558]   native: #07 pc 0006ef33  /system/lib/libandroid_runtime.so (android::AndroidRuntime::javaThreadShell(void*)+82)
01-22 06:52:02.013 18172 18172 F k.wwtv.tvcente: runtime.cc:558]   native: #08 pc 00063a05  /system/lib/libc.so (__pthread_start(void*)+22)
01-22 06:52:02.013 18172 18172 F k.wwtv.tvcente: runtime.cc:558]   native: #09 pc 0001df75  /system/lib/libc.so (__start_thread+22)
01-22 06:52:02.013 18172 18172 F k.wwtv.tvcente: runtime.cc:558]   (no managed stack frames)
01-22 06:52:02.013 18172 18172 F k.wwtv.tvcente: runtime.cc:558] 
01-22 06:52:02.013 18172 18172 F k.wwtv.tvcente: runtime.cc:558] "Profile Saver" prio=5 tid=11 Native
01-22 06:52:02.013 18172 18172 F k.wwtv.tvcente: runtime.cc:558]   | group="" sCount=1 dsCount=0 flags=1 obj=0x130c12c0 self=0xaa89a400
01-22 06:52:02.013 18172 18172 F k.wwtv.tvcente: runtime.cc:558]   | sysTid=18186 nice=9 cgrp=default sched=0/0 handle=0x96a24970
01-22 06:52:02.013 18172 18172 F k.wwtv.tvcente: runtime.cc:558]   | state=S schedstat=( 507167 0 5 ) utm=0 stm=0 core=0 HZ=100
01-22 06:52:02.013 18172 18172 F k.wwtv.tvcente: runtime.cc:558]   | stack=0x96929000-0x9692b000 stackSize=1010KB
01-22 06:52:02.013 18172 18172 F k.wwtv.tvcente: runtime.cc:558]   | held mutexes=
01-22 06:52:02.013 18172 18172 F k.wwtv.tvcente: runtime.cc:558]   native: #00 pc 00019d58  /system/lib/libc.so (syscall+32)
01-22 06:52:02.013 18172 18172 F k.wwtv.tvcente: runtime.cc:558]   native: #01 pc 000a6f9f  /system/lib/libart.so (art::ConditionVariable::TimedWait(art::Thread*, long long, int)+106)
01-22 06:52:02.013 18172 18172 F k.wwtv.tvcente: runtime.cc:558]   native: #02 pc 00260949  /system/lib/libart.so (art::ProfileSaver::Run()+144)
01-22 06:52:02.013 18172 18172 F k.wwtv.tvcente: runtime.cc:558]   native: #03 pc 00263309  /system/lib/libart.so (art::ProfileSaver::RunProfileSaverThread(void*)+52)
01-22 06:52:02.013 18172 18172 F k.wwtv.tvcente: runtime.cc:558]   native: #04 pc 00063a05  /system/lib/libc.so (__pthread_start(void*)+22)
01-22 06:52:02.013 18172 18172 F k.wwtv.tvcente: runtime.cc:558]   native: #05 pc 0001df75  /system/lib/libc.so (__start_thread+22)
01-22 06:52:02.013 18172 18172 F k.wwtv.tvcente: runtime.cc:558]   (no managed stack frames)
01-22 06:52:02.013 18172 18172 F k.wwtv.tvcente: runtime.cc:558] 
01-22 06:52:02.013 18172 18172 F k.wwtv.tvcente: runtime.cc:558] "TVAsyncExecutor #1" prio=5 tid=12 Waiting
01-22 06:52:02.013 18172 18172 F k.wwtv.tvcente: runtime.cc:558]   | group="" sCount=1 dsCount=0 flags=1 obj=0x12d40590 self=0x967a8a00
01-22 06:52:02.013 18172 18172 F k.wwtv.tvcente: runtime.cc:558]   | sysTid=18188 nice=0 cgrp=default sched=0/0 handle=0x9677f970
01-22 06:52:02.013 18172 18172 F k.wwtv.tvcente: runtime.cc:558]   | state=S schedstat=( 1245833 0 2 ) utm=0 stm=0 core=0 HZ=100
01-22 06:52:02.013 18172 18172 F k.wwtv.tvcente: runtime.cc:558]   | stack=0x9667c000-0x9667e000 stackSize=1042KB
01-22 06:52:02.013 18172 18172 F k.wwtv.tvcente: runtime.cc:558]   | held mutexes=
01-22 06:52:02.013 18172 18172 F k.wwtv.tvcente: runtime.cc:558]   native: #00 pc 00019d54  /system/lib/libc.so (syscall+28)
01-22 06:52:02.013 18172 18172 F k.wwtv.tvcente: runtime.cc:558]   native: #01 pc 000a6c63  /system/lib/libart.so (art::ConditionVariable::WaitHoldingLocks(art::Thread*)+86)
01-22 06:52:02.013 18172 18172 F k.wwtv.tvcente: runtime.cc:558]   native: #02 pc 002dc41d  /system/lib/libart.so (art::Monitor::Wait(art::Thread*, long long, int, bool, art::ThreadState)+540)
01-22 06:52:02.013 18172 18172 F k.wwtv.tvcente: runtime.cc:558]   native: #03 pc 002dd995  /system/lib/libart.so (art::Monitor::Wait(art::Thread*, art::mirror::Object*, long long, int, bool, art::ThreadState)+320)
01-22 06:52:02.013 18172 18172 F k.wwtv.tvcente: runtime.cc:558]   native: #04 pc 00318979  /system/lib/libart.so (art::ObjectLock<art::mirror::Class>::WaitIgnoringInterrupts()+26)
01-22 06:52:02.013 18172 18172 F k.wwtv.tvcente: runtime.cc:558]   native: #05 pc 000e6fff  /system/lib/libart.so (art::ClassLinker::WaitForInitializeClass(art::Handle<art::mirror::Class>, art::Thread*, art::ObjectLock<art::mirror::Class>&)+218)
01-22 06:52:02.013 18172 18172 F k.wwtv.tvcente: runtime.cc:558]   native: #06 pc 000e641b  /system/lib/libart.so (art::ClassLinker::InitializeClass(art::Thread*, art::Handle<art::mirror::Class>, bool, bool)+2014)
01-22 06:52:02.013 18172 18172 F k.wwtv.tvcente: runtime.cc:558]   native: #07 pc 000d6181  /system/lib/libart.so (art::ClassLinker::EnsureInitialized(art::Thread*, art::Handle<art::mirror::Class>, bool, bool)+132)
01-22 06:52:02.013 18172 18172 F k.wwtv.tvcente: runtime.cc:558]   native: #08 pc 001e841f  /system/lib/libart.so (art::interpreter::ArtInterpreterToCompiledCodeBridge(art::Thread*, art::ArtMethod*, art::ShadowFrame*, unsigned short, art::JValue*)+330)
01-22 06:52:02.013 18172 18172 F k.wwtv.tvcente: runtime.cc:558]   native: #09 pc 001e309d  /system/lib/libart.so (bool art::interpreter::DoCall<false, false>(art::ArtMethod*, art::Thread*, art::ShadowFrame&, art::Instruction const*, unsigned short, art::JValue*)+776)
01-22 06:52:02.014 18172 18172 F k.wwtv.tvcente: runtime.cc:558]   native: #10 pc 003ebe93  /system/lib/libart.so (MterpInvokeStatic+130)
01-22 06:52:02.014 18172 18172 F k.wwtv.tvcente: runtime.cc:558]   native: #11 pc 00409b14  /system/lib/libart.so (ExecuteMterpImpl+14612)
01-22 06:52:02.014 18172 18172 F k.wwtv.tvcente: runtime.cc:558]   native: #12 pc 0019c046  /system/priv-app/LiveTV/LiveTV.apk (offset 7ce000) (com.mediatek.twoworlds.tv.TVNativeWrapper.getConfigValue_native+30)
01-22 06:52:02.014 18172 18172 F k.wwtv.tvcente: runtime.cc:558]   native: #13 pc 001c7a15  /system/lib/libart.so (_ZN3art11interpreterL7ExecuteEPNS_6ThreadERKNS_20CodeItemDataAccessorERNS_11ShadowFrameENS_6JValueEb.llvm.3885687342+352)
01-22 06:52:02.014 18172 18172 F k.wwtv.tvcente: runtime.cc:558]   native: #14 pc 001cc2e3  /system/lib/libart.so (art::interpreter::ArtInterpreterToInterpreterBridge(art::Thread*, art::CodeItemDataAccessor const&, art::ShadowFrame*, art::JValue*)+146)
01-22 06:52:02.014 18172 18172 F k.wwtv.tvcente: runtime.cc:558]   native: #15 pc 001e3087  /system/lib/libart.so (bool art::interpreter::DoCall<false, false>(art::ArtMethod*, art::Thread*, art::ShadowFrame&, art::Instruction const*, unsigned short, art::JValue*)+754)
