08-24 15:59:14.113  1420  1746 I [Module:HotKey]: [SkipHotKeyView::isShowing:28]: 	null/com.cvte.tv.setting.TvSettingActivity
08-24 15:59:14.113  1420  1746 I [Module:HotKey]: 	sys.current.ttx_is_on	ON
08-24 15:59:14.113  1420  1746 D MtkATVScan_jni: Java_com_mediatek_twoworlds_tv_TVNative_isScaning_1native
08-24 15:59:14.114  1420  1746 D MtkATVScan_jni: a_am_is_channel_scan_active 0
08-24 15:59:14.115  1420  1746 D [Vendor:Scan]: [MtkDVBSManager::isScanning:511]: isTpScan=false, isAutoScanFlag=false
08-24 15:59:14.115  1420  1746 I [Module:HotKey]: [KeyLongPressMapScope::handle:58]: 23 no long press map, reset, return KEY_NONE
08-24 15:59:14.116  1420  1746 I [Module:HotKey]: [KeyMapView::isActivityShowing:33]: isActivityShowing className= com.cvte.tv.setting.TvSettingActivity, activity=com.cvte.settings.net.wifi.activity.WiFiActivity
08-24 15:59:14.116  1420  1746 I [Module:HotKey]: [KeyMapView::isActivityShowing:33]: isActivityShowing className= all, activity=com.cvte.settings.net.wifi.activity.WiFiActivity
08-24 15:59:14.116  1420  1746 I [Module:HotKey]: [KeyMapView::isActivityShowing:33]: isActivityShowing className= com.cvte.tv.setting.TvSettingActivity, activity=com.cvte.settings.net.wifi.activity.WiFiActivity
08-24 15:59:14.117  1420  1746 I chatty  : uid=1000(system) Binder:1420_6 identical 4 lines
08-24 15:59:14.117  1420  1746 I [Module:HotKey]: [KeyMapView::isActivityShowing:33]: isActivityShowing className= com.cvte.tv.setting.TvSettingActivity, activity=com.cvte.settings.net.wifi.activity.WiFiActivity
08-24 15:59:14.117  1420  1746 I [Module:HotKey]: [KeyMapView::isActivityShowing:33]: isActivityShowing className= com.cvte.tv.launcher.fall.MainActivity, activity=com.cvte.settings.net.wifi.activity.WiFiActivity
08-24 15:59:14.118  1420  1746 I [Module:HotKey]: [KeyMapView::isActivityShowing:33]: isActivityShowing className= com.cvte.settings.Settings, activity=com.cvte.settings.net.wifi.activity.WiFiActivity
08-24 15:59:14.118  1420  1746 I [Module:HotKey]: [KeyMapView::isActivityShowing:33]: isActivityShowing className= com.cvte.settings.Settings$NetworkSettings, activity=com.cvte.settings.net.wifi.activity.WiFiActivity
08-24 15:59:14.118  1420  1746 I [Module:HotKey]: [KeyMapView::isActivityShowing:33]: isActivityShowing className= com.cvte.settings.net.wifi.activity.WiFiActivity, activity=com.cvte.settings.net.wifi.activity.WiFiActivity
08-24 15:59:14.118  1420  1746 D [Module:HotKey]: [KeyMapView::isFragmentShowing:52]: isFragmentShowing fragments=null 
08-24 15:59:14.118  1420  1746 I [Module:HotKey]: [HotkeyUtil::getDeviceName:118]: type=keypad
08-24 15:59:14.119  1420  1746 I chatty  : uid=1000(system) Binder:1420_6 identical 4 lines
08-24 15:59:14.120  1420  1746 I [Module:HotKey]: [HotkeyUtil::getDeviceName:118]: type=keypad
08-24 15:59:14.121  1420  1746 I [Module:HotKey]: [KeyMapView::isActivityShowing:33]: isActivityShowing className= com.cvte.settings.wallpaper.statical.activity.StaticalWpActivity, activity=com.cvte.settings.net.wifi.activity.WiFiActivity
08-24 15:59:14.123  1420  1746 I [Module:HotKey]: [KeyMapView::isActivityShowing:33]: isActivityShowing className= com.cvte.tv.media.BrowserActivity, activity=com.cvte.settings.net.wifi.activity.WiFiActivity
08-24 15:59:14.123  1420  1746 I [Module:HotKey]: [KeyMapView::isActivityShowing:33]: isActivityShowing className= com.android.internal.app.ResolverActivity, activity=com.cvte.settings.net.wifi.activity.WiFiActivity
08-24 15:59:14.123  1420  1746 I [Module:HotKey]: [KeyMapView::isActivityShowing:33]: isActivityShowing className= com.cvte.tv.setting.TvSettingActivity, activity=com.cvte.settings.net.wifi.activity.WiFiActivity
08-24 15:59:14.123  1420  1746 I [Module:HotKey]: [KeyMapView::isActivityShowing:33]: isActivityShowing className= com.cvte.tv.media.player.video.VideoActivity, activity=com.cvte.settings.net.wifi.activity.WiFiActivity
08-24 15:59:14.124  1420  1746 I [Module:HotKey]: [KeyMapView::isActivityShowing:33]: isActivityShowing className= com.cvte.tv.media.player.audio.AudioActivity, activity=com.cvte.settings.net.wifi.activity.WiFiActivity
08-24 15:59:14.124  1420  1746 I [Module:HotKey]: [KeyMapView::isActivityShowing:33]: isActivityShowing className= com.cvte.tv.media.player.image.ImageActivity, activity=com.cvte.settings.net.wifi.activity.WiFiActivity
08-24 15:59:14.124  1420  1746 D [Module:HotKey]: [HotkeyManager::handleMapKeyEvent:599]: KeyEvent { action=ACTION_DOWN, keyCode=KEYCODE_DPAD_CENTER, scanCode=28, metaState=0, flags=0x8, repeatCount=0, eventTime=258273, downTime=258273, deviceId=2, source=0x301, displayId=-1 }
08-24 15:59:14.128  1393  1736 D CLog    : [null:4::onTvNotify]: notifySystemSignalLostPowerOffTimeRemaining
08-24 15:59:14.128  1393  1736 D CLog    : [null:26::a]: time = -1
08-24 15:59:14.128  1393  1736 D CLog    : [null:0::onTvNotify]: notifySystemSignalLostPowerOffTimeRemaining
08-24 15:59:14.131  1420  1746 I [Vendor:InputSource]: [MtkInputSourceManager::getCurrentInputSource:142]: get match input source device id
08-24 15:59:14.131  1420  1746 D [Module:TV]: [TVApiSystemSignalImpl::resetNoSignalTime:307]: inputSource = DTV
08-24 15:59:14.131  1420  1746 D [Module:TV]: [TVApiSystemSignalImpl::resetNoSignalTime:327]: mNoSignalRemaining = 900
08-24 15:59:14.132  1393  1736 D Evan    : handleKeyEvent:23
08-24 15:59:14.134   934  1107 D WindowManager: onGlobalKeyEvent ret = false
08-24 15:59:14.134   934  1107 D WindowManager: enter interceptKeyBeforeDispatching 3
08-24 15:59:14.188   470   470 D MTK_KL  : 3,16145,258358775,-;<UTPA_ERR>[Utopia][MIU]: Ioctl MDrv_CMD_MIU_GetMIUInfo fail
08-24 15:59:14.248   470   470 D MTK_KL  : 4,16146,258420505,-;STAMlmePeriodicExec...
08-24 15:59:14.248   470   470 D MTK_KL  : 4,16147,258420512,-;Start TxAlcGetAutoAgcOffset
08-24 15:59:14.248   470   470 D MTK_KL  : 4,16148,258420617,-;2[MT7601_get_rssi]:StaCount=0,Avg Rssi=0,pAd->OpMode=0
08-24 15:59:14.248   470   470 D MTK_KL  : 4,16149,258420620,-;No connection! Set fake rssi= -80!!!
08-24 15:59:14.297   934  1107 D WindowManager: enter interceptKeyBeforeDispatching 1
08-24 15:59:14.298   934  1107 I WindowManager: cvteInterceptKeyBeforeDispatching Go in event =23
08-24 15:59:14.298   934  1107 D WindowManager: enter cvteInterceptKeyBeforeDispatching onGlobalKeyEvent
08-24 15:59:14.298  1420  1746 D Evan    : onGlobalKeyEvent keycode=23
08-24 15:59:14.298  1420  1746 D MouseControl: always hide mouse topPackageName is BlackList : com.cvte.settings
08-24 15:59:14.299  1420  1746 I [Module:HotKey]: [SkipHotKeyView::isShowing:28]: 	com.cvte.tv.player/com.cvte.tv.player.photo.PhotoPlayActivity
08-24 15:59:14.299  1420  1746 I [Module:HotKey]: [SkipHotKeyView::isShowing:28]: 	com.cvte.tv.provision/com.cvte.tv.provision.InspireActivity
08-24 15:59:14.299  1420  1746 I [Module:HotKey]: [SkipHotKeyView::isShowing:28]: 	com.cvte.tv.bluetoothguide/com.cvte.tv.bluetoothguide.GuideActivity
08-24 15:59:14.300  1420  1746 I [Module:HotKey]: [SkipHotKeyView::isShowing:28]: 	null/com.cvte.tv.setting.TvSettingActivity
08-24 15:59:14.300  1420  1746 I [Module:HotKey]: 	sys.tv.fragment	AutoScaningFragment
08-24 15:59:14.300  1420  1746 I [Module:HotKey]: [SkipHotKeyView::isShowing:28]: 	null/com.cvte.tv.setting.TvSettingActivity
08-24 15:59:14.300  1420  1746 I [Module:HotKey]: 	sys.tv.fragment	MenuInfoFragment
08-24 15:59:14.300   470   470 D MTK_KL  : 4,16150,258470800,c;[GLUE][IR]u8KeyCode: 0x001c , u8KeyState: 0x2
08-24 15:59:14.300  1420  1746 I [Module:HotKey]: [SkipHotKeyView::isShowing:28]: 	null/com.cvte.tv.media.BrowserActivity
08-24 15:59:14.300  1420  1746 I [Module:HotKey]: [SkipHotKeyView::isShowing:28]: 	null/com.cvte.tv.setting.TvSettingActivity
08-24 15:59:14.300  1420  1746 I [Module:HotKey]: 	sys.current.ttx_is_on	ON
08-24 15:59:14.301  1420  1746 D MtkATVScan_jni: Java_com_mediatek_twoworlds_tv_TVNative_isScaning_1native
08-24 15:59:14.301  1420  1746 D MtkATVScan_jni: a_am_is_channel_scan_active 0
08-24 15:59:14.302  1420  1746 D [Vendor:Scan]: [MtkDVBSManager::isScanning:511]: isTpScan=false, isAutoScanFlag=false
08-24 15:59:14.303  1420  1746 I [Module:HotKey]: [KeyLongPressMapScope::handle:58]: 23 no long press map, reset, return KEY_NONE
08-24 15:59:14.303  1420  1746 I [Module:HotKey]: [KeyMapView::isActivityShowing:33]: isActivityShowing className= com.cvte.tv.setting.TvSettingActivity, activity=com.cvte.settings.net.wifi.activity.WiFiActivity
08-24 15:59:14.304  1420  1746 I [Module:HotKey]: [KeyMapView::isActivityShowing:33]: isActivityShowing className= all, activity=com.cvte.settings.net.wifi.activity.WiFiActivity
08-24 15:59:14.304  1420  1746 I [Module:HotKey]: [KeyMapView::isActivityShowing:33]: isActivityShowing className= com.cvte.tv.setting.TvSettingActivity, activity=com.cvte.settings.net.wifi.activity.WiFiActivity
08-24 15:59:14.305  1420  1746 I chatty  : uid=1000(system) Binder:1420_6 identical 4 lines
08-24 15:59:14.305  1420  1746 I [Module:HotKey]: [KeyMapView::isActivityShowing:33]: isActivityShowing className= com.cvte.tv.setting.TvSettingActivity, activity=com.cvte.settings.net.wifi.activity.WiFiActivity
08-24 15:59:14.306  1420  1746 I [Module:HotKey]: [KeyMapView::isActivityShowing:33]: isActivityShowing className= com.cvte.tv.launcher.fall.MainActivity, activity=com.cvte.settings.net.wifi.activity.WiFiActivity
08-24 15:59:14.306  1420  1746 I [Module:HotKey]: [KeyMapView::isActivityShowing:33]: isActivityShowing className= com.cvte.settings.Settings, activity=com.cvte.settings.net.wifi.activity.WiFiActivity
08-24 15:59:14.306  1420  1746 I [Module:HotKey]: [KeyMapView::isActivityShowing:33]: isActivityShowing className= com.cvte.settings.Settings$NetworkSettings, activity=com.cvte.settings.net.wifi.activity.WiFiActivity
08-24 15:59:14.306  1420  1746 I [Module:HotKey]: [KeyMapView::isActivityShowing:33]: isActivityShowing className= com.cvte.settings.net.wifi.activity.WiFiActivity, activity=com.cvte.settings.net.wifi.activity.WiFiActivity
08-24 15:59:14.306  1420  1746 D [Module:HotKey]: [KeyMapView::isFragmentShowing:52]: isFragmentShowing fragments=null 
08-24 15:59:14.307  1420  1746 I [Module:HotKey]: [HotkeyUtil::getDeviceName:118]: type=keypad
08-24 15:59:14.307  1420  1746 I chatty  : uid=1000(system) Binder:1420_6 identical 4 lines
08-24 15:59:14.308  1420  1746 I [Module:HotKey]: [HotkeyUtil::getDeviceName:118]: type=keypad
08-24 15:59:14.308  1420  1746 I [Module:HotKey]: [KeyMapView::isActivityShowing:33]: isActivityShowing className= com.cvte.settings.wallpaper.statical.activity.StaticalWpActivity, activity=com.cvte.settings.net.wifi.activity.WiFiActivity
08-24 15:59:14.308  1420  1746 I [Module:HotKey]: [KeyMapView::isActivityShowing:33]: isActivityShowing className= com.cvte.tv.media.BrowserActivity, activity=com.cvte.settings.net.wifi.activity.WiFiActivity
08-24 15:59:14.308  1420  1746 I [Module:HotKey]: [KeyMapView::isActivityShowing:33]: isActivityShowing className= com.android.internal.app.ResolverActivity, activity=com.cvte.settings.net.wifi.activity.WiFiActivity
08-24 15:59:14.309  1420  1746 I [Module:HotKey]: [KeyMapView::isActivityShowing:33]: isActivityShowing className= com.cvte.tv.setting.TvSettingActivity, activity=com.cvte.settings.net.wifi.activity.WiFiActivity
08-24 15:59:14.309  1420  1746 I [Module:HotKey]: [KeyMapView::isActivityShowing:33]: isActivityShowing className= com.cvte.tv.media.player.video.VideoActivity, activity=com.cvte.settings.net.wifi.activity.WiFiActivity
08-24 15:59:14.309  1420  1746 I [Module:HotKey]: [KeyMapView::isActivityShowing:33]: isActivityShowing className= com.cvte.tv.media.player.audio.AudioActivity, activity=com.cvte.settings.net.wifi.activity.WiFiActivity
08-24 15:59:14.309  1420  1746 I [Module:HotKey]: [KeyMapView::isActivityShowing:33]: isActivityShowing className= com.cvte.tv.media.player.image.ImageActivity, activity=com.cvte.settings.net.wifi.activity.WiFiActivity
08-24 15:59:14.309  1420  1746 D [Module:HotKey]: [HotkeyManager::handleMapKeyEvent:599]: KeyEvent { action=ACTION_UP, keyCode=KEYCODE_DPAD_CENTER, scanCode=28, metaState=0, flags=0x8, repeatCount=0, eventTime=258468, downTime=258273, deviceId=2, source=0x301, displayId=-1 }
08-24 15:59:14.310  1393  1736 D CLog    : [null:4::onTvNotify]: notifySystemSignalLostPowerOffTimeRemaining
08-24 15:59:14.310  1393  1736 D CLog    : [null:26::a]: time = -1
08-24 15:59:14.311  1393  1736 D CLog    : [null:0::onTvNotify]: notifySystemSignalLostPowerOffTimeRemaining
08-24 15:59:14.312  1420  1746 I [Vendor:InputSource]: [MtkInputSourceManager::getCurrentInputSource:142]: get match input source device id
08-24 15:59:14.313  1420  1746 D [Module:TV]: [TVApiSystemSignalImpl::resetNoSignalTime:307]: inputSource = DTV
08-24 15:59:14.313  1420  1746 D [Module:TV]: [TVApiSystemSignalImpl::resetNoSignalTime:327]: mNoSignalRemaining = 900
08-24 15:59:14.313  1420  1420 D [Module:SYSTEM]: [TVApiSystemNoActionAutoPowerOffImpl::resetNoActionAutoPowerOff:148]: time step = 22313
08-24 15:59:14.313  1393  1736 D Evan    : handleKeyEvent:23
08-24 15:59:14.314  1420  1420 D [Module:SYSTEM]: [TVApiSystemNoActionAutoPowerOffImpl::resetExecutorService:235]: initialDelay:14100000
08-24 15:59:14.315  1420  1746 W [Module:HotKey]: [HotkeyManager::getKeyEvents:765]: Cache KeyEvent List size = 1
08-24 15:59:14.316   934  1107 D WindowManager: onGlobalKeyEvent ret = false
08-24 15:59:14.316   934  1107 D WindowManager: enter interceptKeyBeforeDispatching 3
08-24 15:59:14.317  2191  2191 E WiFiActivity:: isPassWordSaved--:*
08-24 15:59:14.351   361   361 D gralloc4: [mali_gralloc_ion_allocate():1230] allocating buffer (780, 364) usage=0x40000002000b00, req_format=0x1, internal_format=0x20d00000001, size=1196032, heap_type=4, ion_flags=0x0
08-24 15:59:14.351   361   361 D gralloc4: [__mma_alloc_internal:128] data.tag_name = 'mali_gop_dma', size = 1196032, flag = 2
08-24 15:59:14.352   361   361 D gralloc4: ion_alloc_fd, 560, handle_fd = 7, heap_mask = 10, len = 124000, flags = 0, phy_addr =0x0
08-24 15:59:14.352   470   470 D MTK_KL  : 6,16151,258525950,-;ion_alloc: len 1196032 heap_id_mask 1 flags 100000
08-24 15:59:14.353   361   361 D gralloc4: [mali_gralloc_ion_allocate():1230] allocating buffer (780, 364) usage=0x40000002000b00, req_format=0x1, internal_format=0x20d00000001, size=1196032, heap_type=4, ion_flags=0x0
08-24 15:59:14.353   361   361 D gralloc4: [__mma_alloc_internal:128] data.tag_name = 'mali_gop_dma', size = 1196032, flag = 2
08-24 15:59:14.355   361   361 D gralloc4: ion_alloc_fd, 560, handle_fd = 7, heap_mask = 10, len = 124000, flags = 0, phy_addr =0x0
08-24 15:59:14.356   361   361 D gralloc4: [mali_gralloc_ion_allocate():1230] allocating buffer (780, 364) usage=0x40000002000b00, req_format=0x1, internal_format=0x20d00000001, size=1196032, heap_type=4, ion_flags=0x0
08-24 15:59:14.356   361   361 D gralloc4: [__mma_alloc_internal:128] data.tag_name = 'mali_gop_dma', size = 1196032, flag = 2
08-24 15:59:14.357   361   361 D gralloc4: ion_alloc_fd, 560, handle_fd = 7, heap_mask = 10, len = 124000, flags = 0, phy_addr =0x0
08-24 15:59:14.357   470   470 D MTK_KL  : 6,16152,258528466,-;ion_alloc: len 1196032 heap_id_mask 1 flags 100000
08-24 15:59:14.357   470   470 D MTK_KL  : 6,16153,258531092,-;ion_alloc: len 1196032 heap_id_mask 1 flags 100000
08-24 15:59:14.418   368   540 D hwcomposer: HWComposerDisplayHalMiOsd::hwcMiDisplay: Create new surface handle=0x80002, Cache size = 1
08-24 15:59:14.429   368   540 D hwcomposer: HWComposerDisplayHalMiOsd::hwcMiDisplay: Create new surface handle=0x80006, Cache size = 2
08-24 15:59:14.638   368   368 D hwcomposer: HWCDisplayDevicePrimary::checkCanSkipValidate: UI layer has something changed!!!! 1
08-24 15:59:14.639   388   388 E CompositionEngine: [Dim Layer for - Task=26#0] Invalid device requested composition type change: SOLID_COLOR (3) --> DEVICE (2)
08-24 15:59:14.655   368   368 D hwcomposer: HWCDisplayDevicePrimary::checkCanSkipValidate: UI layer has something changed!!!! 2
08-24 15:59:14.655   388   388 E CompositionEngine: [Dim Layer for - Task=26#0] Invalid device requested composition type change: SOLID_COLOR (3) --> DEVICE (2)
08-24 15:59:14.908   470   470 D MTK_KL  : 3,16154,259078774,-;<UTPA_ERR>[Utopia][MIU]: Ioctl MDrv_CMD_MIU_GetMIUInfo fail
08-24 15:59:14.936  1420  1934 I [Module:TV]: [TVApiSystemSignalImpl$NoSignalTimerTask::run:187]: no signal timer
08-24 15:59:14.936  1420  1934 I [Module:TV]: [TVApiSystemSignalImpl$NoSignalTimerTask::ignoreNoSignalStandby:238]: Not in com.cvte.tv.setting apk, ignore
08-24 15:59:14.958  1260  1421 D RecommendedChannelsThread: [MtkLog]start, status==false,mLauncherRunning==false
08-24 15:59:15.296   470   470 D MTK_KL  : 4,16155,259468075,-;STAMlmePeriodicExec...
08-24 15:59:15.296   470   470 D MTK_KL  : 4,16156,259468081,-;Start TxAlcGetAutoAgcOffset
08-24 15:59:15.296   470   470 D MTK_KL  : 4,16157,259468171,-;2[MT7601_get_rssi]:StaCount=0,Avg Rssi=0,pAd->OpMode=0
08-24 15:59:15.296   470   470 D MTK_KL  : 4,16158,259468174,-;No connection! Set fake rssi= -80!!!
08-24 15:59:15.575   934  1107 D WindowManager: enter interceptKeyBeforeDispatching 1
08-24 15:59:15.575   934  1107 I WindowManager: cvteInterceptKeyBeforeDispatching Go in event =23
08-24 15:59:15.575   934  1107 D WindowManager: enter cvteInterceptKeyBeforeDispatching onGlobalKeyEvent
08-24 15:59:15.576  1420  1746 D Evan    : onGlobalKeyEvent keycode=23
08-24 15:59:15.576   470   470 D MTK_KL  : 6,16159,259748071,-;input: input_get_disposition:EV_MSC btntskey=0x0 code=0x4 value=0x889057 bus=24
08-24 15:59:15.576   470   470 D MTK_KL  : 4,16160,259748155,c;[GLUE][IR]u8KeyCode: 0x001c , u8KeyState: 0x0
08-24 15:59:15.576  1420  1746 D MtkATVScan_jni: Java_com_mediatek_twoworlds_tv_TVNative_isScaning_1native
08-24 15:59:15.577  1420  1746 D MtkATVScan_jni: a_am_is_channel_scan_active 0
08-24 15:59:15.577  1420  1746 D [Vendor:Scan]: [MtkDVBSManager::isScanning:511]: isTpScan=false, isAutoScanFlag=false
08-24 15:59:15.578  1420  1746 D [Module:SYSTEM]: [LedManager::setLedMode:84]: ledMode = ENUM_LED_MODULE_IR
08-24 15:59:15.578  1420  1746 D MouseControl: always hide mouse topPackageName is BlackList : com.cvte.settings
08-24 15:59:15.578  1420  1746 I [Module:HotKey]: [SkipHotKeyView::isShowing:28]: 	com.cvte.tv.player/com.cvte.tv.player.photo.PhotoPlayActivity
08-24 15:59:15.578  1420  1746 I [Module:HotKey]: [SkipHotKeyView::isShowing:28]: 	com.cvte.tv.provision/com.cvte.tv.provision.InspireActivity
08-24 15:59:15.578  1420  1746 I [Module:HotKey]: [SkipHotKeyView::isShowing:28]: 	com.cvte.tv.bluetoothguide/com.cvte.tv.bluetoothguide.GuideActivity
08-24 15:59:15.579  1420  1746 I [Module:HotKey]: [SkipHotKeyView::isShowing:28]: 	null/com.cvte.tv.setting.TvSettingActivity
08-24 15:59:15.579  1420  1746 I [Module:HotKey]: 	sys.tv.fragment	AutoScaningFragment
08-24 15:59:15.579  1420  1746 I [Module:HotKey]: [SkipHotKeyView::isShowing:28]: 	null/com.cvte.tv.setting.TvSettingActivity
08-24 15:59:15.579  1420  1746 I [Module:HotKey]: 	sys.tv.fragment	MenuInfoFragment
08-24 15:59:15.579  1420  1746 I [Module:HotKey]: [SkipHotKeyView::isShowing:28]: 	null/com.cvte.tv.media.BrowserActivity
08-24 15:59:15.579  1420  1746 I [Module:HotKey]: [SkipHotKeyView::isShowing:28]: 	null/com.cvte.tv.setting.TvSettingActivity
08-24 15:59:15.579  1420  1746 I [Module:HotKey]: 	sys.current.ttx_is_on	ON
08-24 15:59:15.579  1420  1746 D MtkATVScan_jni: Java_com_mediatek_twoworlds_tv_TVNative_isScaning_1native
08-24 15:59:15.580  1420  1746 D MtkATVScan_jni: a_am_is_channel_scan_active 0
08-24 15:59:15.580  1420  1746 D [Vendor:Scan]: [MtkDVBSManager::isScanning:511]: isTpScan=false, isAutoScanFlag=false
08-24 15:59:15.581  1420  1746 I [Module:HotKey]: [KeyLongPressMapScope::handle:58]: 23 no long press map, reset, return KEY_NONE
08-24 15:59:15.581  1420  1746 I [Module:HotKey]: [KeyMapView::isActivityShowing:33]: isActivityShowing className= com.cvte.tv.setting.TvSettingActivity, activity=com.cvte.settings.net.wifi.activity.WiFiActivity
08-24 15:59:15.581  1420  1746 I [Module:HotKey]: [KeyMapView::isActivityShowing:33]: isActivityShowing className= all, activity=com.cvte.settings.net.wifi.activity.WiFiActivity
08-24 15:59:15.581  1420  1746 I [Module:HotKey]: [HotkeyUtil::getDeviceName:118]: type=keypad
08-24 15:59:15.582  1420  1746 I chatty  : uid=1000(system) Binder:1420_6 identical 3 lines
08-24 15:59:15.582  1420  1746 I [Module:HotKey]: [HotkeyUtil::getDeviceName:118]: type=keypad
08-24 15:59:15.582  1420  1746 I [Module:HotKey]: [KeyMapView::isActivityShowing:33]: isActivityShowing className= com.cvte.tv.setting.TvSettingActivity, activity=com.cvte.settings.net.wifi.activity.WiFiActivity
08-24 15:59:15.583  1420  1746 I chatty  : uid=1000(system) Binder:1420_6 identical 4 lines
08-24 15:59:15.583  1420  1746 I [Module:HotKey]: [KeyMapView::isActivityShowing:33]: isActivityShowing className= com.cvte.tv.setting.TvSettingActivity, activity=com.cvte.settings.net.wifi.activity.WiFiActivity
08-24 15:59:15.583  1420  1746 I [Module:HotKey]: [KeyMapView::isActivityShowing:33]: isActivityShowing className= com.cvte.tv.launcher.fall.MainActivity, activity=com.cvte.settings.net.wifi.activity.WiFiActivity
08-24 15:59:15.583  1420  1746 I [Module:HotKey]: [KeyMapView::isActivityShowing:33]: isActivityShowing className= com.cvte.settings.Settings, activity=com.cvte.settings.net.wifi.activity.WiFiActivity
08-24 15:59:15.584  1420  1746 I [Module:HotKey]: [KeyMapView::isActivityShowing:33]: isActivityShowing className= com.cvte.settings.Settings$NetworkSettings, activity=com.cvte.settings.net.wifi.activity.WiFiActivity
08-24 15:59:15.584  1420  1746 I [Module:HotKey]: [KeyMapView::isActivityShowing:33]: isActivityShowing className= com.cvte.settings.net.wifi.activity.WiFiActivity, activity=com.cvte.settings.net.wifi.activity.WiFiActivity
08-24 15:59:15.584  1420  1746 D [Module:HotKey]: [KeyMapView::isFragmentShowing:52]: isFragmentShowing fragments=null 
08-24 15:59:15.584  1420  1746 I [Module:HotKey]: [HotkeyUtil::getDeviceName:118]: type=keypad
08-24 15:59:15.585  1420  1746 I chatty  : uid=1000(system) Binder:1420_6 identical 4 lines
08-24 15:59:15.585  1420  1746 I [Module:HotKey]: [HotkeyUtil::getDeviceName:118]: type=keypad
08-24 15:59:15.585  1420  1746 I [Module:HotKey]: [KeyMapView::isActivityShowing:33]: isActivityShowing className= com.cvte.settings.wallpaper.statical.activity.StaticalWpActivity, activity=com.cvte.settings.net.wifi.activity.WiFiActivity
08-24 15:59:15.585  1420  1746 I [Module:HotKey]: [KeyMapView::isActivityShowing:33]: isActivityShowing className= com.cvte.tv.media.BrowserActivity, activity=com.cvte.settings.net.wifi.activity.WiFiActivity
08-24 15:59:15.585  1420  1746 I [Module:HotKey]: [KeyMapView::isActivityShowing:33]: isActivityShowing className= com.android.internal.app.ResolverActivity, activity=com.cvte.settings.net.wifi.activity.WiFiActivity
08-24 15:59:15.586  1420  1746 I [Module:HotKey]: [KeyMapView::isActivityShowing:33]: isActivityShowing className= com.cvte.tv.setting.TvSettingActivity, activity=com.cvte.settings.net.wifi.activity.WiFiActivity
08-24 15:59:15.586  1420  1746 I [Module:HotKey]: [KeyMapView::isActivityShowing:33]: isActivityShowing className= com.cvte.tv.media.player.video.VideoActivity, activity=com.cvte.settings.net.wifi.activity.WiFiActivity
08-24 15:59:15.586  1420  1746 I [Module:HotKey]: [KeyMapView::isActivityShowing:33]: isActivityShowing className= com.cvte.tv.media.player.audio.AudioActivity, activity=com.cvte.settings.net.wifi.activity.WiFiActivity
08-24 15:59:15.586  1420  1746 I [Module:HotKey]: [KeyMapView::isActivityShowing:33]: isActivityShowing className= com.cvte.tv.media.player.image.ImageActivity, activity=com.cvte.settings.net.wifi.activity.WiFiActivity
08-24 15:59:15.586  1420  1746 D [Module:HotKey]: [HotkeyManager::handleMapKeyEvent:599]: KeyEvent { action=ACTION_DOWN, keyCode=KEYCODE_DPAD_CENTER, scanCode=28, metaState=0, flags=0x8, repeatCount=0, eventTime=259745, downTime=259745, deviceId=2, source=0x301, displayId=-1 }
08-24 15:59:15.587  1393  1736 D CLog    : [null:4::onTvNotify]: notifySystemSignalLostPowerOffTimeRemaining
08-24 15:59:15.587  1393  1736 D CLog    : [null:26::a]: time = -1
08-24 15:59:15.588  1393  1736 D CLog    : [null:0::onTvNotify]: notifySystemSignalLostPowerOffTimeRemaining
08-24 15:59:15.589  1420  1746 I [Vendor:InputSource]: [MtkInputSourceManager::getCurrentInputSource:142]: get match input source device id
08-24 15:59:15.590  1420  1746 D [Module:TV]: [TVApiSystemSignalImpl::resetNoSignalTime:307]: inputSource = DTV
08-24 15:59:15.590  1420  1746 D [Module:TV]: [TVApiSystemSignalImpl::resetNoSignalTime:327]: mNoSignalRemaining = 900
08-24 15:59:15.590  1393  1736 D Evan    : handleKeyEvent:23
08-24 15:59:15.592   934  1107 D WindowManager: onGlobalKeyEvent ret = false
08-24 15:59:15.592   934  1107 D WindowManager: enter interceptKeyBeforeDispatching 3
08-24 15:59:15.628   470   470 D MTK_KL  : 3,16161,259798801,-;<UTPA_ERR>[Utopia][MIU]: Ioctl MDrv_CMD_MIU_GetMIUInfo fail
08-24 15:59:15.769   934  1107 D WindowManager: enter interceptKeyBeforeDispatching 1
08-24 15:59:15.770   934  1107 I WindowManager: cvteInterceptKeyBeforeDispatching Go in event =23
08-24 15:59:15.770   934  1107 D WindowManager: enter cvteInterceptKeyBeforeDispatching onGlobalKeyEvent
08-24 15:59:15.770  1420  1746 D Evan    : onGlobalKeyEvent keycode=23
08-24 15:59:15.770  1420  1746 D MouseControl: always hide mouse topPackageName is BlackList : com.cvte.settings
08-24 15:59:15.771  1420  1746 I [Module:HotKey]: [SkipHotKeyView::isShowing:28]: 	com.cvte.tv.player/com.cvte.tv.player.photo.PhotoPlayActivity
08-24 15:59:15.771  1420  1746 I [Module:HotKey]: [SkipHotKeyView::isShowing:28]: 	com.cvte.tv.provision/com.cvte.tv.provision.InspireActivity
08-24 15:59:15.771  1420  1746 I [Module:HotKey]: [SkipHotKeyView::isShowing:28]: 	com.cvte.tv.bluetoothguide/com.cvte.tv.bluetoothguide.GuideActivity
08-24 15:59:15.771  1420  1746 I [Module:HotKey]: [SkipHotKeyView::isShowing:28]: 	null/com.cvte.tv.setting.TvSettingActivity
08-24 15:59:15.771  1420  1746 I [Module:HotKey]: 	sys.tv.fragment	AutoScaningFragment
08-24 15:59:15.771  1420  1746 I [Module:HotKey]: [SkipHotKeyView::isShowing:28]: 	null/com.cvte.tv.setting.TvSettingActivity
08-24 15:59:15.771  1420  1746 I [Module:HotKey]: 	sys.tv.fragment	MenuInfoFragment
08-24 15:59:15.772  1420  1746 I [Module:HotKey]: [SkipHotKeyView::isShowing:28]: 	null/com.cvte.tv.media.BrowserActivity
08-24 15:59:15.772  1420  1746 I [Module:HotKey]: [SkipHotKeyView::isShowing:28]: 	null/com.cvte.tv.setting.TvSettingActivity
08-24 15:59:15.772  1420  1746 I [Module:HotKey]: 	sys.current.ttx_is_on	ON
08-24 15:59:15.772   470   470 D MTK_KL  : 4,16162,259942796,c;[GLUE][IR]u8KeyCode: 0x001c , u8KeyState: 0x2
08-24 15:59:15.772  1420  1746 D MtkATVScan_jni: Java_com_mediatek_twoworlds_tv_TVNative_isScaning_1native
08-24 15:59:15.773  1420  1746 D MtkATVScan_jni: a_am_is_channel_scan_active 0
08-24 15:59:15.773  1420  1746 D [Vendor:Scan]: [MtkDVBSManager::isScanning:511]: isTpScan=false, isAutoScanFlag=false
08-24 15:59:15.773  1420  1746 I [Module:HotKey]: [KeyLongPressMapScope::handle:58]: 23 no long press map, reset, return KEY_NONE
08-24 15:59:15.774  1420  1746 I [Module:HotKey]: [KeyMapView::isActivityShowing:33]: isActivityShowing className= com.cvte.tv.setting.TvSettingActivity, activity=com.cvte.settings.net.wifi.activity.WiFiActivity
08-24 15:59:15.774  1420  1746 I [Module:HotKey]: [KeyMapView::isActivityShowing:33]: isActivityShowing className= all, activity=com.cvte.settings.net.wifi.activity.WiFiActivity
08-24 15:59:15.774  1420  1746 I [Module:HotKey]: [HotkeyUtil::getDeviceName:118]: type=keypad
08-24 15:59:15.775  1420  1746 I chatty  : uid=1000(system) Binder:1420_6 identical 3 lines
08-24 15:59:15.775  1420  1746 I [Module:HotKey]: [HotkeyUtil::getDeviceName:118]: type=keypad
08-24 15:59:15.775  1420  1746 I [Module:HotKey]: [KeyMapView::isActivityShowing:33]: isActivityShowing className= com.cvte.tv.setting.TvSettingActivity, activity=com.cvte.settings.net.wifi.activity.WiFiActivity
08-24 15:59:15.776  1420  1746 I chatty  : uid=1000(system) Binder:1420_6 identical 4 lines
08-24 15:59:15.776  1420  1746 I [Module:HotKey]: [KeyMapView::isActivityShowing:33]: isActivityShowing className= com.cvte.tv.setting.TvSettingActivity, activity=com.cvte.settings.net.wifi.activity.WiFiActivity
08-24 15:59:15.776  1420  1746 I [Module:HotKey]: [KeyMapView::isActivityShowing:33]: isActivityShowing className= com.cvte.tv.launcher.fall.MainActivity, activity=com.cvte.settings.net.wifi.activity.WiFiActivity
08-24 15:59:15.776  1420  1746 I [Module:HotKey]: [KeyMapView::isActivityShowing:33]: isActivityShowing className= com.cvte.settings.Settings, activity=com.cvte.settings.net.wifi.activity.WiFiActivity
08-24 15:59:15.776  1420  1746 I [Module:HotKey]: [KeyMapView::isActivityShowing:33]: isActivityShowing className= com.cvte.settings.Settings$NetworkSettings, activity=com.cvte.settings.net.wifi.activity.WiFiActivity
08-24 15:59:15.776  1420  1746 I [Module:HotKey]: [KeyMapView::isActivityShowing:33]: isActivityShowing className= com.cvte.settings.net.wifi.activity.WiFiActivity, activity=com.cvte.settings.net.wifi.activity.WiFiActivity
08-24 15:59:15.777  1420  1746 D [Module:HotKey]: [KeyMapView::isFragmentShowing:52]: isFragmentShowing fragments=null 
08-24 15:59:15.777  1420  1746 I [Module:HotKey]: [HotkeyUtil::getDeviceName:118]: type=keypad
08-24 15:59:15.777  1420  1746 I chatty  : uid=1000(system) Binder:1420_6 identical 4 lines
08-24 15:59:15.778  1420  1746 I [Module:HotKey]: [HotkeyUtil::getDeviceName:118]: type=keypad
08-24 15:59:15.778  1420  1746 I [Module:HotKey]: [KeyMapView::isActivityShowing:33]: isActivityShowing className= com.cvte.settings.wallpaper.statical.activity.StaticalWpActivity, activity=com.cvte.settings.net.wifi.activity.WiFiActivity
08-24 15:59:15.778  1420  1746 I [Module:HotKey]: [KeyMapView::isActivityShowing:33]: isActivityShowing className= com.cvte.tv.media.BrowserActivity, activity=com.cvte.settings.net.wifi.activity.WiFiActivity
08-24 15:59:15.778  1420  1746 I [Module:HotKey]: [KeyMapView::isActivityShowing:33]: isActivityShowing className= com.android.internal.app.ResolverActivity, activity=com.cvte.settings.net.wifi.activity.WiFiActivity
08-24 15:59:15.778  1420  1746 I [Module:HotKey]: [KeyMapView::isActivityShowing:33]: isActivityShowing className= com.cvte.tv.setting.TvSettingActivity, activity=com.cvte.settings.net.wifi.activity.WiFiActivity
08-24 15:59:15.778  1420  1746 I [Module:HotKey]: [KeyMapView::isActivityShowing:33]: isActivityShowing className= com.cvte.tv.media.player.video.VideoActivity, activity=com.cvte.settings.net.wifi.activity.WiFiActivity
08-24 15:59:15.779  1420  1746 I [Module:HotKey]: [KeyMapView::isActivityShowing:33]: isActivityShowing className= com.cvte.tv.media.player.audio.AudioActivity, activity=com.cvte.settings.net.wifi.activity.WiFiActivity
08-24 15:59:15.779  1420  1746 I [Module:HotKey]: [KeyMapView::isActivityShowing:33]: isActivityShowing className= com.cvte.tv.media.player.image.ImageActivity, activity=com.cvte.settings.net.wifi.activity.WiFiActivity
08-24 15:59:15.779  1420  1746 D [Module:HotKey]: [HotkeyManager::handleMapKeyEvent:599]: KeyEvent { action=ACTION_UP, keyCode=KEYCODE_DPAD_CENTER, scanCode=28, metaState=0, flags=0x8, repeatCount=0, eventTime=259940, downTime=259745, deviceId=2, source=0x301, displayId=-1 }
08-24 15:59:15.780  1393  1736 D CLog    : [null:4::onTvNotify]: notifySystemSignalLostPowerOffTimeRemaining
08-24 15:59:15.780  1393  1736 D CLog    : [null:26::a]: time = -1
08-24 15:59:15.780  1393  1736 D CLog    : [null:0::onTvNotify]: notifySystemSignalLostPowerOffTimeRemaining
08-24 15:59:15.782  1420  1746 I [Vendor:InputSource]: [MtkInputSourceManager::getCurrentInputSource:142]: get match input source device id
08-24 15:59:15.782  1420  1746 D [Module:TV]: [TVApiSystemSignalImpl::resetNoSignalTime:307]: inputSource = DTV
08-24 15:59:15.782  1420  1746 D [Module:TV]: [TVApiSystemSignalImpl::resetNoSignalTime:327]: mNoSignalRemaining = 900
08-24 15:59:15.783  1393  1736 D Evan    : handleKeyEvent:23
08-24 15:59:15.785  1420  1746 W [Module:HotKey]: [HotkeyManager::getKeyEvents:765]: Cache KeyEvent List size = 2
08-24 15:59:15.785   934  1107 D WindowManager: onGlobalKeyEvent ret = false
08-24 15:59:15.785   934  1107 D WindowManager: enter interceptKeyBeforeDispatching 3
08-24 15:59:15.786  2191  2191 E WiFiActivity:: onClick--:
08-24 15:59:15.788   934  1250 I WifiService: connect uid=1000
08-24 15:59:15.791   388   482 E BufferQueueProducer: [com.cvte.settings/com.cvte.settings.net.wifi.activity.WiFiActivity#1](id:1840000000e,api:0,p:-1,c:388) disconnect: not connected (req=1)
08-24 15:59:15.791  2191  2215 W libEGL  : EGLNativeWindowType 0xa43fa408 disconnect failed
08-24 15:59:15.792   934  1125 D WifiConfigManager: Enable disabled network: "huangxiaohua_public_00000000" num=0
08-24 15:59:15.800  2191  2191 W InputEventReceiver: Attempted to finish an input event but the input event receiver has already been disposed.
08-24 15:59:15.805   368   368 D hwcomposer: HWCDisplayDevicePrimary::checkCanSkipValidate: UI layer has something changed!!!! 1
08-24 15:59:15.806   388   388 E CompositionEngine: [Dim Layer for - Task=26#0] Invalid device requested composition type change: SOLID_COLOR (3) --> DEVICE (2)
08-24 15:59:15.809   934  1125 I AlarmManager: Setting Wakeup Alarm type[2] sPackageName is null @269981 and next wakeup alarm is @Tue Aug 24 15:54:55 GMT+03:00 2021
08-24 15:59:15.817  2227  2263 W ContentShowServiceMgr: setUpAirPlayService: network is disabled, AirPlay will start when ap enabled
08-24 15:59:15.821   368   368 D hwcomposer: HWCDisplayDevicePrimary::checkCanSkipValidate: UI layer has something changed!!!! 2
08-24 15:59:15.822   388   388 E CompositionEngine: [Dim Layer for - Task=26#0] Invalid device requested composition type change: SOLID_COLOR (3) --> DEVICE (2)
08-24 15:59:15.841   934  1125 D WifiConfigStore: Writing to stores completed in 24 ms.
08-24 15:59:15.844   934  1125 D WifiClientModeImpl: connectToUserSelectNetwork netId 1, uid 1000, forceReconnect = false
08-24 15:59:15.844   934  1125 I WifiClientModeImpl: connectToUserSelectNetwork already connecting/connected=1
08-24 15:59:15.848  2191  2836 D WiFiActivity: onSuccess: open Lock
08-24 15:59:15.875  2191  2191 E WifiItemTextView:: refreshStatusText state--:CONNECTING
08-24 15:59:15.879  2191  2191 E WifiItemTextView:: refreshStatusText state--:CONNECTING
08-24 15:59:15.879  2191  2191 D WiFiAdapter: onBindViewHolder: accessPoint=AccessPoint(huangxiaohua_public_00000000,saved,active,WPA_WPA2),position=1
08-24 15:59:15.881  2191  2191 E WifiItemTextViewConfig:: refreshStatusText--:2
08-24 15:59:15.881  2191  2191 D WiFiAdapter: onBindViewHolder: accessPoint=AccessPoint(TP-LINK_6FCB,saved,connectable),position=2
08-24 15:59:15.883  2191  2191 D WiFiAdapter: onBindViewHolder: accessPoint=AccessPoint(123_2.4G,connectable),position=3
08-24 15:59:15.885  2191  2191 D WiFiAdapter: onBindViewHolder: accessPoint=AccessPoint(WEP,connectable,WEP),position=4
08-24 15:59:15.886  2191  2191 D WiFiAdapter: onBindViewHolder: accessPoint=AccessPoint(TP-LINK_5821,connectable),position=5
08-24 15:59:15.899  2191  2191 W View    : requestLayout() improperly called by android.widget.LinearLayout{6c65ac9 V.E...... ......ID 0,0-1280,152 #7f0f00b0 app:id/content} during layout: running second layout pass
08-24 15:59:15.900  2191  2191 W View    : requestLayout() improperly called by android.widget.TextView{29415ce V.ED..... ..S...ID 169,47-769,104 #7f0f0150 app:id/ssid} during layout: running second layout pass
08-24 15:59:15.903  2191  2191 E WifiItemTextView:: refreshStatusText state--:CONNECTING
08-24 15:59:15.935  1420  1934 I [Module:TV]: [TVApiSystemSignalImpl$NoSignalTimerTask::run:187]: no signal timer
08-24 15:59:15.936  1420  1934 I [Module:TV]: [TVApiSystemSignalImpl$NoSignalTimerTask::ignoreNoSignalStandby:238]: Not in com.cvte.tv.setting apk, ignore
08-24 15:59:15.960  1260  1421 D RecommendedChannelsThread: [MtkLog]start, status==false,mLauncherRunning==false
08-24 15:59:16.057   368   540 D hwcomposer: HWComposerDisplayHalMiOsd::hwcMiDisplay: Create new surface handle=0x80002, Cache size = 1
08-24 15:59:16.060   470   470 D MTK_KL  : 3,16163,260232370,-;<MI3_ERR>_MI_OSD_MappingColorFmtMi2AfbcFmt[1157]: Cannot cast eColorFmt(7), use E_GOP_FB_AFBC_V1P2_ARGB8888 as default.
08-24 15:59:16.073   368   540 D hwcomposer: HWComposerDisplayHalMiOsd::hwcMiDisplay: Create new surface handle=0x80006, Cache size = 2
08-24 15:59:16.076   470   470 D MTK_KL  : 3,16164,260248417,-;<MI3_ERR>_MI_OSD_MappingColorFmtMi2AfbcFmt[1157]: Cannot cast eColorFmt(7), use E_GOP_FB_AFBC_V1P2_ARGB8888 as default.
08-24 15:59:16.090   368   540 D hwcomposer: HWComposerDisplayHalMiOsd::hwcMiDisplay: Create new surface handle=0x80007, Cache size = 3
08-24 15:59:16.092   470   470 D MTK_KL  : 3,16165,260264546,-;<MI3_ERR>_MI_OSD_MappingColorFmtMi2AfbcFmt[1157]: Cannot cast eColorFmt(7), use E_GOP_FB_AFBC_V1P2_ARGB8888 as default.
08-24 15:59:16.340   470   470 D MTK_KL  : 4,16166,260512490,-;STAMlmePeriodicExec...
08-24 15:59:16.340   470   470 D MTK_KL  : 4,16167,260512498,-;Start TxAlcGetAutoAgcOffset
08-24 15:59:16.340   470   470 D MTK_KL  : 4,16168,260512589,-;2[MT7601_get_rssi]:StaCount=0,Avg Rssi=0,pAd->OpMode=0
08-24 15:59:16.340   470   470 D MTK_KL  : 4,16169,260512592,-;No connection! Set fake rssi= -80!!!
08-24 15:59:16.344   470   470 D MTK_KL  : 3,16170,260515029,-;<UTPA_ERR>[Utopia][MIU]: Ioctl MDrv_CMD_MIU_GetMIUInfo fail
08-24 15:59:16.722  2086  2169 D KeepLiveServer: run
08-24 15:59:16.728  2086  2169 D KeepLiveServer: checkOp: android.permission.INTERNET
08-24 15:59:16.729  2086  2169 D KeepLiveServer: checkOp: android.permission.CHANGE_NETWORK_STATE
08-24 15:59:16.730  2086  2169 D KeepLiveServer: checkOp: android.permission.CHANGE_WIFI_STATE
08-24 15:59:16.731  2086  2169 D KeepLiveServer: checkOp: android.permission.ACCESS_NETWORK_STATE
08-24 15:59:16.731  2086  2169 D KeepLiveServer: checkOp: android.permission.WRITE_EXTERNAL_STORAGE
08-24 15:59:16.732  2086  2169 D KeepLiveServer: checkOp: android.permission.READ_EXTERNAL_STORAGE
08-24 15:59:16.733  2086  2169 D KeepLiveServer: checkOp: android.permission.ACCESS_WIFI_STATE
08-24 15:59:16.734  2086  2169 D KeepLiveServer: checkOp: android.permission.WAKE_LOCK
08-24 15:59:16.734  2086  2169 D KeepLiveServer: checkOp: android.permission.MODIFY_AUDIO_SETTINGS
08-24 15:59:16.735  2086  2169 D KeepLiveServer: checkOp: android.permission.READ_PHONE_STATE
08-24 15:59:16.736  2086  2169 D KeepLiveServer: checkOp: android.permission.RECEIVE_BOOT_COMPLETED
08-24 15:59:16.737  2086  2169 D KeepLiveServer: checkOp: android.permission.RESTART_PACKAGES
08-24 15:59:16.739  2086  2169 D KeepLiveServer: checkOp: android.permission.GET_TASKS
08-24 15:59:16.740  2086  2169 D KeepLiveServer: checkOp: android.permission.ACCESS_FINE_LOCATION
08-24 15:59:16.741  2086  2169 D KeepLiveServer: checkOp: android.permission.ACCESS_COARSE_LOCATION
08-24 15:59:16.742  2086  2169 D KeepLiveServer: checkOp: android.permission.BLUETOOTH
08-24 15:59:16.744  2086  2169 D KeepLiveServer: checkOp: android.permission.WRITE_SETTINGS
08-24 15:59:16.744  2086  2169 D KeepLiveServer: checkOp: android.permission.CHANGE_WIFI_MULTICAST_STATE
08-24 15:59:16.745  2086  2169 D KeepLiveServer: checkOp: android.permission.ACCESS_BACKGROUND_LOCATION
08-24 15:59:16.746  2086  2169 D KeepLiveServer: checkOp: android.permission.ACCESS_MEDIA_LOCATION
08-24 15:59:16.768  3163  3163 D wpa_supplicant: wlan0: SME: Authentication timeout
08-24 15:59:16.768  3163  3163 D wpa_supplicant: wpa_driver_nl80211_deauthenticate(addr=48:7d:2e:23:25:eb reason_code=3)
08-24 15:59:16.772   470   470 D MTK_KL  : 4,16171,260943085,-;80211> CFG80211_OpsDeauth ==>
08-24 15:59:16.772   470   470 D MTK_KL  : 4,16172,260943093,-;80211> ReasonCode = 3, iftype = 2
08-24 15:59:16.772   470   470 D MTK_KL  : 4,16173,260943101,-;AUTH - Send DE-AUTH request (Reason=3)...
08-24 15:59:16.772   470   470 D MTK_KL  : 4,16174,260943138,-;!!! LINK DOWN !!! - 0 - 11
08-24 15:59:16.772   470   470 D MTK_KL  : 4,16175,260943141,-;!!! LINK DOWN 2!!!
08-24 15:59:16.772   470   470 D MTK_KL  : 4,16176,260943149,-;AsicSetEdcaParm
08-24 15:59:16.772   470   470 D MTK_KL  : 4,16177,260945287,-;--->Disable TSF synchronization
08-24 15:59:16.772   470   470 D MTK_KL  : 4,16178,260945293,-;RTMPSetLEDStatus: MCUCmd:0x50, LED Mode:0x0, LinkStatus:0x20
08-24 15:59:16.772   470   470 D MTK_KL  : 4,16179,260945296,-;SetLEDStatusHdlr: CMDTHREAD_SET_LED_STATUS (LEDStatus = 0)
08-24 15:59:16.773   470   470 D MTK_KL  : 4,16180,260945465,-;LinkDownCleanMlmeAux.ExtCapInfo!
08-24 15:59:16.774  3163  3163 D wpa_supplicant: wlan0: Radio work 'sme-connect'@0xb2fe18a0 done in 5.012163 seconds
08-24 15:59:16.774  3163  3163 D wpa_supplicant: wlan0: radio_work_free('sme-connect'@0xb2fe18a0): num_active_works --> 0
08-24 15:59:16.774  3163  3163 D wpa_supplicant: wlan0: Ignore connection failure indication since auto connect is disabled
08-24 15:59:16.774  3163  3163 D wpa_supplicant: wlan0: State: AUTHENTICATING -> DISCONNECTED
08-24 15:59:16.774   499   499 I wificond: Regulatory domain changed
08-24 15:59:16.774  3163  3163 D wpa_supplicant: nl80211: Set wlan0 operstate 0->0 (DORMANT)
08-24 15:59:16.774  3163  3163 D wpa_supplicant: netlink: Operstate: ifindex=14 linkmode=-1 (no change), operstate=5 (IF_OPER_DORMANT)
08-24 15:59:16.774  3163  3163 D wpa_supplicant: Notifying state change event to hidl control: 0
08-24 15:59:16.776  3163  3163 D wpa_supplicant: wlan0: Determining shared radio frequencies (max len 1)
08-24 15:59:16.776   499   499 I wificond: 2.4Ghz frequencies: 2412 2417 2422 2427 2432 2437 2442 2447 2452 2457 2462 2467 2472 2484
08-24 15:59:16.776  3163  3163 D wpa_supplicant: wlan0: Shared frequencies (len=0): completed iteration
08-24 15:59:16.776   499   499 I wificond: 5Ghz non-DFS frequencies:
08-24 15:59:16.776  3163  3163 D wpa_supplicant: P2P: Add operating class 81
08-24 15:59:16.776  3163  3163 D wpa_supplicant: P2P: Channels - hexdump(len=13): 01 02 03 04 05 06 07 08 09 0a 0b 0c 0d
08-24 15:59:16.776  3163  3163 D wpa_supplicant: P2P: Update channel list
08-24 15:59:16.776   499   499 I wificond: 5Ghz DFS frequencies:
08-24 15:59:16.776  3163  3163 D wpa_supplicant: P2P: channels: 81:1,2,3,4,5,6,7,8,9,10,11,12,13
08-24 15:59:16.776   499   499 I wificond: 6Ghz frequencies:
08-24 15:59:16.776  3163  3163 D wpa_supplicant: P2P: cli_channels:
08-24 15:59:16.776  3163  3163 D wpa_supplicant: RTM_NEWLINK: ifi_index=14 ifname=wlan0 wext ifi_family=0 ifi_flags=0x11003 ([UP][LOWER_UP])
08-24 15:59:16.777  3163  3163 D wpa_supplicant: RTM_NEWLINK: ifi_index=14 ifname=wlan0 wext ifi_family=0 ifi_flags=0x11003 ([UP][LOWER_UP])
08-24 15:59:16.778  3163  3163 D wpa_supplicant: nl80211: Ignored event 48 (NL80211_CMD_DISCONNECT) for foreign interface (ifindex 14 wdev 0x0)
08-24 15:59:16.778  3163  3163 D wpa_supplicant: nl80211: Drv Event 48 (NL80211_CMD_DISCONNECT) received for wlan0
08-24 15:59:16.778  3163  3163 D wpa_supplicant: nl80211: Ignore disconnect event when using userspace SME
08-24 15:59:16.778  3163  3163 D wpa_supplicant: nl80211: Drv Event 36 (NL80211_CMD_REG_CHANGE) received for p2p0
08-24 15:59:16.778  3163  3163 D wpa_supplicant: nl80211: Regulatory domain change
08-24 15:59:16.778  3163  3163 D wpa_supplicant:  * initiator=0
08-24 15:59:16.778  3163  3163 D wpa_supplicant:  * type=1
08-24 15:59:16.778  3163  3163 D wpa_supplicant: p2p0: Event CHANNEL_LIST_CHANGED (27) received
08-24 15:59:16.778  3163  3163 I wpa_supplicant: p2p0: CTRL-EVENT-REGDOM-CHANGE init=CORE type=WORLD
08-24 15:59:16.778  3163  3163 D wpa_supplicant: p2p0: Updating hw mode
08-24 15:59:16.779   470   470 D MTK_KL  : 4,16181,260948660,-;---> StopFrequencyCalibration
08-24 15:59:16.779   470   470 D MTK_KL  : 4,16182,260948667,-;StopFrequencyCalibration: pAd->FreqCalibrationCtrl.AdaptiveFreqOffset = 0x5E
08-24 15:59:16.779  3163  3163 D wpa_supplicant: nl80211: Regulatory information - country=00
08-24 15:59:16.779   470   470 D MTK_KL  : 4,16183,260948669,-;<--- StopFrequencyCalibration
08-24 15:59:16.779  3163  3163 D wpa_supplicant: nl80211: 2402-2472 @ 40 MHz 20 mBm
08-24 15:59:16.779   470   470 D MTK_KL  : 4,16184,260948717,-;80211> CFG80211_OpsKeyDel ==>
08-24 15:59:16.779  3163  3163 D wpa_supplicant: nl80211: 2457-2482 @ 20 MHz 20 mBm (no IR)
08-24 15:59:16.779   470   470 D MTK_KL  : 4,16185,260948721,-;80211> KeyDel isPairwise 0
08-24 15:59:16.779   470   470 D MTK_KL  : 4,16186,260948724,-;80211> STA Key Del
08-24 15:59:16.779  3163  3163 D wpa_supplicant: nl80211: 2474-2494 @ 20 MHz 20 mBm (no OFDM) (no IR)
08-24 15:59:16.779   470   470 D MTK_KL  : 4,16187,260948727,-;80211> CFG80211_OpsKeyDel ==>
08-24 15:59:16.779  3163  3163 D wpa_supplicant: nl80211: 5170-5250 @ 80 MHz 20 mBm (no IR)
08-24 15:59:16.779   470   470 D MTK_KL  : 4,16188,260948729,-;80211> KeyDel isPairwise 0
08-24 15:59:16.779  3163  3163 D wpa_supplicant: nl80211: 5250-5330 @ 80 MHz 20 mBm (DFS) (no IR)
08-24 15:59:16.779   470   470 D MTK_KL  : 4,16189,260948731,-;80211> STA Key Del
08-24 15:59:16.779  3163  3163 D wpa_supplicant: nl80211: 5490-5730 @ 160 MHz 20 mBm (DFS) (no IR)
08-24 15:59:16.779   470   470 D MTK_KL  : 4,16190,260948733,-;80211> CFG80211_OpsKeyDel ==>
08-24 15:59:16.779  3163  3163 D wpa_supplicant: nl80211: 5735-5835 @ 80 MHz 20 mBm (no IR)
08-24 15:59:16.779   470   470 D MTK_KL  : 4,16191,260948735,-;80211> KeyDel isPairwise 0
08-24 15:59:16.780  3163  3163 D wpa_supplicant: nl80211: 57240-63720 @ 2160 MHz 0 mBm
08-24 15:59:16.780   470   470 D MTK_KL  : 4,16192,260948737,-;80211> STA Key Del
08-24 15:59:16.780   934  1013 I EthernetTracker: interfaceLinkStateChanged, iface: wlan0, up: true
08-24 15:59:16.780   470   470 D MTK_KL  : 4,16193,260948739,-;80211> CFG80211_OpsKeyDel ==>
08-24 15:59:16.780   470   470 D MTK_KL  : 4,16194,260948741,-;80211> KeyDel isPairwise 0
08-24 15:59:16.780   470   470 D MTK_KL  : 4,16195,260948742,-;80211> STA Key Del
08-24 15:59:16.780   470   470 D MTK_KL  : 4,16196,260948744,-;80211> CFG80211_OpsKeyDel ==>
08-24 15:59:16.780   470   470 D MTK_KL  : 4,16197,260948747,-;80211> KeyDel isPairwise 0
08-24 15:59:16.780   470   470 D MTK_KL  : 4,16198,260948748,-;80211> STA Key Del
08-24 15:59:16.780   470   470 D MTK_KL  : 4,16199,260948750,-;80211> CFG80211_OpsKeyDel ==>
08-24 15:59:16.780  3163  3163 D wpa_supplicant: nl80211: Added 802.11b mode based on 802.11g information
08-24 15:59:16.780   470   470 D MTK_KL  : 4,16200,260948752,-;80211> KeyDel isPairwise 0
08-24 15:59:16.780   470   470 D MTK_KL  : 4,16201,260948754,-;80211> STA Key Del
08-24 15:59:16.780  3163  3163 D wpa_supplicant: nl80211: Mode IEEE 802.11g: 2412 2417 2422 2427 2432 2437 2442 2447 2452 2457 2462 2467[NO_IR] 2472[NO_IR] 2484[NO_IR]
08-24 15:59:16.780   470   470 D MTK_KL  : 4,16202,260948809,-;crda> requlation requestion by core: 
08-24 15:59:16.780  3163  3163 D wpa_supplicant: nl80211: Mode IEEE 802.11b: 2412 2417 2422 2427 2432 2437 2442 2447 2452 2457 2462 2467[NO_IR] 2472[NO_IR] 2484[NO_IR]
08-24 15:59:16.780   470   470 D MTK_KL  : 4,16203,260948811,-;00
08-24 15:59:16.780  3163  3163 D wpa_supplicant: wlan0: Updating hw mode
08-24 15:59:16.780   470   470 D MTK_KL  : 4,16204,260952947,-;CNTL - Illegal message in CntlIdleProc(MsgType=36)
08-24 15:59:16.780   934  1013 I EthernetTracker: interfaceLinkStateChanged, iface: wlan0, up: true
08-24 15:59:16.781  3163  3163 D wpa_supplicant: nl80211: Regulatory information - country=00
08-24 15:59:16.781  3163  3163 D wpa_supplicant: nl80211: 2402-2472 @ 40 MHz 20 mBm
08-24 15:59:16.781  3163  3163 D wpa_supplicant: nl80211: 2457-2482 @ 20 MHz 20 mBm (no IR)
08-24 15:59:16.781  3163  3163 D wpa_supplicant: nl80211: 2474-2494 @ 20 MHz 20 mBm (no OFDM) (no IR)
08-24 15:59:16.781  3163  3163 D wpa_supplicant: nl80211: 5170-5250 @ 80 MHz 20 mBm (no IR)
08-24 15:59:16.781  3163  3163 D wpa_supplicant: nl80211: 5250-5330 @ 80 MHz 20 mBm (DFS) (no IR)
08-24 15:59:16.781  3163  3163 D wpa_supplicant: nl80211: 5490-5730 @ 160 MHz 20 mBm (DFS) (no IR)
08-24 15:59:16.781  3163  3163 D wpa_supplicant: nl80211: 5735-5835 @ 80 MHz 20 mBm (no IR)
08-24 15:59:16.781  3163  3163 D wpa_supplicant: nl80211: 57240-63720 @ 2160 MHz 0 mBm
08-24 15:59:16.781  3163  3163 D wpa_supplicant: nl80211: Added 802.11b mode based on 802.11g information
08-24 15:59:16.781  3163  3163 D wpa_supplicant: nl80211: Mode IEEE 802.11g: 2412 2417 2422 2427 2432 2437 2442 2447 2452 2457 2462 2467[NO_IR] 2472[NO_IR] 2484[NO_IR]
08-24 15:59:16.781  3163  3163 D wpa_supplicant: nl80211: Mode IEEE 802.11b: 2412 2417 2422 2427 2432 2437 2442 2447 2452 2457 2462 2467[NO_IR] 2472[NO_IR] 2484[NO_IR]
08-24 15:59:16.781  3163  3163 D wpa_supplicant: p2p0: Determining shared radio frequencies (max len 1)
08-24 15:59:16.781  3163  3163 D wpa_supplicant: p2p0: Shared frequencies (len=0): completed iteration
08-24 15:59:16.781  3163  3163 D wpa_supplicant: P2P: Add operating class 81
08-24 15:59:16.781  3163  3163 D wpa_supplicant: P2P: Channels - hexdump(len=11): 01 02 03 04 05 06 07 08 09 0a 0b
08-24 15:59:16.781  3163  3163 D wpa_supplicant: P2P: Update channel list
08-24 15:59:16.781  3163  3163 D wpa_supplicant: P2P: channels: 81:1,2,3,4,5,6,7,8,9,10,11
08-24 15:59:16.782  3163  3163 D wpa_supplicant: P2P: cli_channels:
08-24 15:59:16.783   934  1023 W BroadcastQueue: Background execution not allowed: receiving Intent { act=android.net.wifi.STATE_CHANGE flg=0x4000010 (has extras) } to com.cvte.tv.ucservice/.receiver.NetworkReceiver
08-24 15:59:16.784  2086  2086 D wifi_server: wifi status 11
08-24 15:59:16.788  2227  2247 D wifi_server: network disconnected
