08-24 15:59:10.608   470   470 D MTK_KL  : 3,15398,254778877,-;<UTPA_ERR>[Utopia][MIU]: Ioctl MDrv_CMD_MIU_GetMIUInfo fail
08-24 15:59:10.628   470   470 D MTK_KL  : 4,15399,254798836,-;MT7601_ChipSwitchChannel: SwitchChannel#13(RF=15, 1T)
08-24 15:59:10.721  2086  2169 D KeepLiveServer: run
08-24 15:59:10.729  2086  2169 D KeepLiveServer: checkOp: android.permission.INTERNET
08-24 15:59:10.730  2086  2169 D KeepLiveServer: checkOp: android.permission.CHANGE_NETWORK_STATE
08-24 15:59:10.731  2086  2169 D KeepLiveServer: checkOp: android.permission.CHANGE_WIFI_STATE
08-24 15:59:10.731  2086  2169 D KeepLiveServer: checkOp: android.permission.ACCESS_NETWORK_STATE
08-24 15:59:10.732  2086  2169 D KeepLiveServer: checkOp: android.permission.WRITE_EXTERNAL_STORAGE
08-24 15:59:10.733  2086  2169 D KeepLiveServer: checkOp: android.permission.READ_EXTERNAL_STORAGE
08-24 15:59:10.734  2086  2169 D KeepLiveServer: checkOp: android.permission.ACCESS_WIFI_STATE
08-24 15:59:10.735  2086  2169 D KeepLiveServer: checkOp: android.permission.WAKE_LOCK
08-24 15:59:10.735  2086  2169 D KeepLiveServer: checkOp: android.permission.MODIFY_AUDIO_SETTINGS
08-24 15:59:10.736  2086  2169 D KeepLiveServer: checkOp: android.permission.READ_PHONE_STATE
08-24 15:59:10.737  2086  2169 D KeepLiveServer: checkOp: android.permission.RECEIVE_BOOT_COMPLETED
08-24 15:59:10.738  2086  2169 D KeepLiveServer: checkOp: android.permission.RESTART_PACKAGES
08-24 15:59:10.739  2086  2169 D KeepLiveServer: checkOp: android.permission.GET_TASKS
08-24 15:59:10.740  2086  2169 D KeepLiveServer: checkOp: android.permission.ACCESS_FINE_LOCATION
08-24 15:59:10.741  2086  2169 D KeepLiveServer: checkOp: android.permission.ACCESS_COARSE_LOCATION
08-24 15:59:10.742  2086  2169 D KeepLiveServer: checkOp: android.permission.BLUETOOTH
08-24 15:59:10.743  2086  2169 D KeepLiveServer: checkOp: android.permission.WRITE_SETTINGS
08-24 15:59:10.744  2086  2169 D KeepLiveServer: checkOp: android.permission.CHANGE_WIFI_MULTICAST_STATE
08-24 15:59:10.745  2086  2169 D KeepLiveServer: checkOp: android.permission.ACCESS_BACKGROUND_LOCATION
08-24 15:59:10.746  2086  2169 D KeepLiveServer: checkOp: android.permission.ACCESS_MEDIA_LOCATION
08-24 15:59:10.776   470   470 D MTK_KL  : 4,15400,254947028,-;MT7601_ChipSwitchChannel: SwitchChannel#14(RF=15, 1T)
08-24 15:59:10.872   470   470 D MTK_KL  : 4,15401,255045205,-;STAMlmePeriodicExec...
08-24 15:59:10.872   470   470 D MTK_KL  : 4,15402,255045303,-;2[MT7601_get_rssi]:StaCount=0,Avg Rssi=-127,pAd->OpMode=0
08-24 15:59:10.872   470   470 D MTK_KL  : 4,15403,255045306,-;No connection! Set fake rssi= -80!!!
08-24 15:59:10.932   470   470 D MTK_KL  : 4,15404,255102818,-;MT7601_ChipSwitchChannel: SwitchChannel#1(RF=15, 1T)
08-24 15:59:10.934  3163  3163 D wpa_supplicant: RTM_NEWLINK: ifi_index=14 ifname=wlan0 wext ifi_family=0 ifi_flags=0x11003 ([UP][LOWER_UP])
08-24 15:59:10.934  3163  3163 D wpa_supplicant: nl80211: Ignored event 34 (NL80211_CMD_NEW_SCAN_RESULTS) for foreign interface (ifindex 14 wdev 0x0)
08-24 15:59:10.934  3163  3163 D wpa_supplicant: nl80211: Drv Event 34 (NL80211_CMD_NEW_SCAN_RESULTS) received for wlan0
08-24 15:59:10.934  3163  3163 D wpa_supplicant: wlan0: nl80211: New scan results available
08-24 15:59:10.934  3163  3163 D wpa_supplicant: nl80211: Scan probed for SSID ''
08-24 15:59:10.934  3163  3163 D wpa_supplicant: nl80211: Scan included frequencies: 2412 2417 2422 2427 2432 2437 2442 2447 2452 2457 2462 2467 2472 2484
08-24 15:59:10.934  3163  3163 D wpa_supplicant: wlan0: Event SCAN_RESULTS (3) received
08-24 15:59:10.935  3163  3163 D wpa_supplicant: nl80211: Received scan results (35 BSSes)
08-24 15:59:10.936  1420  1934 I [Module:TV]: [TVApiSystemSignalImpl$NoSignalTimerTask::run:187]: no signal timer
08-24 15:59:10.936  1420  1934 I [Module:TV]: [TVApiSystemSignalImpl$NoSignalTimerTask::ignoreNoSignalStandby:238]: Not in com.cvte.tv.setting apk, ignore
08-24 15:59:10.936   470   470 D MTK_KL  : 4,15405,255108079,-;SYNC - End of SCAN, restore to 20MHz channel 1, Total BSS[31]
08-24 15:59:10.936   470   470 D MTK_KL  : 4,15406,255108090,-;SCAN done, resume MSDU transmission ...
08-24 15:59:10.936   470   470 D MTK_KL  : 4,15407,255108388,-;80211> cfg80211_scan_done
08-24 15:59:10.936   934  1096 D WifiNl80211Manager: Scan result ready event
08-24 15:59:10.936   934  1096 D WifiNative: Scan result ready event
08-24 15:59:10.938   470   470 D MTK_KL  : 4,15408,255110151,-;80211> CFG80211_OpsSurveyGet ==>
08-24 15:59:10.939   470   470 D MTK_KL  : 4,15409,255110159,-;80211> busy time = 0 0
08-24 15:59:10.940  3163  3163 D wpa_supplicant: wlan0: BSS: Start scan result update 7
08-24 15:59:10.940  3163  3163 D wpa_supplicant: BSS: d4:5d:64:cc:62:a2 changed freq 2437 --> 2412
08-24 15:59:10.940  3163  3163 D wpa_supplicant: BSS: d4:5d:64:cc:62:a2 has multiple entries in the scan results - select the most current one
08-24 15:59:10.940  3163  3163 D wpa_supplicant: Previous last_update: 234.227312 (freq 2412)
08-24 15:59:10.940  3163  3163 D wpa_supplicant: New last_update: 253.991312 (freq 2437)
08-24 15:59:10.940  3163  3163 D wpa_supplicant: Accept this BSS entry since it looks more current than the previous update
08-24 15:59:10.940  3163  3163 D wpa_supplicant: BSS: d4:5d:64:cc:62:a2 changed freq 2412 --> 2437
08-24 15:59:10.940  3163  3163 D wpa_supplicant: wlan0: BSS: Add new id 34 BSSID 20:6b:e7:59:5c:2c SSID 'TP-LINK_5C2C' freq 2412
08-24 15:59:10.940  3163  3163 D wpa_supplicant: wlan0: BSS: Add new id 35 BSSID c8:3a:35:4d:e6:18 SSID 'Tenda_4DE618' freq 2467
08-24 15:59:10.940  3163  3163 D wpa_supplicant: BSS: last_scan_res_used=34/64
08-24 15:59:10.940  3163  3163 D wpa_supplicant: wlan0: New scan results available (own=0 ext=1)
08-24 15:59:10.940  3163  3163 D wpa_supplicant: wlan0: Do not use results from externally requested scan operation for network selection
08-24 15:59:10.940  3163  3163 D wpa_supplicant: p2p0: Updating scan results from sibling
08-24 15:59:10.941   934  1013 I EthernetTracker: interfaceLinkStateChanged, iface: wlan0, up: true
08-24 15:59:10.941   934  1013 I EthernetTracker: interfaceLinkStateChanged, iface: wlan0, up: true
08-24 15:59:10.946  3163  3163 D wpa_supplicant: nl80211: Received scan results (35 BSSes)
08-24 15:59:10.946  3163  3163 D wpa_supplicant: p2p0: BSS: Start scan result update 7
08-24 15:59:10.946  3163  3163 D wpa_supplicant: BSS: d4:5d:64:cc:62:a2 changed freq 2437 --> 2412
08-24 15:59:10.946  3163  3163 D wpa_supplicant: BSS: d4:5d:64:cc:62:a2 has multiple entries in the scan results - select the most current one
08-24 15:59:10.946  3163  3163 D wpa_supplicant: Previous last_update: 234.225920 (freq 2412)
08-24 15:59:10.946  3163  3163 D wpa_supplicant: New last_update: 253.985920 (freq 2437)
08-24 15:59:10.946  3163  3163 D wpa_supplicant: Accept this BSS entry since it looks more current than the previous update
08-24 15:59:10.946  3163  3163 D wpa_supplicant: BSS: d4:5d:64:cc:62:a2 changed freq 2412 --> 2437
08-24 15:59:10.946  3163  3163 D wpa_supplicant: p2p0: BSS: Add new id 34 BSSID 20:6b:e7:59:5c:2c SSID 'TP-LINK_5C2C' freq 2412
08-24 15:59:10.946  3163  3163 D wpa_supplicant: p2p0: BSS: Add new id 35 BSSID c8:3a:35:4d:e6:18 SSID 'Tenda_4DE618' freq 2467
08-24 15:59:10.946  3163  3163 D wpa_supplicant: BSS: last_scan_res_used=34/64
08-24 15:59:10.946  3163  3163 D wpa_supplicant: p2p0: New scan results available (own=0 ext=1)
08-24 15:59:10.946  3163  3163 D wpa_supplicant: p2p0: Do not use results from externally requested scan operation for network selection
08-24 15:59:10.947  3163  3163 D wpa_supplicant: RTM_NEWLINK: ifi_index=14 ifname=wlan0 wext ifi_family=0 ifi_flags=0x11003 ([UP][LOWER_UP])
08-24 15:59:10.948   470   470 D MTK_KL  : 4,15410,255120528,-;80211> CFG80211_OpsSurveyGet ==>
08-24 15:59:10.948   470   470 D MTK_KL  : 4,15411,255120537,-;80211> busy time = 0 0
08-24 15:59:10.948  1260  1421 D RecommendedChannelsThread: [MtkLog]start, status==false,mLauncherRunning==false
08-24 15:59:10.965   934  1132 D WificondScannerImpl: Filtering out 4 scan results.
08-24 15:59:10.995   934  1125 E WifiVendorHal: getWifiLinkLayerStats_1_3_Internal(l.973) failed {.code = ERROR_NOT_SUPPORTED, .description = }
08-24 15:59:11.033   934  1125 D WifiClientModeImpl: CMD_START_CONNECT  my state DisconnectedState nid=1 roam=false
08-24 15:59:11.035  3163  3163 D wpa_supplicant: wpa_driver_nl80211_driver_cmd cmd:MACADDR
08-24 15:59:11.047  3163  3163 E wpa_supplicant: lisi 356
08-24 15:59:11.047  3163  3163 D wpa_supplicant: wlan0: Cancelling scan request
08-24 15:59:11.047  3163  3163 E wpa_supplicant: wlan0: lisi 7719
08-24 15:59:11.047  3163  3163 D wpa_supplicant: wlan0: Request to deauthenticate - bssid=00:00:00:00:00:00 pending_bssid=00:00:00:00:00:00 reason=3 (DEAUTH_LEAVING) state=DISCONNECTED
08-24 15:59:11.047  3163  3163 D wpa_supplicant: TDLS: Tear down peers
08-24 15:59:11.047  3163  3163 D wpa_supplicant: nl80211: Data frame filter flags=0x0
08-24 15:59:11.047  3163  3163 D wpa_supplicant: wlan0: State: DISCONNECTED -> DISCONNECTED
08-24 15:59:11.047  3163  3163 D wpa_supplicant: nl80211: Set wlan0 operstate 0->0 (DORMANT)
08-24 15:59:11.047  3163  3163 D wpa_supplicant: netlink: Operstate: ifindex=14 linkmode=-1 (no change), operstate=5 (IF_OPER_DORMANT)
08-24 15:59:11.047  3163  3163 D wpa_supplicant: EAPOL: External notification - portEnabled=0
08-24 15:59:11.047  3163  3163 D wpa_supplicant: EAPOL: External notification - portValid=0
08-24 15:59:11.047  3163  3163 D wpa_supplicant: EAPOL: External notification - EAP success=0
08-24 15:59:11.052   470   470 D MTK_KL  : 4,15412,255223706,-;RTMP_CFG80211_DummyP2pIf_Finalize
08-24 15:59:11.052   470   470 D MTK_KL  : 4,15413,255223715,-;================> DOWN : RTMP_SEM_EVENT_WAIT(STA)
08-24 15:59:11.052   470   470 D MTK_KL  : 4,15414,255223719,-;================> STA : DOWN : VIRTUAL_IF_NUM == 1
08-24 15:59:11.052   470   470 D MTK_KL  : 4,15415,255223722,-;===> STA : rt28xx_close
08-24 15:59:11.052   470   470 D MTK_KL  : 4,15416,255223725,-; CFG80211_reSetToDefault
08-24 15:59:11.064   470   470 D MTK_KL  : 4,15417,255234780,-;==> MlmeHalt
08-24 15:59:11.064   470   470 D MTK_KL  : 4,15418,255234804,-;<---MlmeThread
08-24 15:59:11.064   470   470 D MTK_KL  : 4,15419,255234829,-;--->Disable TSF synchronization
08-24 15:59:11.068   470   470 D MTK_KL  : 4,15420,255240518,-;<== MlmeHalt
08-24 15:59:11.068   470   470 D MTK_KL  : 4,15421,255240525,-;MacTableReset
08-24 15:59:11.068   470   470 D MTK_KL  : 4,15422,255240625,-;RT28xxUsbMlmeRadioOFF()
08-24 15:59:11.080   470   470 D MTK_KL  : 4,15423,255251918,-;RTMPSetLEDStatus: MCUCmd:0x50, LED Mode:0x0, LinkStatus:0x0
08-24 15:59:11.080   470   470 D MTK_KL  : 4,15424,255251925,-;--> RT28xxUsbAsicRadioOff
08-24 15:59:11.080   470   470 D MTK_KL  : 4,15425,255251930,-;AsicTurnOffRFClk#1 : Unkonwn RFIC=15
08-24 15:59:11.080   470   470 D MTK_KL  : 4,15426,255251933,-;----> MT7601DisableTxRx
08-24 15:59:11.080   470   470 D MTK_KL  : 4,15427,255254700,-;<---- MT7601DisableTxRx
08-24 15:59:11.080   470   470 D MTK_KL  : 4,15428,255254706,-;--->RTUSBCancelPendingBulkInIRP
08-24 15:59:11.084   470   470 D MTK_KL  : 4,15429,255257758,-;unlink cmd rsp urb
08-24 15:59:11.088   470   470 D MTK_KL  : 4,15430,255259898,-;<---RTUSBCancelPendingBulkInIRP
08-24 15:59:11.088   470   470 D MTK_KL  : 4,15431,255259903,-;<== RT28xxUsbAsicRadioOff
08-24 15:59:11.140   470   470 D MTK_KL  : 4,15432,255312034,-;--->RTUSBCancelPendingBulkInIRP
08-24 15:59:11.140   470   470 D MTK_KL  : 4,15433,255312039,-;<---RTUSBCancelPendingBulkInIRP
08-24 15:59:11.140   470   470 D MTK_KL  : 4,15434,255312065,-;<---RTUSBCmdThread
08-24 15:59:11.140   470   470 D MTK_KL  : 4,15435,255312101,-;<---RtmpTimerQThread
08-24 15:59:11.170  3163  3163 D wpa_supplicant: RTM_NEWLINK: ifi_index=14 ifname=wlan0 operstate=2 linkmode=1 ifi_family=0 ifi_flags=0x1002 ()
08-24 15:59:11.171  3163  3163 D wpa_supplicant: nl80211: Interface down (wlan0/wlan0)
08-24 15:59:11.171  3163  3163 D wpa_supplicant: wlan0: Event INTERFACE_DISABLED (26) received
08-24 15:59:11.171  3163  3163 D wpa_supplicant: wlan0: Interface was disabled
08-24 15:59:11.171  3163  3163 D wpa_supplicant: nl80211: Data frame filter flags=0x0
08-24 15:59:11.171  3163  3163 D wpa_supplicant: wlan0: State: DISCONNECTED -> DISCONNECTED
08-24 15:59:11.171  3163  3163 D wpa_supplicant: nl80211: Set wlan0 operstate 0->0 (DORMANT)
08-24 15:59:11.171  3163  3163 D wpa_supplicant: netlink: Operstate: ifindex=14 linkmode=-1 (no change), operstate=5 (IF_OPER_DORMANT)
08-24 15:59:11.171   934  1013 I EthernetTracker: interfaceLinkStateChanged, iface: wlan0, up: false
08-24 15:59:11.173   470   470 D MTK_KL  : 4,15436,255344994,-;RTMP_AllTimerListRelease: Cancel timer obj e0765504!
08-24 15:59:11.173   470   470 D MTK_KL  : 4,15437,255345002,-;RTMP_AllTimerListRelease: Cancel timer obj e076552c!
08-24 15:59:11.173   470   470 D MTK_KL  : 4,15438,255345006,-;RTMP_AllTimerListRelease: Cancel timer obj e0765554!
08-24 15:59:11.173   470   470 D MTK_KL  : 4,15439,255345009,-;RTMP_AllTimerListRelease: Cancel timer obj e07654dc!
08-24 15:59:11.173   470   470 D MTK_KL  : 4,15440,255345013,-;RTMP_AllTimerListRelease: Cancel timer obj e0765464!
08-24 15:59:11.173   470   470 D MTK_KL  : 4,15441,255345016,-;RTMP_AllTimerListRelease: Cancel timer obj e076548c!
08-24 15:59:11.173   470   470 D MTK_KL  : 4,15442,255345019,-;RTMP_AllTimerListRelease: Cancel timer obj e06d1e7c!
08-24 15:59:11.173   470   470 D MTK_KL  : 4,15443,255345022,-;RTMP_AllTimerListRelease: Cancel timer obj e06be5c4!
08-24 15:59:11.173   470   470 D MTK_KL  : 4,15444,255345025,-;RTMP_AllTimerListRelease: Cancel timer obj e06be5f0!
08-24 15:59:11.173   470   470 D MTK_KL  : 4,15445,255345028,-;RTMP_AllTimerListRelease: Cancel timer obj e06d1f04!
08-24 15:59:11.173   470   470 D MTK_KL  : 4,15446,255345031,-;RTMP_AllTimerListRelease: Cancel timer obj e06c0f60!
08-24 15:59:11.173   470   470 D MTK_KL  : 4,15447,255345035,-;RTMP_AllTimerListRelease: Cancel timer obj e06c07b0!
08-24 15:59:11.173   470   470 D MTK_KL  : 4,15448,255345038,-;RTMP_AllTimerListRelease: Cancel timer obj e06c0f34!
08-24 15:59:11.173   470   470 D MTK_KL  : 4,15449,255345041,-;RTMP_AllTimerListRelease: Cancel timer obj e06c1258!
08-24 15:59:11.173   470   470 D MTK_KL  : 4,15450,255345044,-;RTMP_AllTimerListRelease: Cancel timer obj e06c0f8c!
08-24 15:59:11.173   470   470 D MTK_KL  : 4,15451,255345047,-;RTMP_AllTimerListRelease: Cancel timer obj e06c0fb8!
08-24 15:59:11.173   470   470 D MTK_KL  : 4,15452,255345050,-;RTMP_AllTimerListRelease: Cancel timer obj e06c0fe4!
08-24 15:59:11.173   470   470 D MTK_KL  : 4,15453,255345053,-;RTMP_AllTimerListRelease: Cancel timer obj e05e8ff8!
08-24 15:59:11.173   470   470 D MTK_KL  : 4,15454,255345057,-;RTMP_AllTimerListRelease: Cancel timer obj e05e8848!
08-24 15:59:11.173   470   470 D MTK_KL  : 4,15455,255345060,-;RTMP_AllTimerListRelease: Cancel timer obj e05e8fcc!
08-24 15:59:11.173   470   470 D MTK_KL  : 4,15456,255345063,-;RTMP_AllTimerListRelease: Cancel timer obj e05e92f0!
08-24 15:59:11.173   470   470 D MTK_KL  : 4,15457,255345066,-;RTMP_AllTimerListRelease: Cancel timer obj e05e9238!
08-24 15:59:11.173   470   470 D MTK_KL  : 4,15458,255345069,-;RTMP_AllTimerListRelease: Cancel timer obj e0627aa4!
08-24 15:59:11.173   470   470 D MTK_KL  : 4,15459,255345072,-;RTMP_AllTimerListRelease: Cancel timer obj e06272f4!
08-24 15:59:11.173   470   470 D MTK_KL  : 4,15460,255345075,-;RTMP_AllTimerListRelease: Cancel timer obj e0627a78!
08-24 15:59:11.173   470   470 D MTK_KL  : 4,15461,255345078,-;RTMP_AllTimerListRelease: Cancel timer obj e0627d9c!
08-24 15:59:11.173   470   470 D MTK_KL  : 4,15462,255345081,-;RTMP_AllTimerListRelease: Cancel timer obj e0627ad0!
08-24 15:59:11.173   470   470 D MTK_KL  : 4,15463,255345084,-;RTMP_AllTimerListRelease: Cancel timer obj e0627afc!
08-24 15:59:11.174   470   470 D MTK_KL  : 4,15464,255345087,-;RTMP_AllTimerListRelease: Cancel timer obj e0627b28!
08-24 15:59:11.174   470   470 D MTK_KL  : 4,15465,255345090,-;RTMP_AllTimerListRelease: Cancel timer obj e06d1e2c!
08-24 15:59:11.174   470   470 D MTK_KL  : 4,15466,255345093,-;RTMP_AllTimerListRelease: Cancel timer obj e06d1edc!
08-24 15:59:11.174   470   470 D MTK_KL  : 4,15467,255345096,-;RTMP_AllTimerListRelease: Cancel timer obj e07d109c!
08-24 15:59:11.174   470   470 D MTK_KL  : 4,15468,255345099,-;RTMP_AllTimerListRelease: Cancel timer obj e07d10c4!
08-24 15:59:11.174   470   470 D MTK_KL  : 4,15469,255345102,-;RTMP_AllTimerListRelease: Cancel timer obj e07d10ec!
08-24 15:59:11.174   470   470 D MTK_KL  : 4,15470,255345105,-;RTMP_AllTimerListRelease: Cancel timer obj e07d1114!
08-24 15:59:11.174   470   470 D MTK_KL  : 4,15471,255345108,-;RTMP_AllTimerListRelease: Cancel timer obj e07d113c!
08-24 15:59:11.174   470   470 D MTK_KL  : 4,15472,255345111,-;RTMP_AllTimerListRelease: Cancel timer obj e07d1168!
08-24 15:59:11.174   470   470 D MTK_KL  : 4,15473,255345114,-;RTMP_AllTimerListRelease: Cancel timer obj e07654b4!
08-24 15:59:11.174   470   470 D MTK_KL  : 4,15474,255345117,-;RTMP_AllTimerListRelease: Cancel timer obj e06bcddc!
08-24 15:59:11.174   470   470 D MTK_KL  : 4,15475,255345120,-;RTMP_AllTimerListRelease: Cancel timer obj e06bcdb4!
08-24 15:59:11.174   470   470 D MTK_KL  : 4,15476,255345123,-;RTMP_AllTimerListRelease: Cancel timer obj e06bcd8c!
08-24 15:59:11.174   470   470 D MTK_KL  : 4,15477,255345126,-;RTMP_AllTimerListRelease: Cancel timer obj e06d1e54!
08-24 15:59:11.174   470   470 D MTK_KL  : 4,15478,255345129,-;<=== STA : rt28xx_close
08-24 15:59:11.174   470   470 D MTK_KL  : 4,15479,255345132,-;<=============== DOWN : RTMP_SEM_EVENT_UP(STA)
08-24 15:59:11.175  1178  1178 E android.hardware.wifi@1.0-service-lazy: Could not set interface MAC address for wlan0 (Operation not supported on transport endpoint)
08-24 15:59:11.175  1178  1178 E android.hardware.wifi@1.0-service-lazy: SetMacAddress failed.
08-24 15:59:11.176   470   470 D MTK_KL  : 4,15480,255349793,-;================> UP : RTMP_SEM_EVENT_WAIT(STA)
08-24 15:59:11.176   470   470 D MTK_KL  : 4,15481,255349801,-;================> STA : UP: VIRTUAL_IF_NUM == 0
08-24 15:59:11.176   470   470 D MTK_KL  : 4,15482,255350014,-;1. LDO_CTR0(6c) = a6478d, PMU_OCLEVEL 6
08-24 15:59:11.176   470   470 D MTK_KL  : 4,15483,255350161,-;2. LDO_CTR0(6c) = a6478d, PMU_OCLEVEL 6
08-24 15:59:11.176   470   470 D MTK_KL  : 4,15484,255350166,-;Allocate 8192 memory for BA reordering
08-24 15:59:11.176   470   470 D MTK_KL  : 4,15485,255350258,-;==>WaitForAsicReady MAC_CSR0=0x76010500
08-24 15:59:11.176   470   470 D MTK_KL  : 4,15486,255350262,-;MAC[Ver:Rev=0x76010500]
08-24 15:59:11.176   470   470 D MTK_KL  : 4,15487,255350265,-;USBLoadFirmwareToAndes
08-24 15:59:11.176   470   470 D MTK_KL  : 4,15488,255350485,-;--> NICInitRecv
08-24 15:59:11.176   470   470 D MTK_KL  : 4,15489,255350584,-;<-- NICInitRecv()
08-24 15:59:11.176   470   470 D MTK_KL  : 4,15490,255350587,-;--> NICInitTransmit
08-24 15:59:11.176   470   470 D MTK_KL  : 4,15491,255350611,-;MGMT Ring: total 32 entry allocated
08-24 15:59:11.176   470   470 D MTK_KL  : 4,15492,255350615,-;<-- NICInitTransmit(Status=0)
08-24 15:59:11.176   470   470 D MTK_KL  : 4,15493,255351101,-;-->WscThreadInit()
08-24 15:59:11.180   470   470 D MTK_KL  : 4,15494,255351392,-;<--WscThreadInit(), status=0!
08-24 15:59:11.180   470   470 D MTK_KL  : 4,15495,255351398,-;--> MLME Initialize
08-24 15:59:11.180   470   470 D MTK_KL  : 4,15496,255351581,-;RTMP_TimerListAdd: add timer obj e0765504!
08-24 15:59:11.180   470   470 D MTK_KL  : 4,15497,255351586,-;RTMPInitTimer: e0765504
08-24 15:59:11.180   470   470 D MTK_KL  : 4,15498,255351589,-;RTMP_TimerListAdd: add timer obj e076552c!
08-24 15:59:11.180   470   470 D MTK_KL  : 4,15499,255351592,-;RTMPInitTimer: e076552c
08-24 15:59:11.180   470   470 D MTK_KL  : 4,15500,255351595,-;RTMP_TimerListAdd: add timer obj e0765554!
08-24 15:59:11.180   470   470 D MTK_KL  : 4,15501,255351597,-;RTMPInitTimer: e0765554
08-24 15:59:11.180   470   470 D MTK_KL  : 4,15502,255351601,-;RTMP_TimerListAdd: add timer obj e07654dc!
08-24 15:59:11.180   470   470 D MTK_KL  : 4,15503,255351604,-;RTMPInitTimer: e07654dc
08-24 15:59:11.180   470   470 D MTK_KL  : 4,15504,255351608,-;RTMP_TimerListAdd: add timer obj e0765464!
08-24 15:59:11.180   470   470 D MTK_KL  : 4,15505,255351610,-;RTMPInitTimer: e0765464
08-24 15:59:11.180   470   470 D MTK_KL  : 4,15506,255351614,-;RTMP_TimerListAdd: add timer obj e076548c!
08-24 15:59:11.180   470   470 D MTK_KL  : 4,15507,255351616,-;RTMPInitTimer: e076548c
08-24 15:59:11.180   470   470 D MTK_KL  : 4,15508,255351619,-;RTMP_TimerListAdd: add timer obj e06d1e7c!
08-24 15:59:11.180   470   470 D MTK_KL  : 4,15509,255351621,-;RTMPInitTimer: e06d1e7c
08-24 15:59:11.180   470   470 D MTK_KL  : 4,15510,255351624,-;RTMP_TimerListAdd: add timer obj e06be5c4!
08-24 15:59:11.180   470   470 D MTK_KL  : 4,15511,255351627,-;RTMPInitTimer: e06be5c4
08-24 15:59:11.181   470   470 D MTK_KL  : 4,15512,255351630,-;RTMP_TimerListAdd: add timer obj e06be5f0!
08-24 15:59:11.181   470   470 D MTK_KL  : 4,15513,255351632,-;RTMPInitTimer: e06be5f0
08-24 15:59:11.181   470   470 D MTK_KL  : 4,15514,255351635,-;RTMP_TimerListAdd: add timer obj e06d1f04!
08-24 15:59:11.181   470   470 D MTK_KL  : 4,15515,255351637,-;RTMPInitTimer: e06d1f04
08-24 15:59:11.181   470   470 D MTK_KL  : 4,15516,255351641,-;RTMP_TimerListAdd: add timer obj e06c0f60!
08-24 15:59:11.181   470   470 D MTK_KL  : 4,15517,255351644,-;RTMPInitTimer: e06c0f60
08-24 15:59:11.181   470   470 D MTK_KL  : 4,15518,255351647,-;RTMP_TimerListAdd: add timer obj e06c07b0!
08-24 15:59:11.181   470   470 D MTK_KL  : 4,15519,255351649,-;RTMPInitTimer: e06c07b0
08-24 15:59:11.181   470   470 D MTK_KL  : 4,15520,255351652,-;RTMP_TimerListAdd: add timer obj e06c0f34!
08-24 15:59:11.181   470   470 D MTK_KL  : 4,15521,255351654,-;RTMPInitTimer: e06c0f34
08-24 15:59:11.181   470   470 D MTK_KL  : 4,15522,255351657,-;RTMP_TimerListAdd: add timer obj e06c1258!
08-24 15:59:11.181   470   470 D MTK_KL  : 4,15523,255351659,-;RTMPInitTimer: e06c1258
08-24 15:59:11.181   470   470 D MTK_KL  : 4,15524,255351662,-;RTMP_TimerListAdd: add timer obj e06c0f8c!
08-24 15:59:11.181   470   470 D MTK_KL  : 4,15525,255351664,-;RTMPInitTimer: e06c0f8c
08-24 15:59:11.181   470   470 D MTK_KL  : 4,15526,255351666,-;RTMP_TimerListAdd: add timer obj e06c0fb8!
08-24 15:59:11.181   470   470 D MTK_KL  : 4,15527,255351669,-;RTMPInitTimer: e06c0fb8
08-24 15:59:11.181   470   470 D MTK_KL  : 4,15528,255351671,-;RTMP_TimerListAdd: add timer obj e06c0fe4!
08-24 15:59:11.181   470   470 D MTK_KL  : 4,15529,255351673,-;RTMPInitTimer: e06c0fe4
08-24 15:59:11.181   470   470 D MTK_KL  : 4,15530,255351676,-;RTMP_TimerListAdd: add timer obj e05e8ff8!
08-24 15:59:11.181   470   470 D MTK_KL  : 4,15531,255351678,-;RTMPInitTimer: e05e8ff8
08-24 15:59:11.181   470   470 D MTK_KL  : 4,15532,255351681,-;RTMP_TimerListAdd: add timer obj e05e8848!
08-24 15:59:11.181   470   470 D MTK_KL  : 4,15533,255351683,-;RTMPInitTimer: e05e8848
08-24 15:59:11.181   470   470 D MTK_KL  : 4,15534,255351686,-;RTMP_TimerListAdd: add timer obj e05e8fcc!
08-24 15:59:11.181   470   470 D MTK_KL  : 4,15535,255351688,-;RTMPInitTimer: e05e8fcc
08-24 15:59:11.181   470   470 D MTK_KL  : 4,15536,255351691,-;RTMP_TimerListAdd: add timer obj e05e92f0!
08-24 15:59:11.181   470   470 D MTK_KL  : 4,15537,255351693,-;RTMPInitTimer: e05e92f0
08-24 15:59:11.181   470   470 D MTK_KL  : 4,15538,255351696,-;RTMP_TimerListAdd: add timer obj e05e9238!
08-24 15:59:11.181   470   470 D MTK_KL  : 4,15539,255351698,-;RTMPInitTimer: e05e9238
08-24 15:59:11.181   470   470 D MTK_KL  : 4,15540,255351701,-;RTMP_TimerListAdd: add timer obj e0627aa4!
08-24 15:59:11.181   470   470 D MTK_KL  : 4,15541,255351703,-;RTMPInitTimer: e0627aa4
08-24 15:59:11.181   470   470 D MTK_KL  : 4,15542,255351707,-;RTMP_TimerListAdd: add timer obj e06272f4!
08-24 15:59:11.181   470   470 D MTK_KL  : 4,15543,255351709,-;RTMPInitTimer: e06272f4
08-24 15:59:11.182   470   470 D MTK_KL  : 4,15544,255351712,-;RTMP_TimerListAdd: add timer obj e0627a78!
08-24 15:59:11.182   470   470 D MTK_KL  : 4,15545,255351715,-;RTMPInitTimer: e0627a78
08-24 15:59:11.182   470   470 D MTK_KL  : 4,15546,255351718,-;RTMP_TimerListAdd: add timer obj e0627d9c!
08-24 15:59:11.182   470   470 D MTK_KL  : 4,15547,255351720,-;RTMPInitTimer: e0627d9c
08-24 15:59:11.182   470   470 D MTK_KL  : 4,15548,255351724,-;RTMP_TimerListAdd: add timer obj e0627ad0!
08-24 15:59:11.182   470   470 D MTK_KL  : 4,15549,255351726,-;RTMPInitTimer: e0627ad0
08-24 15:59:11.182   470   470 D MTK_KL  : 4,15550,255351730,-;RTMP_TimerListAdd: add timer obj e0627afc!
08-24 15:59:11.182   470   470 D MTK_KL  : 4,15551,255351732,-;RTMPInitTimer: e0627afc
08-24 15:59:11.182   470   470 D MTK_KL  : 4,15552,255351735,-;RTMP_TimerListAdd: add timer obj e0627b28!
08-24 15:59:11.182   470   470 D MTK_KL  : 4,15553,255351737,-;RTMPInitTimer: e0627b28
08-24 15:59:11.182   470   470 D MTK_KL  : 4,15554,255351742,-;RTMP_TimerListAdd: add timer obj e06d1e2c!
08-24 15:59:11.182   470   470 D MTK_KL  : 4,15555,255351744,-;RTMPInitTimer: e06d1e2c
08-24 15:59:11.182   470   470 D MTK_KL  : 4,15556,255351750,-;RTMP_TimerListAdd: add timer obj e06d1edc!
08-24 15:59:11.182   470   470 D MTK_KL  : 4,15557,255351752,-;RTMPInitTimer: e06d1edc
08-24 15:59:11.182   470   470 D MTK_KL  : 4,15558,255351758,-;<---- P2PInitNextScanTimer
08-24 15:59:11.182   470   470 D MTK_KL  : 4,15559,255351760,-;<---- P2PInitListenTimer
08-24 15:59:11.182   470   470 D MTK_KL  : 4,15560,255351766,-;RTMP_TimerListAdd: add timer obj e07d109c!
08-24 15:59:11.182   470   470 D MTK_KL  : 4,15561,255351768,-;RTMPInitTimer: e07d109c
08-24 15:59:11.182   470   470 D MTK_KL  : 4,15562,255351772,-;RTMP_TimerListAdd: add timer obj e07d10c4!
08-24 15:59:11.182   470   470 D MTK_KL  : 4,15563,255351774,-;RTMPInitTimer: e07d10c4
08-24 15:59:11.182   470   470 D MTK_KL  : 4,15564,255351777,-;RTMP_TimerListAdd: add timer obj e07d10ec!
08-24 15:59:11.182   470   470 D MTK_KL  : 4,15565,255351780,-;RTMPInitTimer: e07d10ec
08-24 15:59:11.182   470   470 D MTK_KL  : 4,15566,255351782,-;RTMP_TimerListAdd: add timer obj e07d1114!
08-24 15:59:11.182   470   470 D MTK_KL  : 4,15567,255351785,-;RTMPInitTimer: e07d1114
08-24 15:59:11.182   470   470 D MTK_KL  : 4,15568,255351787,-;RTMP_TimerListAdd: add timer obj e07d113c!
08-24 15:59:11.182   470   470 D MTK_KL  : 4,15569,255351790,-;RTMPInitTimer: e07d113c
08-24 15:59:11.182   470   470 D MTK_KL  : 4,15570,255351792,-;RTMP_TimerListAdd: add timer obj e07d1168!
08-24 15:59:11.182   470   470 D MTK_KL  : 4,15571,255351794,-;RTMPInitTimer: e07d1168
08-24 15:59:11.182   470   470 D MTK_KL  : 4,15572,255351799,-;RTMP_TimerListAdd: add timer obj e07654b4!
08-24 15:59:11.182   470   470 D MTK_KL  : 4,15573,255351801,-;RTMPInitTimer: e07654b4
08-24 15:59:11.182   470   470 D MTK_KL  : 4,15574,255351806,-;RTMP_TimerListAdd: add timer obj e06bcddc!
08-24 15:59:11.182   470   470 D MTK_KL  : 4,15575,255351808,-;RTMPInitTimer: e06bcddc
08-24 15:59:11.182   470   470 D MTK_KL  : 4,15576,255351812,-;RTMP_TimerListAdd: add timer obj e06bcdb4!
08-24 15:59:11.183   470   470 D MTK_KL  : 4,15577,255351815,-;RTMPInitTimer: e06bcdb4
08-24 15:59:11.183   470   470 D MTK_KL  : 4,15578,255351818,-;RTMP_TimerListAdd: add timer obj e06bcd8c!
08-24 15:59:11.183   470   470 D MTK_KL  : 4,15579,255351820,-;RTMPInitTimer: e06bcd8c
08-24 15:59:11.183   470   470 D MTK_KL  : 4,15580,255351825,-;RTMP_TimerListAdd: add timer obj e06d1e54!
08-24 15:59:11.183   470   470 D MTK_KL  : 4,15581,255351827,-;RTMPInitTimer: e06d1e54
08-24 15:59:11.183   470   470 D MTK_KL  : 4,15582,255352019,-;<-- MLME Initialize
08-24 15:59:11.183   470   470 D MTK_KL  : 4,15583,255352024,-;--> UserCfgInit
08-24 15:59:11.183   470   470 D MTK_KL  : 4,15584,255352031,-;--> UserCfgInit. BACapability = 0x3034040
08-24 15:59:11.183   470   470 D MTK_KL  : 4,15585,255352203,-;P2pGroupTabInit .  
08-24 15:59:11.183   470   470 D MTK_KL  : 4,15586,255352214,-;P2pCrednTabClean .  
08-24 15:59:11.183   470   470 D MTK_KL  : 4,15587,255352220,-;P2pScanChannelDefault <=== count = 3, Channels are 1, 6,11 separately   
08-24 15:59:11.183   470   470 D MTK_KL  : 4,15588,255352223,-;P2pCfgInit:: 
08-24 15:59:11.183   470   470 D MTK_KL  : 4,15589,255352225,-;<-- UserCfgInit
08-24 15:59:11.183   470   470 D MTK_KL  : 4,15590,255352232,-;--> NICInitializeAdapter
08-24 15:59:11.183   470   470 D MTK_KL  : 4,15591,255352337,-;==>  DMAIdle, GloCfg=0x40000050
08-24 15:59:11.183   470   470 D MTK_KL  : 4,15592,255352341,-;--> NICInitializeAsic
08-24 15:59:11.183   470   470 D MTK_KL  : 4,15593,255352633,-;==>WaitForAsicReady MAC_CSR0=0x76010500
08-24 15:59:11.183   470   470 D MTK_KL  : 4,15594,255352639,-;NICInitializeAsic():MACVersion[Ver:Rev=0x76010500]
08-24 15:59:11.183   470   470 D MTK_KL  : 4,15595,255354804,-;< Beacon Information: >
08-24 15:59:11.183   470   470 D MTK_KL  : 4,15596,255354809,-;\x09FlgIsSupSpecBcnBuf = FALSE
08-24 15:59:11.183   470   470 D MTK_KL  : 4,15597,255354811,-;\x09BcnMaxHwNum = 16
08-24 15:59:11.183   470   470 D MTK_KL  : 4,15598,255354814,-;\x09BcnMaxNum = 8
08-24 15:59:11.183   470   470 D MTK_KL  : 4,15599,255354816,-;\x09BcnMaxHwSize = 0x2000
08-24 15:59:11.183   470   470 D MTK_KL  : 4,15600,255354819,-;\x09WcidHwRsvNum = 127
08-24 15:59:11.183   470   470 D MTK_KL  : 4,15601,255354822,-;\x09\x09BcnBase[0] = 0xc000, pAd->BeaconOffset[0]=0xc000
08-24 15:59:11.183   470   470 D MTK_KL  : 4,15602,255354825,-;\x09\x09BcnBase[1] = 0xc200, pAd->BeaconOffset[1]=0xc200
08-24 15:59:11.183   470   470 D MTK_KL  : 4,15603,255354828,-;\x09\x09BcnBase[2] = 0xc400, pAd->BeaconOffset[2]=0xc400
08-24 15:59:11.183   470   470 D MTK_KL  : 4,15604,255354831,-;\x09\x09BcnBase[3] = 0xc600, pAd->BeaconOffset[3]=0xc600
08-24 15:59:11.183   470   470 D MTK_KL  : 4,15605,255354834,-;\x09\x09BcnBase[4] = 0xc800, pAd->BeaconOffset[4]=0xc800
08-24 15:59:11.183   470   470 D MTK_KL  : 4,15606,255354837,-;\x09\x09BcnBase[5] = 0xca00, pAd->BeaconOffset[5]=0xca00
08-24 15:59:11.183   470   470 D MTK_KL  : 4,15607,255354840,-;\x09\x09BcnBase[6] = 0xcc00, pAd->BeaconOffset[6]=0xcc00
08-24 15:59:11.183   470   470 D MTK_KL  : 4,15608,255354843,-;\x09\x09BcnBase[7] = 0xce00, pAd->BeaconOffset[7]=0xce00
08-24 15:59:11.183   470   470 D MTK_KL  : 4,15609,255354846,-;\x09\x09BcnBase[8] = 0xd000, pAd->BeaconOffset[8]=0xd000
08-24 15:59:11.183   470   470 D MTK_KL  : 4,15610,255354849,-;\x09\x09BcnBase[9] = 0xd200, pAd->BeaconOffset[9]=0xd200
08-24 15:59:11.184   470   470 D MTK_KL  : 4,15611,255354852,-;\x09\x09BcnBase[10] = 0xd400, pAd->BeaconOffset[10]=0xd400
08-24 15:59:11.184   470   470 D MTK_KL  : 4,15612,255354855,-;\x09\x09BcnBase[11] = 0xd600, pAd->BeaconOffset[11]=0xd600
08-24 15:59:11.184   470   470 D MTK_KL  : 4,15613,255354858,-;\x09\x09BcnBase[12] = 0xd800, pAd->BeaconOffset[12]=0xd800
08-24 15:59:11.184   470   470 D MTK_KL  : 4,15614,255354875,-;\x09\x09BcnBase[13] = 0xda00, pAd->BeaconOffset[13]=0xda00
08-24 15:59:11.184   470   470 D MTK_KL  : 4,15615,255354878,-;\x09\x09BcnBase[14] = 0xdc00, pAd->BeaconOffset[14]=0xdc00
08-24 15:59:11.184   470   470 D MTK_KL  : 4,15616,255354881,-;\x09\x09BcnBase[15] = 0xde00, pAd->BeaconOffset[15]=0xde00
08-24 15:59:11.184   470   470 D MTK_KL  : 4,15617,255355448,-;NICInitMT7601MacRegisters
08-24 15:59:11.184   470   470 D MTK_KL  : 4,15618,255357326,-;BBP version = 69
08-24 15:59:11.188   470   470 D MTK_KL  : 4,15619,255360694,-;NICInitMT7601BbpRegisters
08-24 15:59:11.324   470   470 D MTK_KL  : 3,15620,255495121,-;<UTPA_ERR>[Utopia][MIU]: Ioctl MDrv_CMD_MIU_GetMIUInfo fail
08-24 15:59:11.504   470   470 D MTK_KL  : 4,15621,255675927,-;--->Disable TSF synchronization
08-24 15:59:11.504   470   470 D MTK_KL  : 4,15622,255676945,-;<-- NICInitializeAsic
08-24 15:59:11.504   470   470 D MTK_KL  : 4,15623,255676949,-;<-- NICInitializeAdapter
08-24 15:59:11.504   470   470 D MTK_KL  : 4,15624,255677056,-;CountryRegion=5
08-24 15:59:11.504   470   470 D MTK_KL  : 4,15625,255677077,-;CountryRegionABand=7
08-24 15:59:11.504   470   470 D MTK_KL  : 4,15626,255677125,-;CountryCode=
08-24 15:59:11.504   470   470 D MTK_KL  : 4,15627,255677146,-;RTMPSetProfileParameters::(SSID=11n-AP)
08-24 15:59:11.504   470   470 D MTK_KL  : 4,15628,255677166,-;RTMPSetProfileParameters::(NetworkType=1)
08-24 15:59:11.504   470   470 D MTK_KL  : 4,15629,255677186,-;Channel=0
08-24 15:59:11.504   470   470 D MTK_KL  : 4,15630,255677206,-;cfg_mode=9
08-24 15:59:11.505   470   470 D MTK_KL  : 4,15631,255677210,-;BSS0 PhyMode=14
08-24 15:59:11.505   470   470 D MTK_KL  : 4,15632,255677213,-;cfg_mode=9
08-24 15:59:11.505   470   470 D MTK_KL  : 4,15633,255677220,-;Old WirelessMode:B/G/gN(0xe), New WirelessMode:B/G/gN(0xe)!
08-24 15:59:11.505   470   470 D MTK_KL  : 4,15634,255677224,-;wmode_band_equal(): Band Equal!
08-24 15:59:11.505   470   470 D MTK_KL  : 4,15635,255677229,-;RT_CfgSetWirelessMode(): Set WMODE=B/G/gN(0xe)
08-24 15:59:11.505   470   470 D MTK_KL  : 4,15636,255677232,-;PhyMode=14
08-24 15:59:11.505   470   470 D MTK_KL  : 4,15637,255677280,-;BeaconPeriod=100
08-24 15:59:11.505   470   470 D MTK_KL  : 4,15638,255677300,-;TxPower=100
08-24 15:59:11.505   470   470 D MTK_KL  : 4,15639,255677320,-;BGProtection=0
08-24 15:59:11.505   470   470 D MTK_KL  : 4,15640,255677368,-;TxPreamble=0
08-24 15:59:11.505   470   470 D MTK_KL  : 4,15641,255677388,-;RTSThreshold=2347
08-24 15:59:11.505   470   470 D MTK_KL  : 4,15642,255677409,-;FragThreshold=2346
08-24 15:59:11.505   470   470 D MTK_KL  : 4,15643,255677429,-;TxBurst=1
08-24 15:59:11.505   470   470 D MTK_KL  : 4,15644,255677449,-;PktAggregate=0
08-24 15:59:11.505   470   470 D MTK_KL  : 4,15645,255677470,-;WmmCapable=1
08-24 15:59:11.505   470   470 D MTK_KL  : 4,15646,255677491,-;AckPolicy[0]=0
08-24 15:59:11.505   470   470 D MTK_KL  : 4,15647,255677494,-;AckPolicy[1]=0
08-24 15:59:11.505   470   470 D MTK_KL  : 4,15648,255677497,-;AckPolicy[2]=0
08-24 15:59:11.505   470   470 D MTK_KL  : 4,15649,255677500,-;AckPolicy[3]=0
08-24 15:59:11.505   470   470 D MTK_KL  : 4,15650,255677523,-;APSDCapable=0
08-24 15:59:11.505   470   470 D MTK_KL  : 4,15651,255677574,-;APSDAC0  0
08-24 15:59:11.505   470   470 D MTK_KL  : 4,15652,255677577,-;APSDAC1  0
08-24 15:59:11.505   470   470 D MTK_KL  : 4,15653,255677580,-;APSDAC2  0
08-24 15:59:11.505   470   470 D MTK_KL  : 4,15654,255677583,-;APSDAC3  0
08-24 15:59:11.505   470   470 D MTK_KL  : 4,15655,255677615,-;pAd->ed_threshold = 80
08-24 15:59:11.505   470   470 D MTK_KL  : 4,15656,255677647,-;pAd->ed_block_tx_threshold = 2
08-24 15:59:11.505   470   470 D MTK_KL  : 4,15657,255677700,-;IEEE80211H=0
08-24 15:59:11.506   470   470 D MTK_KL  : 4,15658,255677753,-;WirelessEvent=0
08-24 15:59:11.506   470   470 D MTK_KL  : 4,15659,255677777,-;RTMPSetProfileParameters::(AuthMode=0)
08-24 15:59:11.506   470   470 D MTK_KL  : 4,15660,255677799,-;RTMPSetProfileParameters::(EncrypType=1)
08-24 15:59:11.506   470   470 D MTK_KL  : 4,15661,255677990,-;DefaultKeyID(0~3)=0
08-24 15:59:11.506   470   470 D MTK_KL  : 4,15662,255678035,-;Key1Str is Invalid key length(0) or Type(0)
08-24 15:59:11.506   470   470 D MTK_KL  : 4,15663,255678077,-;Key2Str is Invalid key length(0) or Type(0)
08-24 15:59:11.506   470   470 D MTK_KL  : 4,15664,255678120,-;Key3Str is Invalid key length(0) or Type(0)
08-24 15:59:11.506   470   470 D MTK_KL  : 4,15665,255678163,-;Key4Str is Invalid key length(0) or Type(0)
08-24 15:59:11.506   470   470 D MTK_KL  : 4,15666,255678217,-;HT: MIMOPS Mode  = 3
08-24 15:59:11.506   470   470 D MTK_KL  : 4,15667,255678241,-;HT: BA Decline  = Disable
08-24 15:59:11.506   470   470 D MTK_KL  : 4,15668,255678264,-;HT: Auto BA  = Enable
08-24 15:59:11.506   470   470 D MTK_KL  : 4,15669,255678316,-;HT: RDG = Enable(+HTC)
08-24 15:59:11.506   470   470 D MTK_KL  : 4,15670,255678340,-;HT: Tx A-MSDU = Disable
08-24 15:59:11.506   470   470 D MTK_KL  : 4,15671,255678363,-;HT: MPDU Density = 4
08-24 15:59:11.506   470   470 D MTK_KL  : 4,15672,255678388,-;HT: BA Windw Size = 64
08-24 15:59:11.506   470   470 D MTK_KL  : 4,15673,255678412,-;HT: Guard Interval = 400
08-24 15:59:11.506   470   470 D MTK_KL  : 4,15674,255678435,-;HT: Operate Mode = Mixed Mode
08-24 15:59:11.506   470   470 D MTK_KL  : 4,15675,255678486,-;###### Force at HT20 (BW_20) mode !!! ########
08-24 15:59:11.506   470   470 D MTK_KL  : 4,15676,255678489,-;HT: Channel Width = 40 MHz
08-24 15:59:11.506   470   470 D MTK_KL  : 4,15677,255678512,-;HT: Ext Channel = BELOW
08-24 15:59:11.506   470   470 D MTK_KL  : 4,15678,255678536,-;HT: MCS = AUTO
08-24 15:59:11.506   470   470 D MTK_KL  : 4,15679,255678560,-;HT: STBC = 1
08-24 15:59:11.506   470   470 D MTK_KL  : 4,15680,255678670,-;HT: Disallow TKIP mode = ON
08-24 15:59:11.506   470   470 D MTK_KL  : 4,15681,255678777,-;MlmeSetPsmBit = 0
08-24 15:59:11.506   470   470 D MTK_KL  : 4,15682,255678784,-;PSMode=0
08-24 15:59:11.506   470   470 D MTK_KL  : 4,15683,255678808,-;AutoRoaming=0
08-24 15:59:11.506   470   470 D MTK_KL  : 4,15684,255678831,-;RoamThreshold=-70  dBm
08-24 15:59:11.506   470   470 D MTK_KL  : 4,15685,255678856,-;TGnWifiTest=0
08-24 15:59:11.507   470   470 D MTK_KL  : 4,15686,255678883,-;BeaconLostTime=1000 
08-24 15:59:11.507   470   470 D MTK_KL  : 4,15687,255680550,-;Wsc4digitPinCode=0
08-24 15:59:11.507   470   470 D MTK_KL  : 4,15688,255680640,-;[PMF]Set_PMFMFPC_Proc:: Desired MFPC=1
08-24 15:59:11.507   470   470 D MTK_KL  : 4,15689,255680644,-;[PMF]Set_PMFMFPC_Proc:: Security is not WPA2/WPA2PSK AES
08-24 15:59:11.507   470   470 D MTK_KL  : 4,15690,255680648,-;[PMF]Set_PMFMFPC_Proc:: MFPC=0, MFPR=0, SHA256=0
08-24 15:59:11.507   470   470 D MTK_KL  : 4,15691,255680678,-;[PMF]Set_PMFMFPR_Proc:: Desired MFPR=1
08-24 15:59:11.507   470   470 D MTK_KL  : 4,15692,255680681,-;[PMF]Set_PMFMFPR_Proc:: Security is not WPA2/WPA2PSK AES
08-24 15:59:11.507   470   470 D MTK_KL  : 4,15693,255680685,-;[PMF]Set_PMFMFPR_Proc:: MFPC=0, MFPR=0, SHA256=0
08-24 15:59:11.507   470   470 D MTK_KL  : 4,15694,255680716,-;[PMF]Set_PMFSHA256_Proc:: Desired PMFSHA256=1
08-24 15:59:11.507   470   470 D MTK_KL  : 4,15695,255681224,-;IF Set_FalseCCA_THR1_Proc::(THR1=1800)
08-24 15:59:11.507   470   470 D MTK_KL  : 4,15696,255681257,-;IF Set_FalseCCA_THR2_Proc::(THR2=200)
08-24 15:59:11.507   470   470 D MTK_KL  : 4,15697,255681288,-;IF Set_BW20_RSSI_THR0_Proc::(BW_20 Rssi Thr0=-36)
08-24 15:59:11.507   470   470 D MTK_KL  : 4,15698,255681318,-;IF Set_BW20_RSSI_THR1_Proc::(BW_20 Rssi Thr1=-50)
08-24 15:59:11.507   470   470 D MTK_KL  : 4,15699,255681349,-;IF Set_BW20_RSSI_THR2_Proc::(BW_20 Rssi Thr2=-75)
08-24 15:59:11.507   470   470 D MTK_KL  : 4,15700,255681380,-;IF Set_BW20_RSSI_THR3_Proc::(BW_20 Rssi Thr3=-80)
08-24 15:59:11.507   470   470 D MTK_KL  : 4,15701,255681411,-;IF Set_BW40_RSSI_THR0_Proc::(BW_40 Rssi Thr0=-35)
08-24 15:59:11.507   470   470 D MTK_KL  : 4,15702,255681442,-;IF Set_BW40_RSSI_THR1_Proc::(BW_40 Rssi Thr1=-49)
08-24 15:59:11.507   470   470 D MTK_KL  : 4,15703,255681473,-;IF Set_BW40_RSSI_THR2_Proc::(BW_40 Rssi Thr2=-76)
08-24 15:59:11.507   470   470 D MTK_KL  : 4,15704,255681506,-;IF Set_BW40_RSSI_THR3_Proc::(BW_40 Rssi Thr3=-80)
08-24 15:59:11.507   470   470 D MTK_KL  : 4,15705,255681537,-;IF Set_RSSI_NOISE_THR1_Proc::(Rssi Thr1=-62)
08-24 15:59:11.507   470   470 D MTK_KL  : 4,15706,255681571,-;IF Set_RSSI_NOISE_THR1_Proc::(Rssi Thr1=-70)
08-24 15:59:11.507   470   470 D MTK_KL  : 4,15707,255681602,-;IF Set_RSSI_NOISE_THR1_Proc::(Rssi Thr1=-75)
08-24 15:59:11.507   470   470 D MTK_KL  : 4,15708,255681634,-;IF Set_Dynamic_PD_Enable_Proc::(Enable =1)
08-24 15:59:11.507   470   470 D MTK_KL  : 4,15709,255681641,-;1. Phy Mode = 14
08-24 15:59:11.507   470   470 D MTK_KL  : 4,15710,255681644,-;2. Phy Mode = 14
08-24 15:59:11.507   470   470 D MTK_KL  : 4,15711,255681648,-;--> NICReadEEPROMParameters
08-24 15:59:11.507   470   470 D MTK_KL  : 4,15712,255681654,-;NVM is Efuse and its size =1d[1e0-1fc] 
08-24 15:59:11.507   470   470 D MTK_KL  : 4,15713,255682076,-;eFuseGetFreeBlockCount, FirstFreeBlock= 0x1e0
08-24 15:59:11.516   470   470 D MTK_KL  : 4,15714,255686964,-;eFuseGetFreeBlockCount, LastFreeBlock= 0x1ed
08-24 15:59:11.516   470   470 D MTK_KL  : 4,15715,255686970,-;eFuseGetFreeBlockCount is 14
08-24 15:59:11.516   470   470 D MTK_KL  : 4,15716,255686974,-;NVM is Efuse and force to use EEPROM Buffer Mode=0
08-24 15:59:11.516   470   470 D MTK_KL  : 4,15717,255686978,-;Initialize MAC Address from E2PROM 
08-24 15:59:11.516   470   470 D MTK_KL  : 4,15718,255688152,-;E2PROM MAC: =2c:64:1f:8a:ba:e4
08-24 15:59:11.516   470   470 D MTK_KL  : 4,15719,255688156,-;Use the MAC address what is assigned from EEPROM. 
08-24 15:59:11.516   470   470 D MTK_KL  : 4,15720,255688445,-;Current MAC: =2c:64:1f:8a:ba:e4
08-24 15:59:11.516   470   470 D MTK_KL  : 4,15721,255688835,-;E2PROM: Version = 13, FAE release #0
08-24 15:59:11.516   470   470 D MTK_KL  : 4,15722,255688838,-;ERROR!!! 
08-24 15:59:11.516   470   470 D MTK_KL  : 4,15723,255688841,-;MT7601 E2PROM: WRONG VERSION 0xd, should be 9
08-24 15:59:11.516   470   470 D MTK_KL  : 4,15724,255689612,-;MT7601_ReadChannelPwr()--->
08-24 15:59:11.516   470   470 D MTK_KL  : 4,15725,255690080,-;MT7601_ReadChannelPwr: EEPROM 0xD0 = 0x1e
08-24 15:59:11.516   470   470 D MTK_KL  : 4,15726,255690456,-;MT7601_ReadChannelPwr: TxPower[0].Power = 0x06, TxPower[1].Power = 0x06
08-24 15:59:11.516   470   470 D MTK_KL  : 4,15727,255690878,-;MT7601_ReadChannelPwr: TxPower[2].Power = 0x06, TxPower[3].Power = 0x06
08-24 15:59:11.520   470   470 D MTK_KL  : 4,15728,255691338,-;MT7601_ReadChannelPwr: TxPower[4].Power = 0x06, TxPower[5].Power = 0x06
08-24 15:59:11.520   470   470 D MTK_KL  : 4,15729,255691711,-;MT7601_ReadChannelPwr: TxPower[6].Power = 0x06, TxPower[7].Power = 0x06
08-24 15:59:11.520   470   470 D MTK_KL  : 4,15730,255692071,-;MT7601_ReadChannelPwr: TxPower[8].Power = 0x05, TxPower[9].Power = 0x05
08-24 15:59:11.520   470   470 D MTK_KL  : 4,15731,255692446,-;MT7601_ReadChannelPwr: TxPower[10].Power = 0x05, TxPower[11].Power = 0x05
08-24 15:59:11.520   470   470 D MTK_KL  : 4,15732,255692770,-;MT7601_ReadChannelPwr: TxPower[12].Power = 0x05, TxPower[13].Power = 0x05
08-24 15:59:11.520   470   470 D MTK_KL  : 4,15733,255693141,-;MT7601_AsicAntennaDefaultReset
08-24 15:59:11.520   470   470 D MTK_KL  : 4,15734,255693145,-;NICReadEEPROMParameters: RxPath = 1, TxPath = 1
08-24 15:59:11.520   470   470 D MTK_KL  : 4,15735,255693516,-;E2PROM: RF FreqOffset=0x5e 
08-24 15:59:11.520   470   470 D MTK_KL  : 4,15736,255694208,-;Txpower per Rate
08-24 15:59:11.520   470   470 D MTK_KL  : 4,15737,255694658,-;Gpwrdelta = -1, Apwrdelta = 0 .
08-24 15:59:11.523   470   470 D MTK_KL  : 4,15738,255695964,-;20MHz BW, 2.4G band-3e3f0606,  Adata = 3e3f0606,  Gdata = 3d3e0505 
08-24 15:59:11.523   470   470 D MTK_KL  : 4,15739,255696824,-;20MHz BW, 2.4G band-00000000,  Adata = 00000000,  Gdata = 3f3f3f3f 
08-24 15:59:11.523   470   470 D MTK_KL  : 4,15740,255697693,-;20MHz BW, 2.4G band-00000000,  Adata = 00000000,  Gdata = 3f3f3f3f 
08-24 15:59:11.524   470   470 D MTK_KL  : 4,15741,255698637,-;20MHz BW, 2.4G band-00000000,  Adata = 00000000,  Gdata = 3f3f3f3f 
08-24 15:59:11.528   470   470 D MTK_KL  : 4,15742,255699445,-;20MHz BW, 2.4G band-ffff0000,  Adata = ffff0000,  Gdata = ffff3f3f 
08-24 15:59:11.528   470   470 D MTK_KL  : 4,15743,255700365,-;TXALC> bInternalTxALC = 0
08-24 15:59:11.528   470   470 D MTK_KL  : 4,15744,255700372,-;NICReadEEPROMParameters: pAd->Antenna.field.BoardType = 0, IS_MINI_CARD(pAd) = 1, IS_RT5390U(pAd) = 0
08-24 15:59:11.528   470   470 D MTK_KL  : 4,15745,255700375,-;<-- NICReadEEPROMParameters
08-24 15:59:11.528   470   470 D MTK_KL  : 4,15746,255700379,-;3. Phy Mode = 14
08-24 15:59:11.528   470   470 D MTK_KL  : 4,15747,255700382,-;--> NICInitAsicFromEEPROM
08-24 15:59:11.528   470   470 D MTK_KL  : 4,15748,255700386,-;AntCfgInit: primary/secondary ant 0/1
08-24 15:59:11.528   470   470 D MTK_KL  : 4,15749,255700798,-;pAd->TemperatureRef25C = 0xfffffff9
08-24 15:59:11.528   470   470 D MTK_KL  : 4,15750,255700803,-;NICInitMT7601RFRegisters
08-24 15:59:11.528   470   470 D MTK_KL  : 4,15751,255702648,-;==>MT7601_INIT_CAL
08-24 15:59:11.531   470   470 D MTK_KL  : 4,15752,255705331,-;Boot up temperature = 0xFFFFFFF7
08-24 15:59:11.700   470   470 D MTK_KL  : 4,15753,255871826,-;tssi0_db_hvga = 519
08-24 15:59:11.700   470   470 D MTK_KL  : 4,15754,255871831,-;tssi0_db = 39d
08-24 15:59:11.700   470   470 D MTK_KL  : 4,15755,255874415,-;TssiDC0 = 2 (0x2)
08-24 15:59:11.700   470   470 D MTK_KL  : 4,15756,255874420,-;TssiDC0_HVGA = 14 (0x2)
08-24 15:59:11.700   470   470 D MTK_KL  : 4,15757,255874422,-;TSSI_DBOFFSET_HVGA = 17c
08-24 15:59:11.704   470   470 D MTK_KL  : 4,15758,255876192,-;MT7601AsicTemperatureCompensation::Enable PLL Lock Protect.
08-24 15:59:11.704   470   470 D MTK_KL  : 4,15759,255876197,-;<==MT7601_INIT_CAL
08-24 15:59:11.704   470   470 D MTK_KL  : 4,15760,255876210,-;NICInitAsicFromEEPROM: pAd->TxPowerCtrl.bInternalTxALC = 0
08-24 15:59:11.704   470   470 D MTK_KL  : 4,15761,255876219,-;RTMPSetLEDStatus: MCUCmd:0x50, LED Mode:0x0, LinkStatus:0x20
08-24 15:59:11.704   470   470 D MTK_KL  : 4,15762,255876223,-;SetLEDStatusHdlr: CMDTHREAD_SET_LED_STATUS (LEDStatus = 3)
08-24 15:59:11.704   470   470 D MTK_KL  : 4,15763,255876949,-;Use Hw Radio Control Pin=0; if used Pin=0;
08-24 15:59:11.704   470   470 D MTK_KL  : 4,15764,255876953,-;NICInitAsicFromEEPROM: pAd->FreqCalibrationCtrl.bEnableFrequencyCalibration = 1
08-24 15:59:11.704   470   470 D MTK_KL  : 4,15765,255876956,-;TxPath = 1, RxPath = 1, RFIC=15
08-24 15:59:11.705   470   470 D MTK_KL  : 4,15766,255876958,-;<-- NICInitAsicFromEEPROM
08-24 15:59:11.705   470   470 D MTK_KL  : 4,15767,255876962,-;---> InitFrequencyCalibration
08-24 15:59:11.705   470   470 D MTK_KL  : 4,15768,255876965,-;InitFrequencyCalibrationMode:Unknow mode = 3
08-24 15:59:11.705   470   470 D MTK_KL  : 4,15769,255876967,-;---> StopFrequencyCalibration
08-24 15:59:11.705   470   470 D MTK_KL  : 4,15770,255876970,-;StopFrequencyCalibration: pAd->FreqCalibrationCtrl.AdaptiveFreqOffset = 0x5E
08-24 15:59:11.705   470   470 D MTK_KL  : 4,15771,255876972,-;<--- StopFrequencyCalibration
08-24 15:59:11.705   470   470 D MTK_KL  : 4,15772,255876975,-;InitFrequencyCalibration: frequency offset in the EEPROM = 94(0x5e)
08-24 15:59:11.705   470   470 D MTK_KL  : 4,15773,255876977,-;<--- InitFrequencyCalibration
08-24 15:59:11.705   470   470 D MTK_KL  : 4,15774,255876980,-;RTMPSetPhyMode : PhyMode=14, channel=0 
08-24 15:59:11.705   470   470 D MTK_KL  : 4,15775,255876995,-;country code=5/7, RFIC=15, PHY mode=14, support 14 channels
08-24 15:59:11.705   470   470 D MTK_KL  : 4,15776,255877000,-;BuildChannel # 1 :: Pwr0 = 6, Pwr1 =0, Flags = 40\x0a 
08-24 15:59:11.705   470   470 D MTK_KL  : 4,15777,255877003,-;BuildChannel # 2 :: Pwr0 = 6, Pwr1 =0, Flags = 40\x0a 
08-24 15:59:11.706   470   470 D MTK_KL  : 4,15778,255877006,-;BuildChannel # 3 :: Pwr0 = 6, Pwr1 =0, Flags = 40\x0a 
08-24 15:59:11.706   470   470 D MTK_KL  : 4,15779,255877009,-;BuildChannel # 4 :: Pwr0 = 6, Pwr1 =0, Flags = 40\x0a 
08-24 15:59:11.706   470   470 D MTK_KL  : 4,15780,255877012,-;BuildChannel # 5 :: Pwr0 = 6, Pwr1 =0, Flags = 40\x0a 
08-24 15:59:11.706   470   470 D MTK_KL  : 4,15781,255877014,-;BuildChannel # 6 :: Pwr0 = 6, Pwr1 =0, Flags = 40\x0a 
08-24 15:59:11.706   470   470 D MTK_KL  : 4,15782,255877017,-;BuildChannel # 7 :: Pwr0 = 6, Pwr1 =0, Flags = 40\x0a 
08-24 15:59:11.706   470   470 D MTK_KL  : 4,15783,255877020,-;BuildChannel # 8 :: Pwr0 = 6, Pwr1 =0, Flags = 40\x0a 
08-24 15:59:11.706   470   470 D MTK_KL  : 4,15784,255877023,-;BuildChannel # 9 :: Pwr0 = 5, Pwr1 =0, Flags = 40\x0a 
08-24 15:59:11.706   470   470 D MTK_KL  : 4,15785,255877026,-;BuildChannel # 10 :: Pwr0 = 5, Pwr1 =0, Flags = 40\x0a 
08-24 15:59:11.707   470   470 D MTK_KL  : 4,15786,255877029,-;BuildChannel # 11 :: Pwr0 = 5, Pwr1 =0, Flags = 40\x0a 
08-24 15:59:11.707   470   470 D MTK_KL  : 4,15787,255877032,-;BuildChannel # 12 :: Pwr0 = 5, Pwr1 =0, Flags = 40\x0a 
08-24 15:59:11.707   470   470 D MTK_KL  : 4,15788,255877035,-;BuildChannel # 13 :: Pwr0 = 5, Pwr1 =0, Flags = 40\x0a 
08-24 15:59:11.707   470   470 D MTK_KL  : 4,15789,255877038,-;BuildChannel # 14 :: Pwr0 = 5, Pwr1 =0, Flags = 0\x0a 
08-24 15:59:11.707   470   470 D MTK_KL  : 4,15790,255877041,-;RTMPSetPhyMode: channel is out of range, use first channel=1 
08-24 15:59:11.707   470   470 D MTK_KL  : 4,15791,255877168,-;MlmeUpdateTxRates():[MaxSupport = 54] = MaxDesire 54 Mbps
08-24 15:59:11.707   470   470 D MTK_KL  : 4,15792,255877173,-; MlmeUpdateTxRates(): (MaxDesire=54, MaxSupport=54, MaxTxRate=54, MinRate=1, Rate Switching =1)
08-24 15:59:11.707   470   470 D MTK_KL  : 4,15793,255877177,-; MlmeUpdateTxRates(): (TxRate=54, RtsRate=11, BasicRateBitmap=0x015f)
08-24 15:59:11.707   470   470 D MTK_KL  : 4,15794,255877181,-;MlmeUpdateTxRates(): (MlmeTransmit=0x0, MinHTPhyMode=0, MaxHTPhyMode=0x0, HTPhyMode=0x0)
08-24 15:59:11.707   470   470 D MTK_KL  : 4,15795,255877314,-;MlmeUpdateTxRates():[MaxSupport = 54] = MaxDesire 54 Mbps
08-24 15:59:11.707   470   470 D MTK_KL  : 4,15796,255877319,-; MlmeUpdateTxRates(): (MaxDesire=54, MaxSupport=54, MaxTxRate=54, MinRate=1, Rate Switching =1)
08-24 15:59:11.707   470   470 D MTK_KL  : 4,15797,255877322,-; MlmeUpdateTxRates(): (TxRate=54, RtsRate=11, BasicRateBitmap=0x015f)
08-24 15:59:11.707   470   470 D MTK_KL  : 4,15798,255877325,-;MlmeUpdateTxRates(): (MlmeTransmit=0x0, MinHTPhyMode=0, MaxHTPhyMode=0x0, HTPhyMode=0x0)
