08-24 15:58:51.986   934  1107 D WindowManager: enter cvteInterceptKeyBeforeDispatching onGlobalKeyEvent
08-24 15:58:51.996  1420  1746 D [Module:HotKey]: [HotkeyManager::handleMapKeyEvent:599]: KeyEvent { action=ACTION_UP, keyCode=KEYCODE_DPAD_DOWN, scanCode=108, metaState=0, flags=0x8, repeatCount=0, eventTime=236156, downTime=235959, deviceId=2, source=0x301, displayId=-1 }
08-24 15:58:51.997  1393  1736 D CLog    : [null:4::onTvNotify]: notifySystemSignalLostPowerOffTimeRemaining
08-24 15:58:51.998  1393  1736 D CLog    : [null:26::a]: time = -1
08-24 15:58:51.998  1393  1736 D CLog    : [null:0::onTvNotify]: notifySystemSignalLostPowerOffTimeRemaining
08-24 15:58:52.000  1420  1746 I [Vendor:InputSource]: [MtkInputSourceManager::getCurrentInputSource:142]: get match input source device id
08-24 15:58:52.000  1420  1746 D [Module:TV]: [TVApiSystemSignalImpl::resetNoSignalTime:307]: inputSource = DTV
08-24 15:58:52.000  1420  1746 D [Module:TV]: [TVApiSystemSignalImpl::resetNoSignalTime:327]: mNoSignalRemaining = 900
08-24 15:58:52.001  1420  1420 D [Module:SYSTEM]: [TVApiSystemNoActionAutoPowerOffImpl::resetNoActionAutoPowerOff:148]: time step = 49046
08-24 15:58:52.001  1393  1736 D Evan    : handleKeyEvent:20
08-24 15:58:52.001  1420  1420 D [Module:SYSTEM]: [TVApiSystemNoActionAutoPowerOffImpl::resetExecutorService:235]: initialDelay:14100000
08-24 15:58:52.003  1420  1746 W [Module:HotKey]: [HotkeyManager::getKeyEvents:765]: Cache KeyEvent List size = 1
08-24 15:58:52.003   934  1107 D WindowManager: onGlobalKeyEvent ret = false
08-24 15:58:52.003   934  1107 D WindowManager: enter interceptKeyBeforeDispatching 3
08-24 15:58:52.092   934  1013 I EthernetTracker: interfaceLinkStateChanged, iface: wlan0, up: false
08-24 15:58:52.094  1178  1178 E android.hardware.wifi@1.0-service-lazy: Could not set interface MAC address for wlan0 (Operation not supported on transport endpoint)
08-24 15:58:52.094  1178  1178 E android.hardware.wifi@1.0-service-lazy: SetMacAddress failed.
08-24 15:58:52.613  1178  1178 D android.hardware.wifi@1.0-service-lazy: Successfully SetMacAddress.
08-24 15:58:52.614   934  1013 I EthernetTracker: interfaceLinkStateChanged, iface: wlan0, up: true
08-24 15:58:52.616   934  1125 D WifiClientModeImpl: ConnectedMacRandomization SSID(huangxiaohua_public_00000000). setMacAddress(86:b6:f5:06:1e:36) from 2c:64:1f:8a:ba:e4 = true
08-24 15:58:52.617   934  1125 W LastMileLogger: Failed to open free_buffer pseudo-file: /sys/kernel/debug/tracing/instances/wifi/free_buffer: open failed: ENOENT (No such file or directory)
08-24 15:58:52.617   934  1125 W LastMileLogger: Failed to arm fail-safe.
08-24 15:58:52.658   934  1125 I WifiClientModeImpl: Connecting with 2c:64:1f:8a:ba:e4 as the mac address
08-24 15:58:52.659   499   499 W wificond: Scan is not started. Ignore abort request
08-24 15:58:52.659   934  1125 D SupplicantStaIfaceHal: connectToNetwork "huangxiaohua_public_00000000"WPA_PSK
08-24 15:58:52.660   934  1125 D SupplicantStaIfaceHal: Network is already saved, will not trigger remove and add operation.
08-24 15:58:52.670   934  1023 W BroadcastQueue: Background execution not allowed: receiving Intent { act=android.net.wifi.STATE_CHANGE flg=0x4000010 (has extras) } to com.cvte.tv.ucservice/.receiver.NetworkReceiver
08-24 15:58:52.912  1260  1421 D RecommendedChannelsThread: [MtkLog]start, status==false,mLauncherRunning==false
08-24 15:58:52.933  1420  1934 I [Module:TV]: [TVApiSystemSignalImpl$NoSignalTimerTask::run:187]: no signal timer
08-24 15:58:52.934  1420  1934 I [Module:TV]: [TVApiSystemSignalImpl$NoSignalTimerTask::ignoreNoSignalStandby:238]: Not in com.cvte.tv.setting apk, ignore
08-24 15:58:53.105   934  1013 I EthernetTracker: interfaceLinkStateChanged, iface: wlan0, up: true
08-24 15:58:53.914  1260  1421 D RecommendedChannelsThread: [MtkLog]start, status==false,mLauncherRunning==false
08-24 15:58:53.933  1420  1934 I [Module:TV]: [TVApiSystemSignalImpl$NoSignalTimerTask::run:187]: no signal timer
08-24 15:58:53.933  1420  1934 I [Module:TV]: [TVApiSystemSignalImpl$NoSignalTimerTask::ignoreNoSignalStandby:238]: Not in com.cvte.tv.setting apk, ignore
08-24 15:58:54.111   470   470 I chatty  : uid=0(root) /vendor/bin/k2logcat expire 518 lines
08-24 15:58:54.804  2227  2263 W ContentShowServiceMgr: setUpAirPlayService: network is disabled, AirPlay will start when ap enabled
08-24 15:58:54.916  1260  1421 D RecommendedChannelsThread: [MtkLog]start, status==false,mLauncherRunning==false
08-24 15:58:54.934  1420  1934 I [Module:TV]: [TVApiSystemSignalImpl$NoSignalTimerTask::run:187]: no signal timer
08-24 15:58:54.934  1420  1934 I [Module:TV]: [TVApiSystemSignalImpl$NoSignalTimerTask::ignoreNoSignalStandby:238]: Not in com.cvte.tv.setting apk, ignore
08-24 15:58:55.918  1260  1421 D RecommendedChannelsThread: [MtkLog]start, status==false,mLauncherRunning==false
08-24 15:58:55.933  1420  1934 I [Module:TV]: [TVApiSystemSignalImpl$NoSignalTimerTask::run:187]: no signal timer
08-24 15:58:55.934  1420  1934 I [Module:TV]: [TVApiSystemSignalImpl$NoSignalTimerTask::ignoreNoSignalStandby:238]: Not in com.cvte.tv.setting apk, ignore
08-24 15:58:56.919  1260  1421 D RecommendedChannelsThread: [MtkLog]start, status==false,mLauncherRunning==false
08-24 15:58:56.933  1420  1934 I [Module:TV]: [TVApiSystemSignalImpl$NoSignalTimerTask::run:187]: no signal timer
08-24 15:58:56.933  1420  1934 I [Module:TV]: [TVApiSystemSignalImpl$NoSignalTimerTask::ignoreNoSignalStandby:238]: Not in com.cvte.tv.setting apk, ignore
08-24 15:58:57.675   934  1013 I EthernetTracker: interfaceLinkStateChanged, iface: wlan0, up: true
08-24 15:58:57.675   499   499 I wificond: Regulatory domain changed
08-24 15:58:57.677   934  1013 I EthernetTracker: interfaceLinkStateChanged, iface: wlan0, up: true
08-24 15:58:57.677   499   499 I wificond: 2.4Ghz frequencies: 2412 2417 2422 2427 2432 2437 2442 2447 2452 2457 2462 2467 2472 2484
08-24 15:58:57.678   499   499 I wificond: 5Ghz non-DFS frequencies:
08-24 15:58:57.678   499   499 I wificond: 5Ghz DFS frequencies:
08-24 15:58:57.678   499   499 I wificond: 6Ghz frequencies:
08-24 15:58:57.684  3163  3163 I chatty  : uid=1010(wifi) /vendor/bin/hw/mtk_supplicant expire 53 lines
08-24 15:58:57.685  2086  2086 I chatty  : uid=1000(system) com.screenshare.platform expire 2 lines
08-24 15:58:57.686   934  1023 W BroadcastQueue: Background execution not allowed: receiving Intent { act=android.net.wifi.STATE_CHANGE flg=0x4000010 (has extras) } to com.cvte.tv.ucservice/.receiver.NetworkReceiver
08-24 15:58:57.687  2227  2247 D wifi_server: network disconnected
08-24 15:58:57.691  2086  2111 I chatty  : uid=1000(system) Binder:2086_2 expire 2 lines
08-24 15:58:57.695  2227  3165 D NetworkServiceImpl: network run: false {"isNetEnable":false,"netIp":"0.0.0.0","netName":"","netType":0,"wifiMac":"2c:64:1f:8a:ba:e4"}
08-24 15:58:57.805  2227  2263 W ContentShowServiceMgr: setUpAirPlayService: network is disabled, AirPlay will start when ap enabled
08-24 15:58:57.922  1260  1421 D RecommendedChannelsThread: [MtkLog]start, status==false,mLauncherRunning==false
08-24 15:58:57.934  1420  1934 I [Module:TV]: [TVApiSystemSignalImpl$NoSignalTimerTask::run:187]: no signal timer
08-24 15:58:57.934  1420  1934 I [Module:TV]: [TVApiSystemSignalImpl$NoSignalTimerTask::ignoreNoSignalStandby:238]: Not in com.cvte.tv.setting apk, ignore
08-24 15:58:58.744  2086  2117 I chatty  : uid=1000(system) Profile Saver expire 2 lines
08-24 15:58:58.924  1260  1421 D RecommendedChannelsThread: [MtkLog]start, status==false,mLauncherRunning==false
08-24 15:58:58.933  1420  1934 I [Module:TV]: [TVApiSystemSignalImpl$NoSignalTimerTask::run:187]: no signal timer
08-24 15:58:58.934  1420  1934 I [Module:TV]: [TVApiSystemSignalImpl$NoSignalTimerTask::ignoreNoSignalStandby:238]: Not in com.cvte.tv.setting apk, ignore
08-24 15:58:59.774   934  1250 I WifiService: startScan uid=1000
08-24 15:58:59.777   934  1132 D WifiScanningService: tryToStartNewScan
08-24 15:58:59.787   934  1132 I AlarmManager: Setting Wakeup Alarm type[2] sPackageName is null @258959 and next wakeup alarm is @Tue Aug 24 15:54:55 GMT+03:00 2021
08-24 15:58:59.926  1260  1421 D RecommendedChannelsThread: [MtkLog]start, status==false,mLauncherRunning==false
08-24 15:58:59.933  1420  1934 I [Module:TV]: [TVApiSystemSignalImpl$NoSignalTimerTask::run:187]: no signal timer
08-24 15:58:59.933  1420  1934 I [Module:TV]: [TVApiSystemSignalImpl$NoSignalTimerTask::ignoreNoSignalStandby:238]: Not in com.cvte.tv.setting apk, ignore
08-24 15:59:00.000   934  1105 I AlarmManager: Setting Wakeup Alarm type[3] sPackageName is null @304172 and next wakeup alarm is @Tue Aug 24 15:54:55 GMT+03:00 2021
08-24 15:59:00.001  1260  1260 E MtkTvTime: MtkTvTimeBase object is created
08-24 15:59:00.003  1260  1260 E AgentTimeActionReceiver: {DT} CAUTION: time sync feature is not enabled
08-24 15:59:00.003  1185  1185 D KeyguardClockSwitch: Updating clock: 1559
08-24 15:59:00.003  1260  1260 E MtkTvTime: MtkTvTimeBase object is created
08-24 15:59:00.003  1260  1260 E TimeMsgProcess: {DT} msgTpye:14
08-24 15:59:00.003  1420  1420 D [Module:SYSTEM]: [TVApiSystemOnOffTimeImpl$TimeUpDateReceiver::onReceive:412]:  time up date receiver !!!
08-24 15:59:00.007  1260  1260 D MtkTvTime: getBrdcstRawData 
08-24 15:59:00.007  1420  1420 D [Module:SYSTEM]: [TVApiSystemOnOffTimeImpl$TimeUpDateReceiver::isNeedSetOffTime:420]: entityCycleTime.timeStamp = -1
08-24 15:59:00.009  2227  2227 D ActivateHelper: onReceive: android.intent.action.TIME_TICK
08-24 15:59:00.009  1260  1260 E TimeMsgProcess: {DT} msgTpye:14, isBrdcstTimeAvailable=false
08-24 15:59:00.009  1260  1260 E TimeMsgProcess: {DT} raw.isBrdcstTimeAvailable =!!!false
08-24 15:59:00.009  2227  2227 I ActivateHelper: time count : 4
08-24 15:59:00.807  2227  2263 W ContentShowServiceMgr: setUpAirPlayService: network is disabled, AirPlay will start when ap enabled
08-24 15:59:00.928  1260  1421 D RecommendedChannelsThread: [MtkLog]start, status==false,mLauncherRunning==false
08-24 15:59:00.934  1420  1934 I [Module:TV]: [TVApiSystemSignalImpl$NoSignalTimerTask::run:187]: no signal timer
08-24 15:59:00.934  1420  1934 I [Module:TV]: [TVApiSystemSignalImpl$NoSignalTimerTask::ignoreNoSignalStandby:238]: Not in com.cvte.tv.setting apk, ignore
08-24 15:59:01.451  3163  3163 D wpa_supplicant: P2P: Add operating class 81
08-24 15:59:01.452  3163  3163 D wpa_supplicant: P2P: Channels - hexdump(len=12): 01 02 03 04 05 06 07 08 09 0a 0b 0d
08-24 15:59:01.452  3163  3163 D wpa_supplicant: P2P: Update channel list
08-24 15:59:01.452  3163  3163 D wpa_supplicant: P2P: channels: 81:1,2,3,4,5,6,7,8,9,10,11,13
08-24 15:59:01.452  3163  3163 D wpa_supplicant: P2P: cli_channels:
08-24 15:59:01.473  3163  3163 D wpa_supplicant: nl80211: Drv Event 42 (NL80211_CMD_REG_BEACON_HINT) received for p2p0
08-24 15:59:01.473  3163  3163 D wpa_supplicant: nl80211: Regulatory beacon hint
08-24 15:59:01.473  3163  3163 D wpa_supplicant: nl80211: Channel (before): freq=2467 max_tx_power=2000 no-IR
08-24 15:59:01.473  3163  3163 D wpa_supplicant: nl80211: Channel (after): freq=2467 max_tx_power=2000
08-24 15:59:01.473  3163  3163 D wpa_supplicant: p2p0: Event CHANNEL_LIST_CHANGED (27) received
08-24 15:59:01.473  3163  3163 I wpa_supplicant: p2p0: CTRL-EVENT-REGDOM-CHANGE init=BEACON_HINT type=UNKNOWN
08-24 15:59:01.473  3163  3163 D wpa_supplicant: p2p0: Updating hw mode
08-24 15:59:01.474  3163  3163 D wpa_supplicant: nl80211: Regulatory information - country=00
08-24 15:59:01.474  3163  3163 D wpa_supplicant: nl80211: 2402-2472 @ 40 MHz 20 mBm
08-24 15:59:01.474  3163  3163 D wpa_supplicant: nl80211: 2457-2482 @ 20 MHz 20 mBm (no IR)
08-24 15:59:01.474  3163  3163 D wpa_supplicant: nl80211: 2474-2494 @ 20 MHz 20 mBm (no OFDM) (no IR)
08-24 15:59:01.474  3163  3163 D wpa_supplicant: nl80211: 5170-5250 @ 80 MHz 20 mBm (no IR)
08-24 15:59:01.474  3163  3163 D wpa_supplicant: nl80211: 5250-5330 @ 80 MHz 20 mBm (DFS) (no IR)
08-24 15:59:01.474  3163  3163 D wpa_supplicant: nl80211: 5490-5730 @ 160 MHz 20 mBm (DFS) (no IR)
08-24 15:59:01.474  3163  3163 D wpa_supplicant: nl80211: 5735-5835 @ 80 MHz 20 mBm (no IR)
08-24 15:59:01.474  3163  3163 D wpa_supplicant: nl80211: 57240-63720 @ 2160 MHz 0 mBm
08-24 15:59:01.475  3163  3163 D wpa_supplicant: nl80211: Added 802.11b mode based on 802.11g information
08-24 15:59:01.475  3163  3163 D wpa_supplicant: nl80211: Mode IEEE 802.11g: 2412 2417 2422 2427 2432 2437 2442 2447 2452 2457 2462 2467 2472 2484[NO_IR]
08-24 15:59:01.475  3163  3163 D wpa_supplicant: nl80211: Mode IEEE 802.11b: 2412 2417 2422 2427 2432 2437 2442 2447 2452 2457 2462 2467 2472 2484[NO_IR]
08-24 15:59:01.475  3163  3163 D wpa_supplicant: wlan0: Updating hw mode
08-24 15:59:01.476  3163  3163 D wpa_supplicant: nl80211: Regulatory information - country=00
08-24 15:59:01.476  3163  3163 D wpa_supplicant: nl80211: 2402-2472 @ 40 MHz 20 mBm
08-24 15:59:01.476  3163  3163 D wpa_supplicant: nl80211: 2457-2482 @ 20 MHz 20 mBm (no IR)
08-24 15:59:01.476  3163  3163 D wpa_supplicant: nl80211: 2474-2494 @ 20 MHz 20 mBm (no OFDM) (no IR)
08-24 15:59:01.477  3163  3163 D wpa_supplicant: nl80211: 5170-5250 @ 80 MHz 20 mBm (no IR)
08-24 15:59:01.477  3163  3163 D wpa_supplicant: nl80211: 5250-5330 @ 80 MHz 20 mBm (DFS) (no IR)
08-24 15:59:01.477  3163  3163 D wpa_supplicant: nl80211: 5490-5730 @ 160 MHz 20 mBm (DFS) (no IR)
08-24 15:59:01.477  3163  3163 D wpa_supplicant: nl80211: 5735-5835 @ 80 MHz 20 mBm (no IR)
08-24 15:59:01.477  3163  3163 D wpa_supplicant: nl80211: 57240-63720 @ 2160 MHz 0 mBm
08-24 15:59:01.477  3163  3163 D wpa_supplicant: nl80211: Added 802.11b mode based on 802.11g information
08-24 15:59:01.477  3163  3163 D wpa_supplicant: nl80211: Mode IEEE 802.11g: 2412 2417 2422 2427 2432 2437 2442 2447 2452 2457 2462 2467 2472 2484[NO_IR]
08-24 15:59:01.477  3163  3163 D wpa_supplicant: nl80211: Mode IEEE 802.11b: 2412 2417 2422 2427 2432 2437 2442 2447 2452 2457 2462 2467 2472 2484[NO_IR]
08-24 15:59:01.477  3163  3163 D wpa_supplicant: p2p0: Determining shared radio frequencies (max len 1)
08-24 15:59:01.477  3163  3163 D wpa_supplicant: p2p0: Shared frequencies (len=0): completed iteration
08-24 15:59:01.477  3163  3163 D wpa_supplicant: P2P: Add operating class 81
08-24 15:59:01.477  3163  3163 D wpa_supplicant: P2P: Channels - hexdump(len=13): 01 02 03 04 05 06 07 08 09 0a 0b 0c 0d
08-24 15:59:01.477  3163  3163 D wpa_supplicant: P2P: Update channel list
08-24 15:59:01.478  3163  3163 D wpa_supplicant: P2P: channels: 81:1,2,3,4,5,6,7,8,9,10,11,12,13
08-24 15:59:01.478  3163  3163 D wpa_supplicant: P2P: cli_channels:
08-24 15:59:01.722  2086  2169 D KeepLiveServer: run
08-24 15:59:01.729  2086  2169 D KeepLiveServer: checkOp: android.permission.INTERNET
08-24 15:59:01.730  2086  2169 D KeepLiveServer: checkOp: android.permission.CHANGE_NETWORK_STATE
08-24 15:59:01.731  2086  2169 D KeepLiveServer: checkOp: android.permission.CHANGE_WIFI_STATE
08-24 15:59:01.732  2086  2169 D KeepLiveServer: checkOp: android.permission.ACCESS_NETWORK_STATE
08-24 15:59:01.733  2086  2169 D KeepLiveServer: checkOp: android.permission.WRITE_EXTERNAL_STORAGE
08-24 15:59:01.734  2086  2169 D KeepLiveServer: checkOp: android.permission.READ_EXTERNAL_STORAGE
08-24 15:59:01.735  2086  2169 D KeepLiveServer: checkOp: android.permission.ACCESS_WIFI_STATE
08-24 15:59:01.735  2086  2169 D KeepLiveServer: checkOp: android.permission.WAKE_LOCK
08-24 15:59:01.737  2086  2169 D KeepLiveServer: checkOp: android.permission.MODIFY_AUDIO_SETTINGS
08-24 15:59:01.738  2086  2169 D KeepLiveServer: checkOp: android.permission.READ_PHONE_STATE
08-24 15:59:01.740  2086  2169 D KeepLiveServer: checkOp: android.permission.RECEIVE_BOOT_COMPLETED
08-24 15:59:01.740  2086  2169 D KeepLiveServer: checkOp: android.permission.RESTART_PACKAGES
08-24 15:59:01.741  2086  2169 D KeepLiveServer: checkOp: android.permission.GET_TASKS
08-24 15:59:01.742  2086  2169 D KeepLiveServer: checkOp: android.permission.ACCESS_FINE_LOCATION
08-24 15:59:01.743  2086  2169 D KeepLiveServer: checkOp: android.permission.ACCESS_COARSE_LOCATION
08-24 15:59:01.744  2086  2169 D KeepLiveServer: checkOp: android.permission.BLUETOOTH
08-24 15:59:01.745  2086  2169 D KeepLiveServer: checkOp: android.permission.WRITE_SETTINGS
08-24 15:59:01.746  2086  2169 D KeepLiveServer: checkOp: android.permission.CHANGE_WIFI_MULTICAST_STATE
08-24 15:59:01.747  2086  2169 D KeepLiveServer: checkOp: android.permission.ACCESS_BACKGROUND_LOCATION
08-24 15:59:01.747  2086  2169 D KeepLiveServer: checkOp: android.permission.ACCESS_MEDIA_LOCATION
08-24 15:59:01.891  3163  3163 D wpa_supplicant: RTM_NEWLINK: ifi_index=14 ifname=wlan0 wext ifi_family=0 ifi_flags=0x11003 ([UP][LOWER_UP])
08-24 15:59:01.892  3163  3163 D wpa_supplicant: RTM_NEWLINK: ifi_index=14 ifname=wlan0 wext ifi_family=0 ifi_flags=0x11003 ([UP][LOWER_UP])
08-24 15:59:01.894   934  1013 I EthernetTracker: interfaceLinkStateChanged, iface: wlan0, up: true
08-24 15:59:01.894  3163  3163 D wpa_supplicant: nl80211: Ignored event 34 (NL80211_CMD_NEW_SCAN_RESULTS) for foreign interface (ifindex 14 wdev 0x0)
08-24 15:59:01.894  3163  3163 D wpa_supplicant: nl80211: Drv Event 34 (NL80211_CMD_NEW_SCAN_RESULTS) received for wlan0
08-24 15:59:01.895  3163  3163 D wpa_supplicant: wlan0: nl80211: New scan results available
08-24 15:59:01.895   934  1013 I EthernetTracker: interfaceLinkStateChanged, iface: wlan0, up: true
08-24 15:59:01.895  3163  3163 D wpa_supplicant: nl80211: Scan probed for SSID ''
08-24 15:59:01.895  3163  3163 D wpa_supplicant: nl80211: Scan included frequencies: 2412 2417 2422 2427 2432 2437 2442 2447 2452 2457 2462 2467 2472 2484
08-24 15:59:01.895  3163  3163 D wpa_supplicant: wlan0: Event SCAN_RESULTS (3) received
08-24 15:59:01.896   934  1096 D WifiNl80211Manager: Scan result ready event
08-24 15:59:01.897   934  1096 D WifiNative: Scan result ready event
08-24 15:59:01.898  3163  3163 D wpa_supplicant: nl80211: Received scan results (34 BSSes)
08-24 15:59:01.898  3163  3163 D wpa_supplicant: wlan0: BSS: Start scan result update 6
08-24 15:59:01.898  3163  3163 D wpa_supplicant: BSS: d4:5d:64:cc:62:a2 has multiple entries in the scan results - select the most current one
08-24 15:59:01.898  3163  3163 D wpa_supplicant: Previous last_update: 234.226156 (freq 2412)
08-24 15:59:01.898  3163  3163 D wpa_supplicant: New last_update: 244.902156 (freq 2437)
08-24 15:59:01.898  3163  3163 D wpa_supplicant: Accept this BSS entry since it looks more current than the previous update
08-24 15:59:01.898  3163  3163 D wpa_supplicant: BSS: d4:5d:64:cc:62:a2 changed freq 2412 --> 2437
08-24 15:59:01.898  3163  3163 D wpa_supplicant: wlan0: BSS: Remove id 30 BSSID 20:6b:e7:59:5c:2c SSID 'TP-LINK_5C2C' due to no match in scan
08-24 15:59:01.899  3163  3163 D wpa_supplicant: BSS: last_scan_res_used=33/64
08-24 15:59:01.899  3163  3163 D wpa_supplicant: wlan0: New scan results available (own=0 ext=1)
08-24 15:59:01.899  3163  3163 D wpa_supplicant: wlan0: Do not use results from externally requested scan operation for network selection
08-24 15:59:01.899  3163  3163 D wpa_supplicant: p2p0: Updating scan results from sibling
08-24 15:59:01.899  3163  3163 D wpa_supplicant: nl80211: Received scan results (34 BSSes)
08-24 15:59:01.900  3163  3163 D wpa_supplicant: p2p0: BSS: Start scan result update 6
08-24 15:59:01.900  3163  3163 D wpa_supplicant: BSS: d4:5d:64:cc:62:a2 has multiple entries in the scan results - select the most current one
08-24 15:59:01.900  3163  3163 D wpa_supplicant: Previous last_update: 234.223792 (freq 2412)
08-24 15:59:01.900  3163  3163 D wpa_supplicant: New last_update: 244.899792 (freq 2437)
08-24 15:59:01.900  3163  3163 D wpa_supplicant: Accept this BSS entry since it looks more current than the previous update
08-24 15:59:01.900  3163  3163 D wpa_supplicant: BSS: d4:5d:64:cc:62:a2 changed freq 2412 --> 2437
08-24 15:59:01.900  3163  3163 D wpa_supplicant: p2p0: BSS: Remove id 30 BSSID 20:6b:e7:59:5c:2c SSID 'TP-LINK_5C2C' due to no match in scan
08-24 15:59:01.900  3163  3163 D wpa_supplicant: BSS: last_scan_res_used=33/64
08-24 15:59:01.900  3163  3163 D wpa_supplicant: p2p0: New scan results available (own=0 ext=1)
08-24 15:59:01.900  3163  3163 D wpa_supplicant: p2p0: Do not use results from externally requested scan operation for network selection
08-24 15:59:01.917   934  1132 D WificondScannerImpl: Filtering out 4 scan results.
08-24 15:59:01.930  1260  1421 D RecommendedChannelsThread: [MtkLog]start, status==false,mLauncherRunning==false
08-24 15:59:01.933  1420  1934 I [Module:TV]: [TVApiSystemSignalImpl$NoSignalTimerTask::run:187]: no signal timer
08-24 15:59:01.933  1420  1934 I [Module:TV]: [TVApiSystemSignalImpl$NoSignalTimerTask::ignoreNoSignalStandby:238]: Not in com.cvte.tv.setting apk, ignore
08-24 15:59:01.937   934  1125 E WifiVendorHal: getWifiLinkLayerStats_1_3_Internal(l.973) failed {.code = ERROR_NOT_SUPPORTED, .description = }
08-24 15:59:01.969   934  1125 D WifiClientModeImpl: CMD_START_CONNECT  my state DisconnectedState nid=1 roam=false
08-24 15:59:01.971  3163  3163 D wpa_supplicant: wpa_driver_nl80211_driver_cmd cmd:MACADDR
08-24 15:59:01.981  3163  3163 E wpa_supplicant: lisi 356
08-24 15:59:01.981  3163  3163 D wpa_supplicant: wlan0: Cancelling scan request
08-24 15:59:01.981  3163  3163 E wpa_supplicant: wlan0: lisi 7719
08-24 15:59:01.981  3163  3163 D wpa_supplicant: wlan0: Request to deauthenticate - bssid=00:00:00:00:00:00 pending_bssid=00:00:00:00:00:00 reason=3 (DEAUTH_LEAVING) state=DISCONNECTED
08-24 15:59:01.981  3163  3163 D wpa_supplicant: TDLS: Tear down peers
08-24 15:59:01.981  3163  3163 D wpa_supplicant: nl80211: Data frame filter flags=0x0
08-24 15:59:01.981  3163  3163 D wpa_supplicant: wlan0: State: DISCONNECTED -> DISCONNECTED
08-24 15:59:01.981  3163  3163 D wpa_supplicant: nl80211: Set wlan0 operstate 0->0 (DORMANT)
08-24 15:59:01.981  3163  3163 D wpa_supplicant: netlink: Operstate: ifindex=14 linkmode=-1 (no change), operstate=5 (IF_OPER_DORMANT)
08-24 15:59:01.981  3163  3163 D wpa_supplicant: EAPOL: External notification - portEnabled=0
08-24 15:59:01.981  3163  3163 D wpa_supplicant: EAPOL: External notification - portValid=0
08-24 15:59:01.981  3163  3163 D wpa_supplicant: EAPOL: External notification - EAP success=0
08-24 15:59:02.134  3163  3163 D wpa_supplicant: RTM_NEWLINK: ifi_index=14 ifname=wlan0 operstate=2 linkmode=1 ifi_family=0 ifi_flags=0x1002 ()
08-24 15:59:02.135  3163  3163 D wpa_supplicant: nl80211: Interface down (wlan0/wlan0)
08-24 15:59:02.135  3163  3163 D wpa_supplicant: wlan0: Event INTERFACE_DISABLED (26) received
08-24 15:59:02.135  3163  3163 D wpa_supplicant: wlan0: Interface was disabled
08-24 15:59:02.135  3163  3163 D wpa_supplicant: nl80211: Data frame filter flags=0x0
08-24 15:59:02.135  3163  3163 D wpa_supplicant: wlan0: State: DISCONNECTED -> DISCONNECTED
08-24 15:59:02.135  3163  3163 D wpa_supplicant: nl80211: Set wlan0 operstate 0->0 (DORMANT)
08-24 15:59:02.135  3163  3163 D wpa_supplicant: netlink: Operstate: ifindex=14 linkmode=-1 (no change), operstate=5 (IF_OPER_DORMANT)
08-24 15:59:02.136   934  1013 I EthernetTracker: interfaceLinkStateChanged, iface: wlan0, up: false
08-24 15:59:02.139  1178  1178 E android.hardware.wifi@1.0-service-lazy: Could not set interface MAC address for wlan0 (Operation not supported on transport endpoint)
08-24 15:59:02.139  3163  3163 D wpa_supplicant: EAPOL: External notification - portEnabled=0
08-24 15:59:02.139  3163  3163 D wpa_supplicant: EAPOL: External notification - portValid=0
08-24 15:59:02.139  1178  1178 E android.hardware.wifi@1.0-service-lazy: SetMacAddress failed.
08-24 15:59:02.139  3163  3163 D wpa_supplicant: wlan0: State: DISCONNECTED -> INTERFACE_DISABLED
08-24 15:59:02.139  3163  3163 D wpa_supplicant: Notifying state change event to hidl control: 1
08-24 15:59:02.140  3163  3163 D wpa_supplicant: wlan0: Determining shared radio frequencies (max len 1)
08-24 15:59:02.140  3163  3163 D wpa_supplicant: wlan0: Shared frequencies (len=0): completed iteration
08-24 15:59:02.140  3163  3163 D wpa_supplicant: P2P: Add operating class 81
08-24 15:59:02.140  3163  3163 D wpa_supplicant: P2P: Channels - hexdump(len=13): 01 02 03 04 05 06 07 08 09 0a 0b 0c 0d
08-24 15:59:02.140  3163  3163 D wpa_supplicant: P2P: Update channel list
08-24 15:59:02.141  3163  3163 D wpa_supplicant: P2P: channels: 81:1,2,3,4,5,6,7,8,9,10,11,12,13
08-24 15:59:02.141  3163  3163 D wpa_supplicant: P2P: cli_channels:
08-24 15:59:02.141  3163  3163 D wpa_supplicant: l2_packet_receive - recvfrom: Network is down
08-24 15:59:02.141  3163  3163 D wpa_supplicant: l2_packet_receive - recvfrom: Network is down
08-24 15:59:02.682   470   470 D MTK_KL  : 4,14990,246853260,-; MlmeUpdateTxRates(): (TxRate=54, RtsRate=11, BasicRateBitmap=0x015f)
08-24 15:59:02.682   470   470 D MTK_KL  : 4,14991,246853263,-;MlmeUpdateTxRates(): (MlmeTransmit=0x0, MinHTPhyMode=0, MaxHTPhyMode=0x0, HTPhyMode=0x0)
08-24 15:59:02.682   470   470 D MTK_KL  : 4,14992,246853382,-;MlmeUpdateTxRates():[MaxSupport = 54] = MaxDesire 54 Mbps
08-24 15:59:02.682   470   470 D MTK_KL  : 4,14993,246853387,-; MlmeUpdateTxRates(): (MaxDesire=54, MaxSupport=54, MaxTxRate=54, MinRate=1, Rate Switching =1)
08-24 15:59:02.682   470   470 D MTK_KL  : 4,14994,246853390,-; MlmeUpdateTxRates(): (TxRate=54, RtsRate=11, BasicRateBitmap=0x015f)
08-24 15:59:02.682   470   470 D MTK_KL  : 4,14995,246853394,-;MlmeUpdateTxRates(): (MlmeTransmit=0x0, MinHTPhyMode=0, MaxHTPhyMode=0x0, HTPhyMode=0x0)
08-24 15:59:02.682   470   470 D MTK_KL  : 4,14996,246853398,-;RTMPSetHT : HT_mode(0), ExtOffset(3), MCS(33), BW(1), STBC(1), SHORTGI(1)
08-24 15:59:02.682   470   470 D MTK_KL  : 4,14997,246853401,-;RTMPSetHT : RxBAWinLimit = 64
08-24 15:59:02.682   470   470 D MTK_KL  : 4,14998,246853405,-;RTMPSetHT : AMsduSize = 0, MimoPs = 3, MpduDensity = 4, MaxRAmpduFactor = 2
08-24 15:59:02.682   470   470 D MTK_KL  : 4,14999,246854925,-;EDCA [#0]: AIFSN CWmin CWmax  TXOP(us)  ACM
08-24 15:59:02.682   470   470 D MTK_KL  : 4,15000,246854929,-;     AC_BE       3      4      6         0     0
08-24 15:59:02.682   470   470 D MTK_KL  : 4,15001,246854933,-;     AC_BK       7      4     10         0     0
08-24 15:59:02.682   470   470 D MTK_KL  : 4,15002,246854937,-;     AC_VI       1      3      4      3008     0
08-24 15:59:02.682   470   470 D MTK_KL  : 4,15003,246854943,-;     AC_VO       1      2      3      1504     0
08-24 15:59:02.682   470   470 D MTK_KL  : 4,15004,246854946,-;RTMPSetIndividualHT : Desired MCS = 33
08-24 15:59:02.682   470   470 D MTK_KL  : 4,15005,246854950,-;MlmeUpdateHtTxRates()===> 
08-24 15:59:02.682   470   470 D MTK_KL  : 4,15006,246854953,-; MlmeUpdateHtTxRates():<---.AMsduSize = 0  
08-24 15:59:02.682   470   470 D MTK_KL  : 4,15007,246854957,-;TX: MCS[0] = ff (choose 7), BW = 1, ShortGI = 1, MODE = 2,  
08-24 15:59:02.683   470   470 D MTK_KL  : 4,15008,246854959,-;MlmeUpdateHtTxRates():<=== 
08-24 15:59:02.683   470   470 D MTK_KL  : 4,15009,246854962,-;RTMPSetIndividualHT : Desired MCS = 33
08-24 15:59:02.683   470   470 D MTK_KL  : 4,15010,246854964,-;MlmeUpdateHtTxRates()===> 
08-24 15:59:02.683   470   470 D MTK_KL  : 4,15011,246854966,-; MlmeUpdateHtTxRates():<---.AMsduSize = 0  
08-24 15:59:02.683   470   470 D MTK_KL  : 4,15012,246854970,-;TX: MCS[0] = ff (choose 7), BW = 1, ShortGI = 1, MODE = 2,  
08-24 15:59:02.683   470   470 D MTK_KL  : 4,15013,246854972,-;MlmeUpdateHtTxRates():<=== 
08-24 15:59:02.683   470   470 D MTK_KL  : 4,15014,246854974,-;RTMPSetIndividualHT : Desired MCS = 33
08-24 15:59:02.683   470   470 D MTK_KL  : 4,15015,246854978,-;MlmeUpdateHtTxRates()===> 
08-24 15:59:02.683   470   470 D MTK_KL  : 4,15016,246854981,-; MlmeUpdateHtTxRates():<---.AMsduSize = 0  
08-24 15:59:02.683   470   470 D MTK_KL  : 4,15017,246854984,-;TX: MCS[0] = ff (choose 7), BW = 1, ShortGI = 1, MODE = 2,  
08-24 15:59:02.683   470   470 D MTK_KL  : 4,15018,246854986,-;MlmeUpdateHtTxRates():<=== 
08-24 15:59:02.683   470   470 D MTK_KL  : 4,15019,246854988,-;RTMPSetIndividualHT : Desired MCS = 33
08-24 15:59:02.683   470   470 D MTK_KL  : 4,15020,246854990,-;MlmeUpdateHtTxRates()===> 
08-24 15:59:02.683   470   470 D MTK_KL  : 4,15021,246854993,-; MlmeUpdateHtTxRates():<---.AMsduSize = 0  
08-24 15:59:02.683   470   470 D MTK_KL  : 4,15022,246854996,-;TX: MCS[0] = ff (choose 7), BW = 1, ShortGI = 1, MODE = 2,  
08-24 15:59:02.683   470   470 D MTK_KL  : 4,15023,246854998,-;MlmeUpdateHtTxRates():<=== 
08-24 15:59:02.683   470   470 D MTK_KL  : 4,15024,246855000,-;RTMPSetIndividualHT : Desired MCS = 33
08-24 15:59:02.683   470   470 D MTK_KL  : 4,15025,246855002,-;MlmeUpdateHtTxRates()===> 
08-24 15:59:02.683   470   470 D MTK_KL  : 4,15026,246855005,-; MlmeUpdateHtTxRates():<---.AMsduSize = 0  
08-24 15:59:02.683   470   470 D MTK_KL  : 4,15027,246855008,-;TX: MCS[0] = ff (choose 7), BW = 1, ShortGI = 1, MODE = 2,  
08-24 15:59:02.683   470   470 D MTK_KL  : 4,15028,246855010,-;MlmeUpdateHtTxRates():<=== 
08-24 15:59:02.683   470   470 D MTK_KL  : 4,15029,246855014,-;RTMPSetIndividualHT : Desired MCS = 33
08-24 15:59:02.683   470   470 D MTK_KL  : 4,15030,246855016,-;MlmeUpdateHtTxRates()===> 
08-24 15:59:02.683   470   470 D MTK_KL  : 4,15031,246855019,-; MlmeUpdateHtTxRates():<---.AMsduSize = 0  
08-24 15:59:02.683   470   470 D MTK_KL  : 4,15032,246855022,-;TX: MCS[0] = ff (choose 7), BW = 1, ShortGI = 1, MODE = 2,  
08-24 15:59:02.683   470   470 D MTK_KL  : 4,15033,246855024,-;MlmeUpdateHtTxRates():<=== 
08-24 15:59:02.683   470   470 D MTK_KL  : 4,15034,246855026,-;RTMPSetIndividualHT : Desired MCS = 33
08-24 15:59:02.683   470   470 D MTK_KL  : 4,15035,246855028,-;MlmeUpdateHtTxRates()===> 
08-24 15:59:02.683   470   470 D MTK_KL  : 4,15036,246855031,-; MlmeUpdateHtTxRates():<---.AMsduSize = 0  
08-24 15:59:02.683   470   470 D MTK_KL  : 4,15037,246855034,-;TX: MCS[0] = ff (choose 7), BW = 1, ShortGI = 1, MODE = 2,  
08-24 15:59:02.684   470   470 D MTK_KL  : 4,15038,246855036,-;MlmeUpdateHtTxRates():<=== 
08-24 15:59:02.684   470   470 D MTK_KL  : 4,15039,246855039,-;RTMPSetIndividualHT : Desired MCS = 33
08-24 15:59:02.684   470   470 D MTK_KL  : 4,15040,246855041,-;MlmeUpdateHtTxRates()===> 
08-24 15:59:02.684   470   470 D MTK_KL  : 4,15041,246855043,-; MlmeUpdateHtTxRates():<---.AMsduSize = 0  
08-24 15:59:02.684   470   470 D MTK_KL  : 4,15042,246855046,-;TX: MCS[0] = ff (choose 7), BW = 1, ShortGI = 1, MODE = 2,  
08-24 15:59:02.684   470   470 D MTK_KL  : 4,15043,246855050,-;MlmeUpdateHtTxRates():<=== 
08-24 15:59:02.684   470   470 D MTK_KL  : 4,15044,246855053,-;RTMPSetIndividualHT : Desired MCS = 33
08-24 15:59:02.684   470   470 D MTK_KL  : 4,15045,246855055,-;MlmeUpdateHtTxRates()===> 
08-24 15:59:02.684   470   470 D MTK_KL  : 4,15046,246855057,-; MlmeUpdateHtTxRates():<---.AMsduSize = 0  
08-24 15:59:02.684   470   470 D MTK_KL  : 4,15047,246855060,-;TX: MCS[0] = ff (choose 7), BW = 1, ShortGI = 1, MODE = 2,  
08-24 15:59:02.684   470   470 D MTK_KL  : 4,15048,246855062,-;MlmeUpdateHtTxRates():<=== 
08-24 15:59:02.684   470   470 D MTK_KL  : 4,15049,246855065,-;RTMPSetIndividualHT : Desired MCS = 33
08-24 15:59:02.684   470   470 D MTK_KL  : 4,15050,246855067,-;MlmeUpdateHtTxRates()===> 
08-24 15:59:02.684   470   470 D MTK_KL  : 4,15051,246855069,-; MlmeUpdateHtTxRates():<---.AMsduSize = 0  
08-24 15:59:02.684   470   470 D MTK_KL  : 4,15052,246855073,-;TX: MCS[0] = ff (choose 7), BW = 1, ShortGI = 1, MODE = 2,  
08-24 15:59:02.684   470   470 D MTK_KL  : 4,15053,246855074,-;MlmeUpdateHtTxRates():<=== 
08-24 15:59:02.684   470   470 D MTK_KL  : 4,15054,246855078,-;MCS Set = ff 00 00 00 01
08-24 15:59:02.692   470   470 D MTK_KL  : 4,15055,246866199,-;NDIS_STATUS_MEDIA_DISCONNECT Event B!
08-24 15:59:02.692   470   470 D MTK_KL  : 4,15056,246866208,-;RTUSBBulkReceive!
08-24 15:59:02.692   470   470 D MTK_KL  : 4,15057,246866214,-;<==== STA : rt28xx_init, Status=0
08-24 15:59:02.692   470   470 D MTK_KL  : 4,15058,246866220,-;RTMP_CFG80211_DummyP2pIf_Init dummy p2p existed
08-24 15:59:02.692   470   470 D MTK_KL  : 4,15059,246866225,-;80211> re-init bands...
08-24 15:59:02.693   470   470 D MTK_KL  : 4,15060,246866376,-;80211> re-init bands...
08-24 15:59:02.693   470   470 D MTK_KL  : 4,15061,246866381,-;80211> RFICType = 1
08-24 15:59:02.693   470   470 D MTK_KL  : 4,15062,246866385,-;NumOfChan ===> 14
08-24 15:59:02.693   470   470 D MTK_KL  : 4,15063,246866389,-;80211> Number of channel = 0x44
08-24 15:59:02.693   470   470 D MTK_KL  : 4,15064,246866392,-;80211> Number of rate = 12
08-24 15:59:02.693   470   470 D MTK_KL  : 4,15065,246866395,-;80211> CurTxPower = 0 dBm
08-24 15:59:02.693   470   470 D MTK_KL  : 4,15066,246866400,-;80211> TxStream = 1
08-24 15:59:02.693   470   470 D MTK_KL  : 4,15067,246866404,-;==> RTMPEnableRxTx
08-24 15:59:02.693   470   470 D MTK_KL  : 4,15068,246866638,-;==>  DMAIdle, GloCfg=0x40000050
08-24 15:59:02.693   470   470 D MTK_KL  : 4,15069,246866944,-;<== RTMPEnableRxTx
08-24 15:59:02.693  3163  3163 D wpa_supplicant: RTM_NEWLINK: ifi_index=14 ifname=wlan0 operstate=2 linkmode=1 ifi_family=0 ifi_flags=0x11003 ([UP][LOWER_UP])
08-24 15:59:02.693  1178  1178 D android.hardware.wifi@1.0-service-lazy: Successfully SetMacAddress.
08-24 15:59:02.693  3163  3163 D wpa_supplicant: nl80211: Interface up (wlan0/wlan0)
08-24 15:59:02.693   470   470 D MTK_KL  : 4,15070,246867024,-;0x1300 = 00064300
08-24 15:59:02.693   470   470 D MTK_KL  : 4,15071,246867028,-;RTMPDrvOpen(1):Check if PDMA is idle!
08-24 15:59:02.693   470   470 D MTK_KL  : 4,15072,246867114,-;==>  DMAIdle, GloCfg=0x40000050
08-24 15:59:02.693  3163  3163 D wpa_supplicant: wlan0: Event INTERFACE_ENABLED (25) received
08-24 15:59:02.693   470   470 D MTK_KL  : 4,15073,246867120,-;Driver auto reconnect to last OID_802_11_SSID setting - 11n-AP, len - 6
08-24 15:59:02.693  3163  3163 D wpa_supplicant: wlan0: Interface was enabled
08-24 15:59:02.693   470   470 D MTK_KL  : 4,15074,246867138,-;RTMPDrvOpen(2):Check if PDMA is idle!
08-24 15:59:02.693   470   470 D MTK_KL  : 4,15075,246867246,-;==>  DMAIdle, GloCfg=0x40000050
08-24 15:59:02.693   470   470 D MTK_KL  : 4,15076,246867250,-;[PMF]RTMPDrvOpen:: Security is not WPA2/WPA2PSK AES
08-24 15:59:02.693   470   470 D MTK_KL  : 4,15077,246867254,-;[PMF]RTMPDrvOpen:: MFPC=0, MFPR=0, SHA256=0
08-24 15:59:02.694   470   470 D MTK_KL  : 4,15078,246867258,-;Generate UUID for apidx(0)
08-24 15:59:02.694   470   470 D MTK_KL  : 4,15079,246867270,-;The UUID Hex string is:
08-24 15:59:02.694   470   470 D MTK_KL  : 4,15080,246867273,-;bc
08-24 15:59:02.694   470   470 D MTK_KL  : 4,15081,246867275,-;32
08-24 15:59:02.694   470   470 D MTK_KL  : 4,15082,246867277,-;9e
08-24 15:59:02.694   470   470 D MTK_KL  : 4,15083,246867280,-;00
08-24 15:59:02.694   470   470 D MTK_KL  : 4,15084,246867282,-;1d
08-24 15:59:02.694   470   470 D MTK_KL  : 4,15085,246867284,-;d8
08-24 15:59:02.694   470   470 D MTK_KL  : 4,15086,246867286,-;11
08-24 15:59:02.694   470   470 D MTK_KL  : 4,15087,246867288,-;b2
08-24 15:59:02.694   470   470 D MTK_KL  : 4,15088,246867290,-;86
08-24 15:59:02.694   470   470 D MTK_KL  : 4,15089,246867293,-;01
08-24 15:59:02.694   470   470 D MTK_KL  : 4,15090,246867295,-;2c
08-24 15:59:02.694   470   470 D MTK_KL  : 4,15091,246867297,-;64
08-24 15:59:02.694   470   470 D MTK_KL  : 4,15092,246867299,-;1f
08-24 15:59:02.694   470   470 D MTK_KL  : 4,15093,246867301,-;8a
08-24 15:59:02.694   470   470 D MTK_KL  : 4,15094,246867304,-;ba
08-24 15:59:02.694   470   470 D MTK_KL  : 4,15095,246867306,-;e4
08-24 15:59:02.694   470   470 D MTK_KL  : 4,15096,246867309,-;
08-24 15:59:02.694   470   470 D MTK_KL  : 4,15097,246867316,-;The UUID ASCII string is:bc329e00-1dd8-11b2-8601-2c641f8abae4!
08-24 15:59:02.694   470   470 D MTK_KL  : 4,15098,246867322,-;Generate UUID for apidx(1)
08-24 15:59:02.694   470   470 D MTK_KL  : 4,15099,246867329,-;The UUID Hex string is:
08-24 15:59:02.694   470   470 D MTK_KL  : 4,15100,246867330,-;bc
08-24 15:59:02.694   470   470 D MTK_KL  : 4,15101,246867334,-;CntlOidSsidProc():CNTL - 0 BSS of 0 BSS match the desire 
08-24 15:59:02.694   470   470 D MTK_KL  : 4,15102,246867337,-;32
08-24 15:59:02.694   470   470 D MTK_KL  : 4,15103,246867342,-;(6)SSID - 11n-AP
08-24 15:59:02.694   470   470 D MTK_KL  : 4,15104,246867343,-;9e
08-24 15:59:02.694   470   470 D MTK_KL  : 4,15105,246867344,-;00
08-24 15:59:02.695   470   470 D MTK_KL  : 4,15106,246867347,-;1d
08-24 15:59:02.695   470   470 D MTK_KL  : 4,15107,246867350,-;CNTL - All roaming failed, restore to channel 1, Total BSS[00]
08-24 15:59:02.695   470   470 D MTK_KL  : 4,15108,246867352,-;d8
08-24 15:59:02.695   470   470 D MTK_KL  : 4,15109,246867354,-;11
08-24 15:59:02.695   470   470 D MTK_KL  : 4,15110,246867358,-;b2
08-24 15:59:02.695   470   470 D MTK_KL  : 4,15111,246867361,-;86
08-24 15:59:02.695   470   470 D MTK_KL  : 4,15112,246867363,-;01
08-24 15:59:02.695   470   470 D MTK_KL  : 4,15113,246867365,-;2c
08-24 15:59:02.695   470   470 D MTK_KL  : 4,15114,246867367,-;64
08-24 15:59:02.695   470   470 D MTK_KL  : 4,15115,246867369,-;1f
08-24 15:59:02.695   470   470 D MTK_KL  : 4,15116,246867371,-;8a
08-24 15:59:02.695   470   470 D MTK_KL  : 4,15117,246867373,-;ba
08-24 15:59:02.695   470   470 D MTK_KL  : 4,15118,246867376,-;e4
08-24 15:59:02.695   470   470 D MTK_KL  : 4,15119,246867378,-;
08-24 15:59:02.695   470   470 D MTK_KL  : 4,15120,246867381,-;The UUID ASCII string is:bc329e00-1dd8-11b2-8601-2c641f8abae4!
08-24 15:59:02.695   470   470 D MTK_KL  : 4,15121,246867384,-;Generate UUID for apidx(2)
08-24 15:59:02.695   470   470 D MTK_KL  : 4,15122,246867389,-;The UUID Hex string is:
08-24 15:59:02.695   470   470 D MTK_KL  : 4,15123,246867391,-;bc
08-24 15:59:02.695   470   470 D MTK_KL  : 4,15124,246867396,-;32
08-24 15:59:02.695   470   470 D MTK_KL  : 4,15125,246867398,-;9e
08-24 15:59:02.695   470   470 D MTK_KL  : 4,15126,246867400,-;00
08-24 15:59:02.695   470   470 D MTK_KL  : 4,15127,246867402,-;1d
08-24 15:59:02.695   470   470 D MTK_KL  : 4,15128,246867404,-;d8
08-24 15:59:02.695   934  1013 I EthernetTracker: interfaceLinkStateChanged, iface: wlan0, up: true
08-24 15:59:02.696   470   470 D MTK_KL  : 4,15129,246867406,-;11
08-24 15:59:02.696   470   470 D MTK_KL  : 4,15130,246867408,-;b2
08-24 15:59:02.696   470   470 D MTK_KL  : 4,15131,246867411,-;86
08-24 15:59:02.696   470   470 D MTK_KL  : 4,15132,246867413,-;01
08-24 15:59:02.696   470   470 D MTK_KL  : 4,15133,246867415,-;2c
08-24 15:59:02.696   470   470 D MTK_KL  : 4,15134,246867417,-;64
08-24 15:59:02.696   470   470 D MTK_KL  : 4,15135,246867419,-;1f
08-24 15:59:02.696   470   470 D MTK_KL  : 4,15136,246867421,-;8a
08-24 15:59:02.696   470   470 D MTK_KL  : 4,15137,246867424,-;ba
08-24 15:59:02.696   470   470 D MTK_KL  : 4,15138,246867426,-;e4
08-24 15:59:02.696   470   470 D MTK_KL  : 4,15139,246867428,-;
08-24 15:59:02.696   470   470 D MTK_KL  : 4,15140,246867433,-;The UUID ASCII string is:bc329e00-1dd8-11b2-8601-2c641f8abae4!
08-24 15:59:02.696   470   470 D MTK_KL  : 4,15141,246867436,-;Generate UUID for apidx(3)
08-24 15:59:02.696   470   470 D MTK_KL  : 4,15142,246867442,-;The UUID Hex string is:
08-24 15:59:02.696   470   470 D MTK_KL  : 4,15143,246867443,-;bc
08-24 15:59:02.696   470   470 D MTK_KL  : 4,15144,246867445,-;32
08-24 15:59:02.696   470   470 D MTK_KL  : 4,15145,246867447,-;9e
08-24 15:59:02.696   470   470 D MTK_KL  : 4,15146,246867450,-;00
08-24 15:59:02.696   470   470 D MTK_KL  : 4,15147,246867452,-;1d
08-24 15:59:02.696   470   470 D MTK_KL  : 4,15148,246867454,-;d8
08-24 15:59:02.696   470   470 D MTK_KL  : 4,15149,246867456,-;11
08-24 15:59:02.696   470   470 D MTK_KL  : 4,15150,246867459,-;b2
08-24 15:59:02.696   470   470 D MTK_KL  : 4,15151,246867461,-;86
08-24 15:59:02.696   470   470 D MTK_KL  : 4,15152,246867463,-;01
08-24 15:59:02.696   470   470 D MTK_KL  : 4,15153,246867465,-;2c
08-24 15:59:02.696   470   470 D MTK_KL  : 4,15154,246867470,-;64
08-24 15:59:02.696   470   470 D MTK_KL  : 4,15155,246867472,-;1f
08-24 15:59:02.697   470   470 D MTK_KL  : 4,15156,246867474,-;8a
08-24 15:59:02.697   934  1125 D WifiClientModeImpl: ConnectedMacRandomization SSID(huangxiaohua_public_00000000). setMacAddress(86:b6:f5:06:1e:36) from 2c:64:1f:8a:ba:e4 = true
08-24 15:59:02.697   470   470 D MTK_KL  : 4,15157,246867476,-;ba
08-24 15:59:02.697   470   470 D MTK_KL  : 4,15158,246867478,-;e4
08-24 15:59:02.697   470   470 D MTK_KL  : 4,15159,246867480,-;
08-24 15:59:02.697   470   470 D MTK_KL  : 4,15160,246867483,-;The UUID ASCII string is:bc329e00-1dd8-11b2-8601-2c641f8abae4!
08-24 15:59:02.697   470   470 D MTK_KL  : 4,15161,246867486,-;Generate UUID for apidx(4)
08-24 15:59:02.697   470   470 D MTK_KL  : 4,15162,246867491,-;The UUID Hex string is:
08-24 15:59:02.697   470   470 D MTK_KL  : 4,15163,246867493,-;bc
08-24 15:59:02.697   470   470 D MTK_KL  : 4,15164,246867495,-;32
08-24 15:59:02.697   470   470 D MTK_KL  : 4,15165,246867497,-;9e
08-24 15:59:02.697   470   470 D MTK_KL  : 4,15166,246867499,-;00
08-24 15:59:02.697   470   470 D MTK_KL  : 4,15167,246867502,-;1d
08-24 15:59:02.697   470   470 D MTK_KL  : 4,15168,246867506,-;d8
08-24 15:59:02.697   470   470 D MTK_KL  : 4,15169,246867508,-;11
08-24 15:59:02.697   470   470 D MTK_KL  : 4,15170,246867510,-;b2
08-24 15:59:02.697   470   470 D MTK_KL  : 4,15171,246867512,-;86
08-24 15:59:02.697   470   470 D MTK_KL  : 4,15172,246867514,-;01
08-24 15:59:02.697   470   470 D MTK_KL  : 4,15173,246867517,-;2c
08-24 15:59:02.697   470   470 D MTK_KL  : 4,15174,246867519,-;64
08-24 15:59:02.697   470   470 D MTK_KL  : 4,15175,246867521,-;1f
08-24 15:59:02.697   470   470 D MTK_KL  : 4,15176,246867523,-;8a
08-24 15:59:02.697   470   470 D MTK_KL  : 4,15177,246867525,-;ba
08-24 15:59:02.697   470   470 D MTK_KL  : 4,15178,246867527,-;e4
08-24 15:59:02.697   470   470 D MTK_KL  : 4,15179,246867530,-;
08-24 15:59:02.697   470   470 D MTK_KL  : 4,15180,246867532,-;The UUID ASCII string is:bc329e00-1dd8-11b2-8601-2c641f8abae4!
08-24 15:59:02.697   470   470 D MTK_KL  : 4,15181,246867535,-;Generate UUID for apidx(5)
08-24 15:59:02.697   470   470 D MTK_KL  : 4,15182,246867542,-;The UUID Hex string is:
08-24 15:59:02.697   470   470 D MTK_KL  : 4,15183,246867543,-;bc
08-24 15:59:02.697   470   470 D MTK_KL  : 4,15184,246867545,-;32
08-24 15:59:02.697   470   470 D MTK_KL  : 4,15185,246867547,-;9e
08-24 15:59:02.697   470   470 D MTK_KL  : 4,15186,246867549,-;00
08-24 15:59:02.697   470   470 D MTK_KL  : 4,15187,246867551,-;1d
08-24 15:59:02.697   470   470 D MTK_KL  : 4,15188,246867554,-;d8
08-24 15:59:02.698   470   470 D MTK_KL  : 4,15189,246867556,-;11
08-24 15:59:02.698   470   470 D MTK_KL  : 4,15190,246867558,-;b2
08-24 15:59:02.698   470   470 D MTK_KL  : 4,15191,246867560,-;86
08-24 15:59:02.698   470   470 D MTK_KL  : 4,15192,246867562,-;01
08-24 15:59:02.698   470   470 D MTK_KL  : 4,15193,246867565,-;2c
08-24 15:59:02.698   470   470 D MTK_KL  : 4,15194,246867567,-;64
08-24 15:59:02.698   470   470 D MTK_KL  : 4,15195,246867569,-;1f
08-24 15:59:02.698   470   470 D MTK_KL  : 4,15196,246867571,-;8a
08-24 15:59:02.698   470   470 D MTK_KL  : 4,15197,246867573,-;ba
08-24 15:59:02.698   470   470 D MTK_KL  : 4,15198,246867576,-;e4
08-24 15:59:02.698   470   470 D MTK_KL  : 4,15199,246867578,-;
08-24 15:59:02.698   470   470 D MTK_KL  : 4,15200,246867583,-;The UUID ASCII string is:bc329e00-1dd8-11b2-8601-2c641f8abae4!
08-24 15:59:02.698   470   470 D MTK_KL  : 4,15201,246867586,-;Generate UUID for apidx(6)
08-24 15:59:02.698   470   470 D MTK_KL  : 4,15202,246867592,-;The UUID Hex string is:
08-24 15:59:02.698   470   470 D MTK_KL  : 4,15203,246867593,-;bc
08-24 15:59:02.698   470   470 D MTK_KL  : 4,15204,246867596,-;32
08-24 15:59:02.698   470   470 D MTK_KL  : 4,15205,246867598,-;9e
08-24 15:59:02.698   470   470 D MTK_KL  : 4,15206,246867600,-;00
08-24 15:59:02.698   470   470 D MTK_KL  : 4,15207,246867602,-;1d
08-24 15:59:02.698   470   470 D MTK_KL  : 4,15208,246867605,-;d8
08-24 15:59:02.698   470   470 D MTK_KL  : 4,15209,246867607,-;11
08-24 15:59:02.698   470   470 D MTK_KL  : 4,15210,246867609,-;b2
08-24 15:59:02.698   470   470 D MTK_KL  : 4,15211,246867611,-;86
08-24 15:59:02.698   470   470 D MTK_KL  : 4,15212,246867614,-;01
08-24 15:59:02.698   934  1125 W LastMileLogger: Failed to open free_buffer pseudo-file: /sys/kernel/debug/tracing/instances/wifi/free_buffer: open failed: ENOENT (No such file or directory)
08-24 15:59:02.698   470   470 D MTK_KL  : 4,15213,246867616,-;2c
08-24 15:59:02.698   470   470 D MTK_KL  : 4,15214,246867618,-;64
08-24 15:59:02.698   934  1125 W LastMileLogger: Failed to arm fail-safe.
08-24 15:59:02.698   470   470 D MTK_KL  : 4,15215,246867620,-;1f
08-24 15:59:02.698   470   470 D MTK_KL  : 4,15216,246867623,-;8a
08-24 15:59:02.698   470   470 D MTK_KL  : 4,15217,246867625,-;ba
08-24 15:59:02.698   470   470 D MTK_KL  : 4,15218,246867627,-;e4
08-24 15:59:02.698   470   470 D MTK_KL  : 4,15219,246867629,-;
08-24 15:59:02.698   470   470 D MTK_KL  : 4,15220,246867632,-;The UUID ASCII string is:bc329e00-1dd8-11b2-8601-2c641f8abae4!
08-24 15:59:02.698   470   470 D MTK_KL  : 4,15221,246867635,-;Generate UUID for apidx(7)
08-24 15:59:02.698   470   470 D MTK_KL  : 4,15222,246867641,-;The UUID Hex string is:
08-24 15:59:02.698   470   470 D MTK_KL  : 4,15223,246867642,-;bc
08-24 15:59:02.698   470   470 D MTK_KL  : 4,15224,246867645,-;32
08-24 15:59:02.698   470   470 D MTK_KL  : 4,15225,246867647,-;9e
08-24 15:59:02.699   470   470 D MTK_KL  : 4,15226,246867649,-;00
08-24 15:59:02.699   470   470 D MTK_KL  : 4,15227,246867651,-;1d
08-24 15:59:02.699   470   470 D MTK_KL  : 4,15228,246867654,-;d8
08-24 15:59:02.699   470   470 D MTK_KL  : 4,15229,246867656,-;11
08-24 15:59:02.699   470   470 D MTK_KL  : 4,15230,246867658,-;b2
08-24 15:59:02.699   470   470 D MTK_KL  : 4,15231,246867660,-;86
08-24 15:59:02.699   470   470 D MTK_KL  : 4,15232,246867662,-;01
08-24 15:59:02.699   470   470 D MTK_KL  : 4,15233,246867664,-;2c
08-24 15:59:02.699   470   470 D MTK_KL  : 4,15234,246867667,-;64
08-24 15:59:02.699   470   470 D MTK_KL  : 4,15235,246867669,-;1f
08-24 15:59:02.699   470   470 D MTK_KL  : 4,15236,246867671,-;8a
08-24 15:59:02.699   470   470 D MTK_KL  : 4,15237,246867673,-;ba
08-24 15:59:02.699   470   470 D MTK_KL  : 4,15238,246867676,-;e4
08-24 15:59:02.699   470   470 D MTK_KL  : 4,15239,246867678,-;
08-24 15:59:02.699   470   470 D MTK_KL  : 4,15240,246867681,-;The UUID ASCII string is:bc329e00-1dd8-11b2-8601-2c641f8abae4!
08-24 15:59:02.699   470   470 D MTK_KL  : 4,15241,246867687,-;The UUID Hex string is:
08-24 15:59:02.699   470   470 D MTK_KL  : 4,15242,246867689,-;bc
08-24 15:59:02.699   470   470 D MTK_KL  : 4,15243,246867693,-;32
08-24 15:59:02.699   470   470 D MTK_KL  : 4,15244,246867695,-;9e
08-24 15:59:02.699   470   470 D MTK_KL  : 4,15245,246867698,-;00
08-24 15:59:02.699   470   470 D MTK_KL  : 4,15246,246867700,-;1d
08-24 15:59:02.699   470   470 D MTK_KL  : 4,15247,246867702,-;d8
08-24 15:59:02.699   470   470 D MTK_KL  : 4,15248,246867704,-;11
08-24 15:59:02.699   470   470 D MTK_KL  : 4,15249,246867706,-;b2
08-24 15:59:02.699   470   470 D MTK_KL  : 4,15250,246867708,-;86
08-24 15:59:02.699   470   470 D MTK_KL  : 4,15251,246867710,-;01
08-24 15:59:02.699   470   470 D MTK_KL  : 4,15252,246867712,-;2c
08-24 15:59:02.699   470   470 D MTK_KL  : 4,15253,246867715,-;64
08-24 15:59:02.699   470   470 D MTK_KL  : 4,15254,246867717,-;1f
08-24 15:59:02.699   470   470 D MTK_KL  : 4,15255,246867719,-;8a
08-24 15:59:02.699   470   470 D MTK_KL  : 4,15256,246867721,-;ba
08-24 15:59:02.699   470   470 D MTK_KL  : 4,15257,246867723,-;e4
08-24 15:59:02.699   470   470 D MTK_KL  : 4,15258,246867726,-;
08-24 15:59:02.699   470   470 D MTK_KL  : 4,15259,246867731,-;The UUID ASCII string is:bc329e00-1dd8-11b2-8601-2c641f8abae4!
08-24 15:59:02.699   470   470 D MTK_KL  : 4,15260,246867740,-;The UUID Hex string is:
08-24 15:59:02.699   470   470 D MTK_KL  : 4,15261,246867741,-;bc
08-24 15:59:02.700   470   470 D MTK_KL  : 4,15262,246867743,-;32
08-24 15:59:02.700   470   470 D MTK_KL  : 4,15263,246867746,-;9e
08-24 15:59:02.700   470   470 D MTK_KL  : 4,15264,246867748,-;00
08-24 15:59:02.700   470   470 D MTK_KL  : 4,15265,246867750,-;1d
08-24 15:59:02.700   470   470 D MTK_KL  : 4,15266,246867752,-;d8
08-24 15:59:02.700   470   470 D MTK_KL  : 4,15267,246867754,-;11
08-24 15:59:02.700   470   470 D MTK_KL  : 4,15268,246867756,-;b2
08-24 15:59:02.700   470   470 D MTK_KL  : 4,15269,246867759,-;86
08-24 15:59:02.700   470   470 D MTK_KL  : 4,15270,246867761,-;01
08-24 15:59:02.700   470   470 D MTK_KL  : 4,15271,246867763,-;2c
08-24 15:59:02.700   470   470 D MTK_KL  : 4,15272,246867768,-;64
08-24 15:59:02.700   470   470 D MTK_KL  : 4,15273,246867770,-;1f
08-24 15:59:02.700   470   470 D MTK_KL  : 4,15274,246867772,-;8a
08-24 15:59:02.700   470   470 D MTK_KL  : 4,15275,246867774,-;ba
08-24 15:59:02.700   470   470 D MTK_KL  : 4,15276,246867776,-;e4
08-24 15:59:02.700   470   470 D MTK_KL  : 4,15277,246867779,-;
08-24 15:59:02.700   470   470 D MTK_KL  : 4,15278,246867781,-;The UUID ASCII string is:bc329e00-1dd8-11b2-8601-2c641f8abae4!
08-24 15:59:02.700   470   470 D MTK_KL  : 4,15279,246867784,-;-----> WscInitRegistrarPair
08-24 15:59:02.700   470   470 D MTK_KL  : 4,15280,246867789,-;<----- WscInitRegistrarPair
08-24 15:59:02.700   470   470 D MTK_KL  : 4,15281,246867799,-;<================ UP : RTMP_SEM_EVENT_UP(STA)
08-24 15:59:02.700   470   470 D MTK_KL  : 4,15282,246867924,-;80211> CFG80211_OpsPwrMgmt ==>
08-24 15:59:02.728   470   470 D MTK_KL  : 3,15283,246898812,-;<UTPA_ERR>[Utopia][MIU]: Ioctl MDrv_CMD_MIU_GetMIUInfo fail
08-24 15:59:02.744  3163  3163 D wpa_supplicant: wlan0: State: INTERFACE_DISABLED -> DISCONNECTED
