08-24 15:59:02.744  3163  3163 D wpa_supplicant: nl80211: Set wlan0 operstate 0->0 (DORMANT)
08-24 15:59:02.744  3163  3163 D wpa_supplicant: netlink: Operstate: ifindex=14 linkmode=-1 (no change), operstate=5 (IF_OPER_DORMANT)
08-24 15:59:02.744  3163  3163 D wpa_supplicant: Notifying state change event to hidl control: 0
08-24 15:59:02.745  3163  3163 D wpa_supplicant: wlan0: Determining shared radio frequencies (max len 1)
08-24 15:59:02.745  3163  3163 D wpa_supplicant: wlan0: Shared frequencies (len=0): completed iteration
08-24 15:59:02.745  3163  3163 D wpa_supplicant: P2P: Add operating class 81
08-24 15:59:02.745  3163  3163 D wpa_supplicant: P2P: Channels - hexdump(len=13): 01 02 03 04 05 06 07 08 09 0a 0b 0c 0d
08-24 15:59:02.745  3163  3163 D wpa_supplicant: P2P: Update channel list
08-24 15:59:02.745  3163  3163 D wpa_supplicant: P2P: channels: 81:1,2,3,4,5,6,7,8,9,10,11,12,13
08-24 15:59:02.745  3163  3163 D wpa_supplicant: P2P: cli_channels:
08-24 15:59:02.745  3163  3163 D wpa_supplicant: wlan0: Setting scan request: 0.000000 sec
08-24 15:59:02.746  3163  3163 D wpa_supplicant: wlan0: Disconnected - do not scan
08-24 15:59:02.746  3163  3163 D wpa_supplicant: wlan0: State: DISCONNECTED -> DISCONNECTED
08-24 15:59:02.746  3163  3163 D wpa_supplicant: nl80211: Set wlan0 operstate 0->0 (DORMANT)
08-24 15:59:02.746  3163  3163 D wpa_supplicant: netlink: Operstate: ifindex=14 linkmode=-1 (no change), operstate=5 (IF_OPER_DORMANT)
08-24 15:59:02.746  3163  3163 D wpa_supplicant: wpa_driver_nl80211_driver_cmd cmd:MACADDR
08-24 15:59:02.746   934  1125 I WifiClientModeImpl: Connecting with 2c:64:1f:8a:ba:e4 as the mac address
08-24 15:59:02.747   499   499 W wificond: Scan is not started. Ignore abort request
08-24 15:59:02.747   934  1125 D SupplicantStaIfaceHal: connectToNetwork "huangxiaohua_public_00000000"WPA_PSK
08-24 15:59:02.748   934  1125 D SupplicantStaIfaceHal: Network is already saved, will not trigger remove and add operation.
08-24 15:59:02.748  3163  3163 D wpa_supplicant: wlan0: Scan results matching the currently selected network
08-24 15:59:02.748  3163  3163 D wpa_supplicant: wlan0: 7: 48:7d:2e:23:25:eb freq=2462 level=-55 snr=34 est_throughput=135000
08-24 15:59:02.748  3163  3163 D wpa_supplicant: wlan0: Selecting BSS from priority group 0
08-24 15:59:02.748  3163  3163 D wpa_supplicant: wlan0: 0: 8e:ab:8e:d0:12:48 ssid='\xf0\x9f\x90\x89\xe2\x98\x81\xf0\x9f\x90\x89\xe2\x98\x81\xf0\x9f\x90\x89\xe2\x98\x81\xf0\x9f\x90\x89\xe2\x98\x81' wpa_ie_len=0 rsn_ie_len=20 caps=0xc31 level=-37 freq=2472 
08-24 15:59:02.748  3163  3163 D wpa_supplicant: wlan0:    skip - SSID mismatch
08-24 15:59:02.748  3163  3163 D wpa_supplicant: wlan0: 1: 94:d9:b3:41:a0:3f ssid='peyton' wpa_ie_len=22 rsn_ie_len=20 caps=0x431 level=-39 freq=2472 
08-24 15:59:02.748  3163  3163 D wpa_supplicant: wlan0:    skip - SSID mismatch
08-24 15:59:02.748  3163  3163 D wpa_supplicant: wlan0: 2: 8c:ab:8e:d1:12:48 ssid='\xf0\x9f\x90\xbe\xf0\x9f\x90\xbe\xf0\x9f\x90\xbe\xf0\x9f\x90\xbe\xf0\x9f\x90\xbe\xf0\x9f\x90\xbe\xf0\x9f\x90\xbe\xf0\x9f\x90\xbe' wpa_ie_len=22 rsn_ie_len=20 caps=0xc31 level=-41 freq=2472 
08-24 15:59:02.749  3163  3163 D wpa_supplicant: wlan0:    skip - SSID mismatch
08-24 15:59:02.749  3163  3163 D wpa_supplicant: wlan0: 3: d0:76:e7:b6:62:6a ssid='test1234' wpa_ie_len=22 rsn_ie_len=20 caps=0x31 level=-45 freq=2437 
08-24 15:59:02.749  3163  3163 D wpa_supplicant: wlan0:    skip - SSID mismatch
08-24 15:59:02.749  3163  3163 D wpa_supplicant: wlan0: 4: d4:5d:64:cc:62:a2 ssid='TSC_OVERSEA_VPN' wpa_ie_len=0 rsn_ie_len=20 caps=0x1411 level=-51 freq=2437 
08-24 15:59:02.749  3163  3163 D wpa_supplicant: wlan0:    skip - SSID mismatch
08-24 15:59:02.749  3163  3163 D wpa_supplicant: wlan0: 5: 04:02:1f:55:52:c0 ssid='INDIA_VPN' wpa_ie_len=22 rsn_ie_len=20 caps=0x411 level=-49 freq=2467  wps
08-24 15:59:02.749  3163  3163 D wpa_supplicant: wlan0:    skip - SSID mismatch
08-24 15:59:02.749  3163  3163 D wpa_supplicant: wlan0: 6: 20:6b:e7:59:5c:a4 ssid='czhhh' wpa_ie_len=22 rsn_ie_len=20 caps=0x431 level=-53 freq=2462 
08-24 15:59:02.749  3163  3163 D wpa_supplicant: wlan0:    skip - SSID mismatch
08-24 15:59:02.749  3163  3163 D wpa_supplicant: wlan0: 7: 48:7d:2e:23:25:eb ssid='huangxiaohua_public_00000000' wpa_ie_len=22 rsn_ie_len=20 caps=0x431 level=-55 freq=2462 
08-24 15:59:02.749  3163  3163 D wpa_supplicant: wlan0:    selected based on RSN IE
08-24 15:59:02.749  3163  3163 D wpa_supplicant: wlan0:    selected BSS 48:7d:2e:23:25:eb ssid='huangxiaohua_public_00000000'
08-24 15:59:02.749  3163  3163 D wpa_supplicant: wlan0: Considering connect request: reassociate: 1  selected: 48:7d:2e:23:25:eb  bssid: 00:00:00:00:00:00  pending: 00:00:00:00:00:00  wpa_state: DISCONNECTED  ssid=0xb2eb2000  current_ssid=0xb2eb2000
08-24 15:59:02.749  3163  3163 D wpa_supplicant: wlan0: Request association with 48:7d:2e:23:25:eb
08-24 15:59:02.749  3163  3163 D wpa_supplicant: wlan0: Re-association to the same ESS
08-24 15:59:02.749  3163  3163 D wpa_supplicant: wlan0: No ongoing scan/p2p-scan found to abort
08-24 15:59:02.749  3163  3163 D wpa_supplicant: wlan0: Add radio work 'sme-connect'@0xb2fe18a0
08-24 15:59:02.749  3163  3163 D wpa_supplicant: wlan0: First radio work item in the queue - schedule start immediately
08-24 15:59:02.750  3163  3163 D wpa_supplicant: wlan0: Starting radio work 'sme-connect'@0xb2fe18a0 after 0.000175 second wait
08-24 15:59:02.750  3163  3163 D wpa_supplicant: wlan0: WPA: clearing own WPA/RSN IE
08-24 15:59:02.750  3163  3163 D wpa_supplicant: wlan0: RSN: clearing own RSNXE
08-24 15:59:02.750  3163  3163 D wpa_supplicant: wlan0: Automatic auth_alg selection: 0x1
08-24 15:59:02.750  3163  3163 D wpa_supplicant: RSN: PMKSA cache search - network_ctx=0xb2eb2000 try_opportunistic=0 akmp=0x0
08-24 15:59:02.750  3163  3163 D wpa_supplicant: RSN: Search for BSSID 48:7d:2e:23:25:eb
08-24 15:59:02.750  3163  3163 D wpa_supplicant: RSN: No PMKSA cache entry found
08-24 15:59:02.750  3163  3163 D wpa_supplicant: wlan0: RSN: using IEEE 802.11i/D9.0
08-24 15:59:02.750  3163  3163 D wpa_supplicant: wlan0: WPA: Selected cipher suites: group 16 pairwise 16 key_mgmt 2 proto 2
08-24 15:59:02.750  3163  3163 D wpa_supplicant: wlan0: WPA: Selected mgmt group cipher 32
08-24 15:59:02.750  3163  3163 D wpa_supplicant: WPA: set AP WPA IE - hexdump(len=24): dd 16 00 50 f2 01 01 00 00 50 f2 04 01 00 00 50 f2 04 01 00 00 50 f2 02
08-24 15:59:02.750  3163  3163 D wpa_supplicant: WPA: set AP RSN IE - hexdump(len=22): 30 14 01 00 00 0f ac 04 01 00 00 0f ac 04 01 00 00 0f ac 02 00 00
08-24 15:59:02.750  3163  3163 D wpa_supplicant: wlan0: WPA: clearing AP RSNXE
08-24 15:59:02.750  3163  3163 D wpa_supplicant: wlan0: WPA: AP group 0x10 network profile group 0x11e; available group 0x10
08-24 15:59:02.750  3163  3163 D wpa_supplicant: wlan0: WPA: using GTK CCMP
08-24 15:59:02.750  3163  3163 D wpa_supplicant: wlan0: WPA: AP pairwise 0x10 network profile pairwise 0x118; available pairwise 0x10
08-24 15:59:02.750  3163  3163 D wpa_supplicant: wlan0: WPA: using PTK CCMP
08-24 15:59:02.750  3163  3163 D wpa_supplicant: wlan0: WPA: AP key_mgmt 0x2 network profile key_mgmt 0x142; available key_mgmt 0x2
08-24 15:59:02.750  3163  3163 D wpa_supplicant: wlan0: WPA: using KEY_MGMT WPA-PSK
08-24 15:59:02.750  3163  3163 D wpa_supplicant: wlan0: WPA: AP mgmt_group_cipher 0x20 network profile mgmt_group_cipher 0x0; available mgmt_group_cipher 0x0
08-24 15:59:02.751  3163  3163 D wpa_supplicant: wlan0: WPA: not using MGMT group cipher
08-24 15:59:02.751  3163  3163 D wpa_supplicant: WPA: Set own WPA IE default - hexdump(len=22): 30 14 01 00 00 0f ac 04 01 00 00 0f ac 04 01 00 00 0f ac 02 00 00
08-24 15:59:02.751  3163  3163 D wpa_supplicant: RSN: Set own RSNXE default - hexdump(len=0):
08-24 15:59:02.751  3163  3163 D wpa_supplicant: WPA: Set PMK based on external data - hexdump(len=32): [REMOVED]
08-24 15:59:02.751  3163  3163 D wpa_supplicant: RRM: Determining whether RRM can be used - device support: 0x0
08-24 15:59:02.751  3163  3163 D wpa_supplicant: RRM: No RRM in network
08-24 15:59:02.751  3163  3163 D wpa_supplicant: Added supported operating classes IE - hexdump(len=7): 3b 05 54 51 52 53 54
08-24 15:59:02.751  3163  3163 D wpa_supplicant: EAPOL: External notification - EAP success=0
08-24 15:59:02.751  3163  3163 D wpa_supplicant: EAPOL: External notification - EAP fail=0
08-24 15:59:02.751  3163  3163 D wpa_supplicant: EAPOL: External notification - portControl=Auto
08-24 15:59:02.751  3163  3163 D wpa_supplicant: wlan0: Cancelling scan request
08-24 15:59:02.751  3163  3163 I wpa_supplicant: wlan0: SME: Trying to authenticate with 48:7d:2e:23:25:eb (SSID='huangxiaohua_public_00000000' freq=2462 MHz)
08-24 15:59:02.751  3163  3163 D wpa_supplicant: EAPOL: External notification - portValid=0
08-24 15:59:02.751  3163  3163 D wpa_supplicant: wlan0: State: DISCONNECTED -> AUTHENTICATING
08-24 15:59:02.751  3163  3163 D wpa_supplicant: Notifying state change event to hidl control: 4
08-24 15:59:02.752  3163  3163 D wpa_supplicant: wlan0: Determining shared radio frequencies (max len 1)
08-24 15:59:02.752  3163  3163 D wpa_supplicant: wlan0: Shared frequencies (len=0): completed iteration
08-24 15:59:02.752  3163  3163 D wpa_supplicant: P2P: Add operating class 81
08-24 15:59:02.753  3163  3163 D wpa_supplicant: P2P: Channels - hexdump(len=13): 01 02 03 04 05 06 07 08 09 0a 0b 0c 0d
08-24 15:59:02.753  3163  3163 D wpa_supplicant: P2P: Update channel list
08-24 15:59:02.753  3163  3163 D wpa_supplicant: P2P: channels: 81:1,2,3,4,5,6,7,8,9,10,11,12,13
08-24 15:59:02.753  3163  3163 D wpa_supplicant: P2P: cli_channels:
08-24 15:59:02.753  3163  3163 D wpa_supplicant: Not configuring frame filtering - BSS 00:00:00:00:00:00 is not a Hotspot 2.0 network
08-24 15:59:02.753  3163  3163 D wpa_supplicant: wlan0: Determining shared radio frequencies (max len 1)
08-24 15:59:02.753  3163  3163 D wpa_supplicant: wlan0: Shared frequencies (len=0): completed iteration
08-24 15:59:02.753  3163  3163 D wpa_supplicant: nl80211: Authenticate (ifindex=14)
08-24 15:59:02.753  3163  3163 D wpa_supplicant:   * bssid=48:7d:2e:23:25:eb
08-24 15:59:02.753  3163  3163 D wpa_supplicant:   * freq=2462
08-24 15:59:02.753  3163  3163 D wpa_supplicant:   * SSID=huangxiaohua_public_00000000
08-24 15:59:02.753  3163  3163 D wpa_supplicant:   * IEs - hexdump(len=0): [NULL]
08-24 15:59:02.753  3163  3163 D wpa_supplicant:   * Auth Type 0
08-24 15:59:02.755  3163  3163 D wpa_supplicant: nl80211: Authentication request send successfully
08-24 15:59:02.760   470   470 D MTK_KL  : 4,15284,246929236,-;[wlan] 80211> CFG80211_OpsAuth ==>
08-24 15:59:02.760   470   470 D MTK_KL  : 4,15285,246929247,-;auth to  BSS [48:7d:2e:23:25:eb]
08-24 15:59:02.760   470   470 D MTK_KL  : 4,15286,246929250,-;auth_type:0
08-24 15:59:02.760   470   470 D MTK_KL  : 4,15287,246929254,-;ConnInfo.ucChannelNum:11
08-24 15:59:02.760   470   470 D MTK_KL  : 4,15288,246929257,-;Auth Algorithm : 0
08-24 15:59:02.760   470   470 D MTK_KL  : 4,15289,246929261,-;UpperReq [48:7d:2e:23:25:eb]
08-24 15:59:02.760   470   470 D MTK_KL  : 4,15290,246929264,-;auth param update
08-24 15:59:02.760   470   470 D MTK_KL  : 4,15291,246929268,-;CFG80211: No Connection
08-24 15:59:02.760   470   470 D MTK_KL  : 4,15292,246929273,-;===>Set_NetworkType_Proc::(INFRA)
08-24 15:59:02.760   470   470 D MTK_KL  : 4,15293,246929276,-;Set_NetworkType_Proc::(NetworkType=1)
08-24 15:59:02.761   470   470 D MTK_KL  : 4,15294,246929280,-;Bssid is [48:7d:2e:23:25:eb]
08-24 15:59:02.761   470   470 D MTK_KL  : 4,15295,246929285,-;pConnInfo->pBssid is [48:7d:2e:23:25:eb]
08-24 15:59:02.761   470   470 D MTK_KL  : 4,15296,246929289,-;Set_AuthMode_Proc::(AuthMode=0)
08-24 15:59:02.761   470   470 D MTK_KL  : 4,15297,246929293,-;===> rt_ioctl_siwgenauthie, AuthIeLen 0
08-24 15:59:02.761   470   470 D MTK_KL  : 4,15298,246929297,-;802 > Set_BSSID_Proc ==>
08-24 15:59:02.761   470   470 D MTK_KL  : 4,15299,246929301,-;Bssid is [48:7d:2e:23:25:eb]
08-24 15:59:02.761   470   470 D MTK_KL  : 4,15300,246929305,-;!!!BSS_NOT_FOUND in last Scan Result!!!
08-24 15:59:02.761   470   470 D MTK_KL  : 4,15301,246929309,-;80211> Connecting BSSID [48:7d:2e:23:25:eb]
08-24 15:59:02.766   934  1023 W BroadcastQueue: Background execution not allowed: receiving Intent { act=android.net.wifi.STATE_CHANGE flg=0x4000010 (has extras) } to com.cvte.tv.ucservice/.receiver.NetworkReceiver
08-24 15:59:02.793  2191  2191 I chatty  : uid=1000(system) com.cvte.settings expire 6 lines
08-24 15:59:02.802  2191  2191 D WiFiAdapter: onBindViewHolder: accessPoint=AccessPoint(TP-LINK_5821,connectable),position=4
08-24 15:59:02.805  2191  2191 D WiFiAdapter: onBindViewHolder: accessPoint=AccessPoint(,connectable,WPA2),position=5
08-24 15:59:02.812  2191  2191 W View    : requestLayout() improperly called by android.widget.LinearLayout{2ccac04 V.E...... ......ID 0,0-1280,152 #7f0f00b0 app:id/content} during layout: running second layout pass
08-24 15:59:02.813  2191  2191 W View    : requestLayout() improperly called by android.widget.TextView{ca6a5ed V.ED..... ..S...ID 169,47-769,104 #7f0f0150 app:id/ssid} during layout: running second layout pass
08-24 15:59:02.816  2191  2191 E WifiItemTextView:: refreshStatusText state--:CONNECTING
08-24 15:59:02.932  1260  1421 D RecommendedChannelsThread: [MtkLog]start, status==false,mLauncherRunning==false
08-24 15:59:02.934  1420  1934 I [Module:TV]: [TVApiSystemSignalImpl$NoSignalTimerTask::run:187]: no signal timer
08-24 15:59:02.934  1420  1934 I [Module:TV]: [TVApiSystemSignalImpl$NoSignalTimerTask::ignoreNoSignalStandby:238]: Not in com.cvte.tv.setting apk, ignore
08-24 15:59:03.032   470   470 D MTK_KL  : 4,15302,247204286,-;STAMlmePeriodicExec...
08-24 15:59:03.032   470   470 D MTK_KL  : 4,15303,247204295,-;Start TxAlcGetAutoAgcOffset
08-24 15:59:03.032   470   470 D MTK_KL  : 4,15304,247204400,-;2[MT7601_get_rssi]:StaCount=0,Avg Rssi=0,pAd->OpMode=0
08-24 15:59:03.032   470   470 D MTK_KL  : 4,15305,247204403,-;No connection! Set fake rssi= -80!!!
08-24 15:59:03.074  2191  2191 E WifiItemTextView:: refreshStatusText state--:CONNECTING
08-24 15:59:03.075  2191  2191 E WifiItemTextView:: refreshStatusText state--:CONNECTING
08-24 15:59:03.076  2191  2191 D WiFiAdapter: onBindViewHolder: accessPoint=AccessPoint(huangxiaohua_public_00000000,saved,active,WPA_WPA2),position=1
08-24 15:59:03.077  2191  2191 E WifiItemTextViewConfig:: refreshStatusText--:2
08-24 15:59:03.078  2191  2191 D WiFiAdapter: onBindViewHolder: accessPoint=AccessPoint(TP-LINK_6FCB,saved,connectable),position=2
08-24 15:59:03.079  2191  2191 D WiFiAdapter: onBindViewHolder: accessPoint=AccessPoint(WEP,connectable,WEP),position=3
08-24 15:59:03.080  2191  2191 D WiFiAdapter: onBindViewHolder: accessPoint=AccessPoint(TP-LINK_5821,connectable),position=4
08-24 15:59:03.082  2191  2191 D WiFiAdapter: onBindViewHolder: accessPoint=AccessPoint(,connectable,WPA2),position=5
08-24 15:59:03.089  2191  2191 W View    : requestLayout() improperly called by android.widget.LinearLayout{e00b6b3 V.E...... ......ID 0,0-1280,152 #7f0f00b0 app:id/content} during layout: running second layout pass
08-24 15:59:03.089  2191  2191 W View    : requestLayout() improperly called by android.widget.TextView{f6a8470 V.ED..... ..S...ID 169,47-769,104 #7f0f0150 app:id/ssid} during layout: running second layout pass
08-24 15:59:03.092  2191  2191 E WifiItemTextView:: refreshStatusText state--:CONNECTING
08-24 15:59:03.152  3163  3163 D wpa_supplicant: RTM_NEWLINK: ifi_index=14 ifname=wlan0 operstate=5 linkmode=1 ifi_family=0 ifi_flags=0x11003 ([UP][LOWER_UP])
08-24 15:59:03.154   934  1013 I EthernetTracker: interfaceLinkStateChanged, iface: wlan0, up: true
08-24 15:59:03.444   470   470 D MTK_KL  : 3,15306,247614786,-;<UTPA_ERR>[Utopia][MIU]: Ioctl MDrv_CMD_MIU_GetMIUInfo fail
08-24 15:59:03.809  2227  2263 W ContentShowServiceMgr: setUpAirPlayService: network is disabled, AirPlay will start when ap enabled
08-24 15:59:03.934  1260  1421 D RecommendedChannelsThread: [MtkLog]start, status==false,mLauncherRunning==false
08-24 15:59:03.934  1420  1934 I [Module:TV]: [TVApiSystemSignalImpl$NoSignalTimerTask::run:187]: no signal timer
08-24 15:59:03.935  1420  1934 I [Module:TV]: [TVApiSystemSignalImpl$NoSignalTimerTask::ignoreNoSignalStandby:238]: Not in com.cvte.tv.setting apk, ignore
08-24 15:59:04.080   470   470 D MTK_KL  : 4,15307,248252698,-;STAMlmePeriodicExec...
08-24 15:59:04.080   470   470 D MTK_KL  : 4,15308,248252706,-;Start TxAlcGetAutoAgcOffset
08-24 15:59:04.080   470   470 D MTK_KL  : 4,15309,248252803,-;2[MT7601_get_rssi]:StaCount=0,Avg Rssi=0,pAd->OpMode=0
08-24 15:59:04.080   470   470 D MTK_KL  : 4,15310,248252807,-;No connection! Set fake rssi= -80!!!
08-24 15:59:04.160   470   470 D MTK_KL  : 3,15311,248330826,-;<UTPA_ERR>[Utopia][MIU]: Ioctl MDrv_CMD_MIU_GetMIUInfo fail
08-24 15:59:04.722  2086  2169 D KeepLiveServer: run
08-24 15:59:04.729  2086  2169 D KeepLiveServer: checkOp: android.permission.INTERNET
08-24 15:59:04.730  2086  2169 D KeepLiveServer: checkOp: android.permission.CHANGE_NETWORK_STATE
08-24 15:59:04.730  2086  2169 D KeepLiveServer: checkOp: android.permission.CHANGE_WIFI_STATE
08-24 15:59:04.731  2086  2169 D KeepLiveServer: checkOp: android.permission.ACCESS_NETWORK_STATE
08-24 15:59:04.732  2086  2169 D KeepLiveServer: checkOp: android.permission.WRITE_EXTERNAL_STORAGE
08-24 15:59:04.732  2086  2169 D KeepLiveServer: checkOp: android.permission.READ_EXTERNAL_STORAGE
08-24 15:59:04.733  2086  2169 D KeepLiveServer: checkOp: android.permission.ACCESS_WIFI_STATE
08-24 15:59:04.734  2086  2169 D KeepLiveServer: checkOp: android.permission.WAKE_LOCK
08-24 15:59:04.735  2086  2169 D KeepLiveServer: checkOp: android.permission.MODIFY_AUDIO_SETTINGS
08-24 15:59:04.735  2086  2169 D KeepLiveServer: checkOp: android.permission.READ_PHONE_STATE
08-24 15:59:04.736  2086  2169 D KeepLiveServer: checkOp: android.permission.RECEIVE_BOOT_COMPLETED
08-24 15:59:04.737  2086  2169 D KeepLiveServer: checkOp: android.permission.RESTART_PACKAGES
08-24 15:59:04.738  2086  2169 D KeepLiveServer: checkOp: android.permission.GET_TASKS
08-24 15:59:04.739  2086  2169 D KeepLiveServer: checkOp: android.permission.ACCESS_FINE_LOCATION
08-24 15:59:04.740  2086  2169 D KeepLiveServer: checkOp: android.permission.ACCESS_COARSE_LOCATION
08-24 15:59:04.741  2086  2169 D KeepLiveServer: checkOp: android.permission.BLUETOOTH
08-24 15:59:04.742  2086  2169 D KeepLiveServer: checkOp: android.permission.WRITE_SETTINGS
08-24 15:59:04.744  2086  2169 D KeepLiveServer: checkOp: android.permission.CHANGE_WIFI_MULTICAST_STATE
08-24 15:59:04.745  2086  2169 D KeepLiveServer: checkOp: android.permission.ACCESS_BACKGROUND_LOCATION
08-24 15:59:04.746  2086  2169 D KeepLiveServer: checkOp: android.permission.ACCESS_MEDIA_LOCATION
08-24 15:59:04.876   470   470 D MTK_KL  : 3,15312,249046804,-;<UTPA_ERR>[Utopia][MIU]: Ioctl MDrv_CMD_MIU_GetMIUInfo fail
08-24 15:59:04.934  1420  1934 I [Module:TV]: [TVApiSystemSignalImpl$NoSignalTimerTask::run:187]: no signal timer
08-24 15:59:04.934  1420  1934 I [Module:TV]: [TVApiSystemSignalImpl$NoSignalTimerTask::ignoreNoSignalStandby:238]: Not in com.cvte.tv.setting apk, ignore
08-24 15:59:04.935  1260  1421 D RecommendedChannelsThread: [MtkLog]start, status==false,mLauncherRunning==false
08-24 15:59:05.124   470   470 D MTK_KL  : 4,15313,249297427,-;STAMlmePeriodicExec...
08-24 15:59:05.124   470   470 D MTK_KL  : 4,15314,249297436,-;Start TxAlcGetAutoAgcOffset
08-24 15:59:05.124   470   470 D MTK_KL  : 4,15315,249297534,-;2[MT7601_get_rssi]:StaCount=0,Avg Rssi=0,pAd->OpMode=0
08-24 15:59:05.124   470   470 D MTK_KL  : 4,15316,249297538,-;No connection! Set fake rssi= -80!!!
08-24 15:59:05.592   470   470 D MTK_KL  : 3,15317,249762801,-;<UTPA_ERR>[Utopia][MIU]: Ioctl MDrv_CMD_MIU_GetMIUInfo fail
08-24 15:59:05.935  1420  1934 I [Module:TV]: [TVApiSystemSignalImpl$NoSignalTimerTask::run:187]: no signal timer
08-24 15:59:05.935  1420  1934 I [Module:TV]: [TVApiSystemSignalImpl$NoSignalTimerTask::ignoreNoSignalStandby:238]: Not in com.cvte.tv.setting apk, ignore
08-24 15:59:05.938  1260  1421 D RecommendedChannelsThread: [MtkLog]start, status==false,mLauncherRunning==false
08-24 15:59:06.168   470   470 D MTK_KL  : 4,15318,250341150,-;STAMlmePeriodicExec...
08-24 15:59:06.168   470   470 D MTK_KL  : 4,15319,250341159,-;Start TxAlcGetAutoAgcOffset
08-24 15:59:06.168   470   470 D MTK_KL  : 4,15320,250341252,-;2[MT7601_get_rssi]:StaCount=0,Avg Rssi=0,pAd->OpMode=0
08-24 15:59:06.168   470   470 D MTK_KL  : 4,15321,250341256,-;No connection! Set fake rssi= -80!!!
08-24 15:59:06.308   470   470 D MTK_KL  : 3,15322,250478786,-;<UTPA_ERR>[Utopia][MIU]: Ioctl MDrv_CMD_MIU_GetMIUInfo fail
08-24 15:59:06.812  2227  2263 W ContentShowServiceMgr: setUpAirPlayService: network is disabled, AirPlay will start when ap enabled
08-24 15:59:06.934  1420  1934 I [Module:TV]: [TVApiSystemSignalImpl$NoSignalTimerTask::run:187]: no signal timer
08-24 15:59:06.935  1420  1934 I [Module:TV]: [TVApiSystemSignalImpl$NoSignalTimerTask::ignoreNoSignalStandby:238]: Not in com.cvte.tv.setting apk, ignore
08-24 15:59:06.940  1260  1421 D RecommendedChannelsThread: [MtkLog]start, status==false,mLauncherRunning==false
08-24 15:59:07.024   470   470 D MTK_KL  : 3,15323,251195064,-;<UTPA_ERR>[Utopia][MIU]: Ioctl MDrv_CMD_MIU_GetMIUInfo fail
08-24 15:59:07.216   470   470 D MTK_KL  : 4,15324,251389696,-;STAMlmePeriodicExec...
08-24 15:59:07.216   470   470 D MTK_KL  : 4,15325,251389704,-;Start TxAlcGetAutoAgcOffset
08-24 15:59:07.216   470   470 D MTK_KL  : 4,15326,251389807,-;2[MT7601_get_rssi]:StaCount=0,Avg Rssi=0,pAd->OpMode=0
08-24 15:59:07.216   470   470 D MTK_KL  : 4,15327,251389811,-;No connection! Set fake rssi= -80!!!
08-24 15:59:07.722  2086  2169 D KeepLiveServer: run
08-24 15:59:07.729  2086  2169 D KeepLiveServer: checkOp: android.permission.INTERNET
08-24 15:59:07.730  2086  2169 D KeepLiveServer: checkOp: android.permission.CHANGE_NETWORK_STATE
08-24 15:59:07.730  2086  2169 D KeepLiveServer: checkOp: android.permission.CHANGE_WIFI_STATE
08-24 15:59:07.731  2086  2169 D KeepLiveServer: checkOp: android.permission.ACCESS_NETWORK_STATE
08-24 15:59:07.732  2086  2169 D KeepLiveServer: checkOp: android.permission.WRITE_EXTERNAL_STORAGE
08-24 15:59:07.733  2086  2169 D KeepLiveServer: checkOp: android.permission.READ_EXTERNAL_STORAGE
08-24 15:59:07.734  2086  2169 D KeepLiveServer: checkOp: android.permission.ACCESS_WIFI_STATE
08-24 15:59:07.734  2086  2169 D KeepLiveServer: checkOp: android.permission.WAKE_LOCK
08-24 15:59:07.735  2086  2169 D KeepLiveServer: checkOp: android.permission.MODIFY_AUDIO_SETTINGS
08-24 15:59:07.736  2086  2169 D KeepLiveServer: checkOp: android.permission.READ_PHONE_STATE
08-24 15:59:07.737  2086  2169 D KeepLiveServer: checkOp: android.permission.RECEIVE_BOOT_COMPLETED
08-24 15:59:07.739  2086  2169 D KeepLiveServer: checkOp: android.permission.RESTART_PACKAGES
08-24 15:59:07.740   470   470 D MTK_KL  : 3,15328,251910829,-;<UTPA_ERR>[Utopia][MIU]: Ioctl MDrv_CMD_MIU_GetMIUInfo fail
08-24 15:59:07.740  2086  2169 D KeepLiveServer: checkOp: android.permission.GET_TASKS
08-24 15:59:07.741  2086  2169 D KeepLiveServer: checkOp: android.permission.ACCESS_FINE_LOCATION
08-24 15:59:07.742  2086  2169 D KeepLiveServer: checkOp: android.permission.ACCESS_COARSE_LOCATION
08-24 15:59:07.743  2086  2169 D KeepLiveServer: checkOp: android.permission.BLUETOOTH
08-24 15:59:07.744  2086  2169 D KeepLiveServer: checkOp: android.permission.WRITE_SETTINGS
08-24 15:59:07.745  2086  2169 D KeepLiveServer: checkOp: android.permission.CHANGE_WIFI_MULTICAST_STATE
08-24 15:59:07.746  2086  2169 D KeepLiveServer: checkOp: android.permission.ACCESS_BACKGROUND_LOCATION
08-24 15:59:07.747  2086  2169 D KeepLiveServer: checkOp: android.permission.ACCESS_MEDIA_LOCATION
08-24 15:59:07.757  3163  3163 D wpa_supplicant: wlan0: SME: Authentication timeout
08-24 15:59:07.757  3163  3163 D wpa_supplicant: wpa_driver_nl80211_deauthenticate(addr=48:7d:2e:23:25:eb reason_code=3)
08-24 15:59:07.760   470   470 D MTK_KL  : 4,15329,251932272,-;80211> CFG80211_OpsDeauth ==>
08-24 15:59:07.760   470   470 D MTK_KL  : 4,15330,251932279,-;80211> ReasonCode = 3, iftype = 2
08-24 15:59:07.760   470   470 D MTK_KL  : 4,15331,251932288,-;AUTH - Send DE-AUTH request (Reason=3)...
08-24 15:59:07.760   470   470 D MTK_KL  : 4,15332,251932326,-;!!! LINK DOWN !!! - 0 - 11
08-24 15:59:07.760   470   470 D MTK_KL  : 4,15333,251932329,-;!!! LINK DOWN 2!!!
08-24 15:59:07.760   470   470 D MTK_KL  : 4,15334,251932338,-;AsicSetEdcaParm
08-24 15:59:07.760   470   470 D MTK_KL  : 4,15335,251933661,-;--->Disable TSF synchronization
08-24 15:59:07.760   470   470 D MTK_KL  : 4,15336,251933669,-;RTMPSetLEDStatus: MCUCmd:0x50, LED Mode:0x0, LinkStatus:0x20
08-24 15:59:07.760   470   470 D MTK_KL  : 4,15337,251933673,-;SetLEDStatusHdlr: CMDTHREAD_SET_LED_STATUS (LEDStatus = 0)
08-24 15:59:07.761   470   470 D MTK_KL  : 4,15338,251933867,-;LinkDownCleanMlmeAux.ExtCapInfo!
08-24 15:59:07.761   470   470 D MTK_KL  : 4,15339,251936197,-;---> StopFrequencyCalibration
08-24 15:59:07.761   470   470 D MTK_KL  : 4,15340,251936202,-;StopFrequencyCalibration: pAd->FreqCalibrationCtrl.AdaptiveFreqOffset = 0x5E
08-24 15:59:07.762   470   470 D MTK_KL  : 4,15341,251936204,-;<--- StopFrequencyCalibration
08-24 15:59:07.762  3163  3163 D wpa_supplicant: wlan0: Radio work 'sme-connect'@0xb2fe18a0 done in 5.011954 seconds
08-24 15:59:07.762   470   470 D MTK_KL  : 4,15342,251936248,-;80211> CFG80211_OpsKeyDel ==>
08-24 15:59:07.762   470   470 D MTK_KL  : 4,15343,251936251,-;80211> KeyDel isPairwise 0
08-24 15:59:07.762  3163  3163 D wpa_supplicant: wlan0: radio_work_free('sme-connect'@0xb2fe18a0): num_active_works --> 0
08-24 15:59:07.762   470   470 D MTK_KL  : 4,15344,251936255,-;80211> STA Key Del
08-24 15:59:07.762   470   470 D MTK_KL  : 4,15345,251936258,-;80211> CFG80211_OpsKeyDel ==>
08-24 15:59:07.762  3163  3163 D wpa_supplicant: wlan0: Ignore connection failure indication since auto connect is disabled
08-24 15:59:07.762   470   470 D MTK_KL  : 4,15346,251936260,-;80211> KeyDel isPairwise 0
08-24 15:59:07.762  3163  3163 D wpa_supplicant: wlan0: State: AUTHENTICATING -> DISCONNECTED
08-24 15:59:07.762   470   470 D MTK_KL  : 4,15347,251936262,-;80211> STA Key Del
08-24 15:59:07.762  3163  3163 D wpa_supplicant: nl80211: Set wlan0 operstate 0->0 (DORMANT)
08-24 15:59:07.762   470   470 D MTK_KL  : 4,15348,251936264,-;80211> CFG80211_OpsKeyDel ==>
08-24 15:59:07.762  3163  3163 D wpa_supplicant: netlink: Operstate: ifindex=14 linkmode=-1 (no change), operstate=5 (IF_OPER_DORMANT)
08-24 15:59:07.762   470   470 D MTK_KL  : 4,15349,251936267,-;80211> KeyDel isPairwise 0
08-24 15:59:07.762   470   470 D MTK_KL  : 4,15350,251936269,-;80211> STA Key Del
08-24 15:59:07.762   470   470 D MTK_KL  : 4,15351,251936271,-;80211> CFG80211_OpsKeyDel ==>
08-24 15:59:07.762  3163  3163 D wpa_supplicant: Notifying state change event to hidl control: 0
08-24 15:59:07.762   470   470 D MTK_KL  : 4,15352,251936273,-;80211> KeyDel isPairwise 0
08-24 15:59:07.762   470   470 D MTK_KL  : 4,15353,251936274,-;80211> STA Key Del
08-24 15:59:07.762   470   470 D MTK_KL  : 4,15354,251936276,-;80211> CFG80211_OpsKeyDel ==>
08-24 15:59:07.762   470   470 D MTK_KL  : 4,15355,251936278,-;80211> KeyDel isPairwise 0
08-24 15:59:07.762   470   470 D MTK_KL  : 4,15356,251936280,-;80211> STA Key Del
08-24 15:59:07.762   470   470 D MTK_KL  : 4,15357,251936282,-;80211> CFG80211_OpsKeyDel ==>
08-24 15:59:07.762   470   470 D MTK_KL  : 4,15358,251936284,-;80211> KeyDel isPairwise 0
08-24 15:59:07.762   470   470 D MTK_KL  : 4,15359,251936286,-;80211> STA Key Del
08-24 15:59:07.762   470   470 D MTK_KL  : 4,15360,251936336,-;crda> requlation requestion by core: 
08-24 15:59:07.762   470   470 D MTK_KL  : 4,15361,251936338,-;00
08-24 15:59:07.762   499   499 I wificond: Regulatory domain changed
08-24 15:59:07.764   499   499 I wificond: 2.4Ghz frequencies: 2412 2417 2422 2427 2432 2437 2442 2447 2452 2457 2462 2467 2472 2484
08-24 15:59:07.765   499   499 I wificond: 5Ghz non-DFS frequencies:
08-24 15:59:07.765   499   499 I wificond: 5Ghz DFS frequencies:
08-24 15:59:07.765   499   499 I wificond: 6Ghz frequencies:
08-24 15:59:07.765  3163  3163 D wpa_supplicant: wlan0: Determining shared radio frequencies (max len 1)
08-24 15:59:07.765  3163  3163 D wpa_supplicant: wlan0: Shared frequencies (len=0): completed iteration
08-24 15:59:07.765  3163  3163 D wpa_supplicant: P2P: Add operating class 81
08-24 15:59:07.765  3163  3163 D wpa_supplicant: P2P: Channels - hexdump(len=13): 01 02 03 04 05 06 07 08 09 0a 0b 0c 0d
08-24 15:59:07.765  3163  3163 D wpa_supplicant: P2P: Update channel list
08-24 15:59:07.766  3163  3163 D wpa_supplicant: P2P: channels: 81:1,2,3,4,5,6,7,8,9,10,11,12,13
08-24 15:59:07.766  3163  3163 D wpa_supplicant: P2P: cli_channels:
08-24 15:59:07.766  3163  3163 D wpa_supplicant: RTM_NEWLINK: ifi_index=14 ifname=wlan0 wext ifi_family=0 ifi_flags=0x11003 ([UP][LOWER_UP])
08-24 15:59:07.766  3163  3163 D wpa_supplicant: RTM_NEWLINK: ifi_index=14 ifname=wlan0 wext ifi_family=0 ifi_flags=0x11003 ([UP][LOWER_UP])
08-24 15:59:07.766   934  1013 I EthernetTracker: interfaceLinkStateChanged, iface: wlan0, up: true
08-24 15:59:07.766   934  1013 I EthernetTracker: interfaceLinkStateChanged, iface: wlan0, up: true
08-24 15:59:07.767  3163  3163 D wpa_supplicant: nl80211: Ignored event 48 (NL80211_CMD_DISCONNECT) for foreign interface (ifindex 14 wdev 0x0)
08-24 15:59:07.767  3163  3163 D wpa_supplicant: nl80211: Drv Event 48 (NL80211_CMD_DISCONNECT) received for wlan0
08-24 15:59:07.767  3163  3163 D wpa_supplicant: nl80211: Ignore disconnect event when using userspace SME
08-24 15:59:07.767  3163  3163 D wpa_supplicant: nl80211: Drv Event 36 (NL80211_CMD_REG_CHANGE) received for p2p0
08-24 15:59:07.767  3163  3163 D wpa_supplicant: nl80211: Regulatory domain change
08-24 15:59:07.767  3163  3163 D wpa_supplicant:  * initiator=0
08-24 15:59:07.767  3163  3163 D wpa_supplicant:  * type=1
08-24 15:59:07.767  3163  3163 D wpa_supplicant: p2p0: Event CHANNEL_LIST_CHANGED (27) received
08-24 15:59:07.767  3163  3163 I wpa_supplicant: p2p0: CTRL-EVENT-REGDOM-CHANGE init=CORE type=WORLD
08-24 15:59:07.767  3163  3163 D wpa_supplicant: p2p0: Updating hw mode
08-24 15:59:07.768  3163  3163 D wpa_supplicant: nl80211: Regulatory information - country=00
08-24 15:59:07.768  3163  3163 D wpa_supplicant: nl80211: 2402-2472 @ 40 MHz 20 mBm
08-24 15:59:07.768  3163  3163 D wpa_supplicant: nl80211: 2457-2482 @ 20 MHz 20 mBm (no IR)
08-24 15:59:07.768  3163  3163 D wpa_supplicant: nl80211: 2474-2494 @ 20 MHz 20 mBm (no OFDM) (no IR)
08-24 15:59:07.768  3163  3163 D wpa_supplicant: nl80211: 5170-5250 @ 80 MHz 20 mBm (no IR)
08-24 15:59:07.768  3163  3163 D wpa_supplicant: nl80211: 5250-5330 @ 80 MHz 20 mBm (DFS) (no IR)
08-24 15:59:07.769  3163  3163 D wpa_supplicant: nl80211: 5490-5730 @ 160 MHz 20 mBm (DFS) (no IR)
08-24 15:59:07.769  3163  3163 D wpa_supplicant: nl80211: 5735-5835 @ 80 MHz 20 mBm (no IR)
08-24 15:59:07.769  3163  3163 D wpa_supplicant: nl80211: 57240-63720 @ 2160 MHz 0 mBm
08-24 15:59:07.769  3163  3163 D wpa_supplicant: nl80211: Added 802.11b mode based on 802.11g information
08-24 15:59:07.769  3163  3163 D wpa_supplicant: nl80211: Mode IEEE 802.11g: 2412 2417 2422 2427 2432 2437 2442 2447 2452 2457 2462 2467[NO_IR] 2472[NO_IR] 2484[NO_IR]
08-24 15:59:07.769  3163  3163 D wpa_supplicant: nl80211: Mode IEEE 802.11b: 2412 2417 2422 2427 2432 2437 2442 2447 2452 2457 2462 2467[NO_IR] 2472[NO_IR] 2484[NO_IR]
08-24 15:59:07.769  3163  3163 D wpa_supplicant: wlan0: Updating hw mode
08-24 15:59:07.771  3163  3163 D wpa_supplicant: nl80211: Regulatory information - country=00
08-24 15:59:07.771  3163  3163 D wpa_supplicant: nl80211: 2402-2472 @ 40 MHz 20 mBm
08-24 15:59:07.771  3163  3163 D wpa_supplicant: nl80211: 2457-2482 @ 20 MHz 20 mBm (no IR)
08-24 15:59:07.771  3163  3163 D wpa_supplicant: nl80211: 2474-2494 @ 20 MHz 20 mBm (no OFDM) (no IR)
08-24 15:59:07.772  3163  3163 D wpa_supplicant: nl80211: 5170-5250 @ 80 MHz 20 mBm (no IR)
08-24 15:59:07.773  3163  3163 D wpa_supplicant: nl80211: 5250-5330 @ 80 MHz 20 mBm (DFS) (no IR)
08-24 15:59:07.773  3163  3163 D wpa_supplicant: nl80211: 5490-5730 @ 160 MHz 20 mBm (DFS) (no IR)
08-24 15:59:07.773  3163  3163 D wpa_supplicant: nl80211: 5735-5835 @ 80 MHz 20 mBm (no IR)
08-24 15:59:07.773  3163  3163 D wpa_supplicant: nl80211: 57240-63720 @ 2160 MHz 0 mBm
08-24 15:59:07.773  3163  3163 D wpa_supplicant: nl80211: Added 802.11b mode based on 802.11g information
08-24 15:59:07.773  3163  3163 D wpa_supplicant: nl80211: Mode IEEE 802.11g: 2412 2417 2422 2427 2432 2437 2442 2447 2452 2457 2462 2467[NO_IR] 2472[NO_IR] 2484[NO_IR]
08-24 15:59:07.773  3163  3163 D wpa_supplicant: nl80211: Mode IEEE 802.11b: 2412 2417 2422 2427 2432 2437 2442 2447 2452 2457 2462 2467[NO_IR] 2472[NO_IR] 2484[NO_IR]
08-24 15:59:07.773  3163  3163 D wpa_supplicant: p2p0: Determining shared radio frequencies (max len 1)
08-24 15:59:07.774  3163  3163 D wpa_supplicant: p2p0: Shared frequencies (len=0): completed iteration
08-24 15:59:07.774  3163  3163 D wpa_supplicant: P2P: Add operating class 81
08-24 15:59:07.774   934  1023 W BroadcastQueue: Background execution not allowed: receiving Intent { act=android.net.wifi.STATE_CHANGE flg=0x4000010 (has extras) } to com.cvte.tv.ucservice/.receiver.NetworkReceiver
08-24 15:59:07.774  3163  3163 D wpa_supplicant: P2P: Channels - hexdump(len=11): 01 02 03 04 05 06 07 08 09 0a 0b
08-24 15:59:07.774  3163  3163 D wpa_supplicant: P2P: Update channel list
08-24 15:59:07.774  3163  3163 D wpa_supplicant: P2P: channels: 81:1,2,3,4,5,6,7,8,9,10,11
08-24 15:59:07.774  3163  3163 D wpa_supplicant: P2P: cli_channels:
08-24 15:59:07.774  2086  2086 D wifi_server: wifi status 11
08-24 15:59:07.776   470   470 D MTK_KL  : 4,15362,251948938,-;CNTL - Illegal message in CntlIdleProc(MsgType=36)
08-24 15:59:07.779  2227  2247 D wifi_server: network disconnected
08-24 15:59:07.780  2086  2086 D wifi_server:  DISCONNECTED
08-24 15:59:07.782  2086  2111 D wifi_server: call getWifiName() method 
08-24 15:59:07.783  2086  2111 D wifi_server: call getWifiMac() method2c:64:1f:8a:ba:e4
08-24 15:59:07.785  2227  3165 D NetworkServiceImpl: network run: false {"isNetEnable":false,"netIp":"0.0.0.0","netName":"","netType":0,"wifiMac":"2c:64:1f:8a:ba:e4"}
08-24 15:59:07.934  1420  1934 I [Module:TV]: [TVApiSystemSignalImpl$NoSignalTimerTask::run:187]: no signal timer
08-24 15:59:07.934  1420  1934 I [Module:TV]: [TVApiSystemSignalImpl$NoSignalTimerTask::ignoreNoSignalStandby:238]: Not in com.cvte.tv.setting apk, ignore
08-24 15:59:07.942  1260  1421 D RecommendedChannelsThread: [MtkLog]start, status==false,mLauncherRunning==false
08-24 15:59:08.058  2191  2191 E WifiItemTextViewConfig:: refreshStatusText--:2
08-24 15:59:08.059  2191  2191 E WifiItemTextViewConfig:: refreshStatusText--:2
08-24 15:59:08.059  2191  2191 D WiFiAdapter: onBindViewHolder: accessPoint=AccessPoint(huangxiaohua_public_00000000,saved,connectable,WPA_WPA2),position=1
08-24 15:59:08.060  2191  2191 E WifiItemTextViewConfig:: refreshStatusText--:2
08-24 15:59:08.060  2191  2191 D WiFiAdapter: onBindViewHolder: accessPoint=AccessPoint(TP-LINK_6FCB,saved,connectable),position=2
08-24 15:59:08.062  2191  2191 D WiFiAdapter: onBindViewHolder: accessPoint=AccessPoint(WEP,connectable,WEP),position=3
08-24 15:59:08.063  2191  2191 D WiFiAdapter: onBindViewHolder: accessPoint=AccessPoint(TP-LINK_5821,connectable),position=4
08-24 15:59:08.066  2191  2191 D WiFiAdapter: onBindViewHolder: accessPoint=AccessPoint(,connectable,WPA2),position=5
08-24 15:59:08.075  2191  2191 W View    : requestLayout() improperly called by android.widget.LinearLayout{9bba5a5 V.E...... ......ID 0,0-1280,152 #7f0f00b0 app:id/content} during layout: running second layout pass
08-24 15:59:08.075  2191  2191 W View    : requestLayout() improperly called by android.widget.TextView{3fbfd7a V.ED..... ..S...ID 169,47-769,104 #7f0f0150 app:id/ssid} during layout: running second layout pass
08-24 15:59:08.078  2191  2191 E WifiItemTextViewConfig:: refreshStatusText--:2
08-24 15:59:08.456   470   470 D MTK_KL  : 3,15363,252626786,-;<UTPA_ERR>[Utopia][MIU]: Ioctl MDrv_CMD_MIU_GetMIUInfo fail
08-24 15:59:08.780   470   470 D MTK_KL  : 4,15364,252952278,-;STAMlmePeriodicExec...
08-24 15:59:08.780   470   470 D MTK_KL  : 4,15365,252952286,-;Start TxAlcGetAutoAgcOffset
08-24 15:59:08.780   470   470 D MTK_KL  : 4,15366,252952376,-;2[MT7601_get_rssi]:StaCount=0,Avg Rssi=-127,pAd->OpMode=0
08-24 15:59:08.780   470   470 D MTK_KL  : 4,15367,252952380,-;No connection! Set fake rssi= -80!!!
08-24 15:59:08.815   934  1125 I AlarmManager: Setting Wakeup Alarm type[2] sPackageName is null @332987 and next wakeup alarm is @Tue Aug 24 15:54:55 GMT+03:00 2021
08-24 15:59:08.816   934  1132 D WifiScanningService: tryToStartNewScan
08-24 15:59:08.830  3163  3163 D wpa_supplicant: nl80211: Ignored event 33 (NL80211_CMD_TRIGGER_SCAN) for foreign interface (ifindex 14 wdev 0x0)
08-24 15:59:08.830  3163  3163 D wpa_supplicant: nl80211: Drv Event 33 (NL80211_CMD_TRIGGER_SCAN) received for wlan0
08-24 15:59:08.830  3163  3163 D wpa_supplicant: wlan0: nl80211: Scan trigger
08-24 15:59:08.831  3163  3163 D wpa_supplicant: wlan0: Event SCAN_STARTED (47) received
08-24 15:59:08.831  3163  3163 D wpa_supplicant: wlan0: External program started a scan
08-24 15:59:08.832   470   470 D MTK_KL  : 4,15368,253004847,-;======================================
08-24 15:59:08.832   470   470 D MTK_KL  : 4,15369,253004855,-;80211> CFG80211_OpsScan ==> wlan0(2)
08-24 15:59:08.832   470   470 D MTK_KL  : 4,15370,253004860,-;80211> CFG80211DRV_OpsScan ==> 
08-24 15:59:08.832   470   470 D MTK_KL  : 4,15371,253004863,-;80211> ExtraIEs Null in ProbeRequest from upper layer...
08-24 15:59:08.832   470   470 D MTK_KL  : 4,15372,253004871,-;2_Spec[]-ssid_len[0]
08-24 15:59:08.832   470   470 D MTK_KL  : 4,15373,253004874,-;pIoctlScan->ScanType=0
08-24 15:59:08.832   470   470 D MTK_KL  : 4,15374,253004950,-;SCANNING, suspend MSDU transmission ...
08-24 15:59:08.832   470   470 D MTK_KL  : 4,15375,253005650,-;SYNC - BBP R4 to 20MHz.l
08-24 15:59:08.832   470   470 D MTK_KL  : 4,15376,253005662,-;2[MT7601_get_rssi]:StaCount=0,Avg Rssi=-127,pAd->OpMode=0
08-24 15:59:08.832   470   470 D MTK_KL  : 4,15377,253005665,-;No connection! Set fake rssi= -80!!!
08-24 15:59:08.832   934  1132 I AlarmManager: Setting Wakeup Alarm type[2] sPackageName is null @268004 and next wakeup alarm is @Tue Aug 24 15:54:55 GMT+03:00 2021
08-24 15:59:08.836   470   470 D MTK_KL  : 4,15378,253009149,-;MT7601_ChipSwitchChannel: SwitchChannel#1(RF=15, 1T)
08-24 15:59:08.935  1420  1934 I [Module:TV]: [TVApiSystemSignalImpl$NoSignalTimerTask::run:187]: no signal timer
08-24 15:59:08.935  1420  1934 I [Module:TV]: [TVApiSystemSignalImpl$NoSignalTimerTask::ignoreNoSignalStandby:238]: Not in com.cvte.tv.setting apk, ignore
08-24 15:59:08.944  1260  1421 D RecommendedChannelsThread: [MtkLog]start, status==false,mLauncherRunning==false
08-24 15:59:08.984   470   470 D MTK_KL  : 4,15379,253154805,-;MT7601_ChipSwitchChannel: SwitchChannel#2(RF=15, 1T)
08-24 15:59:09.132   470   470 D MTK_KL  : 4,15380,253302818,-;MT7601_ChipSwitchChannel: SwitchChannel#3(RF=15, 1T)
08-24 15:59:09.172   470   470 D MTK_KL  : 3,15381,253342782,-;<UTPA_ERR>[Utopia][MIU]: Ioctl MDrv_CMD_MIU_GetMIUInfo fail
08-24 15:59:09.284   470   470 D MTK_KL  : 4,15382,253454802,-;MT7601_ChipSwitchChannel: SwitchChannel#4(RF=15, 1T)
08-24 15:59:09.432   470   470 D MTK_KL  : 4,15383,253602808,-;MT7601_ChipSwitchChannel: SwitchChannel#5(RF=15, 1T)
08-24 15:59:09.580   470   470 D MTK_KL  : 4,15384,253754803,-;MT7601_ChipSwitchChannel: SwitchChannel#6(RF=15, 1T)
08-24 15:59:09.732   470   470 D MTK_KL  : 4,15385,253903304,-;MT7601_ChipSwitchChannel: SwitchChannel#7(RF=15, 1T)
08-24 15:59:09.777   934  1250 I WifiService: startScan uid=1000
08-24 15:59:09.814  2227  2263 W ContentShowServiceMgr: setUpAirPlayService: network is disabled, AirPlay will start when ap enabled
08-24 15:59:09.828   470   470 D MTK_KL  : 4,15386,254000332,-;STAMlmePeriodicExec...
08-24 15:59:09.828   470   470 D MTK_KL  : 4,15387,254000442,-;2[MT7601_get_rssi]:StaCount=0,Avg Rssi=-127,pAd->OpMode=0
08-24 15:59:09.828   470   470 D MTK_KL  : 4,15388,254000446,-;No connection! Set fake rssi= -80!!!
08-24 15:59:09.880   470   470 D MTK_KL  : 4,15389,254050848,-;MT7601_ChipSwitchChannel: SwitchChannel#8(RF=15, 1T)
08-24 15:59:09.880   470   470 D MTK_KL  : 31,15390,254053279,-;logd: logdr: UID=0 GID=0 PID=3452 b tail=0 logMask=99 pid=0 start=0ns timeout=0ns
08-24 15:59:09.892   470   470 D MTK_KL  : 3,15391,254063163,-;<UTPA_ERR>[Utopia][MIU]: Ioctl MDrv_CMD_MIU_GetMIUInfo fail
08-24 15:59:09.935  1420  1934 I [Module:TV]: [TVApiSystemSignalImpl$NoSignalTimerTask::run:187]: no signal timer
08-24 15:59:09.936  1420  1934 I [Module:TV]: [TVApiSystemSignalImpl$NoSignalTimerTask::ignoreNoSignalStandby:238]: Not in com.cvte.tv.setting apk, ignore
08-24 15:59:09.946  1260  1421 D RecommendedChannelsThread: [MtkLog]start, status==false,mLauncherRunning==false
08-24 15:59:10.028   470   470 D MTK_KL  : 4,15392,254198957,-;MT7601_ChipSwitchChannel: SwitchChannel#9(RF=15, 1T)
08-24 15:59:10.176   470   470 D MTK_KL  : 4,15393,254346957,-;MT7601_ChipSwitchChannel: SwitchChannel#10(RF=15, 1T)
08-24 15:59:10.328   470   470 D MTK_KL  : 4,15394,254498852,-;MT7601_ChipSwitchChannel: SwitchChannel#11(RF=15, 1T)
08-24 15:59:10.476   470   470 D MTK_KL  : 4,15395,254646831,-;MT7601_ChipSwitchChannel: SwitchChannel#12(RF=15, 1T)
08-24 15:59:10.484  3163  3163 D wpa_supplicant: nl80211: Drv Event 42 (NL80211_CMD_REG_BEACON_HINT) received for p2p0
08-24 15:59:10.484  3163  3163 D wpa_supplicant: nl80211: Regulatory beacon hint
08-24 15:59:10.484  3163  3163 D wpa_supplicant: nl80211: Channel (before): freq=2467 max_tx_power=2000 no-IR
08-24 15:59:10.484  3163  3163 D wpa_supplicant: nl80211: Channel (after): freq=2467 max_tx_power=2000
08-24 15:59:10.485  3163  3163 D wpa_supplicant: p2p0: Event CHANNEL_LIST_CHANGED (27) received
08-24 15:59:10.485  3163  3163 I wpa_supplicant: p2p0: CTRL-EVENT-REGDOM-CHANGE init=BEACON_HINT type=UNKNOWN
08-24 15:59:10.485  3163  3163 D wpa_supplicant: p2p0: Updating hw mode
08-24 15:59:10.485  3163  3163 D wpa_supplicant: nl80211: Regulatory information - country=00
08-24 15:59:10.485  3163  3163 D wpa_supplicant: nl80211: 2402-2472 @ 40 MHz 20 mBm
08-24 15:59:10.485  3163  3163 D wpa_supplicant: nl80211: 2457-2482 @ 20 MHz 20 mBm (no IR)
08-24 15:59:10.485  3163  3163 D wpa_supplicant: nl80211: 2474-2494 @ 20 MHz 20 mBm (no OFDM) (no IR)
08-24 15:59:10.485  3163  3163 D wpa_supplicant: nl80211: 5170-5250 @ 80 MHz 20 mBm (no IR)
08-24 15:59:10.486  3163  3163 D wpa_supplicant: nl80211: 5250-5330 @ 80 MHz 20 mBm (DFS) (no IR)
08-24 15:59:10.486  3163  3163 D wpa_supplicant: nl80211: 5490-5730 @ 160 MHz 20 mBm (DFS) (no IR)
08-24 15:59:10.486  3163  3163 D wpa_supplicant: nl80211: 5735-5835 @ 80 MHz 20 mBm (no IR)
08-24 15:59:10.486  3163  3163 D wpa_supplicant: nl80211: 57240-63720 @ 2160 MHz 0 mBm
08-24 15:59:10.486  3163  3163 D wpa_supplicant: nl80211: Added 802.11b mode based on 802.11g information
08-24 15:59:10.486  3163  3163 D wpa_supplicant: nl80211: Mode IEEE 802.11g: 2412 2417 2422 2427 2432 2437 2442 2447 2452 2457 2462 2467 2472[NO_IR] 2484[NO_IR]
08-24 15:59:10.486  3163  3163 D wpa_supplicant: nl80211: Mode IEEE 802.11b: 2412 2417 2422 2427 2432 2437 2442 2447 2452 2457 2462 2467 2472[NO_IR] 2484[NO_IR]
08-24 15:59:10.486  3163  3163 D wpa_supplicant: wlan0: Updating hw mode
08-24 15:59:10.487  3163  3163 D wpa_supplicant: nl80211: Regulatory information - country=00
08-24 15:59:10.487  3163  3163 D wpa_supplicant: nl80211: 2402-2472 @ 40 MHz 20 mBm
08-24 15:59:10.488  3163  3163 D wpa_supplicant: nl80211: 2457-2482 @ 20 MHz 20 mBm (no IR)
08-24 15:59:10.488  3163  3163 D wpa_supplicant: nl80211: 2474-2494 @ 20 MHz 20 mBm (no OFDM) (no IR)
08-24 15:59:10.488  3163  3163 D wpa_supplicant: nl80211: 5170-5250 @ 80 MHz 20 mBm (no IR)
08-24 15:59:10.488  3163  3163 D wpa_supplicant: nl80211: 5250-5330 @ 80 MHz 20 mBm (DFS) (no IR)
08-24 15:59:10.488  3163  3163 D wpa_supplicant: nl80211: 5490-5730 @ 160 MHz 20 mBm (DFS) (no IR)
08-24 15:59:10.488  3163  3163 D wpa_supplicant: nl80211: 5735-5835 @ 80 MHz 20 mBm (no IR)
08-24 15:59:10.488  3163  3163 D wpa_supplicant: nl80211: 57240-63720 @ 2160 MHz 0 mBm
08-24 15:59:10.488   470   470 D MTK_KL  : 4,15396,254659030,-;80211> CFG80211_OpsTxPwrGet ==>
08-24 15:59:10.489  3163  3163 D wpa_supplicant: nl80211: Added 802.11b mode based on 802.11g information
08-24 15:59:10.489  3163  3163 D wpa_supplicant: nl80211: Mode IEEE 802.11g: 2412 2417 2422 2427 2432 2437 2442 2447 2452 2457 2462 2467 2472[NO_IR] 2484[NO_IR]
08-24 15:59:10.489  3163  3163 D wpa_supplicant: nl80211: Mode IEEE 802.11b: 2412 2417 2422 2427 2432 2437 2442 2447 2452 2457 2462 2467 2472[NO_IR] 2484[NO_IR]
08-24 15:59:10.489  3163  3163 D wpa_supplicant: p2p0: Determining shared radio frequencies (max len 1)
08-24 15:59:10.489  3163  3163 D wpa_supplicant: p2p0: Shared frequencies (len=0): completed iteration
08-24 15:59:10.489  3163  3163 D wpa_supplicant: P2P: Add operating class 81
08-24 15:59:10.489  3163  3163 D wpa_supplicant: P2P: Channels - hexdump(len=12): 01 02 03 04 05 06 07 08 09 0a 0b 0c
08-24 15:59:10.490  3163  3163 D wpa_supplicant: P2P: Update channel list
08-24 15:59:10.490  3163  3163 D wpa_supplicant: P2P: channels: 81:1,2,3,4,5,6,7,8,9,10,11,12
08-24 15:59:10.490  3163  3163 D wpa_supplicant: P2P: cli_channels:
08-24 15:59:10.599  3163  3163 D wpa_supplicant: nl80211: Drv Event 42 (NL80211_CMD_REG_BEACON_HINT) received for p2p0
08-24 15:59:10.599  3163  3163 D wpa_supplicant: nl80211: Regulatory beacon hint
08-24 15:59:10.599  3163  3163 D wpa_supplicant: nl80211: Channel (before): freq=2472 max_tx_power=2000 no-IR
08-24 15:59:10.599  3163  3163 D wpa_supplicant: nl80211: Channel (after): freq=2472 max_tx_power=2000
08-24 15:59:10.599  3163  3163 D wpa_supplicant: p2p0: Event CHANNEL_LIST_CHANGED (27) received
08-24 15:59:10.599  3163  3163 I wpa_supplicant: p2p0: CTRL-EVENT-REGDOM-CHANGE init=BEACON_HINT type=UNKNOWN
08-24 15:59:10.599  3163  3163 D wpa_supplicant: p2p0: Updating hw mode
08-24 15:59:10.600   470   470 D MTK_KL  : 4,15397,254773662,-;80211> CFG80211_OpsTxPwrGet ==>
08-24 15:59:10.600  3163  3163 D wpa_supplicant: nl80211: Regulatory information - country=00
08-24 15:59:10.600  3163  3163 D wpa_supplicant: nl80211: 2402-2472 @ 40 MHz 20 mBm
08-24 15:59:10.600  3163  3163 D wpa_supplicant: nl80211: 2457-2482 @ 20 MHz 20 mBm (no IR)
08-24 15:59:10.600  3163  3163 D wpa_supplicant: nl80211: 2474-2494 @ 20 MHz 20 mBm (no OFDM) (no IR)
08-24 15:59:10.600  3163  3163 D wpa_supplicant: nl80211: 5170-5250 @ 80 MHz 20 mBm (no IR)
08-24 15:59:10.600  3163  3163 D wpa_supplicant: nl80211: 5250-5330 @ 80 MHz 20 mBm (DFS) (no IR)
08-24 15:59:10.600  3163  3163 D wpa_supplicant: nl80211: 5490-5730 @ 160 MHz 20 mBm (DFS) (no IR)
08-24 15:59:10.600  3163  3163 D wpa_supplicant: nl80211: 5735-5835 @ 80 MHz 20 mBm (no IR)
08-24 15:59:10.600  3163  3163 D wpa_supplicant: nl80211: 57240-63720 @ 2160 MHz 0 mBm
08-24 15:59:10.601  3163  3163 D wpa_supplicant: nl80211: Added 802.11b mode based on 802.11g information
08-24 15:59:10.601  3163  3163 D wpa_supplicant: nl80211: Mode IEEE 802.11g: 2412 2417 2422 2427 2432 2437 2442 2447 2452 2457 2462 2467 2472 2484[NO_IR]
08-24 15:59:10.601  3163  3163 D wpa_supplicant: nl80211: Mode IEEE 802.11b: 2412 2417 2422 2427 2432 2437 2442 2447 2452 2457 2462 2467 2472 2484[NO_IR]
08-24 15:59:10.601  3163  3163 D wpa_supplicant: wlan0: Updating hw mode
08-24 15:59:10.601  3163  3163 D wpa_supplicant: nl80211: Regulatory information - country=00
08-24 15:59:10.601  3163  3163 D wpa_supplicant: nl80211: 2402-2472 @ 40 MHz 20 mBm
08-24 15:59:10.601  3163  3163 D wpa_supplicant: nl80211: 2457-2482 @ 20 MHz 20 mBm (no IR)
08-24 15:59:10.602  3163  3163 D wpa_supplicant: nl80211: 2474-2494 @ 20 MHz 20 mBm (no OFDM) (no IR)
08-24 15:59:10.602  3163  3163 D wpa_supplicant: nl80211: 5170-5250 @ 80 MHz 20 mBm (no IR)
08-24 15:59:10.602  3163  3163 D wpa_supplicant: nl80211: 5250-5330 @ 80 MHz 20 mBm (DFS) (no IR)
08-24 15:59:10.602  3163  3163 D wpa_supplicant: nl80211: 5490-5730 @ 160 MHz 20 mBm (DFS) (no IR)
08-24 15:59:10.602  3163  3163 D wpa_supplicant: nl80211: 5735-5835 @ 80 MHz 20 mBm (no IR)
08-24 15:59:10.602  3163  3163 D wpa_supplicant: nl80211: 57240-63720 @ 2160 MHz 0 mBm
08-24 15:59:10.602  3163  3163 D wpa_supplicant: nl80211: Added 802.11b mode based on 802.11g information
08-24 15:59:10.602  3163  3163 D wpa_supplicant: nl80211: Mode IEEE 802.11g: 2412 2417 2422 2427 2432 2437 2442 2447 2452 2457 2462 2467 2472 2484[NO_IR]
08-24 15:59:10.602  3163  3163 D wpa_supplicant: nl80211: Mode IEEE 802.11b: 2412 2417 2422 2427 2432 2437 2442 2447 2452 2457 2462 2467 2472 2484[NO_IR]
08-24 15:59:10.602  3163  3163 D wpa_supplicant: p2p0: Determining shared radio frequencies (max len 1)
08-24 15:59:10.602  3163  3163 D wpa_supplicant: p2p0: Shared frequencies (len=0): completed iteration
08-24 15:59:10.602  3163  3163 D wpa_supplicant: P2P: Add operating class 81
08-24 15:59:10.602  3163  3163 D wpa_supplicant: P2P: Channels - hexdump(len=13): 01 02 03 04 05 06 07 08 09 0a 0b 0c 0d
08-24 15:59:10.602  3163  3163 D wpa_supplicant: P2P: Update channel list
08-24 15:59:10.602  3163  3163 D wpa_supplicant: P2P: channels: 81:1,2,3,4,5,6,7,8,9,10,11,12,13
08-24 15:59:10.602  3163  3163 D wpa_supplicant: P2P: cli_channels:
